Error[e46]: Undefined external "OS_Counters" referred in AD7715 ( D:\S2Prog\IO\ANZB\Release\Obj\AD7715.r90 )
Error[e46]: Undefined external "OS_Delay" referred in AD7715 ( D:\S2Prog\IO\ANZB\Release\Obj\AD7715.r90 )
Error[e46]: Undefined external "OS_ClearEvents" referred in AD7715 ( D:\S2Prog\IO\ANZB\Release\Obj\AD7715.r90 )
Error[e46]: Undefined external "OS_WaitEventTimed" referred in AD7715 ( D:\S2Prog\IO\ANZB\Release\Obj\AD7715.r90 )
Error[e46]: Undefined external "OS__EnterIntStack" referred in adc ( D:\S2Prog\IO\ANZB\Release\Obj\adc.r90 )
Error[e46]: Undefined external "OS__LeaveIntStack" referred in adc ( D:\S2Prog\IO\ANZB\Release\Obj\adc.r90 )
Error[e46]: Undefined external "OS_StopTimer" referred in ExtInt ( D:\S2Prog\IO\ANZB\Release\Obj\ExtInt.r90 )
Error[e46]: Undefined external "OS_SignalEvent" referred in ExtInt ( D:\S2Prog\IO\ANZB\Release\Obj\ExtInt.r90 )
Error[e46]: Undefined external "OS_InitKern" referred in Main ( D:\S2Prog\IO\ANZB\Release\Obj\Main.r90 )
Error[e46]: Undefined external "OS_CreateRSema" referred in Main ( D:\S2Prog\IO\ANZB\Release\Obj\Main.r90 )
Error[e46]: Undefined external "OS_CreateTask_S" referred in Main ( D:\S2Prog\IO\ANZB\Release\Obj\Main.r90 )
Error[e46]: Undefined external "OS_CreateTimer" referred in Main ( D:\S2Prog\IO\ANZB\Release\Obj\Main.r90 )
Error[e46]: Undefined external "OS_StartTimer" referred in Main ( D:\S2Prog\IO\ANZB\Release\Obj\Main.r90 )
Error[e46]: Undefined external "OS_Start" referred in Main ( D:\S2Prog\IO\ANZB\Release\Obj\Main.r90 )
Error[e46]: Undefined external "OS_RetriggerTimer" referred in RS485 ( D:\S2Prog\IO\ANZB\Release\Obj\RS485.r90 )
Error[e46]: Undefined external "OS_Use" referred in RS485 ( D:\S2Prog\IO\ANZB\Release\Obj\RS485.r90 )
Error[e46]: Undefined external "OS_Unuse" referred in RS485 ( D:\S2Prog\IO\ANZB\Release\Obj\RS485.r90 )
Error[e46]: Undefined external "OS_TickHandler" referred in rtosinit ( D:\S2Prog\IO\ANZB\Release\Obj\rtosinit.r90 )
Error[e46]: Undefined external "OS_LeaveRegion" referred in UsartPro ( D:\S2Prog\IO\ANZB\Release\Obj\UsartPro.r90 )
Error[e46]: Undefined external "OS__Gettime" referred in UsartPro ( D:\S2Prog\IO\ANZB\Release\Obj\UsartPro.r90 )
Error[e46]: Undefined external "OS_GetStackSpace" referred in UsartPro ( D:\S2Prog\IO\ANZB\Release\Obj\UsartPro.r90 )
################################################################################
#                                                                              #
#      IAR Universal Linker V6.3.4.78                                          #
#                                                                              #
#           Link time     =  07/Feb/2017  12:57:21                             #
#           Target CPU    =  A90                                               #
#           List file     =  D:\S2Prog\IO\ANZB\Release\List\ANZB5.map          #
#           Output file 1 =  D:\S2Prog\IO\ANZB\Release\Exe\ANZB5.hex           #
#                            Format: intel-extended                            #
#           Output file 2 =  D:\S2Prog\IO\ANZB\Release\Exe\ANZB5.bin           #
#                            Format: raw-binary                                #
#           Command line  =  D:\S2Prog\IO\ANZB\Release\Obj\AD7715.r90          #
#                            D:\S2Prog\IO\ANZB\Release\Obj\adc.r90             #
#                            D:\S2Prog\IO\ANZB\Release\Obj\eeprom.r90          #
#                            D:\S2Prog\IO\ANZB\Release\Obj\ExtInt.r90          #
#                            D:\S2Prog\IO\ANZB\Release\Obj\init.r90            #
#                            D:\S2Prog\IO\ANZB\Release\Obj\Main.r90            #
#                            D:\S2Prog\IO\ANZB\Release\Obj\Misc.r90            #
#                            D:\S2Prog\IO\ANZB\Release\Obj\OS_Error.r90        #
#                            D:\S2Prog\IO\ANZB\Release\Obj\RS485.r90           #
#                            D:\S2Prog\IO\ANZB\Release\Obj\rtosinit.r90        #
#                            D:\S2Prog\IO\ANZB\Release\Obj\UsartInt.r90        #
#                            D:\S2Prog\IO\ANZB\Release\Obj\UsartPro.r90 -o     #
#                            D:\S2Prog\IO\ANZB\Release\Exe\ANZB5.hex           #
#                            -Fintel-extended -z -l                            #
#                            D:\S2Prog\IO\ANZB\Release\List\ANZB5.map -xms     #
#                            "-IC:\Program Files (x86)\IAR Systems\Embedded Wo #
#                            rkbench 7.3\avr\LIB\"                             #
#                            -f                                                #
#                            "C:\Program Files (x86)\IAR Systems\Embedded Work #
#                            bench 7.3\avr\src\template\cfgm1281.xcl"          #
#                            (-D_..X_INTVEC_SIZE=CC -D_..X_FLASH_NEND=FFFF     #
#                            -D_..X_FLASH_END=1FFFF -D_..X_SRAM_BASE=200       #
#                            -D_..X_SRAM_TBASE=0 -D_..X_SRAM_TSIZE=0           #
#                            -D_..X_SRAM_END=21FF -D_..X_EEPROM_END=FFF        #
#                            -D_..X_EEPROM_START=0) -D_..X_HEAP_SIZE=10        #
#                            -D_..X_TINY_HEAP_SIZE=0 -D_..X_NEAR_HEAP_SIZE=0   #
#                            -D_..X_FAR_HEAP_SIZE=0 -D_..X_HUGE_HEAP_SIZE=0    #
#                            -D_..X_CSTACK_SIZE=64 -D_..X_RSTACK_SIZE=40       #
#                            -D_..X_FLASH_CODE_END=1FFFF -f                    #
#                            "C:\Program Files (x86)\IAR Systems\Embedded Work #
#                            bench 7.3\avr\src\template\cfg3s.xcl"             #
#                            (-ca90 -w29                                       #
#                            -Z(CODE)INTVEC=0-(_..X_INTVEC_SIZE-1)             #
#                            -Z(CODE)TINY_F=_..X_FLASH_BASE-FF                 #
#                            -Z(CODE)NEAR_F=_..X_FLASH_BASE-_..X_FLASH_NEND    #
#                            -Z(CODE)SWITCH=_..X_FLASH_BASE-_..X_FLASH_NEND    #
#                            -Z(CODE)DIFUNCT=_..X_FLASH_BASE-_..X_FLASH_NEND   #
#                            -Z(CODE)CODE=_..X_FLASH_BASE-_..X_FLASH_END       #
#                            -P(CODE)FAR_F=[_..X_FLASH_BASE-_..X_FLASH_END]/10 #
#                            000                                               #
#                            -Z(CODE)INITTAB=_..X_FLASH_BASE-_..X_FLASH_END    #
#                            -Z(CODE)HUGE_F=_..X_FLASH_BASE-_..X_FLASH_END     #
#                            -Z(CODE)TINY_ID=_..X_FLASH_BASE-_..X_FLASH_END    #
#                            -Z(CODE)NEAR_ID=_..X_FLASH_BASE-_..X_FLASH_END    #
#                            -Z(CODE)CHECKSUM#_..X_FLASH_END                   #
#                            -Z(DATA)TINY_I,TINY_Z,TINY_N=_..X_SRAM_TBASE:+_.. #
#                            X_SRAM_TSIZE                                      #
#                            -Z(DATA)CSTACK+_..X_CSTACK_SIZE=_..X_CSTACK_BASE- #
#                            _..X_CSTACK_END                                   #
#                            -Z(DATA)HEAP+_..X_HEAP_SIZE=_..X_SRAM_BASE-_..X_S #
#                            RAM_END,_..X_EXT_SRAM_BASE:+_..X_EXT_SRAM_SIZE    #
#                            -Z(DATA)IOSTREAM_N#_..X_SRAM_BASE-_..X_SRAM_END,_ #
#                            ..X_EXT_SRAM_BASE:+_..X_EXT_SRAM_SIZE             #
#                            -Z(DATA)NEAR_HEAP+_..X_NEAR_HEAP_SIZE=_..X_SRAM_B #
#                            ASE-_..X_SRAM_END,_..X_EXT_SRAM_BASE:+_..X_EXT_SR #
#                            AM_SIZE                                           #
#                            -Z(DATA)RSTACK+_..X_RSTACK_SIZE=_..X_RSTACK_BASE- #
#                            _..X_RSTACK_END                                   #
#                            -Z(DATA)NEAR_I,NEAR_Z=_..X_SRAM_BASE-_..X_SRAM_EN #
#                            D,_..X_EXT_SRAM_BASE:+_..X_EXT_SRAM_SIZE          #
#                            -Z(DATA)NEAR_C=_..X_EXT_ROM_BASE:+_..X_EXT_ROM_SI #
#                            ZE                                                #
#                            -Z(DATA)NEAR_N=_..X_EXT_NV_BASE:+_..X_EXT_NV_SIZE #
#                            -Z(XDATA)EEPROM_I,EEPROM_N=_..X_EEPROM_START-_..X #
#                            _EEPROM_END)                                      #
#                            -D_..X_FLASH_BASE=_..X_INTVEC_SIZE -H1895         #
#                            -h(CODE)0-(_..X_INTVEC_SIZE-1)                    #
#                            -D_..X_EXT_SRAM_BASE=_..X_SRAM_END                #
#                            -D_..X_EXT_SRAM_SIZE=0                            #
#                            -D_..X_EXT_ROM_BASE=_..X_SRAM_END                 #
#                            -D_..X_EXT_ROM_SIZE=0                             #
#                            -D_..X_EXT_NV_BASE=_..X_SRAM_END                  #
#                            -D_..X_EXT_NV_SIZE=0                              #
#                            -D_..X_CSTACK_BASE=_..X_SRAM_BASE                 #
#                            -D_..X_CSTACK_END=_..X_SRAM_END                   #
#                            -D_..X_RSTACK_BASE=_..X_SRAM_BASE                 #
#                            -D_..X_RSTACK_END=_..X_SRAM_END                   #
#                            -Oraw-binary=D:\S2Prog\IO\ANZB\Release\Exe\ANZB5. #
#                            bin                                               #
#                            -s __program_start                                #
#                            "C:\Program Files (x86)\IAR Systems\Embedded Work #
#                            bench 7.3\avr\LIB\CLIB\cl3s-ec_mul.r90"           #
#                            -e_small_write=_formatted_write                   #
#                            -e_medium_read=_formatted_read                    #
#                                                                              #
#                           Copyright (C) 1987-2015 IAR Systems AB.            #
################################################################################





                ****************************************
                *                                      *
                *           CROSS REFERENCE            *
                *                                      *
                ****************************************

       Program entry at : CODE      0000444C  Relocatable, from module : ?C_STARTUP




                ****************************************
                *                                      *
                *            RUNTIME MODEL             *
                *                                      *
                ****************************************

  R10             = REG
  R11             = REG
  R4              = REG
  R5              = REG
  R6              = REG
  R7              = REG
  R8              = REG
  R9              = REG
  __64bit_doubles = disabled
  __SystemLibrary = CLib
  __cpu           = 3
  __cpu_name      = ATmega1281
  __enhanced_core = enabled
  __has_elpm      = true
  __memory_model  = 2
  __no_rampd      = enabled
  __rt_version    = 3
  __tiny_avr      = false

                ****************************************
                *                                      *
                *    AUTOMATIC SYMBOL REDIRECTIONS     *
                *                                      *
                ****************************************

                  There are no automatic symbol redirections.



                ****************************************
                *                                      *
                *              MODULE MAP              *
                *                                      *
                ****************************************


  DEFINED ABSOLUTE ENTRIES
  PROGRAM MODULE, NAME : ?ABS_ENTRY_MOD

Absolute parts
           ENTRY                   ADDRESS         REF BY
           =====                   =======         ======
           _..X_RSTACK_END         000021FF 
           _..X_RSTACK_BASE        00000200 
           _..X_CSTACK_END         000021FF 
           _..X_CSTACK_BASE        00000200 
           _..X_EXT_NV_SIZE        00000000 
           _..X_EXT_NV_BASE        000021FF 
           _..X_EXT_ROM_SIZE       00000000 
           _..X_EXT_ROM_BASE       000021FF 
           _..X_EXT_SRAM_SIZE      00000000 
           _..X_EXT_SRAM_BASE      000021FF 
           _..X_FLASH_BASE         000000CC 
           _..X_FLASH_CODE_END     0001FFFF 
           _..X_RSTACK_SIZE        00000040 
           _..X_CSTACK_SIZE        00000064 
           _..X_HUGE_HEAP_SIZE     00000000 
           _..X_FAR_HEAP_SIZE      00000000 
           _..X_NEAR_HEAP_SIZE     00000000 
           _..X_TINY_HEAP_SIZE     00000000 
           _..X_HEAP_SIZE          00000010 
           _..X_EEPROM_START       00000000 
           _..X_EEPROM_END         00000FFF 
           _..X_SRAM_END           000021FF 
           _..X_SRAM_TSIZE         00000000 
           _..X_SRAM_TBASE         00000000 
           _..X_SRAM_BASE          00000200 
           _..X_FLASH_END          0001FFFF 
           _..X_FLASH_NEND         0000FFFF 
           _..X_INTVEC_SIZE        000000CC 
    *************************************************************************

  FILE NAME : D:\S2Prog\IO\ANZB\Release\Obj\AD7715.r90
  PROGRAM MODULE, NAME : AD7715

  SEGMENTS IN THE MODULE
  ======================
ABSOLUTE
  Relative segment, address: DATA 00000023 - 00000023 (0x1 bytes), align: 0
  Segment part 1. ROOT        Intra module refs:   AD7715
                                                   ExtRS485Ctl (RS485)
                                                   Init_IO (init)
                                                   IntHandler_TX_USART0 (UsartInt)
                                                   IntHandler_TX_USART1 (UsartInt)
                                                   TimoutUSART0 (UsartPro)
                                                   TimoutUSART1 (UsartPro)
                                                   Uart_BuildTail (UsartPro)
           ENTRY                   ADDRESS         REF BY
           =====                   =======         ======
           _A_PORTE                00000023 
    -------------------------------------------------------------------------
ABSOLUTE
  Relative segment, address: DATA 00000032 - 00000032 (0x1 bytes), align: 0
  Segment part 2. ROOT        Intra module refs:   AD7715
                                                   Init_IO (init)
                                                   ReadAdByte
                                                   WriteAdByte
           ENTRY                   ADDRESS         REF BY
           =====                   =======         ======
           _A_PORTD                00000032 
    -------------------------------------------------------------------------
ABSOLUTE
  Relative segment, address: DATA 00000035 - 00000035 (0x1 bytes), align: 0
  Segment part 3. ROOT        Intra module refs:   ExtRS485Ctl (RS485)
                                                   ExtRS485Rec (RS485)
                                                   Init_IO (init)
                                                   SetAnaPort
                                                   SetRS4Port (RS485)
           ENTRY                   ADDRESS         REF BY
           =====                   =======         ======
           _A_PORTC                00000035 
    -------------------------------------------------------------------------
ABSOLUTE
  Relative segment, address: DATA 00000038 - 00000038 (0x1 bytes), align: 0
  Segment part 4. ROOT        Intra module refs:   Init_IO (init)
                                                   SetAnaPort
           ENTRY                   ADDRESS         REF BY
           =====                   =======         ======
           _A_PORTB                00000038 
    -------------------------------------------------------------------------
ABSOLUTE
  Relative segment, address: DATA 00000063 - 00000063 (0x1 bytes), align: 0
  Segment part 5. ROOT        Intra module refs:   ReadAdByte
           ENTRY                   ADDRESS         REF BY
           =====                   =======         ======
           _A_PING                 00000063 
    -------------------------------------------------------------------------
ABSOLUTE
  Relative segment, address: DATA 00000065 - 00000065 (0x1 bytes), align: 0
  Segment part 6. ROOT        Intra module refs:   AD7715
                                                   Init_IO (init)
                                                   WriteAdByte
           ENTRY                   ADDRESS         REF BY
           =====                   =======         ======
           _A_PORTG                00000065 
    -------------------------------------------------------------------------
CODE
  Relative segment, address: CODE 00000104 - 00000131 (0x2e bytes), align: 1
  Segment part 14.            Intra module refs:   AD7715
           ENTRY                   ADDRESS         REF BY
           =====                   =======         ======
           ReadAdByte              00000104 
    -------------------------------------------------------------------------
CODE
  Relative segment, address: CODE 00000132 - 00000181 (0x50 bytes), align: 1
  Segment part 15.            Intra module refs:   AD7715
           ENTRY                   ADDRESS         REF BY
           =====                   =======         ======
           WriteAdByte             00000132 
    -------------------------------------------------------------------------
CODE
  Relative segment, address: CODE 00000182 - 0000059B (0x41a bytes), align: 1
  Segment part 16.
           ENTRY                   ADDRESS         REF BY
           =====                   =======         ======
           AD7715                  00000182        main (Main)
               calls direct
    -------------------------------------------------------------------------
CODE
  Relative segment, address: CODE 0000059C - 000005F9 (0x5e bytes), align: 1
  Segment part 17.
           ENTRY                   ADDRESS         REF BY
           =====                   =======         ======
           SetAnaPort              0000059C        GetANASetup (UsartPro)
    -------------------------------------------------------------------------
ABSOLUTE
  Relative segment, address: DATA 0000001F, align: 0
  Segment part 7. ROOT 
           ENTRY                   ADDRESS         REF BY
           =====                   =======         ======
           __?EECR                 0000001F 
    -------------------------------------------------------------------------
ABSOLUTE
  Relative segment, address: DATA 00000020, align: 0
  Segment part 8. ROOT 
           ENTRY                   ADDRESS         REF BY
           =====                   =======         ======
           __?EEDR                 00000020 
    -------------------------------------------------------------------------
ABSOLUTE
  Relative segment, address: DATA 00000021, align: 0
  Segment part 9. ROOT 
           ENTRY                   ADDRESS         REF BY
           =====                   =======         ======
           __?EEARL                00000021 
    -------------------------------------------------------------------------
ABSOLUTE
  Relative segment, address: DATA 00000022, align: 0
  Segment part 10. ROOT 
           ENTRY                   ADDRESS         REF BY
           =====                   =======         ======
           __?EEARH                00000022 
    -------------------------------------------------------------------------
ABSOLUTE
  Relative segment, address: DATA 00000074, align: 0
  Segment part 11. ROOT 
           ENTRY                   ADDRESS         REF BY
           =====                   =======         ======
           __?XMCRA                00000074        __RSTACK_in_external_ram_new_way (?C_STARTUP)

    *************************************************************************

  FILE NAME : D:\S2Prog\IO\ANZB\Release\Obj\adc.r90
  PROGRAM MODULE, NAME : adc

  SEGMENTS IN THE MODULE
  ======================
ABSOLUTE
  Relative segment, address: DATA 00000024 - 00000025 (0x2 bytes), align: 0
  Segment part 1. ROOT        Intra module refs:   IntHandler_AD
           ENTRY                   ADDRESS         REF BY
           =====                   =======         ======
           _A_ADC                  00000024 
    -------------------------------------------------------------------------
ABSOLUTE
  Relative segment, address: DATA 00000026 - 00000026 (0x1 bytes), align: 0
  Segment part 2. ROOT        Intra module refs:   InitSystem (init)
                                                   Init_AD (init)
                                                   IntHandler_AD
           ENTRY                   ADDRESS         REF BY
           =====                   =======         ======
           _A_ADCSR                00000026 
    -------------------------------------------------------------------------
ABSOLUTE
  Relative segment, address: DATA 00000027 - 00000027 (0x1 bytes), align: 0
  Segment part 3. ROOT        Intra module refs:   Init_AD (init)
                                                   IntHandler_AD
           ENTRY                   ADDRESS         REF BY
           =====                   =======         ======
           _A_ADMUX                00000027 
    -------------------------------------------------------------------------
CODE
  Relative segment, address: CODE 000005FA - 000006BD (0xc4 bytes), align: 1
  Segment part 12.            Intra module refs:   IntHandler_AD::??INTVEC 84
           ENTRY                   ADDRESS         REF BY
           =====                   =======         ======
           IntHandler_AD           000005FA 
               interrupt function
               calls direct
    -------------------------------------------------------------------------
INTVEC
  Common segment, address: CODE 00000000 - 00000057 (0x58 bytes), align: 1
  Segment part 9. ROOT 
           ENTRY                   ADDRESS         REF BY
           =====                   =======         ======
           IntHandler_AD::??INTVEC 84
                                   00000054 

    *************************************************************************

  FILE NAME : D:\S2Prog\IO\ANZB\Release\Obj\eeprom.r90
  PROGRAM MODULE, NAME : eeprom

  SEGMENTS IN THE MODULE
  ======================
ABSOLUTE
  Relative segment, address: DATA 0000003C - 0000003C (0x1 bytes), align: 0
  Segment part 1. ROOT        Intra module refs:   EEPROMReset
                                                   GetGotoBootloader (UsartPro)
                                                   IntHandler_EEPROM
                                                   ReadEEPROMBuffer
                                                   ReadEEPROMByte
                                                   WriteEEPROMBuffer
                                                   WriteEEPROMByte
           ENTRY                   ADDRESS         REF BY
           =====                   =======         ======
           _A_EECR                 0000003C 
    -------------------------------------------------------------------------
ABSOLUTE
  Relative segment, address: DATA 0000003D - 0000003D (0x1 bytes), align: 0
  Segment part 2. ROOT        Intra module refs:   EEPROMReset
                                                   GetGotoBootloader (UsartPro)
                                                   IntHandler_EEPROM
                                                   ReadEEPROMBuffer
                                                   ReadEEPROMByte
                                                   WriteEEPROMBuffer
                                                   WriteEEPROMByte
           ENTRY                   ADDRESS         REF BY
           =====                   =======         ======
           _A_EEDR                 0000003D 
    -------------------------------------------------------------------------
ABSOLUTE
  Relative segment, address: DATA 0000003E - 0000003F (0x2 bytes), align: 0
  Segment part 3. ROOT        Intra module refs:   EEPROMReset
                                                   GetGotoBootloader (UsartPro)
                                                   IntHandler_EEPROM
                                                   ReadEEPROMBuffer
                                                   ReadEEPROMByte
                                                   WriteEEPROMBuffer
                                                   WriteEEPROMByte
           ENTRY                   ADDRESS         REF BY
           =====                   =======         ======
           _A_EEAR                 0000003E 
    -------------------------------------------------------------------------
ABSOLUTE
  Relative segment, address: DATA 00000041 - 00000041 (0x1 bytes), align: 0
  Segment part 4. ROOT        Intra module refs:   EEPROMReset
                                                   GetGotoBootloader (UsartPro)
                                                   WatchDogHandler (Misc)
                                                   main (Main)
           ENTRY                   ADDRESS         REF BY
           =====                   =======         ======
           _A_WDTCR                00000041 
    -------------------------------------------------------------------------
CODE
  Relative segment, address: CODE 000006BE - 000006D7 (0x1a bytes), align: 1
  Segment part 14.
           ENTRY                   ADDRESS         REF BY
           =====                   =======         ======
           ReadEEPROMByte          000006BE        AD7715 (AD7715)
                                                   ExtRS485Ctl (RS485)
    -------------------------------------------------------------------------
CODE
  Relative segment, address: CODE 000006D8 - 000006F3 (0x1c bytes), align: 1
  Segment part 15.
           ENTRY                   ADDRESS         REF BY
           =====                   =======         ======
           WriteEEPROMByte         000006D8        GetANASetup (UsartPro)
                                                   GetRS4Setup (UsartPro)
    -------------------------------------------------------------------------
CODE
  Relative segment, address: CODE 000006F4 - 00000731 (0x3e bytes), align: 1
  Segment part 16.
           ENTRY                   ADDRESS         REF BY
           =====                   =======         ======
           ReadEEPROMBuffer        000006F4        AD7715 (AD7715)
                                                   BuildEEPROMData (UsartPro)
    -------------------------------------------------------------------------
CODE
  Relative segment, address: CODE 00000732 - 00000783 (0x52 bytes), align: 1
  Segment part 17.
           ENTRY                   ADDRESS         REF BY
           =====                   =======         ======
           WriteEEPROMBuffer       00000732        GetEEPROMData (UsartPro)
    -------------------------------------------------------------------------
CODE
  Relative segment, address: CODE 00000784 - 000007E1 (0x5e bytes), align: 1
  Segment part 18.            Intra module refs:   IntHandler_EEPROM::??INTVEC 88
           ENTRY                   ADDRESS         REF BY
           =====                   =======         ======
           IntHandler_EEPROM       00000784 
               interrupt function
    -------------------------------------------------------------------------
CODE
  Relative segment, address: CODE 000007E2 - 000007FD (0x1c bytes), align: 1
  Segment part 20.
           ENTRY                   ADDRESS         REF BY
           =====                   =======         ======
           EEPROMReset             000007E2        CheckActionUart (UsartPro)
    -------------------------------------------------------------------------
INTVEC
  Common segment, address: CODE 00000000 - 0000005B (0x5c bytes), align: 1
  Segment part 10. ROOT 
           ENTRY                   ADDRESS         REF BY
           =====                   =======         ======
           IntHandler_EEPROM::??INTVEC 88
                                   00000058 

    *************************************************************************

  FILE NAME : D:\S2Prog\IO\ANZB\Release\Obj\ExtInt.r90
  PROGRAM MODULE, NAME : ExtInt

  SEGMENTS IN THE MODULE
  ======================
CODE
  Relative segment, address: CODE 000007FE - 000009B3 (0x1b6 bytes), align: 1
  Segment part 10.            Intra module refs:   IntHandler_INT0::??INTVEC 4
           ENTRY                   ADDRESS         REF BY
           =====                   =======         ======
           IntHandler_INT0         000007FE 
               interrupt function
               calls direct
    -------------------------------------------------------------------------
CODE
  Relative segment, address: CODE 000009B4 - 000009F7 (0x44 bytes), align: 1
  Segment part 11.            Intra module refs:   IntHandler_INT0
                                                   IntHandler_INT1
    -------------------------------------------------------------------------
CODE
  Relative segment, address: CODE 000009F8 - 00000B9D (0x1a6 bytes), align: 1
  Segment part 12.            Intra module refs:   IntHandler_INT1::??INTVEC 8
           ENTRY                   ADDRESS         REF BY
           =====                   =======         ======
           IntHandler_INT1         000009F8 
               interrupt function
               calls direct
    -------------------------------------------------------------------------
INTVEC
  Common segment, address: CODE 00000000 - 00000007 (0x8 bytes), align: 1
  Segment part 6. ROOT 
           ENTRY                   ADDRESS         REF BY
           =====                   =======         ======
           IntHandler_INT0::??INTVEC 4
                                   00000004 
    -------------------------------------------------------------------------
INTVEC
  Common segment, address: CODE 00000000 - 0000000B (0xc bytes), align: 1
  Segment part 7. ROOT 
           ENTRY                   ADDRESS         REF BY
           =====                   =======         ======
           IntHandler_INT1::??INTVEC 8
                                   00000008 

    *************************************************************************

  FILE NAME : D:\S2Prog\IO\ANZB\Release\Obj\init.r90
  PROGRAM MODULE, NAME : init

  SEGMENTS IN THE MODULE
  ======================
ABSOLUTE
  Relative segment, address: DATA 00000022 - 00000022 (0x1 bytes), align: 0
  Segment part 1. ROOT        Intra module refs:   Init_IO
           ENTRY                   ADDRESS         REF BY
           =====                   =======         ======
           _A_DDRE                 00000022 
    -------------------------------------------------------------------------
ABSOLUTE
  Relative segment, address: DATA 00000029 - 00000029 (0x1 bytes), align: 0
  Segment part 5. ROOT        Intra module refs:   Init_USART
           ENTRY                   ADDRESS         REF BY
           =====                   =======         ======
           _A_UBRR0L               00000029 
    -------------------------------------------------------------------------
ABSOLUTE
  Relative segment, address: DATA 0000002A - 0000002A (0x1 bytes), align: 0
  Segment part 6. ROOT        Intra module refs:   Init_USART
                                                   IntHandler_TX_USART0 (UsartInt)
                                                   IntHandler_UDRE_USART0 (UsartInt)
                                                   TimoutUSART0 (UsartPro)
                                                   TimoutUSART0On (UsartPro)
           ENTRY                   ADDRESS         REF BY
           =====                   =======         ======
           _A_UCSR0B               0000002A 
    -------------------------------------------------------------------------
ABSOLUTE
  Relative segment, address: DATA 0000002B - 0000002B (0x1 bytes), align: 0
  Segment part 7. ROOT        Intra module refs:   Init_USART
                                                   IntHandler_RX_USART0 (UsartInt)
                                                   IntHandler_UDRE_USART0 (UsartInt)
           ENTRY                   ADDRESS         REF BY
           =====                   =======         ======
           _A_UCSR0A               0000002B 
    -------------------------------------------------------------------------
ABSOLUTE
  Relative segment, address: DATA 00000031 - 00000031 (0x1 bytes), align: 0
  Segment part 8. ROOT        Intra module refs:   Init_IO
           ENTRY                   ADDRESS         REF BY
           =====                   =======         ======
           _A_DDRD                 00000031 
    -------------------------------------------------------------------------
ABSOLUTE
  Relative segment, address: DATA 00000034 - 00000034 (0x1 bytes), align: 0
  Segment part 10. ROOT       Intra module refs:   Init_IO
           ENTRY                   ADDRESS         REF BY
           =====                   =======         ======
           _A_DDRC                 00000034 
    -------------------------------------------------------------------------
ABSOLUTE
  Relative segment, address: DATA 00000036 - 00000036 (0x1 bytes), align: 0
  Segment part 12. ROOT       Intra module refs:   InitSystem
           ENTRY                   ADDRESS         REF BY
           =====                   =======         ======
           _A_PINB                 00000036 
    -------------------------------------------------------------------------
ABSOLUTE
  Relative segment, address: DATA 00000037 - 00000037 (0x1 bytes), align: 0
  Segment part 13. ROOT       Intra module refs:   InitSystem
                                                   Init_IO
           ENTRY                   ADDRESS         REF BY
           =====                   =======         ======
           _A_DDRB                 00000037 
    -------------------------------------------------------------------------
ABSOLUTE
  Relative segment, address: DATA 0000003A - 0000003A (0x1 bytes), align: 0
  Segment part 15. ROOT       Intra module refs:   Init_IO
           ENTRY                   ADDRESS         REF BY
           =====                   =======         ======
           _A_DDRA                 0000003A 
    -------------------------------------------------------------------------
ABSOLUTE
  Relative segment, address: DATA 0000003B - 0000003B (0x1 bytes), align: 0
  Segment part 16. ROOT       Intra module refs:   Init_IO
           ENTRY                   ADDRESS         REF BY
           =====                   =======         ======
           _A_PORTA                0000003B 
    -------------------------------------------------------------------------
ABSOLUTE
  Relative segment, address: DATA 00000051 - 00000051 (0x1 bytes), align: 0
  Segment part 18. ROOT       Intra module refs:   InitSystem
           ENTRY                   ADDRESS         REF BY
           =====                   =======         ======
           _A_OCR0                 00000051 
    -------------------------------------------------------------------------
ABSOLUTE
  Relative segment, address: DATA 00000053 - 00000053 (0x1 bytes), align: 0
  Segment part 19. ROOT       Intra module refs:   InitSystem
           ENTRY                   ADDRESS         REF BY
           =====                   =======         ======
           _A_TCCR0                00000053 
    -------------------------------------------------------------------------
ABSOLUTE
  Relative segment, address: DATA 00000054 - 00000054 (0x1 bytes), align: 0
  Segment part 20. ROOT       Intra module refs:   Init_CPU
           ENTRY                   ADDRESS         REF BY
           =====                   =======         ======
           _A_MCUCSR               00000054 
    -------------------------------------------------------------------------
ABSOLUTE
  Relative segment, address: DATA 00000055 - 00000055 (0x1 bytes), align: 0
  Segment part 21. ROOT       Intra module refs:   Init_CPU
           ENTRY                   ADDRESS         REF BY
           =====                   =======         ======
           _A_MCUCR                00000055 
    -------------------------------------------------------------------------
ABSOLUTE
  Relative segment, address: DATA 00000059 - 00000059 (0x1 bytes), align: 0
  Segment part 22. ROOT       Intra module refs:   Init_CPU
           ENTRY                   ADDRESS         REF BY
           =====                   =======         ======
           _A_EIMSK                00000059 
    -------------------------------------------------------------------------
ABSOLUTE
  Relative segment, address: DATA 0000005A - 0000005A (0x1 bytes), align: 0
  Segment part 23. ROOT       Intra module refs:   Init_CPU
           ENTRY                   ADDRESS         REF BY
           =====                   =======         ======
           _A_EICRB                0000005A 
    -------------------------------------------------------------------------
ABSOLUTE
  Relative segment, address: DATA 0000005C - 0000005C (0x1 bytes), align: 0
  Segment part 24. ROOT       Intra module refs:   Init_CPU
           ENTRY                   ADDRESS         REF BY
           =====                   =======         ======
           _A_XDIV                 0000005C 
    -------------------------------------------------------------------------
ABSOLUTE
  Relative segment, address: DATA 0000005F - 0000005F (0x1 bytes), align: 0
  Segment part 25. ROOT       Intra module refs:   Init_CPU
           ENTRY                   ADDRESS         REF BY
           =====                   =======         ======
           _A_SREG                 0000005F 
    -------------------------------------------------------------------------
ABSOLUTE
  Relative segment, address: DATA 00000061 - 00000061 (0x1 bytes), align: 0
  Segment part 26. ROOT       Intra module refs:   Init_IO
           ENTRY                   ADDRESS         REF BY
           =====                   =======         ======
           _A_DDRF                 00000061 
    -------------------------------------------------------------------------
ABSOLUTE
  Relative segment, address: DATA 00000062 - 00000062 (0x1 bytes), align: 0
  Segment part 27. ROOT       Intra module refs:   Init_IO
           ENTRY                   ADDRESS         REF BY
           =====                   =======         ======
           _A_PORTF                00000062 
    -------------------------------------------------------------------------
ABSOLUTE
  Relative segment, address: DATA 00000064 - 00000064 (0x1 bytes), align: 0
  Segment part 28. ROOT       Intra module refs:   Init_IO
           ENTRY                   ADDRESS         REF BY
           =====                   =======         ======
           _A_DDRG                 00000064 
    -------------------------------------------------------------------------
ABSOLUTE
  Relative segment, address: DATA 0000006A - 0000006A (0x1 bytes), align: 0
  Segment part 30. ROOT       Intra module refs:   Init_CPU
           ENTRY                   ADDRESS         REF BY
           =====                   =======         ======
           _A_EICRA                0000006A 
    -------------------------------------------------------------------------
ABSOLUTE
  Relative segment, address: DATA 0000006C - 0000006C (0x1 bytes), align: 0
  Segment part 31. ROOT       Intra module refs:   Init_CPU
           ENTRY                   ADDRESS         REF BY
           =====                   =======         ======
           _A_XMCRB                0000006C 
    -------------------------------------------------------------------------
ABSOLUTE
  Relative segment, address: DATA 0000006D - 0000006D (0x1 bytes), align: 0
  Segment part 32. ROOT       Intra module refs:   Init_CPU
           ENTRY                   ADDRESS         REF BY
           =====                   =======         ======
           _A_XMCRA                0000006D 
    -------------------------------------------------------------------------
ABSOLUTE
  Relative segment, address: DATA 00000090 - 00000090 (0x1 bytes), align: 0
  Segment part 33. ROOT       Intra module refs:   Init_USART
           ENTRY                   ADDRESS         REF BY
           =====                   =======         ======
           _A_UBRR0H               00000090 
    -------------------------------------------------------------------------
ABSOLUTE
  Relative segment, address: DATA 00000095 - 00000095 (0x1 bytes), align: 0
  Segment part 34. ROOT       Intra module refs:   Init_USART
           ENTRY                   ADDRESS         REF BY
           =====                   =======         ======
           _A_UCSR0C               00000095 
    -------------------------------------------------------------------------
ABSOLUTE
  Relative segment, address: DATA 00000098 - 00000098 (0x1 bytes), align: 0
  Segment part 35. ROOT       Intra module refs:   Init_USART
           ENTRY                   ADDRESS         REF BY
           =====                   =======         ======
           _A_UBRR1H               00000098 
    -------------------------------------------------------------------------
ABSOLUTE
  Relative segment, address: DATA 00000099 - 00000099 (0x1 bytes), align: 0
  Segment part 36. ROOT       Intra module refs:   Init_USART
           ENTRY                   ADDRESS         REF BY
           =====                   =======         ======
           _A_UBRR1L               00000099 
    -------------------------------------------------------------------------
ABSOLUTE
  Relative segment, address: DATA 0000009A - 0000009A (0x1 bytes), align: 0
  Segment part 37. ROOT       Intra module refs:   Init_USART
                                                   IntHandler_TX_USART1 (UsartInt)
                                                   IntHandler_UDRE_USART1 (UsartInt)
                                                   TimoutUSART1 (UsartPro)
                                                   TimoutUSART1On (UsartPro)
           ENTRY                   ADDRESS         REF BY
           =====                   =======         ======
           _A_UCSR1B               0000009A 
    -------------------------------------------------------------------------
ABSOLUTE
  Relative segment, address: DATA 0000009B - 0000009B (0x1 bytes), align: 0
  Segment part 38. ROOT       Intra module refs:   Init_USART
                                                   IntHandler_RX_USART1 (UsartInt)
                                                   IntHandler_UDRE_USART1 (UsartInt)
           ENTRY                   ADDRESS         REF BY
           =====                   =======         ======
           _A_UCSR1A               0000009B 
    -------------------------------------------------------------------------
ABSOLUTE
  Relative segment, address: DATA 0000009D - 0000009D (0x1 bytes), align: 0
  Segment part 39. ROOT       Intra module refs:   Init_USART
           ENTRY                   ADDRESS         REF BY
           =====                   =======         ======
           _A_UCSR1C               0000009D 
    -------------------------------------------------------------------------
CODE
  Relative segment, address: CODE 00000B9E - 00000BBB (0x1e bytes), align: 1
  Segment part 47.            Intra module refs:   InitSystem
           ENTRY                   ADDRESS         REF BY
           =====                   =======         ======
           Init_AD                 00000B9E 
    -------------------------------------------------------------------------
CODE
  Relative segment, address: CODE 00000BBC - 00000C85 (0xca bytes), align: 1
  Segment part 48.            Intra module refs:   InitSystem
           ENTRY                   ADDRESS         REF BY
           =====                   =======         ======
           Init_USART              00000BBC 
               calls direct
    -------------------------------------------------------------------------
CODE
  Relative segment, address: CODE 00000C86 - 00000D09 (0x84 bytes), align: 1
  Segment part 49.            Intra module refs:   InitSystem
           ENTRY                   ADDRESS         REF BY
           =====                   =======         ======
           Init_IO                 00000C86 
    -------------------------------------------------------------------------
CODE
  Relative segment, address: CODE 00000D0A - 00000D65 (0x5c bytes), align: 1
  Segment part 50.            Intra module refs:   InitSystem
           ENTRY                   ADDRESS         REF BY
           =====                   =======         ======
           Init_CPU                00000D0A 
    -------------------------------------------------------------------------
CODE
  Relative segment, address: CODE 00000D66 - 00000DB3 (0x4e bytes), align: 1
  Segment part 51.
           ENTRY                   ADDRESS         REF BY
           =====                   =======         ======
           InitSystem              00000D66        main (Main)
               calls direct

    *************************************************************************

  FILE NAME : D:\S2Prog\IO\ANZB\Release\Obj\Main.r90
  PROGRAM MODULE, NAME : Main

  SEGMENTS IN THE MODULE
  ======================
<FAR_F> 1 (was FAR_F)
  Relative segment, address: CODE 00004A9C - 00004B9B (0x100 bytes), align: 0
  Segment part 33.
           ENTRY                   ADDRESS         REF BY
           =====                   =======         ======
           crc                     00004A9C        CalcDSTxChecksum (UsartPro)
                                                   CalcDSTxChecksumUART16552 (RS485)
                                                   ReceivePacketUart (UsartPro)
                                                   ReceivePacketUart16552 (RS485)
    -------------------------------------------------------------------------
NEAR_Z
  Relative segment, address: DATA 000002E5 - 000003A0 (0xbc bytes), align: 0
  Segment part 12.            Intra module refs:   main
           ENTRY                   ADDRESS         REF BY
           =====                   =======         ======
           TCB_AD7715              0000034F        AD7715 (AD7715)
                                                   BuildStackStatus (UsartPro)
                                                   IntHandler_INT0 (ExtInt)
           TCB_RS485Ctl            00000325        BuildStackStatus (UsartPro)
                                                   ExtRS485Rec (RS485)
           TCB_RS485Rec            0000033A        BuildStackStatus (UsartPro)
                                                   ReceivePacketUart16552 (RS485)
           TCB_USART0              000002E6        BuildStackStatus (UsartPro)
                                                   ReceivePacketUart (UsartPro)
           TCB_USART1              000002FB        BuildStackStatus (UsartPro)
                                                   ReceivePacketUart (UsartPro)
           TCB_WATCHDOG            00000310        BuildStackStatus (UsartPro)
           TimerUART0              0000037D        IntHandler_INT0 (ExtInt)
                                                   Uart_BuildTail16552 (RS485)
           TimerUART1              00000386        IntHandler_INT1 (ExtInt)
                                                   Uart_BuildTail16552 (RS485)
           TimerUSART0             0000036B        IntHandler_TX_USART0 (UsartInt)
                                                   TimoutUSART0 (UsartPro)
                                                   Uart_BuildTail (UsartPro)
           TimerUSART0On           0000038F        TimoutUSART0On (UsartPro)
                                                   Uart_BuildTail (UsartPro)
           TimerUSART1             00000374        IntHandler_TX_USART1 (UsartInt)
                                                   TimoutUSART1 (UsartPro)
                                                   Uart_BuildTail (UsartPro)
           TimerUSART1On           00000398        TimoutUSART1On (UsartPro)
                                                   Uart_BuildTail (UsartPro)
           UARTSEND                00000364        ReceivePTOData (RS485)
                                                   ReceiveWHData (RS485)
                                                   Usart0Handler (UsartPro)
                                                   Usart1Handler (UsartPro)
           UnitID                  000002E5        BuildStackStatus (UsartPro)
                                                   BuildStatusData (UsartPro)
                                                   CheckActionUart (UsartPro)
                                                   GetEEPROMData (UsartPro)
                                                   InitSystem (init)
                                                   Init_CPU (init)
                                                   Init_IO (init)
                                                   IntHandler_INT0 (ExtInt)
                                                   IntHandler_INT1 (ExtInt)
                                                   ReceivePacketUart (UsartPro)
                                                   Uart_BuildHeader (UsartPro)
    -------------------------------------------------------------------------
NEAR_Z
  Relative segment, address: DATA 000003A1 - 000003A1 (0x1 bytes), align: 0
  Segment part 14.
           ENTRY                   ADDRESS         REF BY
           =====                   =======         ======
           RestartStatus           000003A1        BuildMData485 (UsartPro)
                                                   BuildMDataANA (UsartPro)
                                                   BuildStatusData (UsartPro)
                                                   Init_CPU (init)
    -------------------------------------------------------------------------
NEAR_Z
  Relative segment, address: DATA 000003A2 - 000003A2 (0x1 bytes), align: 0
  Segment part 15.
           ENTRY                   ADDRESS         REF BY
           =====                   =======         ======
           PortPair                000003A2        CheckActionUart16552 (RS485)
                                                   ExtRS485Ctl (RS485)
                                                   ExtRS485Rec (RS485)
                                                   ReceiveCData (RS485)
                                                   ReceiveCardEEPROMData (RS485)
                                                   ReceiveCardStatus (RS485)
                                                   ReceiveConfigData (RS485)
                                                   ReceivePTOData (RS485)
                                                   ReceiveRData (RS485)
                                                   ReceiveRadarData (RS485)
                                                   ReceiveWHData (RS485)
                                                   ReceiveWISData (RS485)
                                                   ReceiveWISStatus (RS485)
                                                   ReceiveWISXData (RS485)
    -------------------------------------------------------------------------
NEAR_Z
  Relative segment, address: DATA 000003A3 - 000003D6 (0x34 bytes), align: 0
  Segment part 16.
           ENTRY                   ADDRESS         REF BY
           =====                   =======         ======
           UART                    000003A3        BuildADEpromdata (UsartPro)
                                                   BuildADInt (UsartPro)
                                                   BuildANAFilter (UsartPro)
                                                   BuildANASetup (UsartPro)
                                                   BuildEEPROMData (UsartPro)
                                                   BuildMData485 (UsartPro)
                                                   BuildMDataANA (UsartPro)
                                                   BuildRData485 (UsartPro)
                                                   BuildRS4Setup (UsartPro)
                                                   BuildStackStatus (UsartPro)
                                                   BuildStatusData (UsartPro)
                                                   BuildWHdata (UsartPro)
                                                   CalcDSTxChecksum (UsartPro)
                                                   CheckActionUart (UsartPro)
                                                   GetADData (UsartPro)
                                                   GetANAFilter (UsartPro)
                                                   GetANASetup (UsartPro)
                                                   GetEEPROMData (UsartPro)
                                                   GetRS4Setup (UsartPro)
                                                   GoToSyncUART (UsartPro)
                                                   Init_USART (init)
                                                   IntHandler_RX_USART0 (UsartInt)
                                                   IntHandler_RX_USART1 (UsartInt)
                                                   IntHandler_UDRE_USART0 (UsartInt)
                                                   IntHandler_UDRE_USART1 (UsartInt)
                                                   ReceivePacketUart (UsartPro)
                                                   Uart_BuildHeader (UsartPro)
                                                   Uart_BuildTail (UsartPro)
                                                   UsartCheckPackage (UsartPro)
    -------------------------------------------------------------------------
NEAR_Z
  Relative segment, address: DATA 000003D7 - 0000040A (0x34 bytes), align: 0
  Segment part 17.
           ENTRY                   ADDRESS         REF BY
           =====                   =======         ======
           UART16552               000003D7        CalcDSTxChecksumUART16552 (RS485)
                                                   CheckActionUart16552 (RS485)
                                                   ExtRS485Ctl (RS485)
                                                   ExtRS485Rec (RS485)
                                                   GoToSyncUART16552 (RS485)
                                                   Init16552 (RS485)
                                                   IntHandler_INT0 (ExtInt)
                                                   IntHandler_INT1 (ExtInt)
                                                   ReceiveCData (RS485)
                                                   ReceiveCardEEPROMData (RS485)
                                                   ReceiveCardStatus (RS485)
                                                   ReceiveConfigData (RS485)
                                                   ReceivePTOData (RS485)
                                                   ReceivePacketUart16552 (RS485)
                                                   ReceiveRData (RS485)
                                                   ReceiveRadarData (RS485)
                                                   ReceiveWHData (RS485)
                                                   ReceiveWISData (RS485)
                                                   ReceiveWISStatus (RS485)
                                                   ReceiveWISXData (RS485)
                                                   Uart_BuildHeader16552 (RS485)
                                                   Uart_BuildReqC16552 (RS485)
                                                   Uart_BuildReqCardStatus (RS485)
                                                   Uart_BuildReqEEPROMData (RS485)
                                                   Uart_BuildReqM16552 (RS485)
                                                   Uart_BuildReqR16552 (RS485)
                                                   Uart_BuildReqRadarData (RS485)
                                                   Uart_BuildReqWISData (RS485)
                                                   Uart_BuildReqWISXData (RS485)
                                                   Uart_BuildTail16552 (RS485)
                                                   Usart16552CheckPackage (RS485)
    -------------------------------------------------------------------------
NEAR_Z
  Relative segment, address: DATA 0000040B - 0000041A (0x10 bytes), align: 0
  Segment part 18.
           ENTRY                   ADDRESS         REF BY
           =====                   =======         ======
           ADInt                   0000040B        BuildADInt (UsartPro)
                                                   Init_AD (init)
                                                   IntHandler_AD (adc)
    -------------------------------------------------------------------------
NEAR_Z
  Relative segment, address: DATA 0000041B - 00000A36 (0x61c bytes), align: 0
  Segment part 19.
           ENTRY                   ADDRESS         REF BY
           =====                   =======         ======
           TData                   0000041B        AD7715 (AD7715)
                                                   BuildADEpromdata (UsartPro)
                                                   BuildANAFilter (UsartPro)
                                                   BuildANASetup (UsartPro)
                                                   BuildMData485 (UsartPro)
                                                   BuildMDataANA (UsartPro)
                                                   BuildRData485 (UsartPro)
                                                   BuildRS4Setup (UsartPro)
                                                   BuildWHdata (UsartPro)
                                                   CheckActionUart (UsartPro)
                                                   CheckActionUart16552 (RS485)
                                                   ExtRS485Ctl (RS485)
                                                   ExtRS485Rec (RS485)
                                                   GetADData (UsartPro)
                                                   GetANAFilter (UsartPro)
                                                   GetANASetup (UsartPro)
                                                   GetEEPROMData (UsartPro)
                                                   GetRS4Setup (UsartPro)
                                                   ReceiveCData (RS485)
                                                   ReceiveCardEEPROMData (RS485)
                                                   ReceiveCardStatus (RS485)
                                                   ReceiveConfigData (RS485)
                                                   ReceivePTOData (RS485)
                                                   ReceiveRData (RS485)
                                                   ReceiveRadarData (RS485)
                                                   ReceiveWHData (RS485)
                                                   ReceiveWISData (RS485)
                                                   ReceiveWISStatus (RS485)
                                                   ReceiveWISXData (RS485)
                                                   SetAnaPort (AD7715)
                                                   SetRS4Port (RS485)
                                                   Uart_BuildReqEEPROMData (RS485)
    -------------------------------------------------------------------------
NEAR_Z
  Relative segment, address: DATA 00000A37 - 00000B49 (0x113 bytes), align: 0
  Segment part 20.
           ENTRY                   ADDRESS         REF BY
           =====                   =======         ======
           TxBufferCh0             00000A37        Init_USART (init)
    -------------------------------------------------------------------------
NEAR_Z
  Relative segment, address: DATA 00000B4A - 00000BDF (0x96 bytes), align: 0
  Segment part 21.
           ENTRY                   ADDRESS         REF BY
           =====                   =======         ======
           RxBufferCh0             00000B4A        Init_USART (init)
    -------------------------------------------------------------------------
NEAR_Z
  Relative segment, address: DATA 00000BE0 - 00000CF2 (0x113 bytes), align: 0
  Segment part 22.
           ENTRY                   ADDRESS         REF BY
           =====                   =======         ======
           TxBufferCh1             00000BE0        Init_USART (init)
    -------------------------------------------------------------------------
NEAR_Z
  Relative segment, address: DATA 00000CF3 - 00000D88 (0x96 bytes), align: 0
  Segment part 23.
           ENTRY                   ADDRESS         REF BY
           =====                   =======         ======
           RxBufferCh1             00000CF3        Init_USART (init)
    -------------------------------------------------------------------------
NEAR_Z
  Relative segment, address: DATA 00000D89 - 00000DC4 (0x3c bytes), align: 0
  Segment part 24.
           ENTRY                   ADDRESS         REF BY
           =====                   =======         ======
           TxBuf16552Ch0           00000D89        Init16552 (RS485)
    -------------------------------------------------------------------------
NEAR_Z
  Relative segment, address: DATA 00000DC5 - 00000E3C (0x78 bytes), align: 0
  Segment part 25.
           ENTRY                   ADDRESS         REF BY
           =====                   =======         ======
           RxBuf16552Ch0           00000DC5        Init16552 (RS485)
    -------------------------------------------------------------------------
NEAR_Z
  Relative segment, address: DATA 00000E3D - 00000E78 (0x3c bytes), align: 0
  Segment part 26.
           ENTRY                   ADDRESS         REF BY
           =====                   =======         ======
           TxBuf16552Ch1           00000E3D        ExtRS485Ctl (RS485)
                                                   Init16552 (RS485)
    -------------------------------------------------------------------------
NEAR_Z
  Relative segment, address: DATA 00000E79 - 00000EF0 (0x78 bytes), align: 0
  Segment part 27.
           ENTRY                   ADDRESS         REF BY
           =====                   =======         ======
           RxBuf16552Ch1           00000E79        ExtRS485Ctl (RS485)
                                                   Init16552 (RS485)
    -------------------------------------------------------------------------
NEAR_Z
  Relative segment, address: DATA 00000EF1 - 00000EF1 (0x1 bytes), align: 0
  Segment part 28.
           ENTRY                   ADDRESS         REF BY
           =====                   =======         ======
           ADChannel               00000EF1        Init_AD (init)
                                                   IntHandler_AD (adc)
    -------------------------------------------------------------------------
NEAR_Z
  Relative segment, address: DATA 00000EF2 - 00000EF2 (0x1 bytes), align: 0
  Segment part 29.
           ENTRY                   ADDRESS         REF BY
           =====                   =======         ======
           WriteCount              00000EF2        Init_CPU (init)
                                                   IntHandler_EEPROM (eeprom)
                                                   WriteEEPROMBuffer (eeprom)
    -------------------------------------------------------------------------
NEAR_Z
  Relative segment, address: DATA 00000EF3 - 00000EF4 (0x2 bytes), align: 0
  Segment part 30.
           ENTRY                   ADDRESS         REF BY
           =====                   =======         ======
           pWriteBuffer            00000EF3        IntHandler_EEPROM (eeprom)
                                                   WriteEEPROMBuffer (eeprom)
    -------------------------------------------------------------------------
NEAR_Z
  Relative segment, address: DATA 00000EF5 - 00000EF5 (0x1 bytes), align: 0
  Segment part 31.
           ENTRY                   ADDRESS         REF BY
           =====                   =======         ======
           EEPWriteOK              00000EF5        GetEEPROMData (UsartPro)
                                                   IntHandler_EEPROM (eeprom)
                                                   WriteEEPROMBuffer (eeprom)
    -------------------------------------------------------------------------
NEAR_Z
  Relative segment, address: DATA 00000EF6 - 00000EF6 (0x1 bytes), align: 0
  Segment part 32.
           ENTRY                   ADDRESS         REF BY
           =====                   =======         ======
           hostAddress             00000EF6        ReceivePacketUart (UsartPro)
    -------------------------------------------------------------------------
NEAR_Z
  Relative segment, address: DATA 00000EF7 - 00000F96 (0xa0 bytes), align: 0
  Segment part 34.            Intra module refs:   main
           ENTRY                   ADDRESS         REF BY
           =====                   =======         ======
           Stack0                  00000EF7 
    -------------------------------------------------------------------------
NEAR_Z
  Relative segment, address: DATA 00000F97 - 00001036 (0xa0 bytes), align: 0
  Segment part 35.            Intra module refs:   main
           ENTRY                   ADDRESS         REF BY
           =====                   =======         ======
           Stack1                  00000F97 
    -------------------------------------------------------------------------
NEAR_Z
  Relative segment, address: DATA 00001037 - 0000109A (0x64 bytes), align: 0
  Segment part 36.            Intra module refs:   main
           ENTRY                   ADDRESS         REF BY
           =====                   =======         ======
           Stack3                  00001037 
    -------------------------------------------------------------------------
NEAR_Z
  Relative segment, address: DATA 0000109B - 0000114C (0xb2 bytes), align: 0
  Segment part 37.            Intra module refs:   main
           ENTRY                   ADDRESS         REF BY
           =====                   =======         ======
           Stack10                 0000109B 
    -------------------------------------------------------------------------
NEAR_Z
  Relative segment, address: DATA 0000114D - 000011FE (0xb2 bytes), align: 0
  Segment part 38.            Intra module refs:   main
           ENTRY                   ADDRESS         REF BY
           =====                   =======         ======
           Stack11                 0000114D 
    -------------------------------------------------------------------------
CODE
  Relative segment, address: CODE 00000DB4 - 00000F69 (0x1b6 bytes), align: 1
  Segment part 39.
           ENTRY                   ADDRESS         REF BY
           =====                   =======         ======
           main                    00000DB4        ?cstartup_call_main (?C_STARTUP)
               calls direct
    -------------------------------------------------------------------------
NEAR_ID
  Relative segment, address: CODE 00004BAA - 00004BEA (0x41 bytes), align: 0
  Segment part 10.            Intra module refs:   Segment part 9
    -------------------------------------------------------------------------
INITTAB
  Relative segment, address: CODE 00004B9C - 00004BA2 (0x7 bytes), align: 0
  Segment part 11.            Intra module refs:   Segment part 9
           ENTRY                   ADDRESS         REF BY
           =====                   =======         ======
           ?<Segment init: NEAR_I>
                                   00004B9C 
    -------------------------------------------------------------------------
INITTAB
  Relative segment, address: CODE 00004BA3 - 00004BA9 (0x7 bytes), align: 0
  Segment part 13.            Intra module refs:   ADChannel
                                                   ADInt
                                                   EEPWriteOK
                                                   PortPair
                                                   RestartStatus
                                                   RxBuf16552Ch0
                                                   RxBuf16552Ch1
                                                   RxBufferCh0
                                                   RxBufferCh1
                                                   Segment part 12
                                                   Stack0
                                                   Stack1
                                                   Stack10
                                                   Stack11
                                                   Stack3
                                                   TData
                                                   TxBuf16552Ch0
                                                   TxBuf16552Ch1
                                                   TxBufferCh0
                                                   TxBufferCh1
                                                   UART
                                                   UART16552
                                                   WriteCount
                                                   hostAddress
                                                   pWriteBuffer
           ENTRY                   ADDRESS         REF BY
           =====                   =======         ======
           ?<Segment init: NEAR_Z>
                                   00004BA3 
    -------------------------------------------------------------------------
NEAR_I
  Relative segment, address: DATA 000002A4 - 000002E4 (0x41 bytes), align: 0
  Segment part 9.             Intra module refs:   main

    *************************************************************************

  FILE NAME : D:\S2Prog\IO\ANZB\Release\Obj\Misc.r90
  PROGRAM MODULE, NAME : Misc

  SEGMENTS IN THE MODULE
  ======================
ABSOLUTE
  Relative segment, address: DATA 00000030 - 00000030 (0x1 bytes), align: 0
  Segment part 1. ROOT        Intra module refs:   MyAddress
           ENTRY                   ADDRESS         REF BY
           =====                   =======         ======
           _A_PIND                 00000030 
    -------------------------------------------------------------------------
CODE
  Relative segment, address: CODE 00000F6A - 00000F89 (0x20 bytes), align: 1
  Segment part 10.
           ENTRY                   ADDRESS         REF BY
           =====                   =======         ======
           WatchDogHandler         00000F6A        main (Main)
               calls direct
    -------------------------------------------------------------------------
CODE
  Relative segment, address: CODE 00000F8A - 00000F95 (0xc bytes), align: 1
  Segment part 11.
           ENTRY                   ADDRESS         REF BY
           =====                   =======         ======
           MyAddress               00000F8A        BuildStatusData (UsartPro)
                                                   ReceivePacketUart (UsartPro)
                                                   Uart_BuildHeader (UsartPro)
    -------------------------------------------------------------------------
CODE
  Relative segment, address: CODE 00000F96 - 00000FAD (0x18 bytes), align: 1
  Segment part 12.
           ENTRY                   ADDRESS         REF BY
           =====                   =======         ======
           IsFloat                 00000F96        AD7715 (AD7715)

    *************************************************************************

  FILE NAME : D:\S2Prog\IO\ANZB\Release\Obj\OS_Error.r90
    *************************************************************************

  FILE NAME : D:\S2Prog\IO\ANZB\Release\Obj\RS485.r90
  PROGRAM MODULE, NAME : RS485

  SEGMENTS IN THE MODULE
  ======================
CODE
  Relative segment, address: CODE 00000FAE - 00000FAF (0x2 bytes), align: 1
  Segment part 10.
           ENTRY                   ADDRESS         REF BY
           =====                   =======         ======
           TimoutUART0             00000FAE        main (Main)
    -------------------------------------------------------------------------
CODE
  Relative segment, address: CODE 00000FB0 - 00000FB9 (0xa bytes), align: 1
  Segment part 11.            Intra module refs:   TimoutUART0
                                                   TimoutUART1
    -------------------------------------------------------------------------
CODE
  Relative segment, address: CODE 00000FBA - 00000FBD (0x4 bytes), align: 1
  Segment part 12.
           ENTRY                   ADDRESS         REF BY
           =====                   =======         ======
           TimoutUART1             00000FBA        main (Main)
    -------------------------------------------------------------------------
CODE
  Relative segment, address: CODE 00000FBE - 00000FDD (0x20 bytes), align: 1
  Segment part 13.            Intra module refs:   ReceivePacketUart16552
                                                   Uart_BuildTail16552
                                                   Usart16552CheckPackage
           ENTRY                   ADDRESS         REF BY
           =====                   =======         ======
           GoToSyncUART16552       00000FBE        IntHandler_INT0 (ExtInt)
                                                   IntHandler_INT1 (ExtInt)
    -------------------------------------------------------------------------
CODE
  Relative segment, address: CODE 00000FDE - 0000101B (0x3e bytes), align: 1
  Segment part 14.            Intra module refs:   Uart_BuildTail16552
           ENTRY                   ADDRESS         REF BY
           =====                   =======         ======
           CalcDSTxChecksumUART16552
                                   00000FDE 
    -------------------------------------------------------------------------
CODE
  Relative segment, address: CODE 0000101C - 0000106F (0x54 bytes), align: 1
  Segment part 15.            Intra module refs:   Uart_BuildTail16552
           ENTRY                   ADDRESS         REF BY
           =====                   =======         ======
           Uart_BuildHeader16552   0000101C 
    -------------------------------------------------------------------------
CODE
  Relative segment, address: CODE 00001070 - 000011BB (0x14c bytes), align: 1
  Segment part 16.            Intra module refs:   ExtRS485Ctl
           ENTRY                   ADDRESS         REF BY
           =====                   =======         ======
           Uart_BuildTail16552     00001070 
               calls direct
    -------------------------------------------------------------------------
CODE
  Relative segment, address: CODE 000011BC - 000011CD (0x12 bytes), align: 1
  Segment part 17.            Intra module refs:   ExtRS485Ctl
           ENTRY                   ADDRESS         REF BY
           =====                   =======         ======
           Uart_BuildReqM16552     000011BC 
    -------------------------------------------------------------------------
CODE
  Relative segment, address: CODE 000011CE - 0000123F (0x72 bytes), align: 1
  Segment part 18.            Intra module refs:   ExtRS485Ctl
           ENTRY                   ADDRESS         REF BY
           =====                   =======         ======
           Uart_BuildReqEEPROMData
                                   000011CE 
    -------------------------------------------------------------------------
CODE
  Relative segment, address: CODE 00001240 - 00001251 (0x12 bytes), align: 1
  Segment part 19.            Intra module refs:   ExtRS485Ctl
           ENTRY                   ADDRESS         REF BY
           =====                   =======         ======
           Uart_BuildReqC16552     00001240 
    -------------------------------------------------------------------------
CODE
  Relative segment, address: CODE 00001252 - 00001263 (0x12 bytes), align: 1
  Segment part 20.            Intra module refs:   ExtRS485Ctl
           ENTRY                   ADDRESS         REF BY
           =====                   =======         ======
           Uart_BuildReqR16552     00001252 
    -------------------------------------------------------------------------
CODE
  Relative segment, address: CODE 00001264 - 00001275 (0x12 bytes), align: 1
  Segment part 21.            Intra module refs:   ExtRS485Ctl
           ENTRY                   ADDRESS         REF BY
           =====                   =======         ======
           Uart_BuildReqCardStatus
                                   00001264 
    -------------------------------------------------------------------------
CODE
  Relative segment, address: CODE 00001276 - 00001287 (0x12 bytes), align: 1
  Segment part 22.            Intra module refs:   ExtRS485Ctl
           ENTRY                   ADDRESS         REF BY
           =====                   =======         ======
           Uart_BuildReqRadarData
                                   00001276 
    -------------------------------------------------------------------------
CODE
  Relative segment, address: CODE 00001288 - 00001297 (0x10 bytes), align: 1
  Segment part 23.            Intra module refs:   ExtRS485Ctl
           ENTRY                   ADDRESS         REF BY
           =====                   =======         ======
           Uart_BuildReqWISData    00001288 
    -------------------------------------------------------------------------
CODE
  Relative segment, address: CODE 00001298 - 000012BD (0x26 bytes), align: 1
  Segment part 24.            Intra module refs:   Uart_BuildReqC16552
                                                   Uart_BuildReqCardStatus
                                                   Uart_BuildReqM16552
                                                   Uart_BuildReqR16552
                                                   Uart_BuildReqRadarData
                                                   Uart_BuildReqWISData
    -------------------------------------------------------------------------
CODE
  Relative segment, address: CODE 000012BE - 000012D9 (0x1c bytes), align: 1
  Segment part 25.            Intra module refs:   Segment part 24
    -------------------------------------------------------------------------
CODE
  Relative segment, address: CODE 000012DA - 000012E9 (0x10 bytes), align: 1
  Segment part 26.            Intra module refs:   Segment part 25
                                                   Uart_BuildReqWISXData
    -------------------------------------------------------------------------
CODE
  Relative segment, address: CODE 000012EA - 00001339 (0x50 bytes), align: 1
[...]
CODE
  Relative segment, address: CODE 00004548 - 000045B1 (0x6a bytes), align: 1
  Segment part 7.             Intra module refs:   Segment part 6
                                                   Segment part 8
           LOCAL                   ADDRESS         
           =====                   =======         
           ?SL2F_2                 00004548 
    -------------------------------------------------------------------------
CODE
  Relative segment, address: CODE 000045B2 - 000045B5 (0x4 bytes), align: 1
  Segment part 8.
           ENTRY                   ADDRESS         REF BY
           =====                   =======         ======
           ?UL2F_L04               000045B2 
           ?UL2F_S_L04             000045B2        AD7715 (AD7715)
                                                   ReceiveWISData (RS485)
    -------------------------------------------------------------------------
CODE
  Relative segment, address: CODE 000045B6 - 000046A9 (0xf4 bytes), align: 1
  Segment part 14.            Intra module refs:   Segment part 15
           ENTRY                   ADDRESS         REF BY
           =====                   =======         ======
           ?F_ADD_L04              00004612 
           ?F_ADD_S_L04            00004612        AD7715 (AD7715)
    -------------------------------------------------------------------------
CODE
  Relative segment, address: CODE 000046AA - 000046AF (0x6 bytes), align: 1
  Segment part 15.
           ENTRY                   ADDRESS         REF BY
           =====                   =======         ======
           ?F_SUB_L04              000046AA 
           ?F_SUB_S_L04            000046AA        AD7715 (AD7715)
    -------------------------------------------------------------------------
CODE
  Relative segment, address: CODE 000046B0 - 000046B5 (0x6 bytes), align: 1
  Segment part 16.            Intra module refs:   Segment part 14
                                                   Segment part 20
                                                   Segment part 28
           ENTRY                   ADDRESS         REF BY
           =====                   =======         ======
           ?F_ZERO_L04             000046B0 
    -------------------------------------------------------------------------
CODE
  Relative segment, address: CODE 000046B6 - 000046BB (0x6 bytes), align: 1
  Segment part 17.            Intra module refs:   ?F_INFINITE_L04
                                                   ?F_NAN_L04
                                                   ?F_ZERO_L04
           LOCAL                   ADDRESS         
           =====                   =======         
           PX                      000046B6 
    -------------------------------------------------------------------------
CODE
  Relative segment, address: CODE 000046BC - 000046C3 (0x8 bytes), align: 1
  Segment part 18.            Intra module refs:   Segment part 20
                                                   Segment part 21
                                                   Segment part 28
                                                   Segment part 5
           ENTRY                   ADDRESS         REF BY
           =====                   =======         ======
           ?F_INFINITE_L04         000046BC 
    -------------------------------------------------------------------------
CODE
  Relative segment, address: CODE 000046C4 - 000046C9 (0x6 bytes), align: 1
  Segment part 19.            Intra module refs:   Segment part 14
                                                   Segment part 20
                                                   Segment part 28
           ENTRY                   ADDRESS         REF BY
           =====                   =======         ======
           ?F_NAN_L04              000046C4 
    -------------------------------------------------------------------------
CODE
  Relative segment, address: CODE 000046CA - 00004711 (0x48 bytes), align: 1
  Segment part 20.            Intra module refs:   Segment part 21
    -------------------------------------------------------------------------
CODE
  Relative segment, address: CODE 00004712 - 000047E7 (0xd6 bytes), align: 1
  Segment part 21.            Intra module refs:   Segment part 20
           ENTRY                   ADDRESS         REF BY
           =====                   =======         ======
           ?F_MUL_L04              00004712 
           ?F_MUL_S_L04            00004712        AD7715 (AD7715)
    -------------------------------------------------------------------------
CODE
  Relative segment, address: CODE 000047E8 - 00004839 (0x52 bytes), align: 1
  Segment part 23.            Intra module refs:   Segment part 24
           ENTRY                   ADDRESS         REF BY
           =====                   =======         ======
           ?F_CMP_LT_L04           000047E8 
           ?F_CMP_LT_S_L04         000047E8        AD7715 (AD7715)
    -------------------------------------------------------------------------
CODE
  Relative segment, address: CODE 0000483A - 0000485D (0x24 bytes), align: 1
  Segment part 24.
           ENTRY                   ADDRESS         REF BY
           =====                   =======         ======
           ?F_CMP_GE_L04           0000483A 
           ?F_CMP_GE_S_L04         0000483A        AD7715 (AD7715)
    -------------------------------------------------------------------------
CODE
  Relative segment, address: CODE 0000485E - 0000499B (0x13e bytes), align: 1
  Segment part 28.
           ENTRY                   ADDRESS         REF BY
           =====                   =======         ======
           ?F_DIV_L04              000048C2 
           ?F_DIV_S_L04            000048C2        AD7715 (AD7715)
                                                   ReceiveWISData (RS485)

    -------------------------------------------------------------------------
  LIBRARY MODULE, NAME : ?xV_SWITCH_L06

  SEGMENTS IN THE MODULE
  ======================
CODE
  Relative segment, address: CODE 0000499C - 0000499D (0x2 bytes), align: 1
  Segment part 1.             Intra module refs:   ?SV_SWITCH_L06
           LOCAL                   ADDRESS         
           =====                   =======         
           GET_INFO_S              0000499C 
    -------------------------------------------------------------------------
CODE
  Relative segment, address: CODE 0000499E - 000049A9 (0xc bytes), align: 1
  Segment part 2.             Intra module refs:   GET_INFO_S
           LOCAL                   ADDRESS         
           =====                   =======         
           GET_INFO_C              0000499E 
    -------------------------------------------------------------------------
CODE
  Relative segment, address: CODE 000049AA - 000049AF (0x6 bytes), align: 1
  Segment part 4.
           ENTRY                   ADDRESS         REF BY
           =====                   =======         ======
           ?SV_SWITCH_L06          000049AA        CheckActionUart (UsartPro)
    -------------------------------------------------------------------------
CODE
  Relative segment, address: CODE 000049B0 - 000049B5 (0x6 bytes), align: 1
  Segment part 5.             Intra module refs:   ?SV_SWITCH_L06
           LOCAL                   ADDRESS         
           =====                   =======         
           P_0_S                   000049B0 
    -------------------------------------------------------------------------
CODE
  Relative segment, address: CODE 000049B6 - 00004A21 (0x6c bytes), align: 1
  Segment part 7.             Intra module refs:   P_0_S
           LOCAL                   ADDRESS         
           =====                   =======         
           CHECK_LOW_LIMIT         000049B6 

    -------------------------------------------------------------------------
  LIBRARY MODULE, NAME : ?REGISTER_CGREGR4_L10

  SEGMENTS IN THE MODULE
  ======================
CODE
  Relative segment, address: CODE 00004A22, align: 1
  Segment part 0.
           ENTRY                   ADDRESS         REF BY
           =====                   =======         ======
           ?Register_R4_is_cg_reg
                                   00004A22        AD7715 (AD7715)
                                                   BuildEEPROMData (UsartPro)
                                                   BuildMDataANA (UsartPro)
                                                   BuildStatusData (UsartPro)
                                                   CheckActionUart (UsartPro)
                                                   ExtRS485Ctl (RS485)
                                                   GetEEPROMData (UsartPro)
                                                   ReceiveCData (RS485)
                                                   ReceivePTOData (RS485)
                                                   ReceiveRData (RS485)
                                                   Usart16552CheckPackage (RS485)
                                                   UsartCheckPackage (UsartPro)

    -------------------------------------------------------------------------
  LIBRARY MODULE, NAME : ?REGISTER_CGREGR5_L10

  SEGMENTS IN THE MODULE
  ======================
CODE
  Relative segment, address: CODE 00004A22, align: 1
  Segment part 0.
           ENTRY                   ADDRESS         REF BY
           =====                   =======         ======
           ?Register_R5_is_cg_reg
                                   00004A22        AD7715 (AD7715)
                                                   BuildEEPROMData (UsartPro)
                                                   BuildMDataANA (UsartPro)
                                                   BuildStatusData (UsartPro)
                                                   CheckActionUart (UsartPro)
                                                   ExtRS485Ctl (RS485)
                                                   GetEEPROMData (UsartPro)
                                                   ReceiveCData (RS485)
                                                   ReceivePTOData (RS485)
                                                   ReceiveRData (RS485)
                                                   Usart16552CheckPackage (RS485)

    -------------------------------------------------------------------------
  LIBRARY MODULE, NAME : ?REGISTER_CGREGR6_L10

  SEGMENTS IN THE MODULE
  ======================
CODE
  Relative segment, address: CODE 00004A22, align: 1
  Segment part 0.
           ENTRY                   ADDRESS         REF BY
           =====                   =======         ======
           ?Register_R6_is_cg_reg
                                   00004A22        AD7715 (AD7715)
                                                   CheckActionUart (UsartPro)
                                                   ExtRS485Ctl (RS485)
                                                   GetEEPROMData (UsartPro)
                                                   ReceiveCData (RS485)
                                                   ReceivePTOData (RS485)
                                                   ReceiveRData (RS485)
                                                   Usart16552CheckPackage (RS485)

    -------------------------------------------------------------------------
  LIBRARY MODULE, NAME : ?REGISTER_CGREGR7_L10

  SEGMENTS IN THE MODULE
  ======================
CODE
  Relative segment, address: CODE 00004A22, align: 1
  Segment part 0.
           ENTRY                   ADDRESS         REF BY
           =====                   =======         ======
           ?Register_R7_is_cg_reg
                                   00004A22        AD7715 (AD7715)
                                                   CheckActionUart (UsartPro)
                                                   GetEEPROMData (UsartPro)
                                                   ReceiveCData (RS485)
                                                   ReceivePTOData (RS485)
                                                   ReceiveRData (RS485)

    -------------------------------------------------------------------------
  LIBRARY MODULE, NAME : ?REGISTER_CGREGR8_L10

  SEGMENTS IN THE MODULE
  ======================
CODE
  Relative segment, address: CODE 00004A22, align: 1
  Segment part 0.
           ENTRY                   ADDRESS         REF BY
           =====                   =======         ======
           ?Register_R8_is_cg_reg
                                   00004A22        AD7715 (AD7715)
                                                   CheckActionUart (UsartPro)

    -------------------------------------------------------------------------
  LIBRARY MODULE, NAME : ?REGISTER_CGREGR9_L10

  SEGMENTS IN THE MODULE
  ======================
CODE
  Relative segment, address: CODE 00004A22, align: 1
  Segment part 0.
           ENTRY                   ADDRESS         REF BY
           =====                   =======         ======
           ?Register_R9_is_cg_reg
                                   00004A22        AD7715 (AD7715)
                                                   CheckActionUart (UsartPro)

    -------------------------------------------------------------------------
  LIBRARY MODULE, NAME : ?REGISTER_CGREGR10_L10

  SEGMENTS IN THE MODULE
  ======================
CODE
  Relative segment, address: CODE 00004A22, align: 1
  Segment part 0.
           ENTRY                   ADDRESS         REF BY
           =====                   =======         ======
           ?Register_R10_is_cg_reg
                                   00004A22        AD7715 (AD7715)

    -------------------------------------------------------------------------
  LIBRARY MODULE, NAME : ?REGISTER_CGREGR11_L10

  SEGMENTS IN THE MODULE
  ======================
CODE
  Relative segment, address: CODE 00004A22, align: 1
  Segment part 0.
           ENTRY                   ADDRESS         REF BY
           =====                   =======         ======
           ?Register_R11_is_cg_reg
                                   00004A22        AD7715 (AD7715)

    -------------------------------------------------------------------------
  LIBRARY MODULE, NAME : ?low_level_init

  SEGMENTS IN THE MODULE
  ======================
CODE
  Relative segment, address: CODE 00004A22 - 00004A25 (0x4 bytes), align: 1
  Segment part 3.
           ENTRY                   ADDRESS         REF BY
           =====                   =======         ======
           __low_level_init        00004A22        ?call_low_level_init (?C_STARTUP)

    -------------------------------------------------------------------------
  LIBRARY MODULE, NAME : ?segment_init

  SEGMENTS IN THE MODULE
  ======================
CODE
  Relative segment, address: CODE 00004A26 - 00004A2D (0x8 bytes), align: 1
  Segment part 3.             Intra module refs:   __segment_init
           LOCAL                   ADDRESS         
           =====                   =======         
           __memclr                00004A26 
    -------------------------------------------------------------------------
CODE
  Relative segment, address: CODE 00004A2E - 00004A39 (0xc bytes), align: 1
  Segment part 4.             Intra module refs:   __segment_init
           LOCAL                   ADDRESS         
           =====                   =======         
           __flashcpy              00004A2E 
    -------------------------------------------------------------------------
CODE
  Relative segment, address: CODE 00004A3A - 00004A45 (0xc bytes), align: 1
  Segment part 5.             Intra module refs:   __flashcpy
                                                   __memclr
    -------------------------------------------------------------------------
CODE
  Relative segment, address: CODE 00004A46 - 00004A9B (0x56 bytes), align: 1
  Segment part 6.
           ENTRY                   ADDRESS         REF BY
           =====                   =======         ======
           __segment_init          00004A46        ?need_segment_init (?C_STARTUP)
               calls direct

    *************************************************************************

  DEFINED ABSOLUTE ENTRIES
  PROGRAM MODULE, NAME : ?FILLER_BYTES

  SEGMENTS IN THE MODULE
  ======================
INTVEC
  Common segment, address: CODE 00000000 - 00000083 (0x84 bytes), align: 0
  Segment part 1.
    -------------------------------------------------------------------------
?FILL1
  Relative segment, address: CODE 00000084 - 000000CB (0x48 bytes), align: 0
  Segment part 0.




                ****************************************
                *                                      *
                *      SEGMENTS IN ADDRESS ORDER       *
                *                                      *
                ****************************************


SEGMENT              SPACE    START ADDRESS   END ADDRESS     SIZE  TYPE  ALIGN
=======              =====    =============   ===========     ====  ====  =====
INTVEC               CODE          00000000 - 00000083          84   com    1
?FILL1               CODE          00000084 - 000000CB          48   rel    0
SWITCH               CODE          000000CC - 00000103          38   rel    1
CODE                 CODE          00000104 - 00004A9B        4998   rel    1
<FAR_F> 1            CODE          00004A9C - 00004B9B         100   rel    0
INITTAB              CODE          00004B9C - 00004BA9           E   rel    0
NEAR_ID              CODE          00004BAA - 00004BEA          41   rel    0
ABSOLUTE             DATA               0000001F                     rel    0
                     DATA               00000020                   
                     DATA               00000021                   
                     DATA               00000022                   
                     DATA          00000029 - 0000002C           4 
                     DATA          00000030 - 00000032           3 
                     DATA          00000034 - 00000038           5 
                     DATA          0000003A - 0000003F           6 
                     DATA          00000041 - 00000041           1 
                     DATA          0000004A - 0000004F           6 
                     DATA          00000051 - 00000051           1 
                     DATA          00000053 - 00000057           5 
                     DATA          00000059 - 0000005A           2 
                     DATA          0000005C - 0000005C           1 
                     DATA          0000005F - 0000005F           1 
                     DATA          00000061 - 00000065           5 
                     DATA          0000006A - 0000006A           1 
                     DATA          0000006C - 0000006D           2 
                     DATA               00000074                   
                     DATA          00000090 - 00000090           1 
                     DATA          00000095 - 00000095           1 
                     DATA          00000098 - 0000009D           6 
CSTACK               DATA          00000200 - 00000263          64   dse    0
RSTACK               DATA          00000264 - 000002A3          40   dse    0
NEAR_I               DATA          000002A4 - 000002E4          41   rel    0
NEAR_Z               DATA          000002E5 - 000011FE         F1A   rel    0

                ****************************************
                *                                      *
                *        END OF CROSS REFERENCE        *
                *                                      *
                ****************************************

 19 363 bytes of CODE memory (+             72 range fill )
  4 095 bytes of DATA memory (+ 57 absolute )

Errors: 21
Warnings: none

