################################################################################
#                                                                              #
#      IAR Universal Linker V6.5.0.91                                          #
#                                                                              #
#           Link time     =  28/Sep/2017  11:33:06                             #
#           Target CPU    =  A90                                               #
#           List file     =  D:\S2Prog\IO\ANZB\Release\List\ANZB5.map          #
#           Output file 1 =  D:\S2Prog\IO\ANZB\Release\Exe\ANZB5.hex           #
#                            Format: intel-extended                            #
#           Output file 2 =  D:\S2Prog\IO\ANZB\Release\Exe\ANZB5.bin           #
#                            Format: raw-binary                                #
#           Command line  =  -f C:\Users\esy\AppData\Local\Temp\EWF3CA.tmp     #
#                            (D:\S2Prog\IO\ANZB\Release\Obj\AD7715.r90         #
#                            D:\S2Prog\IO\ANZB\Release\Obj\adc.r90             #
#                            D:\S2Prog\IO\ANZB\Release\Obj\eeprom.r90          #
#                            D:\S2Prog\IO\ANZB\Release\Obj\ExtInt.r90          #
#                            D:\S2Prog\IO\ANZB\Release\Obj\init.r90            #
#                            D:\S2Prog\IO\ANZB\Release\Obj\Main.r90            #
#                            D:\S2Prog\IO\ANZB\Release\Obj\Misc.r90            #
#                            D:\S2Prog\IO\ANZB\Release\Obj\OS_Error.r90        #
#                            D:\S2Prog\IO\ANZB\Release\Obj\RS485.r90           #
#                            D:\S2Prog\IO\ANZB\Lib\rtos3S_S.r90                #
#                            D:\S2Prog\IO\ANZB\Release\Obj\rtosinit.r90        #
#                            D:\S2Prog\IO\ANZB\Release\Obj\UsartInt.r90        #
#                            D:\S2Prog\IO\ANZB\Release\Obj\UsartPro.r90 -o     #
#                            D:\S2Prog\IO\ANZB\Release\Exe\ANZB5.hex           #
#                            -Fintel-extended -z -l                            #
#                            D:\S2Prog\IO\ANZB\Release\List\ANZB5.map -xms     #
#                            "-IC:\Program Files (x86)\IAR Systems\Embedded Wo #
#                            rkbench 8.0\avr\LIB\"                             #
#                            -f                                                #
#                            "C:\Program Files (x86)\IAR Systems\Embedded Work #
#                            bench 8.0\avr\src\template\cfgm1280.xcl"          #
#                            (-D_..X_INTVEC_SIZE=E4 -D_..X_FLASH_END=1FFFF     #
#                            -D_..X_FLASH_NEND=FFFF -D_..X_SRAM_BASE=200       #
#                            -D_..X_SRAM_TBASE=0 -D_..X_SRAM_TSIZE=0           #
#                            -D_..X_SRAM_END=21FF -D_..X_EEPROM_START=0        #
#                            -D_..X_EEPROM_END=FFF) -D_..X_HEAP_SIZE=10        #
#                            -D_..X_TINY_HEAP_SIZE=0 -D_..X_NEAR_HEAP_SIZE=0   #
#                            -D_..X_FAR_HEAP_SIZE=0 -D_..X_HUGE_HEAP_SIZE=0    #
#                            -D_..X_CSTACK_SIZE=64 -D_..X_RSTACK_SIZE=40       #
#                            -D_..X_FLASH_CODE_END=1FFFF -f                    #
#                            "C:\Program Files (x86)\IAR Systems\Embedded Work #
#                            bench 8.0\avr\src\template\cfg3s.xcl"             #
#                            (-ca90 -w29                                       #
#                            -Z(CODE)INTVEC=0-(_..X_INTVEC_SIZE-1)             #
#                            -Z(CODE)TINY_F=_..X_FLASH_BASE-FF                 #
#                            -Z(CODE)NEAR_F=_..X_FLASH_BASE-_..X_FLASH_NEND    #
#                            -Z(CODE)SWITCH=_..X_FLASH_BASE-_..X_FLASH_NEND    #
#                            -Z(CODE)DIFUNCT=_..X_FLASH_BASE-_..X_FLASH_NEND   #
#                            -Z(CODE)CODE=_..X_FLASH_BASE-_..X_FLASH_END       #
#                            -P(CODE)FAR_F=[_..X_FLASH_BASE-_..X_FLASH_END]/10 #
#                            000                                               #
#                            -Z(CODE)INITTAB=_..X_FLASH_BASE-_..X_FLASH_END    #
#                            -Z(CODE)HUGE_F=_..X_FLASH_BASE-_..X_FLASH_END     #
#                            -Z(CODE)TINY_ID=_..X_FLASH_BASE-_..X_FLASH_END    #
#                            -Z(CODE)NEAR_ID=_..X_FLASH_BASE-_..X_FLASH_END    #
#                            -Z(CODE)CHECKSUM#_..X_FLASH_END                   #
#                            -Z(DATA)TINY_I,TINY_Z,TINY_N=_..X_SRAM_TBASE:+_.. #
#                            X_SRAM_TSIZE                                      #
#                            -Z(DATA)CSTACK+_..X_CSTACK_SIZE=_..X_CSTACK_BASE- #
#                            _..X_CSTACK_END                                   #
#                            -Z(DATA)HEAP+_..X_HEAP_SIZE=_..X_SRAM_BASE-_..X_S #
#                            RAM_END,_..X_EXT_SRAM_BASE:+_..X_EXT_SRAM_SIZE    #
#                            -Z(DATA)IOSTREAM_N#_..X_SRAM_BASE-_..X_SRAM_END,_ #
#                            ..X_EXT_SRAM_BASE:+_..X_EXT_SRAM_SIZE             #
#                            -Z(DATA)NEAR_HEAP+_..X_NEAR_HEAP_SIZE=_..X_SRAM_B #
#                            ASE-_..X_SRAM_END,_..X_EXT_SRAM_BASE:+_..X_EXT_SR #
#                            AM_SIZE                                           #
#                            -Z(DATA)RSTACK+_..X_RSTACK_SIZE=_..X_RSTACK_BASE- #
#                            _..X_RSTACK_END                                   #
#                            -Z(DATA)NEAR_I,NEAR_Z=_..X_SRAM_BASE-_..X_SRAM_EN #
#                            D,_..X_EXT_SRAM_BASE:+_..X_EXT_SRAM_SIZE          #
#                            -Z(DATA)NEAR_C=_..X_EXT_ROM_BASE:+_..X_EXT_ROM_SI #
#                            ZE                                                #
#                            -Z(DATA)NEAR_N=_..X_EXT_NV_BASE:+_..X_EXT_NV_SIZE #
#                            -Z(XDATA)EEPROM_I,EEPROM_N=_..X_EEPROM_START-_..X #
#                            _EEPROM_END)                                      #
#                            -D_..X_FLASH_BASE=_..X_INTVEC_SIZE -H1895         #
#                            -h(CODE)0-(_..X_INTVEC_SIZE-1)                    #
#                            -D_..X_EXT_SRAM_BASE=_..X_SRAM_END                #
#                            -D_..X_EXT_SRAM_SIZE=0                            #
#                            -D_..X_EXT_ROM_BASE=_..X_SRAM_END                 #
#                            -D_..X_EXT_ROM_SIZE=0                             #
#                            -D_..X_EXT_NV_BASE=_..X_SRAM_END                  #
#                            -D_..X_EXT_NV_SIZE=0                              #
#                            -D_..X_CSTACK_BASE=_..X_SRAM_BASE                 #
#                            -D_..X_CSTACK_END=_..X_SRAM_END                   #
#                            -D_..X_RSTACK_BASE=_..X_SRAM_BASE                 #
#                            -D_..X_RSTACK_END=_..X_SRAM_END                   #
#                            -Oraw-binary=D:\S2Prog\IO\ANZB\Release\Exe\ANZB5. #
#                            bin                                               #
#                            -s __program_start                                #
#                            "C:\Program Files (x86)\IAR Systems\Embedded Work #
#                            bench 8.0\avr\LIB\CLIB\cl3s-ec_mul.r90"           #
#                            -e_small_write=_formatted_write                   #
#                            -e_medium_read=_formatted_read)                   #
#                                                                              #
#                           Copyright (C) 1987-2016 IAR Systems AB.            #
################################################################################





                ****************************************
                *                                      *
                *           CROSS REFERENCE            *
                *                                      *
                ****************************************

       Program entry at : CODE      0000546E  Relocatable, from module : ?C_STARTUP




                ****************************************
                *                                      *
                *            RUNTIME MODEL             *
                *                                      *
                ****************************************

  R10             = REG
  R11             = REG
  R12             = REG
  R14             = REG
  R4              = REG
  R5              = REG
  R6              = REG
  R7              = REG
  R8              = REG
  R9              = REG
  __64bit_doubles = disabled
  __SystemLibrary = CLib
  __cpu           = 3
  __cpu_name      = ATmega1280
  __enhanced_core = enabled
  __has_elpm      = true
  __memory_model  = 2
  __no_rampd      = enabled
  __rt_version    = 3
  __tiny_avr      = false
  __vtable_memory = __nearflash

                ****************************************
                *                                      *
                *    AUTOMATIC SYMBOL REDIRECTIONS     *
                *                                      *
                ****************************************

                  There are no automatic symbol redirections.



                ****************************************
                *                                      *
                *              MODULE MAP              *
                *                                      *
                ****************************************


  DEFINED ABSOLUTE ENTRIES
  PROGRAM MODULE, NAME : ?ABS_ENTRY_MOD

Absolute parts
           ENTRY                   ADDRESS         REF BY
           =====                   =======         ======
           _..X_RSTACK_END         000021FF 
           _..X_RSTACK_BASE        00000200 
           _..X_CSTACK_END         000021FF 
           _..X_CSTACK_BASE        00000200 
           _..X_EXT_NV_SIZE        00000000 
           _..X_EXT_NV_BASE        000021FF 
           _..X_EXT_ROM_SIZE       00000000 
           _..X_EXT_ROM_BASE       000021FF 
           _..X_EXT_SRAM_SIZE      00000000 
           _..X_EXT_SRAM_BASE      000021FF 
           _..X_FLASH_BASE         000000E4 
           _..X_FLASH_CODE_END     0001FFFF 
           _..X_RSTACK_SIZE        00000040 
           _..X_CSTACK_SIZE        00000064 
           _..X_HUGE_HEAP_SIZE     00000000 
           _..X_FAR_HEAP_SIZE      00000000 
           _..X_NEAR_HEAP_SIZE     00000000 
           _..X_TINY_HEAP_SIZE     00000000 
           _..X_HEAP_SIZE          00000010 
           _..X_EEPROM_END         00000FFF 
           _..X_EEPROM_START       00000000 
           _..X_SRAM_END           000021FF 
           _..X_SRAM_TSIZE         00000000 
           _..X_SRAM_TBASE         00000000 
           _..X_SRAM_BASE          00000200 
           _..X_FLASH_NEND         0000FFFF 
           _..X_FLASH_END          0001FFFF 
           _..X_INTVEC_SIZE        000000E4 
    *************************************************************************

  FILE NAME : D:\S2Prog\IO\ANZB\Release\Obj\AD7715.r90
  PROGRAM MODULE, NAME : AD7715

  SEGMENTS IN THE MODULE
  ======================
ABSOLUTE
  Relative segment, address: DATA 00000023 - 00000023 (0x1 bytes), align: 0
  Segment part 1. ROOT        Intra module refs:   AD7715
                                                   ExtRS485Ctl (RS485)
                                                   Init_IO (init)
                                                   IntHandler_TX_USART0 (UsartInt)
                                                   IntHandler_TX_USART1 (UsartInt)
                                                   TimoutUSART0 (UsartPro)
                                                   TimoutUSART1 (UsartPro)
                                                   Uart_BuildTail (UsartPro)
           ENTRY                   ADDRESS         REF BY
           =====                   =======         ======
           _A_PORTE                00000023 
    -------------------------------------------------------------------------
ABSOLUTE
  Relative segment, address: DATA 00000032 - 00000032 (0x1 bytes), align: 0
  Segment part 2. ROOT        Intra module refs:   AD7715
                                                   Init_IO (init)
                                                   ReadAdByte
                                                   WriteAdByte
           ENTRY                   ADDRESS         REF BY
           =====                   =======         ======
           _A_PORTD                00000032 
    -------------------------------------------------------------------------
ABSOLUTE
  Relative segment, address: DATA 00000035 - 00000035 (0x1 bytes), align: 0
  Segment part 3. ROOT        Intra module refs:   ExtRS485Ctl (RS485)
                                                   ExtRS485Rec (RS485)
                                                   Init_IO (init)
                                                   SetAnaPort
                                                   SetRS4Port (RS485)
           ENTRY                   ADDRESS         REF BY
           =====                   =======         ======
           _A_PORTC                00000035 
    -------------------------------------------------------------------------
ABSOLUTE
  Relative segment, address: DATA 00000038 - 00000038 (0x1 bytes), align: 0
  Segment part 4. ROOT        Intra module refs:   Init_IO (init)
                                                   SetAnaPort
           ENTRY                   ADDRESS         REF BY
           =====                   =======         ======
           _A_PORTB                00000038 
    -------------------------------------------------------------------------
ABSOLUTE
  Relative segment, address: DATA 00000063 - 00000063 (0x1 bytes), align: 0
  Segment part 5. ROOT        Intra module refs:   ReadAdByte
           ENTRY                   ADDRESS         REF BY
           =====                   =======         ======
           _A_PING                 00000063 
    -------------------------------------------------------------------------
ABSOLUTE
  Relative segment, address: DATA 00000065 - 00000065 (0x1 bytes), align: 0
  Segment part 6. ROOT        Intra module refs:   AD7715
                                                   Init_IO (init)
                                                   WriteAdByte
           ENTRY                   ADDRESS         REF BY
           =====                   =======         ======
           _A_PORTG                00000065 
    -------------------------------------------------------------------------
CODE
  Relative segment, address: CODE 0000011C - 00000149 (0x2e bytes), align: 1
  Segment part 14.            Intra module refs:   AD7715
           ENTRY                   ADDRESS         REF BY
           =====                   =======         ======
           ReadAdByte              0000011C 
    -------------------------------------------------------------------------
CODE
  Relative segment, address: CODE 0000014A - 00000199 (0x50 bytes), align: 1
  Segment part 15.            Intra module refs:   AD7715
           ENTRY                   ADDRESS         REF BY
           =====                   =======         ======
           WriteAdByte             0000014A 
    -------------------------------------------------------------------------
CODE
  Relative segment, address: CODE 0000019A - 000005EB (0x452 bytes), align: 1
  Segment part 16.
           ENTRY                   ADDRESS         REF BY
           =====                   =======         ======
           AD7715                  0000019A        main (Main)
               calls direct
    -------------------------------------------------------------------------
CODE
  Relative segment, address: CODE 000005EC - 00000649 (0x5e bytes), align: 1
  Segment part 17.
           ENTRY                   ADDRESS         REF BY
           =====                   =======         ======
           SetAnaPort              000005EC        GetANASetup (UsartPro)
    -------------------------------------------------------------------------
ABSOLUTE
  Relative segment, address: DATA 0000001F, align: 0
  Segment part 7. ROOT 
           ENTRY                   ADDRESS         REF BY
           =====                   =======         ======
           __?EECR                 0000001F 
    -------------------------------------------------------------------------
ABSOLUTE
  Relative segment, address: DATA 00000020, align: 0
  Segment part 8. ROOT 
           ENTRY                   ADDRESS         REF BY
           =====                   =======         ======
           __?EEDR                 00000020 
    -------------------------------------------------------------------------
ABSOLUTE
  Relative segment, address: DATA 00000021, align: 0
  Segment part 9. ROOT 
           ENTRY                   ADDRESS         REF BY
           =====                   =======         ======
           __?EEARL                00000021 
    -------------------------------------------------------------------------
ABSOLUTE
  Relative segment, address: DATA 00000022, align: 0
  Segment part 10. ROOT 
           ENTRY                   ADDRESS         REF BY
           =====                   =======         ======
           __?EEARH                00000022 
    -------------------------------------------------------------------------
ABSOLUTE
  Relative segment, address: DATA 00000074, align: 0
  Segment part 11. ROOT 
           ENTRY                   ADDRESS         REF BY
           =====                   =======         ======
           __?XMCRA                00000074        __RSTACK_in_external_ram_new_way (?C_STARTUP)

    *************************************************************************

  FILE NAME : D:\S2Prog\IO\ANZB\Release\Obj\adc.r90
  PROGRAM MODULE, NAME : adc

  SEGMENTS IN THE MODULE
  ======================
ABSOLUTE
  Relative segment, address: DATA 00000024 - 00000025 (0x2 bytes), align: 0
  Segment part 1. ROOT        Intra module refs:   IntHandler_AD
           ENTRY                   ADDRESS         REF BY
           =====                   =======         ======
           _A_ADC                  00000024 
    -------------------------------------------------------------------------
ABSOLUTE
  Relative segment, address: DATA 00000026 - 00000026 (0x1 bytes), align: 0
  Segment part 2. ROOT        Intra module refs:   InitSystem (init)
                                                   Init_AD (init)
                                                   IntHandler_AD
           ENTRY                   ADDRESS         REF BY
           =====                   =======         ======
           _A_ADCSR                00000026 
    -------------------------------------------------------------------------
ABSOLUTE
  Relative segment, address: DATA 00000027 - 00000027 (0x1 bytes), align: 0
  Segment part 3. ROOT        Intra module refs:   Init_AD (init)
                                                   IntHandler_AD
           ENTRY                   ADDRESS         REF BY
           =====                   =======         ======
           _A_ADMUX                00000027 
    -------------------------------------------------------------------------
CODE
  Relative segment, address: CODE 0000064A - 0000070D (0xc4 bytes), align: 1
  Segment part 12.            Intra module refs:   IntHandler_AD::??INTVEC 84
           ENTRY                   ADDRESS         REF BY
           =====                   =======         ======
           IntHandler_AD           0000064A 
               interrupt function
               calls direct
    -------------------------------------------------------------------------
INTVEC
  Common segment, address: CODE 00000000 - 00000057 (0x58 bytes), align: 1
  Segment part 9. ROOT 
           ENTRY                   ADDRESS         REF BY
           =====                   =======         ======
           IntHandler_AD::??INTVEC 84
                                   00000054 

    *************************************************************************

  FILE NAME : D:\S2Prog\IO\ANZB\Release\Obj\eeprom.r90
  PROGRAM MODULE, NAME : eeprom

  SEGMENTS IN THE MODULE
  ======================
ABSOLUTE
  Relative segment, address: DATA 0000003C - 0000003C (0x1 bytes), align: 0
  Segment part 1. ROOT        Intra module refs:   EEPROMReset
                                                   GetGotoBootloader (UsartPro)
                                                   IntHandler_EEPROM
                                                   ReadEEPROMBuffer
                                                   ReadEEPROMByte
                                                   WriteEEPROMBuffer
                                                   WriteEEPROMByte
           ENTRY                   ADDRESS         REF BY
           =====                   =======         ======
           _A_EECR                 0000003C 
    -------------------------------------------------------------------------
ABSOLUTE
  Relative segment, address: DATA 0000003D - 0000003D (0x1 bytes), align: 0
  Segment part 2. ROOT        Intra module refs:   EEPROMReset
                                                   GetGotoBootloader (UsartPro)
                                                   IntHandler_EEPROM
                                                   ReadEEPROMBuffer
                                                   ReadEEPROMByte
                                                   WriteEEPROMBuffer
                                                   WriteEEPROMByte
           ENTRY                   ADDRESS         REF BY
           =====                   =======         ======
           _A_EEDR                 0000003D 
    -------------------------------------------------------------------------
ABSOLUTE
  Relative segment, address: DATA 0000003E - 0000003F (0x2 bytes), align: 0
  Segment part 3. ROOT        Intra module refs:   EEPROMReset
                                                   GetGotoBootloader (UsartPro)
                                                   IntHandler_EEPROM
                                                   ReadEEPROMBuffer
                                                   ReadEEPROMByte
                                                   WriteEEPROMBuffer
                                                   WriteEEPROMByte
           ENTRY                   ADDRESS         REF BY
           =====                   =======         ======
           _A_EEAR                 0000003E 
    -------------------------------------------------------------------------
ABSOLUTE
  Relative segment, address: DATA 00000041 - 00000041 (0x1 bytes), align: 0
  Segment part 4. ROOT        Intra module refs:   EEPROMReset
                                                   GetGotoBootloader (UsartPro)
                                                   WatchDogHandler (Misc)
                                                   main (Main)
           ENTRY                   ADDRESS         REF BY
           =====                   =======         ======
           _A_WDTCR                00000041 
    -------------------------------------------------------------------------
CODE
  Relative segment, address: CODE 0000070E - 00000727 (0x1a bytes), align: 1
  Segment part 14.
           ENTRY                   ADDRESS         REF BY
           =====                   =======         ======
           ReadEEPROMByte          0000070E        AD7715 (AD7715)
                                                   ExtRS485Ctl (RS485)
    -------------------------------------------------------------------------
CODE
  Relative segment, address: CODE 00000728 - 00000743 (0x1c bytes), align: 1
  Segment part 15.
           ENTRY                   ADDRESS         REF BY
           =====                   =======         ======
           WriteEEPROMByte         00000728        GetANASetup (UsartPro)
                                                   GetRS4Setup (UsartPro)
    -------------------------------------------------------------------------
CODE
  Relative segment, address: CODE 00000744 - 0000077B (0x38 bytes), align: 1
  Segment part 16.
           ENTRY                   ADDRESS         REF BY
           =====                   =======         ======
           ReadEEPROMBuffer        00000744        AD7715 (AD7715)
                                                   BuildEEPROMData (UsartPro)
    -------------------------------------------------------------------------
CODE
  Relative segment, address: CODE 0000077C - 000007D1 (0x56 bytes), align: 1
  Segment part 17.
           ENTRY                   ADDRESS         REF BY
           =====                   =======         ======
           WriteEEPROMBuffer       0000077C        GetEEPROMData (UsartPro)
    -------------------------------------------------------------------------
CODE
  Relative segment, address: CODE 000007D2 - 00000833 (0x62 bytes), align: 1
  Segment part 18.            Intra module refs:   IntHandler_EEPROM::??INTVEC 88
           ENTRY                   ADDRESS         REF BY
           =====                   =======         ======
           IntHandler_EEPROM       000007D2 
               interrupt function
    -------------------------------------------------------------------------
CODE
  Relative segment, address: CODE 00000834 - 0000084F (0x1c bytes), align: 1
  Segment part 20.
           ENTRY                   ADDRESS         REF BY
           =====                   =======         ======
           EEPROMReset             00000834        CheckActionUart (UsartPro)
    -------------------------------------------------------------------------
INTVEC
  Common segment, address: CODE 00000000 - 0000005B (0x5c bytes), align: 1
  Segment part 10. ROOT 
           ENTRY                   ADDRESS         REF BY
           =====                   =======         ======
           IntHandler_EEPROM::??INTVEC 88
                                   00000058 

    *************************************************************************

  FILE NAME : D:\S2Prog\IO\ANZB\Release\Obj\ExtInt.r90
  PROGRAM MODULE, NAME : ExtInt

  SEGMENTS IN THE MODULE
  ======================
CODE
  Relative segment, address: CODE 00000850 - 00000A43 (0x1f4 bytes), align: 1
  Segment part 10.            Intra module refs:   IntHandler_INT0::??INTVEC 4
           ENTRY                   ADDRESS         REF BY
           =====                   =======         ======
           IntHandler_INT0         00000850 
               interrupt function
               calls direct
    -------------------------------------------------------------------------
CODE
  Relative segment, address: CODE 00000A44 - 00000A87 (0x44 bytes), align: 1
  Segment part 11.            Intra module refs:   IntHandler_INT0
                                                   IntHandler_INT1
    -------------------------------------------------------------------------
CODE
  Relative segment, address: CODE 00000A88 - 00000C6B (0x1e4 bytes), align: 1
  Segment part 12.            Intra module refs:   IntHandler_INT1::??INTVEC 8
           ENTRY                   ADDRESS         REF BY
           =====                   =======         ======
           IntHandler_INT1         00000A88 
               interrupt function
               calls direct
    -------------------------------------------------------------------------
INTVEC
  Common segment, address: CODE 00000000 - 00000007 (0x8 bytes), align: 1
  Segment part 6. ROOT 
           ENTRY                   ADDRESS         REF BY
           =====                   =======         ======
           IntHandler_INT0::??INTVEC 4
                                   00000004 
    -------------------------------------------------------------------------
INTVEC
  Common segment, address: CODE 00000000 - 0000000B (0xc bytes), align: 1
  Segment part 7. ROOT 
           ENTRY                   ADDRESS         REF BY
           =====                   =======         ======
           IntHandler_INT1::??INTVEC 8
                                   00000008 

    *************************************************************************

  FILE NAME : D:\S2Prog\IO\ANZB\Release\Obj\init.r90
  PROGRAM MODULE, NAME : init

  SEGMENTS IN THE MODULE
  ======================
ABSOLUTE
  Relative segment, address: DATA 00000022 - 00000022 (0x1 bytes), align: 0
  Segment part 1. ROOT        Intra module refs:   Init_IO
           ENTRY                   ADDRESS         REF BY
           =====                   =======         ======
           _A_DDRE                 00000022 
    -------------------------------------------------------------------------
ABSOLUTE
  Relative segment, address: DATA 00000029 - 00000029 (0x1 bytes), align: 0
  Segment part 5. ROOT        Intra module refs:   Init_USART
           ENTRY                   ADDRESS         REF BY
           =====                   =======         ======
           _A_UBRR0L               00000029 
    -------------------------------------------------------------------------
ABSOLUTE
  Relative segment, address: DATA 0000002A - 0000002A (0x1 bytes), align: 0
  Segment part 6. ROOT        Intra module refs:   Init_USART
                                                   IntHandler_TX_USART0 (UsartInt)
                                                   IntHandler_UDRE_USART0 (UsartInt)
                                                   TimoutUSART0 (UsartPro)
                                                   TimoutUSART0On (UsartPro)
           ENTRY                   ADDRESS         REF BY
           =====                   =======         ======
           _A_UCSR0B               0000002A 
    -------------------------------------------------------------------------
ABSOLUTE
  Relative segment, address: DATA 0000002B - 0000002B (0x1 bytes), align: 0
  Segment part 7. ROOT        Intra module refs:   Init_USART
                                                   IntHandler_RX_USART0 (UsartInt)
                                                   IntHandler_UDRE_USART0 (UsartInt)
           ENTRY                   ADDRESS         REF BY
           =====                   =======         ======
           _A_UCSR0A               0000002B 
    -------------------------------------------------------------------------
ABSOLUTE
  Relative segment, address: DATA 00000031 - 00000031 (0x1 bytes), align: 0
  Segment part 8. ROOT        Intra module refs:   Init_IO
           ENTRY                   ADDRESS         REF BY
           =====                   =======         ======
           _A_DDRD                 00000031 
    -------------------------------------------------------------------------
ABSOLUTE
  Relative segment, address: DATA 00000034 - 00000034 (0x1 bytes), align: 0
  Segment part 10. ROOT       Intra module refs:   Init_IO
           ENTRY                   ADDRESS         REF BY
           =====                   =======         ======
           _A_DDRC                 00000034 
    -------------------------------------------------------------------------
ABSOLUTE
  Relative segment, address: DATA 00000036 - 00000036 (0x1 bytes), align: 0
  Segment part 12. ROOT       Intra module refs:   InitSystem
           ENTRY                   ADDRESS         REF BY
           =====                   =======         ======
           _A_PINB                 00000036 
    -------------------------------------------------------------------------
ABSOLUTE
  Relative segment, address: DATA 00000037 - 00000037 (0x1 bytes), align: 0
  Segment part 13. ROOT       Intra module refs:   InitSystem
                                                   Init_IO
           ENTRY                   ADDRESS         REF BY
           =====                   =======         ======
           _A_DDRB                 00000037 
    -------------------------------------------------------------------------
ABSOLUTE
  Relative segment, address: DATA 0000003A - 0000003A (0x1 bytes), align: 0
  Segment part 15. ROOT       Intra module refs:   Init_IO
           ENTRY                   ADDRESS         REF BY
           =====                   =======         ======
           _A_DDRA                 0000003A 
    -------------------------------------------------------------------------
ABSOLUTE
  Relative segment, address: DATA 0000003B - 0000003B (0x1 bytes), align: 0
  Segment part 16. ROOT       Intra module refs:   Init_IO
           ENTRY                   ADDRESS         REF BY
           =====                   =======         ======
           _A_PORTA                0000003B 
    -------------------------------------------------------------------------
ABSOLUTE
  Relative segment, address: DATA 00000051 - 00000051 (0x1 bytes), align: 0
  Segment part 18. ROOT       Intra module refs:   InitSystem
           ENTRY                   ADDRESS         REF BY
           =====                   =======         ======
           _A_OCR0                 00000051 
    -------------------------------------------------------------------------
ABSOLUTE
  Relative segment, address: DATA 00000053 - 00000053 (0x1 bytes), align: 0
  Segment part 19. ROOT       Intra module refs:   InitSystem
           ENTRY                   ADDRESS         REF BY
           =====                   =======         ======
           _A_TCCR0                00000053 
    -------------------------------------------------------------------------
ABSOLUTE
  Relative segment, address: DATA 00000054 - 00000054 (0x1 bytes), align: 0
  Segment part 20. ROOT       Intra module refs:   Init_CPU
           ENTRY                   ADDRESS         REF BY
           =====                   =======         ======
           _A_MCUCSR               00000054 
    -------------------------------------------------------------------------
ABSOLUTE
  Relative segment, address: DATA 00000055 - 00000055 (0x1 bytes), align: 0
  Segment part 21. ROOT       Intra module refs:   Init_CPU
           ENTRY                   ADDRESS         REF BY
           =====                   =======         ======
           _A_MCUCR                00000055 
    -------------------------------------------------------------------------
ABSOLUTE
  Relative segment, address: DATA 00000059 - 00000059 (0x1 bytes), align: 0
  Segment part 22. ROOT       Intra module refs:   Init_CPU
           ENTRY                   ADDRESS         REF BY
           =====                   =======         ======
           _A_EIMSK                00000059 
    -------------------------------------------------------------------------
ABSOLUTE
  Relative segment, address: DATA 0000005A - 0000005A (0x1 bytes), align: 0
  Segment part 23. ROOT       Intra module refs:   Init_CPU
           ENTRY                   ADDRESS         REF BY
           =====                   =======         ======
           _A_EICRB                0000005A 
    -------------------------------------------------------------------------
ABSOLUTE
  Relative segment, address: DATA 0000005C - 0000005C (0x1 bytes), align: 0
  Segment part 24. ROOT       Intra module refs:   Init_CPU
           ENTRY                   ADDRESS         REF BY
           =====                   =======         ======
           _A_XDIV                 0000005C 
    -------------------------------------------------------------------------
ABSOLUTE
  Relative segment, address: DATA 0000005F - 0000005F (0x1 bytes), align: 0
  Segment part 25. ROOT       Intra module refs:   Init_CPU
           ENTRY                   ADDRESS         REF BY
           =====                   =======         ======
           _A_SREG                 0000005F 
    -------------------------------------------------------------------------
ABSOLUTE
  Relative segment, address: DATA 00000061 - 00000061 (0x1 bytes), align: 0
  Segment part 26. ROOT       Intra module refs:   Init_IO
           ENTRY                   ADDRESS         REF BY
           =====                   =======         ======
           _A_DDRF                 00000061 
    -------------------------------------------------------------------------
ABSOLUTE
  Relative segment, address: DATA 00000062 - 00000062 (0x1 bytes), align: 0
  Segment part 27. ROOT       Intra module refs:   Init_IO
           ENTRY                   ADDRESS         REF BY
           =====                   =======         ======
           _A_PORTF                00000062 
    -------------------------------------------------------------------------
ABSOLUTE
  Relative segment, address: DATA 00000064 - 00000064 (0x1 bytes), align: 0
  Segment part 28. ROOT       Intra module refs:   Init_IO
           ENTRY                   ADDRESS         REF BY
           =====                   =======         ======
           _A_DDRG                 00000064 
    -------------------------------------------------------------------------
ABSOLUTE
  Relative segment, address: DATA 0000006A - 0000006A (0x1 bytes), align: 0
  Segment part 30. ROOT       Intra module refs:   Init_CPU
           ENTRY                   ADDRESS         REF BY
           =====                   =======         ======
           _A_EICRA                0000006A 
    -------------------------------------------------------------------------
ABSOLUTE
  Relative segment, address: DATA 0000006C - 0000006C (0x1 bytes), align: 0
  Segment part 31. ROOT       Intra module refs:   Init_CPU
           ENTRY                   ADDRESS         REF BY
           =====                   =======         ======
           _A_XMCRB                0000006C 
    -------------------------------------------------------------------------
ABSOLUTE
  Relative segment, address: DATA 0000006D - 0000006D (0x1 bytes), align: 0
  Segment part 32. ROOT       Intra module refs:   Init_CPU
           ENTRY                   ADDRESS         REF BY
           =====                   =======         ======
           _A_XMCRA                0000006D 
    -------------------------------------------------------------------------
ABSOLUTE
  Relative segment, address: DATA 00000090 - 00000090 (0x1 bytes), align: 0
  Segment part 33. ROOT       Intra module refs:   Init_USART
           ENTRY                   ADDRESS         REF BY
           =====                   =======         ======
           _A_UBRR0H               00000090 
    -------------------------------------------------------------------------
ABSOLUTE
  Relative segment, address: DATA 00000095 - 00000095 (0x1 bytes), align: 0
  Segment part 34. ROOT       Intra module refs:   Init_USART
           ENTRY                   ADDRESS         REF BY
           =====                   =======         ======
           _A_UCSR0C               00000095 
    -------------------------------------------------------------------------
ABSOLUTE
  Relative segment, address: DATA 00000098 - 00000098 (0x1 bytes), align: 0
  Segment part 35. ROOT       Intra module refs:   Init_USART
           ENTRY                   ADDRESS         REF BY
           =====                   =======         ======
           _A_UBRR1H               00000098 
    -------------------------------------------------------------------------
ABSOLUTE
  Relative segment, address: DATA 00000099 - 00000099 (0x1 bytes), align: 0
  Segment part 36. ROOT       Intra module refs:   Init_USART
           ENTRY                   ADDRESS         REF BY
           =====                   =======         ======
           _A_UBRR1L               00000099 
    -------------------------------------------------------------------------
ABSOLUTE
  Relative segment, address: DATA 0000009A - 0000009A (0x1 bytes), align: 0
  Segment part 37. ROOT       Intra module refs:   Init_USART
                                                   IntHandler_TX_USART1 (UsartInt)
                                                   IntHandler_UDRE_USART1 (UsartInt)
                                                   TimoutUSART1 (UsartPro)
                                                   TimoutUSART1On (UsartPro)
           ENTRY                   ADDRESS         REF BY
           =====                   =======         ======
           _A_UCSR1B               0000009A 
    -------------------------------------------------------------------------
ABSOLUTE
  Relative segment, address: DATA 0000009B - 0000009B (0x1 bytes), align: 0
  Segment part 38. ROOT       Intra module refs:   Init_USART
                                                   IntHandler_RX_USART1 (UsartInt)
                                                   IntHandler_UDRE_USART1 (UsartInt)
           ENTRY                   ADDRESS         REF BY
           =====                   =======         ======
           _A_UCSR1A               0000009B 
    -------------------------------------------------------------------------
ABSOLUTE
  Relative segment, address: DATA 0000009D - 0000009D (0x1 bytes), align: 0
  Segment part 39. ROOT       Intra module refs:   Init_USART
           ENTRY                   ADDRESS         REF BY
           =====                   =======         ======
           _A_UCSR1C               0000009D 
    -------------------------------------------------------------------------
CODE
  Relative segment, address: CODE 00000C6C - 00000C89 (0x1e bytes), align: 1
  Segment part 47.            Intra module refs:   InitSystem
           ENTRY                   ADDRESS         REF BY
           =====                   =======         ======
           Init_AD                 00000C6C 
    -------------------------------------------------------------------------
CODE
  Relative segment, address: CODE 00000C8A - 00000D5D (0xd4 bytes), align: 1
  Segment part 48.            Intra module refs:   InitSystem
           ENTRY                   ADDRESS         REF BY
           =====                   =======         ======
           Init_USART              00000C8A 
               calls direct
    -------------------------------------------------------------------------
CODE
  Relative segment, address: CODE 00000D5E - 00000DE1 (0x84 bytes), align: 1
  Segment part 49.            Intra module refs:   InitSystem
           ENTRY                   ADDRESS         REF BY
           =====                   =======         ======
           Init_IO                 00000D5E 
    -------------------------------------------------------------------------
CODE
  Relative segment, address: CODE 00000DE2 - 00000E3D (0x5c bytes), align: 1
  Segment part 50.            Intra module refs:   InitSystem
           ENTRY                   ADDRESS         REF BY
           =====                   =======         ======
           Init_CPU                00000DE2 
    -------------------------------------------------------------------------
CODE
  Relative segment, address: CODE 00000E3E - 00000E8B (0x4e bytes), align: 1
  Segment part 51.
           ENTRY                   ADDRESS         REF BY
           =====                   =======         ======
           InitSystem              00000E3E        main (Main)
               calls direct

    *************************************************************************

  FILE NAME : D:\S2Prog\IO\ANZB\Release\Obj\Main.r90
  PROGRAM MODULE, NAME : Main

  SEGMENTS IN THE MODULE
  ======================
<FAR_F> 1 (was FAR_F)
  Relative segment, address: CODE 00005ABE - 00005BBD (0x100 bytes), align: 0
  Segment part 33.
           ENTRY                   ADDRESS         REF BY
           =====                   =======         ======
           crc                     00005ABE        CalcDSTxChecksum (UsartPro)
                                                   CalcDSTxChecksumUART16552 (RS485)
                                                   ReceivePacketUart (UsartPro)
                                                   ReceivePacketUart16552 (RS485)
    -------------------------------------------------------------------------
NEAR_Z
  Relative segment, address: DATA 000002E6 - 000003A1 (0xbc bytes), align: 0
  Segment part 12.            Intra module refs:   main
           ENTRY                   ADDRESS         REF BY
           =====                   =======         ======
           TCB_AD7715              00000350        AD7715 (AD7715)
                                                   BuildStackStatus (UsartPro)
                                                   IntHandler_INT0 (ExtInt)
           TCB_RS485Ctl            00000326        BuildStackStatus (UsartPro)
                                                   ExtRS485Rec (RS485)
           TCB_RS485Rec            0000033B        BuildStackStatus (UsartPro)
                                                   ReceivePacketUart16552 (RS485)
           TCB_USART0              000002E7        BuildStackStatus (UsartPro)
                                                   ReceivePacketUart (UsartPro)
           TCB_USART1              000002FC        BuildStackStatus (UsartPro)
                                                   ReceivePacketUart (UsartPro)
           TCB_WATCHDOG            00000311        BuildStackStatus (UsartPro)
           TimerUART0              0000037E        IntHandler_INT0 (ExtInt)
                                                   Uart_BuildTail16552 (RS485)
           TimerUART1              00000387        IntHandler_INT1 (ExtInt)
                                                   Uart_BuildTail16552 (RS485)
           TimerUSART0             0000036C        IntHandler_TX_USART0 (UsartInt)
                                                   TimoutUSART0 (UsartPro)
                                                   Uart_BuildTail (UsartPro)
           TimerUSART0On           00000390        TimoutUSART0On (UsartPro)
                                                   Uart_BuildTail (UsartPro)
           TimerUSART1             00000375        IntHandler_TX_USART1 (UsartInt)
                                                   TimoutUSART1 (UsartPro)
                                                   Uart_BuildTail (UsartPro)
           TimerUSART1On           00000399        TimoutUSART1On (UsartPro)
                                                   Uart_BuildTail (UsartPro)
           UARTSEND                00000365        ReceivePTOData (RS485)
                                                   ReceiveWHData (RS485)
                                                   Usart0Handler (UsartPro)
                                                   Usart1Handler (UsartPro)
           UnitID                  000002E6        BuildStackStatus (UsartPro)
                                                   BuildStatusData (UsartPro)
                                                   CheckActionUart (UsartPro)
                                                   GetEEPROMData (UsartPro)
                                                   InitSystem (init)
                                                   Init_CPU (init)
                                                   Init_IO (init)
                                                   IntHandler_INT0 (ExtInt)
                                                   IntHandler_INT1 (ExtInt)
                                                   ReceivePacketUart (UsartPro)
                                                   Uart_BuildHeader (UsartPro)
    -------------------------------------------------------------------------
NEAR_Z
  Relative segment, address: DATA 000003A2 - 000003A2 (0x1 bytes), align: 0
  Segment part 14.
           ENTRY                   ADDRESS         REF BY
           =====                   =======         ======
           RestartStatus           000003A2        BuildMData485 (UsartPro)
                                                   BuildMDataANA (UsartPro)
                                                   BuildStatusData (UsartPro)
                                                   Init_CPU (init)
    -------------------------------------------------------------------------
NEAR_Z
  Relative segment, address: DATA 000003A3 - 000003A3 (0x1 bytes), align: 0
  Segment part 15.
           ENTRY                   ADDRESS         REF BY
           =====                   =======         ======
           PortPair                000003A3        CheckActionUart16552 (RS485)
                                                   ExtRS485Ctl (RS485)
                                                   ExtRS485Rec (RS485)
                                                   ReceiveCData (RS485)
                                                   ReceiveCardEEPROMData (RS485)
                                                   ReceiveCardStatus (RS485)
                                                   ReceiveConfigData (RS485)
                                                   ReceivePTOData (RS485)
                                                   ReceiveRData (RS485)
                                                   ReceiveRadarData (RS485)
                                                   ReceiveWHData (RS485)
                                                   ReceiveWISData (RS485)
                                                   ReceiveWISStatus (RS485)
                                                   ReceiveWISXData (RS485)
    -------------------------------------------------------------------------
NEAR_Z
  Relative segment, address: DATA 000003A4 - 000003D7 (0x34 bytes), align: 0
  Segment part 16.
           ENTRY                   ADDRESS         REF BY
           =====                   =======         ======
           UART                    000003A4        BuildADEpromdata (UsartPro)
                                                   BuildADInt (UsartPro)
                                                   BuildANAFilter (UsartPro)
                                                   BuildANASetup (UsartPro)
                                                   BuildEEPROMData (UsartPro)
                                                   BuildMData485 (UsartPro)
                                                   BuildMDataANA (UsartPro)
                                                   BuildRData485 (UsartPro)
                                                   BuildRS4Setup (UsartPro)
                                                   BuildStackStatus (UsartPro)
                                                   BuildStatusData (UsartPro)
                                                   BuildWHdata (UsartPro)
                                                   CalcDSTxChecksum (UsartPro)
                                                   CheckActionUart (UsartPro)
                                                   GetADData (UsartPro)
                                                   GetANAFilter (UsartPro)
                                                   GetANASetup (UsartPro)
                                                   GetEEPROMData (UsartPro)
                                                   GetRS4Setup (UsartPro)
                                                   GoToSyncUART (UsartPro)
                                                   Init_USART (init)
                                                   IntHandler_RX_USART0 (UsartInt)
                                                   IntHandler_RX_USART1 (UsartInt)
                                                   IntHandler_UDRE_USART0 (UsartInt)
                                                   IntHandler_UDRE_USART1 (UsartInt)
                                                   ReceivePacketUart (UsartPro)
                                                   Uart_BuildHeader (UsartPro)
                                                   Uart_BuildTail (UsartPro)
                                                   UsartCheckPackage (UsartPro)
    -------------------------------------------------------------------------
NEAR_Z
  Relative segment, address: DATA 000003D8 - 0000040B (0x34 bytes), align: 0
  Segment part 17.
           ENTRY                   ADDRESS         REF BY
           =====                   =======         ======
           UART16552               000003D8        CalcDSTxChecksumUART16552 (RS485)
                                                   CheckActionUart16552 (RS485)
                                                   ExtRS485Ctl (RS485)
                                                   ExtRS485Rec (RS485)
                                                   GoToSyncUART16552 (RS485)
                                                   Init16552 (RS485)
                                                   IntHandler_INT0 (ExtInt)
                                                   IntHandler_INT1 (ExtInt)
                                                   ReceiveCData (RS485)
                                                   ReceiveCardEEPROMData (RS485)
                                                   ReceiveCardStatus (RS485)
                                                   ReceiveConfigData (RS485)
                                                   ReceivePTOData (RS485)
                                                   ReceivePacketUart16552 (RS485)
                                                   ReceiveRData (RS485)
                                                   ReceiveRadarData (RS485)
                                                   ReceiveWHData (RS485)
                                                   ReceiveWISData (RS485)
                                                   ReceiveWISStatus (RS485)
                                                   ReceiveWISXData (RS485)
                                                   Uart_BuildHeader16552 (RS485)
                                                   Uart_BuildReqC16552 (RS485)
                                                   Uart_BuildReqCardStatus (RS485)
                                                   Uart_BuildReqEEPROMData (RS485)
                                                   Uart_BuildReqM16552 (RS485)
                                                   Uart_BuildReqR16552 (RS485)
                                                   Uart_BuildReqRadarData (RS485)
                                                   Uart_BuildReqWISData (RS485)
                                                   Uart_BuildReqWISXData (RS485)
                                                   Uart_BuildTail16552 (RS485)
                                                   Usart16552CheckPackage (RS485)
    -------------------------------------------------------------------------
NEAR_Z
  Relative segment, address: DATA 0000040C - 0000041B (0x10 bytes), align: 0
  Segment part 18.
           ENTRY                   ADDRESS         REF BY
           =====                   =======         ======
           ADInt                   0000040C        BuildADInt (UsartPro)
                                                   Init_AD (init)
                                                   IntHandler_AD (adc)
    -------------------------------------------------------------------------
NEAR_Z
  Relative segment, address: DATA 0000041C - 00000A17 (0x5fc bytes), align: 0
  Segment part 19.
           ENTRY                   ADDRESS         REF BY
           =====                   =======         ======
           TData                   0000041C        AD7715 (AD7715)
                                                   BuildADEpromdata (UsartPro)
                                                   BuildANAFilter (UsartPro)
                                                   BuildANASetup (UsartPro)
                                                   BuildMData485 (UsartPro)
                                                   BuildMDataANA (UsartPro)
                                                   BuildRData485 (UsartPro)
                                                   BuildRS4Setup (UsartPro)
                                                   BuildWHdata (UsartPro)
                                                   CheckActionUart (UsartPro)
                                                   CheckActionUart16552 (RS485)
                                                   ExtRS485Ctl (RS485)
                                                   ExtRS485Rec (RS485)
                                                   GetADData (UsartPro)
                                                   GetANAFilter (UsartPro)
                                                   GetANASetup (UsartPro)
                                                   GetEEPROMData (UsartPro)
                                                   GetRS4Setup (UsartPro)
                                                   ReceiveCData (RS485)
                                                   ReceiveCardEEPROMData (RS485)
                                                   ReceiveCardStatus (RS485)
                                                   ReceiveConfigData (RS485)
                                                   ReceivePTOData (RS485)
                                                   ReceiveRData (RS485)
                                                   ReceiveRadarData (RS485)
                                                   ReceiveWHData (RS485)
                                                   ReceiveWISData (RS485)
                                                   ReceiveWISStatus (RS485)
                                                   ReceiveWISXData (RS485)
                                                   SetAnaPort (AD7715)
                                                   SetRS4Port (RS485)
                                                   Uart_BuildReqEEPROMData (RS485)
    -------------------------------------------------------------------------
NEAR_Z
  Relative segment, address: DATA 00000A18 - 00000B2A (0x113 bytes), align: 0
  Segment part 20.
           ENTRY                   ADDRESS         REF BY
           =====                   =======         ======
           TxBufferCh0             00000A18        Init_USART (init)
    -------------------------------------------------------------------------
NEAR_Z
  Relative segment, address: DATA 00000B2B - 00000BC0 (0x96 bytes), align: 0
  Segment part 21.
           ENTRY                   ADDRESS         REF BY
           =====                   =======         ======
           RxBufferCh0             00000B2B        Init_USART (init)
    -------------------------------------------------------------------------
NEAR_Z
  Relative segment, address: DATA 00000BC1 - 00000CD3 (0x113 bytes), align: 0
  Segment part 22.
           ENTRY                   ADDRESS         REF BY
           =====                   =======         ======
           TxBufferCh1             00000BC1        Init_USART (init)
    -------------------------------------------------------------------------
NEAR_Z
  Relative segment, address: DATA 00000CD4 - 00000D69 (0x96 bytes), align: 0
  Segment part 23.
           ENTRY                   ADDRESS         REF BY
           =====                   =======         ======
           RxBufferCh1             00000CD4        Init_USART (init)
    -------------------------------------------------------------------------
NEAR_Z
  Relative segment, address: DATA 00000D6A - 00000DA5 (0x3c bytes), align: 0
  Segment part 24.
           ENTRY                   ADDRESS         REF BY
           =====                   =======         ======
           TxBuf16552Ch0           00000D6A        Init16552 (RS485)
    -------------------------------------------------------------------------
NEAR_Z
  Relative segment, address: DATA 00000DA6 - 00000E1D (0x78 bytes), align: 0
  Segment part 25.
           ENTRY                   ADDRESS         REF BY
           =====                   =======         ======
           RxBuf16552Ch0           00000DA6        Init16552 (RS485)
    -------------------------------------------------------------------------
NEAR_Z
  Relative segment, address: DATA 00000E1E - 00000E59 (0x3c bytes), align: 0
  Segment part 26.
           ENTRY                   ADDRESS         REF BY
           =====                   =======         ======
           TxBuf16552Ch1           00000E1E        ExtRS485Ctl (RS485)
                                                   Init16552 (RS485)
    -------------------------------------------------------------------------
NEAR_Z
  Relative segment, address: DATA 00000E5A - 00000ED1 (0x78 bytes), align: 0
  Segment part 27.
           ENTRY                   ADDRESS         REF BY
           =====                   =======         ======
           RxBuf16552Ch1           00000E5A        ExtRS485Ctl (RS485)
                                                   Init16552 (RS485)
    -------------------------------------------------------------------------
NEAR_Z
  Relative segment, address: DATA 00000ED2 - 00000ED2 (0x1 bytes), align: 0
  Segment part 28.
           ENTRY                   ADDRESS         REF BY
           =====                   =======         ======
           ADChannel               00000ED2        Init_AD (init)
                                                   IntHandler_AD (adc)
    -------------------------------------------------------------------------
NEAR_Z
  Relative segment, address: DATA 00000ED3 - 00000ED3 (0x1 bytes), align: 0
  Segment part 29.
           ENTRY                   ADDRESS         REF BY
           =====                   =======         ======
           WriteCount              00000ED3        Init_CPU (init)
                                                   IntHandler_EEPROM (eeprom)
                                                   WriteEEPROMBuffer (eeprom)
    -------------------------------------------------------------------------
NEAR_Z
  Relative segment, address: DATA 00000ED4 - 00000ED5 (0x2 bytes), align: 0
  Segment part 30.
           ENTRY                   ADDRESS         REF BY
           =====                   =======         ======
           pWriteBuffer            00000ED4        IntHandler_EEPROM (eeprom)
                                                   WriteEEPROMBuffer (eeprom)
    -------------------------------------------------------------------------
NEAR_Z
  Relative segment, address: DATA 00000ED6 - 00000ED6 (0x1 bytes), align: 0
  Segment part 31.
           ENTRY                   ADDRESS         REF BY
           =====                   =======         ======
           EEPWriteOK              00000ED6        GetEEPROMData (UsartPro)
                                                   IntHandler_EEPROM (eeprom)
                                                   WriteEEPROMBuffer (eeprom)
    -------------------------------------------------------------------------
NEAR_Z
  Relative segment, address: DATA 00000ED7 - 00000ED7 (0x1 bytes), align: 0
  Segment part 32.
           ENTRY                   ADDRESS         REF BY
           =====                   =======         ======
           hostAddress             00000ED7        ReceivePacketUart (UsartPro)
    -------------------------------------------------------------------------
NEAR_Z
  Relative segment, address: DATA 00000ED8 - 00000F77 (0xa0 bytes), align: 0
  Segment part 34.            Intra module refs:   main
           ENTRY                   ADDRESS         REF BY
           =====                   =======         ======
           Stack0                  00000ED8 
    -------------------------------------------------------------------------
NEAR_Z
  Relative segment, address: DATA 00000F78 - 00001017 (0xa0 bytes), align: 0
  Segment part 35.            Intra module refs:   main
           ENTRY                   ADDRESS         REF BY
           =====                   =======         ======
           Stack1                  00000F78 
    -------------------------------------------------------------------------
NEAR_Z
  Relative segment, address: DATA 00001018 - 0000107B (0x64 bytes), align: 0
  Segment part 36.            Intra module refs:   main
           ENTRY                   ADDRESS         REF BY
           =====                   =======         ======
           Stack3                  00001018 
    -------------------------------------------------------------------------
NEAR_Z
  Relative segment, address: DATA 0000107C - 0000112D (0xb2 bytes), align: 0
  Segment part 37.            Intra module refs:   main
           ENTRY                   ADDRESS         REF BY
           =====                   =======         ======
           Stack10                 0000107C 
    -------------------------------------------------------------------------
NEAR_Z
  Relative segment, address: DATA 0000112E - 000011DF (0xb2 bytes), align: 0
  Segment part 38.            Intra module refs:   main
           ENTRY                   ADDRESS         REF BY
           =====                   =======         ======
           Stack11                 0000112E 
    -------------------------------------------------------------------------
CODE
  Relative segment, address: CODE 00000E8C - 00001041 (0x1b6 bytes), align: 1
  Segment part 39.
           ENTRY                   ADDRESS         REF BY
           =====                   =======         ======
           main                    00000E8C        ?cstartup_call_main (?C_STARTUP)
               calls direct
    -------------------------------------------------------------------------
NEAR_ID
  Relative segment, address: CODE 00005BCC - 00005C0C (0x41 bytes), align: 0
  Segment part 10.            Intra module refs:   Segment part 9
    -------------------------------------------------------------------------
INITTAB
  Relative segment, address: CODE 00005BBE - 00005BC4 (0x7 bytes), align: 0
  Segment part 11.            Intra module refs:   OS_DefStackCnt (OSCPU1)
                                                   Segment part 9
           ENTRY                   ADDRESS         REF BY
           =====                   =======         ======
           ?<Segment init: NEAR_I>
                                   00005BBE 
    -------------------------------------------------------------------------
INITTAB
  Relative segment, address: CODE 00005BC5 - 00005BCB (0x7 bytes), align: 0
  Segment part 13.            Intra module refs:   ADChannel
                                                   ADInt
                                                   EEPWriteOK
                                                   OS_Counters (OSGLOBAL)
                                                   OS_Dummy (OSDUMMY)
                                                   OS_IntMSInc (OSGLOBAL)
                                                   OS_Pending (OSGLOBAL)
                                                   OS_Status (OSGLOBAL)
                                                   OS_Time (OSGLOBAL)
                                                   OS_TimeDex (OSGLOBAL)
                                                   OS_TimeSlice (OSGLOBAL)
                                                   OS_TimeSliceAtStart (OSGLOBAL)
                                                   OS_pActiveTask (OSGLOBAL)
                                                   OS_pCurrentTask (OSGLOBAL)
                                                   OS_pCurrentTimer (OSGLOBAL)
                                                   OS_pRSema (OSGLOBAL)
                                                   OS_pTask (OSGLOBAL)
                                                   OS_pTimer (OSGLOBAL)
                                                   OS_pfOnTerminate (OSTERM)
                                                   PortPair
                                                   RestartStatus
                                                   RxBuf16552Ch0
                                                   RxBuf16552Ch1
                                                   RxBufferCh0
                                                   RxBufferCh1
                                                   Segment part 12
                                                   Stack0
                                                   Stack1
                                                   Stack10
                                                   Stack11
                                                   Stack3
                                                   TData
                                                   TxBuf16552Ch0
                                                   TxBuf16552Ch1
                                                   TxBufferCh0
                                                   TxBufferCh1
                                                   UART
                                                   UART16552
                                                   WriteCount
                                                   hostAddress
                                                   pWriteBuffer
           ENTRY                   ADDRESS         REF BY
           =====                   =======         ======
           ?<Segment init: NEAR_Z>
                                   00005BC5 
    -------------------------------------------------------------------------
NEAR_I
  Relative segment, address: DATA 000002A4 - 000002E4 (0x41 bytes), align: 0
  Segment part 9.             Intra module refs:   main

    *************************************************************************

  FILE NAME : D:\S2Prog\IO\ANZB\Release\Obj\Misc.r90
  PROGRAM MODULE, NAME : Misc

  SEGMENTS IN THE MODULE
  ======================
ABSOLUTE
  Relative segment, address: DATA 00000030 - 00000030 (0x1 bytes), align: 0
  Segment part 1. ROOT        Intra module refs:   MyAddress
           ENTRY                   ADDRESS         REF BY
           =====                   =======         ======
           _A_PIND                 00000030 
    -------------------------------------------------------------------------
CODE
  Relative segment, address: CODE 00001042 - 00001061 (0x20 bytes), align: 1
  Segment part 10.
           ENTRY                   ADDRESS         REF BY
           =====                   =======         ======
           WatchDogHandler         00001042        main (Main)
               calls direct
    -------------------------------------------------------------------------
CODE
  Relative segment, address: CODE 00001062 - 0000106D (0xc bytes), align: 1
  Segment part 11.
           ENTRY                   ADDRESS         REF BY
           =====                   =======         ======
           MyAddress               00001062        BuildStatusData (UsartPro)
                                                   ReceivePacketUart (UsartPro)
                                                   Uart_BuildHeader (UsartPro)
    -------------------------------------------------------------------------
CODE
  Relative segment, address: CODE 0000106E - 00001085 (0x18 bytes), align: 1
  Segment part 12.
           ENTRY                   ADDRESS         REF BY
           =====                   =======         ======
           IsFloat                 0000106E        AD7715 (AD7715)

    *************************************************************************

  FILE NAME : D:\S2Prog\IO\ANZB\Release\Obj\OS_Error.r90
  PROGRAM MODULE, NAME : OS_Error

  SEGMENTS IN THE MODULE
  ======================
CODE
  Relative segment, address: CODE 00001086 - 000010A5 (0x20 bytes), align: 1
  Segment part 8.
           ENTRY                   ADDRESS         REF BY
           =====                   =======         ======
           OS_Error                00001086        OS_ChangeTask (OSKERN)
                                                   OS_CreateRSema (OSRSEM)

    *************************************************************************

  FILE NAME : D:\S2Prog\IO\ANZB\Release\Obj\RS485.r90
  PROGRAM MODULE, NAME : RS485

  SEGMENTS IN THE MODULE
  ======================
CODE
  Relative segment, address: CODE 000010A6 - 000010B1 (0xc bytes), align: 1
  Segment part 10.
           ENTRY                   ADDRESS         REF BY
           =====                   =======         ======
           TimoutUART0             000010A6        main (Main)
    -------------------------------------------------------------------------
CODE
  Relative segment, address: CODE 000010B2 - 000010BD (0xc bytes), align: 1
  Segment part 11.
           ENTRY                   ADDRESS         REF BY
           =====                   =======         ======
           TimoutUART1             000010B2        main (Main)
    -------------------------------------------------------------------------
CODE
  Relative segment, address: CODE 000010BE - 000010DD (0x20 bytes), align: 1
  Segment part 12.            Intra module refs:   ReceivePacketUart16552
                                                   Uart_BuildTail16552
                                                   Usart16552CheckPackage
           ENTRY                   ADDRESS         REF BY
           =====                   =======         ======
           GoToSyncUART16552       000010BE        IntHandler_INT0 (ExtInt)
                                                   IntHandler_INT1 (ExtInt)
    -------------------------------------------------------------------------
CODE
  Relative segment, address: CODE 000010DE - 0000111B (0x3e bytes), align: 1
  Segment part 13.            Intra module refs:   Uart_BuildTail16552
           ENTRY                   ADDRESS         REF BY
           =====                   =======         ======
           CalcDSTxChecksumUART16552
                                   000010DE 
    -------------------------------------------------------------------------
CODE
  Relative segment, address: CODE 0000111C - 00001173 (0x58 bytes), align: 1
  Segment part 14.            Intra module refs:   Uart_BuildTail16552
           ENTRY                   ADDRESS         REF BY
           =====                   =======         ======
           Uart_BuildHeader16552   0000111C 
    -------------------------------------------------------------------------
CODE
  Relative segment, address: CODE 00001174 - 000012C5 (0x152 bytes), align: 1
  Segment part 15.            Intra module refs:   ExtRS485Ctl
           ENTRY                   ADDRESS         REF BY
           =====                   =======         ======
           Uart_BuildTail16552     00001174 
               calls direct
    -------------------------------------------------------------------------
CODE
  Relative segment, address: CODE 000012C6 - 000012E3 (0x1e bytes), align: 1
  Segment part 16.            Intra module refs:   ExtRS485Ctl
           ENTRY                   ADDRESS         REF BY
           =====                   =======         ======
           Uart_BuildReqM16552     000012C6 
    -------------------------------------------------------------------------
CODE
  Relative segment, address: CODE 000012E4 - 00001351 (0x6e bytes), align: 1
  Segment part 17.            Intra module refs:   ExtRS485Ctl
           ENTRY                   ADDRESS         REF BY
           =====                   =======         ======
           Uart_BuildReqEEPROMData
                                   000012E4 
    -------------------------------------------------------------------------
CODE
  Relative segment, address: CODE 00001352 - 0000136F (0x1e bytes), align: 1
  Segment part 18.            Intra module refs:   ExtRS485Ctl
           ENTRY                   ADDRESS         REF BY
           =====                   =======         ======
           Uart_BuildReqC16552     00001352 
    -------------------------------------------------------------------------
CODE
  Relative segment, address: CODE 00001370 - 0000138D (0x1e bytes), align: 1
  Segment part 19.            Intra module refs:   ExtRS485Ctl
           ENTRY                   ADDRESS         REF BY
           =====                   =======         ======
           Uart_BuildReqR16552     00001370 
    -------------------------------------------------------------------------
CODE
  Relative segment, address: CODE 0000138E - 000013AB (0x1e bytes), align: 1
  Segment part 20.            Intra module refs:   ExtRS485Ctl
           ENTRY                   ADDRESS         REF BY
           =====                   =======         ======
           Uart_BuildReqCardStatus
                                   0000138E 
    -------------------------------------------------------------------------
CODE
  Relative segment, address: CODE 000013AC - 000013C7 (0x1c bytes), align: 1
  Segment part 21.            Intra module refs:   ExtRS485Ctl
           ENTRY                   ADDRESS         REF BY
           =====                   =======         ======
           Uart_BuildReqRadarData
                                   000013AC 
    -------------------------------------------------------------------------
CODE
  Relative segment, address: CODE 000013C8 - 000013F9 (0x32 bytes), align: 1
  Segment part 22.            Intra module refs:   Uart_BuildReqC16552
                                                   Uart_BuildReqCardStatus
                                                   Uart_BuildReqM16552
                                                   Uart_BuildReqR16552
                                                   Uart_BuildReqRadarData
                                                   Uart_BuildReqWISData
    -------------------------------------------------------------------------
CODE
  Relative segment, address: CODE 000013FA - 00001409 (0x10 bytes), align: 1
  Segment part 23.            Intra module refs:   Segment part 22
    -------------------------------------------------------------------------
CODE
  Relative segment, address: CODE 0000140A - 00001427 (0x1e bytes), align: 1
  Segment part 24.            Intra module refs:   ExtRS485Ctl
           ENTRY                   ADDRESS         REF BY
           =====                   =======         ======
           Uart_BuildReqWISData    0000140A 
    -------------------------------------------------------------------------
CODE
  Relative segment, address: CODE 00001428 - 00001483 (0x5c bytes), align: 1
  Segment part 25.            Intra module refs:   ExtRS485Ctl
           ENTRY                   ADDRESS         REF BY
           =====                   =======         ======
           Uart_BuildReqWISXData   00001428 
    -------------------------------------------------------------------------
CODE
  Relative segment, address: CODE 00001484 - 00001571 (0xee bytes), align: 1
  Segment part 26.            Intra module refs:   ExtRS485Ctl
           ENTRY                   ADDRESS         REF BY
           =====                   =======         ======
           Init16552               00001484 
               calls direct
    -------------------------------------------------------------------------
CODE
  Relative segment, address: CODE 00001572 - 00001BC7 (0x656 bytes), align: 1
  Segment part 27.
           ENTRY                   ADDRESS         REF BY
           =====                   =======         ======
[...]
                                                   ?F_ZERO_L04
           LOCAL                   ADDRESS         
           =====                   =======         
           PX                      000056D8 
    -------------------------------------------------------------------------
CODE
  Relative segment, address: CODE 000056DE - 000056E5 (0x8 bytes), align: 1
  Segment part 18.            Intra module refs:   Segment part 20
                                                   Segment part 21
                                                   Segment part 28
                                                   Segment part 5
           ENTRY                   ADDRESS         REF BY
           =====                   =======         ======
           ?F_INFINITE_L04         000056DE 
    -------------------------------------------------------------------------
CODE
  Relative segment, address: CODE 000056E6 - 000056EB (0x6 bytes), align: 1
  Segment part 19.            Intra module refs:   Segment part 14
                                                   Segment part 20
                                                   Segment part 28
           ENTRY                   ADDRESS         REF BY
           =====                   =======         ======
           ?F_NAN_L04              000056E6 
    -------------------------------------------------------------------------
CODE
  Relative segment, address: CODE 000056EC - 00005733 (0x48 bytes), align: 1
  Segment part 20.            Intra module refs:   Segment part 21
    -------------------------------------------------------------------------
CODE
  Relative segment, address: CODE 00005734 - 00005809 (0xd6 bytes), align: 1
  Segment part 21.            Intra module refs:   Segment part 20
           ENTRY                   ADDRESS         REF BY
           =====                   =======         ======
           ?F_MUL_L04              00005734 
           ?F_MUL_S_L04            00005734        AD7715 (AD7715)
    -------------------------------------------------------------------------
CODE
  Relative segment, address: CODE 0000580A - 0000585B (0x52 bytes), align: 1
  Segment part 23.            Intra module refs:   Segment part 24
           ENTRY                   ADDRESS         REF BY
           =====                   =======         ======
           ?F_CMP_LT_L04           0000580A 
           ?F_CMP_LT_S_L04         0000580A        AD7715 (AD7715)
    -------------------------------------------------------------------------
CODE
  Relative segment, address: CODE 0000585C - 0000587F (0x24 bytes), align: 1
  Segment part 24.
           ENTRY                   ADDRESS         REF BY
           =====                   =======         ======
           ?F_CMP_GE_L04           0000585C 
           ?F_CMP_GE_S_L04         0000585C        AD7715 (AD7715)
    -------------------------------------------------------------------------
CODE
  Relative segment, address: CODE 00005880 - 000059BD (0x13e bytes), align: 1
  Segment part 28.
           ENTRY                   ADDRESS         REF BY
           =====                   =======         ======
           ?F_DIV_L04              000058E4 
           ?F_DIV_S_L04            000058E4        AD7715 (AD7715)
                                                   ReceiveWISData (RS485)

    -------------------------------------------------------------------------
  LIBRARY MODULE, NAME : ?xV_SWITCH_L06

  SEGMENTS IN THE MODULE
  ======================
CODE
  Relative segment, address: CODE 000059BE - 000059BF (0x2 bytes), align: 1
  Segment part 1.             Intra module refs:   ?SV_SWITCH_L06
           LOCAL                   ADDRESS         
           =====                   =======         
           GET_INFO_S              000059BE 
    -------------------------------------------------------------------------
CODE
  Relative segment, address: CODE 000059C0 - 000059CB (0xc bytes), align: 1
  Segment part 2.             Intra module refs:   GET_INFO_S
           LOCAL                   ADDRESS         
           =====                   =======         
           GET_INFO_C              000059C0 
    -------------------------------------------------------------------------
CODE
  Relative segment, address: CODE 000059CC - 000059D1 (0x6 bytes), align: 1
  Segment part 4.
           ENTRY                   ADDRESS         REF BY
           =====                   =======         ======
           ?SV_SWITCH_L06          000059CC        CheckActionUart (UsartPro)
    -------------------------------------------------------------------------
CODE
  Relative segment, address: CODE 000059D2 - 000059D7 (0x6 bytes), align: 1
  Segment part 5.             Intra module refs:   ?SV_SWITCH_L06
           LOCAL                   ADDRESS         
           =====                   =======         
           P_0_S                   000059D2 
    -------------------------------------------------------------------------
CODE
  Relative segment, address: CODE 000059D8 - 00005A43 (0x6c bytes), align: 1
  Segment part 7.             Intra module refs:   P_0_S
           LOCAL                   ADDRESS         
           =====                   =======         
           CHECK_LOW_LIMIT         000059D8 

    -------------------------------------------------------------------------
  LIBRARY MODULE, NAME : ?REGISTER_CGREGR4_L10

  SEGMENTS IN THE MODULE
  ======================
CODE
  Relative segment, address: CODE 00005A44, align: 1
  Segment part 0.
           ENTRY                   ADDRESS         REF BY
           =====                   =======         ======
           ?Register_R4_is_cg_reg
                                   00005A44        AD7715 (AD7715)
                                                   BuildEEPROMData (UsartPro)
                                                   BuildMDataANA (UsartPro)
                                                   BuildRData485 (UsartPro)
                                                   BuildStatusData (UsartPro)
                                                   BuildWHdata (UsartPro)
                                                   CheckActionUart (UsartPro)
                                                   ExtRS485Ctl (RS485)
                                                   GetEEPROMData (UsartPro)
                                                   OS_CreateTask_S (OSKERN)
                                                   OS_CreateTimer (OSTIME)
                                                   OS_StartTimer (OSTIME)
                                                   OS_WaitEventTimed (OSEVENT)
                                                   ReceiveCData (RS485)
                                                   ReceivePTOData (RS485)
                                                   ReceiveRData (RS485)
                                                   ReceiveWHData (RS485)
                                                   Usart16552CheckPackage (RS485)
                                                   UsartCheckPackage (UsartPro)

    -------------------------------------------------------------------------
  LIBRARY MODULE, NAME : ?REGISTER_CGREGR5_L10

  SEGMENTS IN THE MODULE
  ======================
CODE
  Relative segment, address: CODE 00005A44, align: 1
  Segment part 0.
           ENTRY                   ADDRESS         REF BY
           =====                   =======         ======
           ?Register_R5_is_cg_reg
                                   00005A44        AD7715 (AD7715)
                                                   BuildEEPROMData (UsartPro)
                                                   BuildMDataANA (UsartPro)
                                                   BuildRData485 (UsartPro)
                                                   BuildStatusData (UsartPro)
                                                   BuildWHdata (UsartPro)
                                                   CheckActionUart (UsartPro)
                                                   ExtRS485Ctl (RS485)
                                                   GetEEPROMData (UsartPro)
                                                   OS_CreateTask_S (OSKERN)
                                                   OS_CreateTimer (OSTIME)
                                                   OS_StartTimer (OSTIME)
                                                   ReceiveCData (RS485)
                                                   ReceivePTOData (RS485)
                                                   ReceiveRData (RS485)
                                                   ReceiveWHData (RS485)
                                                   Usart16552CheckPackage (RS485)

    -------------------------------------------------------------------------
  LIBRARY MODULE, NAME : ?REGISTER_CGREGR6_L10

  SEGMENTS IN THE MODULE
  ======================
CODE
  Relative segment, address: CODE 00005A44, align: 1
  Segment part 0.
           ENTRY                   ADDRESS         REF BY
           =====                   =======         ======
           ?Register_R6_is_cg_reg
                                   00005A44        AD7715 (AD7715)
                                                   BuildWHdata (UsartPro)
                                                   CheckActionUart (UsartPro)
                                                   ExtRS485Ctl (RS485)
                                                   OS_CreateTask_S (OSKERN)
                                                   OS_StartTimer (OSTIME)
                                                   ReceiveCData (RS485)
                                                   ReceivePTOData (RS485)
                                                   ReceiveRData (RS485)
                                                   Usart16552CheckPackage (RS485)

    -------------------------------------------------------------------------
  LIBRARY MODULE, NAME : ?REGISTER_CGREGR7_L10

  SEGMENTS IN THE MODULE
  ======================
CODE
  Relative segment, address: CODE 00005A44, align: 1
  Segment part 0.
           ENTRY                   ADDRESS         REF BY
           =====                   =======         ======
           ?Register_R7_is_cg_reg
                                   00005A44        AD7715 (AD7715)
                                                   BuildWHdata (UsartPro)
                                                   CheckActionUart (UsartPro)
                                                   ExtRS485Ctl (RS485)
                                                   OS_CreateTask_S (OSKERN)
                                                   OS_StartTimer (OSTIME)
                                                   ReceiveCData (RS485)
                                                   ReceiveRData (RS485)

    -------------------------------------------------------------------------
  LIBRARY MODULE, NAME : ?REGISTER_CGREGR8_L10

  SEGMENTS IN THE MODULE
  ======================
CODE
  Relative segment, address: CODE 00005A44, align: 1
  Segment part 0.
           ENTRY                   ADDRESS         REF BY
           =====                   =======         ======
           ?Register_R8_is_cg_reg
                                   00005A44        BuildWHdata (UsartPro)
                                                   CheckActionUart (UsartPro)
                                                   ExtRS485Ctl (RS485)
                                                   GetEEPROMData (UsartPro)
                                                   OS_CreateTask_S (OSKERN)

    -------------------------------------------------------------------------
  LIBRARY MODULE, NAME : ?REGISTER_CGREGR9_L10

  SEGMENTS IN THE MODULE
  ======================
CODE
  Relative segment, address: CODE 00005A44, align: 1
  Segment part 0.
           ENTRY                   ADDRESS         REF BY
           =====                   =======         ======
           ?Register_R9_is_cg_reg
                                   00005A44        CheckActionUart (UsartPro)
                                                   ExtRS485Ctl (RS485)
                                                   GetEEPROMData (UsartPro)
                                                   OS_CreateTask_S (OSKERN)

    -------------------------------------------------------------------------
  LIBRARY MODULE, NAME : ?REGISTER_CGREGR10_L10

  SEGMENTS IN THE MODULE
  ======================
CODE
  Relative segment, address: CODE 00005A44, align: 1
  Segment part 0.
           ENTRY                   ADDRESS         REF BY
           =====                   =======         ======
           ?Register_R10_is_cg_reg
                                   00005A44        OS_CreateTask_S (OSKERN)

    -------------------------------------------------------------------------
  LIBRARY MODULE, NAME : ?REGISTER_CGREGR11_L10

  SEGMENTS IN THE MODULE
  ======================
CODE
  Relative segment, address: CODE 00005A44, align: 1
  Segment part 0.
           ENTRY                   ADDRESS         REF BY
           =====                   =======         ======
           ?Register_R11_is_cg_reg
                                   00005A44        ExtRS485Ctl (RS485)
                                                   OS_CreateTask_S (OSKERN)

    -------------------------------------------------------------------------
  LIBRARY MODULE, NAME : ?REGISTER_CGREGR12_L10

  SEGMENTS IN THE MODULE
  ======================
CODE
  Relative segment, address: CODE 00005A44, align: 1
  Segment part 0.
           ENTRY                   ADDRESS         REF BY
           =====                   =======         ======
           ?Register_R12_is_cg_reg
                                   00005A44        AD7715 (AD7715)
                                                   ExtRS485Ctl (RS485)
                                                   OS_CreateTask_S (OSKERN)

    -------------------------------------------------------------------------
  LIBRARY MODULE, NAME : ?REGISTER_CGREGR14_L10

  SEGMENTS IN THE MODULE
  ======================
CODE
  Relative segment, address: CODE 00005A44, align: 1
  Segment part 0.
           ENTRY                   ADDRESS         REF BY
           =====                   =======         ======
           ?Register_R14_is_cg_reg
                                   00005A44        ExtRS485Ctl (RS485)

    -------------------------------------------------------------------------
  LIBRARY MODULE, NAME : ?low_level_init

  SEGMENTS IN THE MODULE
  ======================
CODE
  Relative segment, address: CODE 00005A44 - 00005A47 (0x4 bytes), align: 1
  Segment part 3.
           ENTRY                   ADDRESS         REF BY
           =====                   =======         ======
           __low_level_init        00005A44        ?call_low_level_init (?C_STARTUP)

    -------------------------------------------------------------------------
  LIBRARY MODULE, NAME : ?segment_init

  SEGMENTS IN THE MODULE
  ======================
CODE
  Relative segment, address: CODE 00005A48 - 00005A53 (0xc bytes), align: 1
  Segment part 3.             Intra module refs:   __segment_init
           LOCAL                   ADDRESS         
           =====                   =======         
           __memclr                00005A48 
    -------------------------------------------------------------------------
CODE
  Relative segment, address: CODE 00005A54 - 00005A67 (0x14 bytes), align: 1
  Segment part 4.             Intra module refs:   __segment_init
           LOCAL                   ADDRESS         
           =====                   =======         
           __flashcpy              00005A54 
    -------------------------------------------------------------------------
CODE
  Relative segment, address: CODE 00005A68 - 00005ABD (0x56 bytes), align: 1
  Segment part 5.
           ENTRY                   ADDRESS         REF BY
           =====                   =======         ======
           __segment_init          00005A68        ?need_segment_init (?C_STARTUP)
               calls direct

    *************************************************************************

  DEFINED ABSOLUTE ENTRIES
  PROGRAM MODULE, NAME : ?FILLER_BYTES

  SEGMENTS IN THE MODULE
  ======================
INTVEC
  Common segment, address: CODE 00000000 - 00000083 (0x84 bytes), align: 0
  Segment part 1.
    -------------------------------------------------------------------------
?FILL1
  Relative segment, address: CODE 00000084 - 000000E3 (0x60 bytes), align: 0
  Segment part 0.




                ****************************************
                *                                      *
                *      SEGMENTS IN ADDRESS ORDER       *
                *                                      *
                ****************************************


SEGMENT              SPACE    START ADDRESS   END ADDRESS     SIZE  TYPE  ALIGN
=======              =====    =============   ===========     ====  ====  =====
INTVEC               CODE          00000000 - 00000083          84   com    1
?FILL1               CODE          00000084 - 000000E3          60   rel    0
SWITCH               CODE          000000E4 - 0000011B          38   rel    1
CODE                 CODE          0000011C - 00005ABD        59A2   rel    1
<FAR_F> 1            CODE          00005ABE - 00005BBD         100   rel    0
INITTAB              CODE          00005BBE - 00005BCB           E   rel    0
NEAR_ID              CODE          00005BCC - 00005C0D          42   rel    0
ABSOLUTE             DATA               0000001F                     rel    0
                     DATA               00000020                   
                     DATA               00000021                   
                     DATA               00000022                   
                     DATA          00000029 - 0000002C           4 
                     DATA          00000030 - 00000032           3 
                     DATA          00000034 - 00000038           5 
                     DATA          0000003A - 0000003F           6 
                     DATA          00000041 - 00000041           1 
                     DATA          0000004A - 0000004F           6 
                     DATA          00000051 - 00000051           1 
                     DATA          00000053 - 00000057           5 
                     DATA          00000059 - 0000005A           2 
                     DATA          0000005C - 0000005C           1 
                     DATA          0000005F - 0000005F           1 
                     DATA          00000061 - 00000065           5 
                     DATA          0000006A - 0000006A           1 
                     DATA          0000006C - 0000006D           2 
                     DATA               00000074                   
                     DATA          00000090 - 00000090           1 
                     DATA          00000095 - 00000095           1 
                     DATA          00000098 - 0000009D           6 
CSTACK               DATA          00000200 - 00000263          64   rel    1
RSTACK               DATA          00000264 - 000002A3          40   rel    1
NEAR_I               DATA          000002A4 - 000002E5          42   rel    0
NEAR_Z               DATA          000002E6 - 000011FC         F17   rel    1

                ****************************************
                *                                      *
                *        END OF CROSS REFERENCE        *
                *                                      *
                ****************************************

 23 470 bytes of CODE memory (+             96 range fill )
  4 093 bytes of DATA memory (+ 57 absolute )

Errors: none
Warnings: none

