###############################################################################
#
# IAR C/C++ Compiler V8.10.1.1784/W64 for Microchip AVR   26/Apr/2023  10:28:46
# Copyright 1996-2023 IAR Systems AB.
# Mobile license - IAR Embedded Workbench for Microchip AVR 8.10
#
#    Source file           =  D:\S2Prog\IO\ANZB_Bootloader-1280\Src\main.c
#    Command line          =
#        -f "D:\S2Prog\IO\ANZB_Bootloader-1280\Debug\Obj\Common
#        sources\main.r90.rsp" (D:\S2Prog\IO\ANZB_Bootloader-1280\Src\main.c
#        --cpu=m1280 -ms -o "D:\S2Prog\IO\ANZB_Bootloader-1280\Debug\Obj\Common
#        sources" -D SPEED=38400 -D PORT0 -D __ATMEGA_1280__ -lCN
#        "D:\S2Prog\IO\ANZB_Bootloader-1280\Debug\List\Common sources" -y
#        --initializers_in_flash --no_cse --no_inline --no_code_motion
#        --no_cross_call --no_clustering --no_tbaa --debug
#        -DENABLE_BIT_DEFINITIONS -e -I D:\S2Prog\IO\ANZB_Bootloader-1280\INC\
#        -I D:\S2Prog\IO\ANZB_Bootloader-1280\..\..\SHARED\INC\ --eeprom_size
#        4096 --clib -On) --dependencies=n
#        "D:\S2Prog\IO\ANZB_Bootloader-1280\Debug\Obj\Common
#        sources\main.r90.iar_deps"
#    Locale                =  C
#    List file             =
#        D:\S2Prog\IO\ANZB_Bootloader-1280\Debug\List\Common sources\main.lst
#    Object file           =
#        D:\S2Prog\IO\ANZB_Bootloader-1280\Debug\Obj\Common sources\main.r90
#    Runtime model:           
#      __64bit_doubles     =  disabled
#      __SystemLibrary     =  CLib
#      __architecture      =  *
#      __cpu               =  3
#      __cpu_name          =  ATmega1280
#      __dlib_version      =  clib
#      __enhanced_core     =  enabled
#      __enhanced_core_mul =  enabled
#      __has_elpm          =  true
#      __memory_model      =  2
#      __mex               =  disabled
#      __no_rampd          =  enabled
#      __rt_version        =  3
#      __vtable_memory     =  __nearflash
#
###############################################################################

D:\S2Prog\IO\ANZB_Bootloader-1280\Src\main.c
      1          #ifdef __ATMEGA_1280__
      2          #include	"iom1280.h"

   \                                 In  segment ABSOLUTE, at 0xc6
   \   __no_init union <unnamed>#133 volatile __io _A_UDR0
   \                     _A_UDR0:
   \   00000000                      DS8 1

   \                                 In  segment ABSOLUTE, at 0x60
   \   __no_init union <unnamed>#383 volatile __io _A_WDTCSR
   \                     _A_WDTCSR:
   \   00000000                      DS8 1

   \                                 In  segment ABSOLUTE, at 0x54
   \   __no_init union <unnamed>#404 volatile __io _A_MCUSR
   \                     _A_MCUSR:
   \   00000000                      DS8 1

   \                                 In  segment ABSOLUTE, at 0x41
   \   __no_init union <unnamed>#450 volatile __io _A_EEAR
   \                     _A_EEAR:
   \   00000000                      DS8 2

   \                                 In  segment ABSOLUTE, at 0x40
   \   __no_init union <unnamed>#456 volatile __io _A_EEDR
   \                     _A_EEDR:
   \   00000000                      DS8 1

   \                                 In  segment ABSOLUTE, at 0x3f
   \   __no_init union <unnamed>#459 volatile __io _A_EECR
   \                     _A_EECR:
   \   00000000                      DS8 1
      3          #endif
      4          
      5          #ifdef __ATMEGA_1281__
      6          #include	"iom1281.h"
      7          #endif
      8          
      9          /*****************************************************************************
     10          *
     11          * Copyright (C) 2004 Scanjet Ariston AS
     12          *
     13          * File          : main.c
     14          * Compiler      : IAR EWAAVR 2.28a
     15          * Output size   : 
     16          * Created       : 8-oct-03
     17          *              
     18          ****************************************************************************/
     19          #include "stdio.h"
     20          #include "math.h"
     21          #include "defines.h"
     22          #include "assembly.h"
     23          #include "variables.h"

   \                                 In  segment NEAR_Z, align 1, keep-with-next
   \   00000000                      REQUIRE `?<Segment init: NEAR_Z>`
   \   void (*__near AppStart)(void)
   \                     AppStart:
   \   00000000                      DS8 2

   \                                 In  segment NEAR_Z, align 1, keep-with-next
   \   00000000                      REQUIRE `?<Segment init: NEAR_Z>`
   \   char UnitID
   \                     UnitID:
   \   00000000                      DS8 1

   \                                 In  segment NEAR_Z, align 1, keep-with-next
   \   00000000                      REQUIRE `?<Segment init: NEAR_Z>`
   \   char ResetStatus
   \                     ResetStatus:
   \   00000000                      DS8 1

   \                                 In  segment NEAR_Z, align 1, keep-with-next
   \   00000000                      REQUIRE `?<Segment init: NEAR_Z>`
   \   UARTDataType myUART
   \                     myUART:
   \   00000000                      DS8 25

   \                                 In  segment NEAR_Z, align 1, keep-with-next
   \   00000000                      REQUIRE `?<Segment init: NEAR_Z>`
   \   char hostAddress
   \                     hostAddress:
   \   00000000                      DS8 1

   \                                 In  segment FAR_F, align 1, keep-with-next
   \   char const __farflash crc[256]
   \                     crc:
   \   00000000   5E00E2BC3F61       DC8 0, 94, 188, 226, 97, 63, 221, 131, 194, 156, 126, 32, 163, 253, 31
   \              83DD9CC2207E
   \              FDA31F
   \   0000000F   9D4121C3FC7F       DC8 65, 157, 195, 33, 127, 252, 162, 64, 30, 95, 1, 227, 189, 62, 96
   \              40A25F1EE301
   \              3EBD60
   \   0000001E   DC827D23C19F       DC8 130, 220, 35, 125, 159, 193, 66, 28, 254, 160, 225, 191, 93, 3, 128
   \              1C42A0FEBFE1
   \              035D80
   \   0000002D   3CDEBE6202E0       DC8 222, 60, 98, 190, 224, 2, 92, 223, 129, 99, 61, 124, 34, 192, 158
   \              DF5C63817C3D
   \              C0229E
   \   0000003C   431DFFA11846       DC8 29, 67, 161, 255, 70, 24, 250, 164, 39, 121, 155, 197, 132, 218, 56
   \              A4FA7927C59B
   \              DA8438
   \   0000004B   E56659BBDB07       DC8 102, 229, 187, 89, 7, 219, 133, 103, 57, 186, 228, 6, 88, 25, 71
   \              6785BA3906E4
   \              195847
   \   0000005A   FBA526789AC4       DC8 165, 251, 120, 38, 196, 154, 101, 59, 217, 135, 4, 90, 184, 230
   \              3B6587D95A04
   \              E6B8
   \   00000068   F9A7451B98C6       DC8 167, 249, 27, 69, 198, 152, 122, 36, 248, 166, 68, 26, 153, 199, 37
   \              247AA6F81A44
   \              C79925
   \   00000077   3A7B86645BD8       DC8 123, 58, 100, 134, 216, 91, 5, 231, 185, 140, 210, 48, 110, 237
   \              E7058CB930D2
   \              ED6E
   \   00000085   51B34E0FF210       DC8 179, 81, 15, 78, 16, 242, 172, 47, 113, 147, 205, 17, 79, 173, 243
   \              2FAC937111CD
   \              AD4FF3
   \   00000094   2E7092CC8DD3       DC8 112, 46, 204, 146, 211, 141, 111, 49, 178, 236, 14, 80, 175, 241
   \              316FECB2500E
   \              F1AF
   \   000000A2   4D1390CE2C72       DC8 19, 77, 206, 144, 114, 44, 109, 51, 209, 143, 12, 82, 176, 238, 50
   \              336D8FD1520C
   \              EEB032
   \   000000B1   8E6C53D0EF0D       DC8 108, 142, 208, 83, 13, 239, 177, 240, 174, 76, 18, 145, 207, 45
   \              F0B14CAE9112
   \              2DCF
   \   000000BF   CA737694AB28       DC8 115, 202, 148, 118, 40, 171, 245, 23, 73, 8, 86, 180, 234, 105, 55
   \              17F50849B456
   \              69EA37
   \   000000CE   8BD50957B5EB       DC8 213, 139, 87, 9, 235, 181, 54, 104, 138, 212, 149, 203, 41, 119
   \              6836D48ACB95
   \              7729
   \   000000DC   AAF41648B7E9       DC8 244, 170, 72, 22, 233, 183, 85, 11, 136, 214, 52, 106, 43, 117, 151
   \              0B55D6886A34
   \              752B97
   \   000000EB   4AC9F61474A8       DC8 201, 74, 20, 246, 168, 116, 42, 200, 150, 21, 75, 169, 247, 182
   \              C82A1596A94B
   \              B6F7
   \   000000F9   0AE8D7546B89       DC8 232, 10, 84, 215, 137, 107, 53
   \              35
     24          #include <intrinsics.h>
     25          
     26          extern char MyAddress(void);
     27          

   \                                 In  segment CODE, align 2, keep-with-next
     28          __C_task void main(void){
   \                     main:
     29              //
     30              // watchdog off
     31              // if we don't do this, watchdog keeps
     32              // reseting the system in case of
     33              // intentional reset by app
     34              //
     35          
     36              /*
     37              asm("WDR");
     38              char status = MCUSR;
     39              MCUSR &= ~(1<<WDRF);
     40              WDTCSR = 0x00;
     41              (void)status;
     42              */
     43              __disable_interrupt();
   \   00000000   94F8               CLI
     44              __watchdog_reset();
   \   00000002   95A8               WDR
     45              /* Clear WDRF in MCUSR */
     46              MCUSR &= ~(1<<WDRF);
   \   00000004   B704               IN      R16, 0x34
   \   00000006   7F07               ANDI    R16, 0xF7
   \   00000008   BF04               OUT     0x34, R16
     47              /* Write logical one to WDCE and WDE */
     48              /* Keep old prescaler setting to prevent unintentional time-out
     49              */
     50              WDTCSR |= (1<<WDCE) | (1<<WDE);
   \   0000000A   91000060           LDS     R16, 96
   \   0000000E   6108               ORI     R16, 0x18
   \   00000010   93000060           STS     96, R16
     51              /* Turn off WDT */
     52              WDTCSR = 0x00;
   \   00000014   E000               LDI     R16, 0
   \   00000016   93000060           STS     96, R16
     53              __enable_interrupt();
   \   0000001A   9478               SEI
     54          
     55              while ( (EECR & 1<<EEPE) != 0 ) //chech if EEPROM is ready
   \                     ??main_0:
   \   0000001C   99F9               SBIC    0x1F, 0x01
   \   0000001E   CFFE               RJMP    ??main_0
     56                  ;
     57              EEARL = (0x0fff & 0xff);                // check high byte of eeprom 
   \   00000020   EF0F               LDI     R16, 255
   \   00000022   BD01               OUT     0x21, R16
     58              EEARH = (0x0fff >> 8);                  // if date = 0xaa enter uploader mode
   \   00000024   E00F               LDI     R16, 15
   \   00000026   BD02               OUT     0x22, R16
     59              EECR |= (1<<EERE);                      // else jump to program
   \   00000028   9AF8               SBI     0x1F, 0x00
     60              if ( EEDR != 0xaa || MyAddress() == 0xF) {
   \   0000002A   B500               IN      R16, 0x20
   \   0000002C   3A0A               CPI     R16, 170
   \   0000002E   F421               BRNE    ??main_1
   \   00000030   ........           CALL    MyAddress
   \   00000034   300F               CPI     R16, 15
   \   00000036   F489               BRNE    ??main_2
     61                  EEDR = 0;
   \                     ??main_1:
   \   00000038   E000               LDI     R16, 0
   \   0000003A   BD00               OUT     0x20, R16
     62                  InitSystem();                       // Init the system
   \   0000003C   ........           CALL    InitSystem
     63          
     64                  GoToSyncUART() ;                   // go to sync modus for recive
   \   00000040   ........           CALL    GoToSyncUART
     65                  UART_DATA_REG0 ;                    // read dummy byte
   \   00000044   910000C6           LDS     R16, 198
     66                  for(;;) {                           // suuuuuuperloooop here!!
     67                      recchar();
   \                     ??main_3:
   \   00000048   ........           CALL    recchar
     68                       if(myUART.RxState == HANDLE){ // Package OK
   \   0000004C   9100....           LDS     R16, (myUART + 16)
   \   00000050   300A               CPI     R16, 10
   \   00000052   F7D1               BRNE    ??main_3
     69                           UsartCheckPackage();
   \   00000054   ........           CALL    UsartCheckPackage
   \   00000058   CFF7               RJMP    ??main_3
     70                       }
     71                  }                            
     72              } else {
     73                  AppStart();        					// Jump to Reset vector 0x0000 in Application Section
   \                     ??main_2:
   \   0000005A   ....               LDI     R26, LOW(AppStart)
   \   0000005C   ....               LDI     R27, (AppStart) >> 8
   \   0000005E   91ED               LD      R30, X+
   \   00000060   91FC               LD      R31, X
   \   00000062   9711               SBIW    R27:R26, 1
   \   00000064   9509               ICALL
     74              }
     75          }
   \   00000066   9508               RET
   \   00000068                      REQUIRE _A_MCUSR
   \   00000068                      REQUIRE _A_WDTCSR
   \   00000068                      REQUIRE _A_EECR
   \   00000068                      REQUIRE _A_EEAR
   \   00000068                      REQUIRE _A_EEDR
   \   00000068                      REQUIRE _A_UDR0
     76          
     77          
     78          

   Maximum stack usage in bytes:

   RSTACK Function
   ------ --------
      2   main
        2   -- Indirect call
        2   -> GoToSyncUART
        2   -> InitSystem
        2   -> MyAddress
        2   -> UsartCheckPackage
        2   -> recchar


   Segment part sizes:

   Bytes  Function/Label
   -----  --------------
       2  AppStart
       1  ResetStatus
       1  UnitID
       2  _A_EEAR
       1  _A_EECR
       1  _A_EEDR
       1  _A_MCUSR
       1  _A_UDR0
       1  _A_WDTCSR
     256  crc
       1  hostAddress
     104  main
      25  myUART
       7  -- Other

 
   7 bytes in segment ABSOLUTE
 104 bytes in segment CODE
 256 bytes in segment FAR_F
   7 bytes in segment INITTAB
  30 bytes in segment NEAR_Z
 
 360 bytes of CODE memory (+ 7 bytes shared)
  30 bytes of DATA memory (+ 7 bytes shared)

Errors: none
Warnings: none
