Error[e46]: Undefined external "OS_EnterInterrupt" referred in ExtInt ( D:\S2Prog\IO\New ANSGCNV\Debug\Obj\ExtInt.r90 )
Error[e46]: Undefined external "OS_LeaveInterruptNoSwitch" referred in ExtInt ( D:\S2Prog\IO\New ANSGCNV\Debug\Obj\ExtInt.r90 )
################################################################################
#                                                                              #
#      IAR Universal Linker V6.6.1.103                                         #
#                                                                              #
#           Link time     =  10/Aug/2021  12:37:45                             #
#           Target CPU    =  A90                                               #
#           List file     =  "D:\S2Prog\IO\New ANSGCNV\Debug\List\ANZB5.map"   #
#           Output file 1 =  "D:\S2Prog\IO\New ANSGCNV\Debug\Exe\ANZB5.d90"    #
#                            Format: ubrof10                                   #
#                            UBROF version 10.0.6                              #
#                            Using library modules for C-SPY (-r)              #
#           Command line  =  -f C:\Users\ESY\AppData\Local\Temp\EW2491.tmp     #
#                            ("D:\S2Prog\IO\New ANSGCNV\Debug\Obj\AD7715.r90"  #
#                            "D:\S2Prog\IO\New ANSGCNV\Debug\Obj\eeprom.r90"   #
#                            "D:\S2Prog\IO\New ANSGCNV\Debug\Obj\ExtInt.r90"   #
#                            "D:\S2Prog\IO\New ANSGCNV\Debug\Obj\init.r90"     #
#                            "D:\S2Prog\IO\New ANSGCNV\Debug\Obj\Main.r90"     #
#                            "D:\S2Prog\IO\New ANSGCNV\Debug\Obj\Misc.r90"     #
#                            "D:\S2Prog\IO\New ANSGCNV\Debug\Obj\OS_Error.r90" #
#                            "D:\S2Prog\IO\New ANSGCNV\Debug\Obj\RS485.r90"    #
#                            "D:\S2Prog\IO\New ANSGCNV\Lib\rtos3S_R.r90"       #
#                            "D:\S2Prog\IO\New ANSGCNV\Debug\Obj\rtosinit.r90" #
#                            "D:\S2Prog\IO\New ANSGCNV\Debug\Obj\UsartInt.r90" #
#                            "D:\S2Prog\IO\New ANSGCNV\Debug\Obj\UsartPro.r90" #
#                            -o                                                #
#                            "D:\S2Prog\IO\New ANSGCNV\Debug\Exe\ANZB5.d90"    #
#                            -l                                                #
#                            "D:\S2Prog\IO\New ANSGCNV\Debug\List\ANZB5.map"   #
#                            -xms                                              #
#                            "-IC:\Program Files (x86)\IAR Systems\Embedded Wo #
#                            rkbench 8.4\avr\LIB\\"                            #
#                            -f                                                #
#                            "C:\Program Files (x86)\IAR Systems\Embedded Work #
#                            bench 8.4\avr\src\template\cfgm128a.xcl"          #
#                            (-D_..X_INTVEC_SIZE=8C -D_..X_FLASH_END=1FFFF     #
#                            -D_..X_FLASH_NEND=FFFF -D_..X_SRAM_BASE=100       #
#                            -D_..X_SRAM_TBASE=0 -D_..X_SRAM_TSIZE=0           #
#                            -D_..X_SRAM_END=10FF -D_..X_EEPROM_START=0        #
#                            -D_..X_EEPROM_END=FFF) -D_..X_HEAP_SIZE=10        #
#                            -D_..X_TINY_HEAP_SIZE=0 -D_..X_NEAR_HEAP_SIZE=0   #
#                            -D_..X_FAR_HEAP_SIZE=0 -D_..X_HUGE_HEAP_SIZE=0    #
#                            -D_..X_CSTACK_SIZE=64 -D_..X_RSTACK_SIZE=40       #
#                            -D_..X_FLASH_CODE_END=1FFFF -f                    #
#                            "C:\Program Files (x86)\IAR Systems\Embedded Work #
#                            bench 8.4\avr\src\template\cfg3soim.xcl"          #
#                            (-ca90 -w29                                       #
#                            -Z(CODE)INTVEC=0-(_..X_INTVEC_SIZE-1)             #
#                            -Z(CODE)TINY_F=_..X_FLASH_BASE-FF                 #
#                            -Z(CODE)NEAR_F=_..X_FLASH_BASE-_..X_FLASH_NEND    #
#                            -Z(CODE)SWITCH=_..X_FLASH_BASE-_..X_FLASH_NEND    #
#                            -Z(CODE)DIFUNCT=_..X_FLASH_BASE-_..X_FLASH_NEND   #
#                            -Z(CODE)CODE=_..X_FLASH_BASE-_..X_FLASH_END       #
#                            -P(CODE)FAR_F=[_..X_FLASH_BASE-_..X_FLASH_END]/10 #
#                            000                                               #
#                            -Z(CODE)INITTAB=_..X_FLASH_BASE-_..X_FLASH_END    #
#                            -Z(CODE)HUGE_F=_..X_FLASH_BASE-_..X_FLASH_END     #
#                            -Z(CODE)TINY_ID=_..X_FLASH_BASE-_..X_FLASH_END    #
#                            -Z(CODE)NEAR_ID=_..X_FLASH_BASE-_..X_FLASH_END    #
#                            -Z(CODE)CHECKSUM#_..X_FLASH_END                   #
#                            -Z(DATA)TINY_I,TINY_Z,TINY_N=_..X_SRAM_TBASE:+_.. #
#                            X_SRAM_TSIZE                                      #
#                            -Z(DATA)CSTACK+_..X_CSTACK_SIZE=_..X_CSTACK_BASE- #
#                            _..X_CSTACK_END                                   #
#                            -Z(DATA)HEAP+_..X_HEAP_SIZE=_..X_SRAM_BASE-_..X_S #
#                            RAM_END                                           #
#                            -Z(DATA)IOSTREAM_N#_..X_SRAM_BASE-_..X_SRAM_END   #
#                            -Z(DATA)NEAR_HEAP+_..X_NEAR_HEAP_SIZE=_..X_SRAM_B #
#                            ASE-_..X_SRAM_END                                 #
#                            -Z(DATA)RSTACK+_..X_RSTACK_SIZE=_..X_RSTACK_BASE- #
#                            _..X_RSTACK_END                                   #
#                            -Z(DATA)NEAR_I,NEAR_Z,NEAR_N=_..X_SRAM_BASE-_..X_ #
#                            SRAM_END                                          #
#                            -Z(XDATA)EEPROM_I,EEPROM_N=_..X_EEPROM_START-_..X #
#                            _EEPROM_END)                                      #
#                            -D_..X_FLASH_BASE=_..X_INTVEC_SIZE                #
#                            -h'1895'(CODE)0-(_..X_INTVEC_SIZE-1)              #
#                            --global_fill                                     #
#                            -D_..X_EXT_SRAM_BASE=_..X_SRAM_END                #
#                            -D_..X_EXT_SRAM_SIZE=0                            #
#                            -D_..X_EXT_ROM_BASE=_..X_SRAM_END                 #
#                            -D_..X_EXT_ROM_SIZE=0                             #
#                            -D_..X_EXT_NV_BASE=_..X_SRAM_END                  #
#                            -D_..X_EXT_NV_SIZE=0                              #
#                            -D_..X_CSTACK_BASE=_..X_SRAM_BASE                 #
#                            -D_..X_CSTACK_END=_..X_SRAM_END                   #
#                            -D_..X_RSTACK_BASE=_..X_SRAM_BASE                 #
#                            -D_..X_RSTACK_END=_..X_SRAM_END -r -s             #
#                            __program_start                                   #
#                            "C:\Program Files (x86)\IAR Systems\Embedded Work #
#                            bench 8.4\avr\LIB\CLIB\cl3s-ec_mul.r90"           #
#                            -e_small_write=_formatted_write                   #
#                            -e_medium_read=_formatted_read)                   #
#                                                                              #
#                           Copyright (C) 1987-2019 IAR Systems AB.            #
################################################################################





                ****************************************
                *                                      *
                *           CROSS REFERENCE            *
                *                                      *
                ****************************************

       Program entry at : CODE      00002128  Relocatable, from module : ?C_STARTUP




                ****************************************
                *                                      *
                *            RUNTIME MODEL             *
                *                                      *
                ****************************************

  R10             = REG
  R12             = REG
  R13             = REG
  R4              = REG
  R5              = REG
  R6              = REG
  R7              = REG
  R8              = REG
  R9              = REG
  __64bit_doubles = disabled
  __SystemLibrary = CLib
  __cpu           = 3
  __cpu_name      = ATmega128A
  __enhanced_core = enabled
  __has_elpm      = true
  __memory_model  = 2
  __no_rampd      = enabled
  __rt_version    = 3
  __tiny_avr      = false
  __vtable_memory = __nearflash

                ****************************************
                *                                      *
                *    AUTOMATIC SYMBOL REDIRECTIONS     *
                *                                      *
                ****************************************

                  There are no automatic symbol redirections.



                ****************************************
                *                                      *
                *              MODULE MAP              *
                *                                      *
                ****************************************


  DEFINED ABSOLUTE ENTRIES
  PROGRAM MODULE, NAME : ?ABS_ENTRY_MOD

Absolute parts
           ENTRY                   ADDRESS         REF BY
           =====                   =======         ======
           _..X_RSTACK_END         000010FF 
           _..X_RSTACK_BASE        00000100 
           _..X_CSTACK_END         000010FF 
           _..X_CSTACK_BASE        00000100 
           _..X_EXT_NV_SIZE        00000000 
           _..X_EXT_NV_BASE        000010FF 
           _..X_EXT_ROM_SIZE       00000000 
           _..X_EXT_ROM_BASE       000010FF 
           _..X_EXT_SRAM_SIZE      00000000 
           _..X_EXT_SRAM_BASE      000010FF 
           _..X_FLASH_BASE         0000008C 
           _..X_FLASH_CODE_END     0001FFFF 
           _..X_RSTACK_SIZE        00000040 
           _..X_CSTACK_SIZE        00000064 
           _..X_HUGE_HEAP_SIZE     00000000 
           _..X_FAR_HEAP_SIZE      00000000 
           _..X_NEAR_HEAP_SIZE     00000000 
           _..X_TINY_HEAP_SIZE     00000000 
           _..X_HEAP_SIZE          00000010 
           _..X_EEPROM_END         00000FFF 
           _..X_EEPROM_START       00000000 
           _..X_SRAM_END           000010FF 
           _..X_SRAM_TSIZE         00000000 
           _..X_SRAM_TBASE         00000000 
           _..X_SRAM_BASE          00000100 
           _..X_FLASH_NEND         0000FFFF 
           _..X_FLASH_END          0001FFFF 
           _..X_INTVEC_SIZE        0000008C 
    *************************************************************************

  FILE NAME : D:\S2Prog\IO\New ANSGCNV\Debug\Obj\AD7715.r90
  PROGRAM MODULE, NAME : AD7715

  SEGMENTS IN THE MODULE
  ======================
ABSOLUTE
  Relative segment, address: DATA 00000065 - 00000065 (0x1 bytes), align: 0
  Segment part 1. ROOT        Intra module refs:   AD7715
                                                   EnableChannelSns
                                                   Init_IO (init)
           ENTRY                   ADDRESS         REF BY
           =====                   =======         ======
           _A_PORTG                00000065 
           LOCAL                   ADDRESS         
           =====                   =======         
           PORTG                   00000065 
    -------------------------------------------------------------------------
ABSOLUTE
  Relative segment, address: DATA 00000038 - 00000038 (0x1 bytes), align: 0
  Segment part 2. ROOT        Intra module refs:   EnableChannelCal
                                                   EnableChannelSns
                                                   Init_IO (init)
           ENTRY                   ADDRESS         REF BY
           =====                   =======         ======
           _A_PORTB                00000038 
           LOCAL                   ADDRESS         
           =====                   =======         
           PORTB                   00000038 
    -------------------------------------------------------------------------
ABSOLUTE
  Relative segment, address: DATA 00000035 - 00000035 (0x1 bytes), align: 0
  Segment part 3. ROOT        Intra module refs:   AD7715
                                                   Init_IO (init)
           ENTRY                   ADDRESS         REF BY
           =====                   =======         ======
           _A_PORTC                00000035 
           LOCAL                   ADDRESS         
           =====                   =======         
           PORTC                   00000035 
    -------------------------------------------------------------------------
ABSOLUTE
  Relative segment, address: DATA 00000032 - 00000032 (0x1 bytes), align: 0
  Segment part 4. ROOT        Intra module refs:   EnableChannelSns
                                                   Init_IO (init)
                                                   Led (Misc)
                                                   ReadAdByte
                                                   SetSupplyCurrentHi
                                                   SetSupplyCurrentLo
                                                   WriteAdByte
           ENTRY                   ADDRESS         REF BY
           =====                   =======         ======
           _A_PORTD                00000032 
           LOCAL                   ADDRESS         
           =====                   =======         
           PORTD                   00000032 
    -------------------------------------------------------------------------
ABSOLUTE
  Relative segment, address: DATA 00000030 - 00000030 (0x1 bytes), align: 0
  Segment part 5. ROOT        Intra module refs:   MyAddress (Misc)
                                                   ReadAdByte
           ENTRY                   ADDRESS         REF BY
           =====                   =======         ======
           _A_PIND                 00000030 
           LOCAL                   ADDRESS         
           =====                   =======         
           PIND                    00000030 
    -------------------------------------------------------------------------
ABSOLUTE
  Relative segment, address: DATA 00000023 - 00000023 (0x1 bytes), align: 0
  Segment part 6. ROOT        Intra module refs:   EnableChannelSns
                                                   Init_IO (init)
                                                   IntHandler_TX_USART0 (UsartInt)
                                                   IntHandler_TX_USART1 (UsartInt)
                                                   SetCalResistance
           ENTRY                   ADDRESS         REF BY
           =====                   =======         ======
           _A_PORTE                00000023 
           LOCAL                   ADDRESS         
           =====                   =======         
           PORTE                   00000023 
    -------------------------------------------------------------------------
NEAR_I
  Relative segment, address: DATA 000001A4 - 000001A5 (0x2 bytes), align: 0
  Segment part 23.            Intra module refs:   PrepareForPressureReading
                                                   PrepareForTempReading
           ENTRY                   ADDRESS         REF BY
           =====                   =======         ======
           SensorType              000001A4 
    -------------------------------------------------------------------------
NEAR_I
  Relative segment, address: DATA 000001A6 - 00000207 (0x62 bytes), align: 0
  Segment part 25.            Intra module refs:   EnableChannelSns
           ENTRY                   ADDRESS         REF BY
           =====                   =======         ======
           MuxControlSns           000001A6 
    -------------------------------------------------------------------------
NEAR_I
  Relative segment, address: DATA 00000208 - 00000269 (0x62 bytes), align: 0
  Segment part 27.            Intra module refs:   EnableChannelCal
           ENTRY                   ADDRESS         REF BY
           =====                   =======         ======
           MuxControlCal           00000208 
    -------------------------------------------------------------------------
CODE
  Relative segment, address: CODE 000000B0 - 0000014D (0x9e bytes), align: 1
  Segment part 29.            Intra module refs:   ReadADC
                                                   ResetADCBySW
                                                   WriteToRegister
           ENTRY                   ADDRESS         REF BY
           =====                   =======         ======
           WriteAdByte             000000B0 
    -------------------------------------------------------------------------
CODE
  Relative segment, address: CODE 0000014E - 0000015F (0x12 bytes), align: 1
  Segment part 30.            Intra module refs:   AD7715
           LOCAL                   ADDRESS         
           =====                   =======         
           ResetADCBySW            0000014E 
               calls direct
    -------------------------------------------------------------------------
CODE
  Relative segment, address: CODE 00000160 - 0000023F (0xe0 bytes), align: 1
  Segment part 31.            Intra module refs:   PrepareForPressureReading
                                                   PrepareForTempReading
           ENTRY                   ADDRESS         REF BY
           =====                   =======         ======
           EnableChannelSns        00000160 
               calls direct
    -------------------------------------------------------------------------
CODE
  Relative segment, address: CODE 00000240 - 00000257 (0x18 bytes), align: 1
  Segment part 32.            Intra module refs:   ReadADConverter
           ENTRY                   ADDRESS         REF BY
           =====                   =======         ======
           EnableChannelCal        00000240 
               calls direct
    -------------------------------------------------------------------------
CODE
  Relative segment, address: CODE 00000258 - 0000027B (0x24 bytes), align: 1
  Segment part 33.            Intra module refs:   PrepareForPressureReading
           ENTRY                   ADDRESS         REF BY
           =====                   =======         ======
           SetSupplyCurrentHi      00000258 
    -------------------------------------------------------------------------
CODE
  Relative segment, address: CODE 0000027C - 0000029F (0x24 bytes), align: 1
  Segment part 34.            Intra module refs:   PrepareForTempReading
           ENTRY                   ADDRESS         REF BY
           =====                   =======         ======
           SetSupplyCurrentLo      0000027C 
    -------------------------------------------------------------------------
CODE
  Relative segment, address: CODE 000002A0 - 000002BD (0x1e bytes), align: 1
  Segment part 35.            Intra module refs:   PrepareForPressureReading
                                                   PrepareForTempReading
           ENTRY                   ADDRESS         REF BY
           =====                   =======         ======
           SetCalResistance        000002A0 
    -------------------------------------------------------------------------
CODE
  Relative segment, address: CODE 000002BE - 000002CB (0xe bytes), align: 1
  Segment part 36.            Intra module refs:   CalibrateAD7715
                                                   PrepareForPressureReading
                                                   PrepareForTempReading
           ENTRY                   ADDRESS         REF BY
           =====                   =======         ======
           WriteToRegister         000002BE 
               calls direct
    -------------------------------------------------------------------------
CODE
  Relative segment, address: CODE 000002CC - 00000321 (0x56 bytes), align: 1
  Segment part 37.            Intra module refs:   PrepareForPressureReading
                                                   PrepareForTempReading
           ENTRY                   ADDRESS         REF BY
           =====                   =======         ======
           CalibrateAD7715         000002CC 
               calls direct
    -------------------------------------------------------------------------
CODE
  Relative segment, address: CODE 00000322 - 00000359 (0x38 bytes), align: 1
  Segment part 38.            Intra module refs:   AD7715
           ENTRY                   ADDRESS         REF BY
           =====                   =======         ======
           PrepareForPressureReading
                                   00000322 
               calls direct
    -------------------------------------------------------------------------
CODE
  Relative segment, address: CODE 0000035A - 00000397 (0x3e bytes), align: 1
  Segment part 39.            Intra module refs:   AD7715
           ENTRY                   ADDRESS         REF BY
           =====                   =======         ======
           PrepareForTempReading   0000035A 
               calls direct
    -------------------------------------------------------------------------
CODE
  Relative segment, address: CODE 00000398 - 00000445 (0xae bytes), align: 1
  Segment part 41.            Intra module refs:   ReadADConverter
           ENTRY                   ADDRESS         REF BY
           =====                   =======         ======
           ReadADC                 00000398 
               calls direct
    -------------------------------------------------------------------------
CODE
  Relative segment, address: CODE 00000446 - 00000595 (0x150 bytes), align: 1
  Segment part 42.            Intra module refs:   AD7715
                                                   Segment part 47
           ENTRY                   ADDRESS         REF BY
           =====                   =======         ======
           ReadADConverter         00000446 
               calls direct
    -------------------------------------------------------------------------
CODE
  Relative segment, address: CODE 00000596 - 000006EB (0x156 bytes), align: 1
  Segment part 43.
           ENTRY                   ADDRESS         REF BY
           =====                   =======         ======
           AD7715                  00000596        main (Main)
               calls direct
    -------------------------------------------------------------------------
CODE
  Relative segment, address: CODE 000006EC - 00000743 (0x58 bytes), align: 1
  Segment part 45.            Intra module refs:   ReadADC
           ENTRY                   ADDRESS         REF BY
           =====                   =======         ======
           ReadAdByte              000006EC 
    -------------------------------------------------------------------------
ABSOLUTE
  Relative segment, address: DATA 0000001C, align: 0
  Segment part 7. ROOT 
           ENTRY                   ADDRESS         REF BY
           =====                   =======         ======
           __?EECR                 0000001C 
    -------------------------------------------------------------------------
ABSOLUTE
  Relative segment, address: DATA 0000001D, align: 0
  Segment part 8. ROOT 
           ENTRY                   ADDRESS         REF BY
           =====                   =======         ======
           __?EEDR                 0000001D 
    -------------------------------------------------------------------------
ABSOLUTE
  Relative segment, address: DATA 0000001E, align: 0
  Segment part 9. ROOT 
           ENTRY                   ADDRESS         REF BY
           =====                   =======         ======
           __?EEARL                0000001E 
    -------------------------------------------------------------------------
ABSOLUTE
  Relative segment, address: DATA 0000001F, align: 0
  Segment part 10. ROOT 
           ENTRY                   ADDRESS         REF BY
           =====                   =======         ======
           __?EEARH                0000001F 
    -------------------------------------------------------------------------
INITTAB
  Relative segment, address: CODE 0000271C - 00002722 (0x7 bytes), align: 0
  Segment part 15.            Intra module refs:   MuxControlCal
                                                   MuxControlSns
                                                   OS_DefStackCnt (OS_PRIV)
                                                   OS_Global (OSGLOBAL)
                                                   Segment part 7 (Main)
                                                   SensorType
           ENTRY                   ADDRESS         REF BY
           =====                   =======         ======
           ?<Segment init: NEAR_I>
                                   0000271C 
    -------------------------------------------------------------------------
INITTAB
  Relative segment, address: CODE 00002723 - 00002729 (0x7 bytes), align: 0
  Segment part 21.            Intra module refs:   EEPWriteOK (Main)
                                                   IntCnt (ExtInt)
                                                   OS_ISR_StackFrameAddr (OS_PRIV)
                                                   OS_InitialSuspendCnt (OSGLOBAL)
                                                   OS_Running (OSGLOBAL)
                                                   OS_Status (OSGLOBAL)
                                                   OS_TaskReturnAddr (OS_PRIV)
                                                   OS_pRSema (OSGLOBAL)
                                                   OS_pTickHook (OSGLOBAL)
                                                   OS_pfOnTerminate (OSTERM)
                                                   RestartStatus (Main)
                                                   Segment part 3 (OS_CreateTask)
                                                   Stack10 (Main)
                                                   TCB_AD7715 (Main)
                                                   TCB_USART0 (Main)
                                                   TCB_USART1 (Main)
                                                   TData (Main)
                                                   TimerUSART0 (Main)
                                                   TimerUSART1 (Main)
                                                   UART (Main)
                                                   UARTSEND (Main)
                                                   UnitID (Main)
                                                   WriteCount (Main)
                                                   hostAddress (Main)
                                                   pWriteBuffer (Main)
           ENTRY                   ADDRESS         REF BY
           =====                   =======         ======
           ?<Segment init: NEAR_Z>
                                   00002723 
    -------------------------------------------------------------------------
NEAR_ID
  Relative segment, address: CODE 0000272A - 0000272B (0x2 bytes), align: 0
  Segment part 24.            Intra module refs:   SensorType
    -------------------------------------------------------------------------
NEAR_ID
  Relative segment, address: CODE 0000272C - 0000278D (0x62 bytes), align: 0
  Segment part 26.            Intra module refs:   MuxControlSns
    -------------------------------------------------------------------------
NEAR_ID
  Relative segment, address: CODE 0000278E - 000027EF (0x62 bytes), align: 0
  Segment part 28.            Intra module refs:   MuxControlCal
    -------------------------------------------------------------------------
SWITCH
  Relative segment, address: CODE 0000008C - 000000AF (0x24 bytes), align: 1
  Segment part 47.            Intra module refs:   ReadADConverter

    *************************************************************************

  FILE NAME : D:\S2Prog\IO\New ANSGCNV\Debug\Obj\eeprom.r90
  PROGRAM MODULE, NAME : eeprom

  SEGMENTS IN THE MODULE
  ======================
ABSOLUTE
  Relative segment, address: DATA 00000041 - 00000041 (0x1 bytes), align: 0
  Segment part 1. ROOT 
           ENTRY                   ADDRESS         REF BY
           =====                   =======         ======
           _A_WDTCR                00000041 
           LOCAL                   ADDRESS         
           =====                   =======         
           WDTCR                   00000041 
    -------------------------------------------------------------------------
ABSOLUTE
  Relative segment, address: DATA 0000003E - 0000003F (0x2 bytes), align: 0
  Segment part 2. ROOT        Intra module refs:   IntHandler_EEPROM
           ENTRY                   ADDRESS         REF BY
           =====                   =======         ======
           _A_EEAR                 0000003E 
           LOCAL                   ADDRESS         
           =====                   =======         
           EEAR                    0000003E 
           EEARH                   0000003F 
           EEARL                   0000003E 
    -------------------------------------------------------------------------
ABSOLUTE
  Relative segment, address: DATA 0000003D - 0000003D (0x1 bytes), align: 0
  Segment part 3. ROOT        Intra module refs:   IntHandler_EEPROM
           ENTRY                   ADDRESS         REF BY
           =====                   =======         ======
           _A_EEDR                 0000003D 
           LOCAL                   ADDRESS         
           =====                   =======         
           EEDR                    0000003D 
    -------------------------------------------------------------------------
ABSOLUTE
  Relative segment, address: DATA 0000003C - 0000003C (0x1 bytes), align: 0
  Segment part 4. ROOT        Intra module refs:   IntHandler_EEPROM
           ENTRY                   ADDRESS         REF BY
           =====                   =======         ======
           _A_EECR                 0000003C 
           LOCAL                   ADDRESS         
           =====                   =======         
           EECR                    0000003C 
    -------------------------------------------------------------------------
CODE
  Relative segment, address: CODE 00000744 - 000007AD (0x6a bytes), align: 1
  Segment part 17.            Intra module refs:   IntHandler_EEPROM::??INTVEC 88
           ENTRY                   ADDRESS         REF BY
           =====                   =======         ======
           IntHandler_EEPROM       00000744 
               interrupt function
    -------------------------------------------------------------------------
INTVEC
  Common segment, address: CODE 00000000 - 0000005B (0x5c bytes), align: 1
  Segment part 9. ROOT 
           ENTRY                   ADDRESS         REF BY
           =====                   =======         ======
           IntHandler_EEPROM::??INTVEC 88
                                   00000058 

    *************************************************************************

  FILE NAME : D:\S2Prog\IO\New ANSGCNV\Debug\Obj\ExtInt.r90
  PROGRAM MODULE, NAME : ExtInt

  SEGMENTS IN THE MODULE
  ======================
CODE
  Relative segment, address: CODE 000007AE - 0000081B (0x6e bytes), align: 1
  Segment part 11.            Intra module refs:   IntHandler_INT0::??INTVEC 4
           ENTRY                   ADDRESS         REF BY
           =====                   =======         ======
           IntHandler_INT0         000007AE 
               interrupt function
               calls direct
    -------------------------------------------------------------------------
NEAR_Z
  Relative segment, address: DATA 0000028C - 0000028F (0x4 bytes), align: 0
  Segment part 9.             Intra module refs:   IntHandler_INT1
           ENTRY                   ADDRESS         REF BY
           =====                   =======         ======
           IntCnt                  0000028C 
    -------------------------------------------------------------------------
CODE
  Relative segment, address: CODE 0000081C - 0000089B (0x80 bytes), align: 1
  Segment part 12.            Intra module refs:   IntHandler_INT1::??INTVEC 8
           ENTRY                   ADDRESS         REF BY
           =====                   =======         ======
           IntHandler_INT1         0000081C 
               interrupt function
               calls direct
    -------------------------------------------------------------------------
INTVEC
  Common segment, address: CODE 00000000 - 00000007 (0x8 bytes), align: 1
  Segment part 5. ROOT 
           ENTRY                   ADDRESS         REF BY
           =====                   =======         ======
           IntHandler_INT0::??INTVEC 4
                                   00000004 
    -------------------------------------------------------------------------
INTVEC
  Common segment, address: CODE 00000000 - 0000000B (0xc bytes), align: 1
  Segment part 6. ROOT 
           ENTRY                   ADDRESS         REF BY
           =====                   =======         ======
           IntHandler_INT1::??INTVEC 8
                                   00000008 

    *************************************************************************

  FILE NAME : D:\S2Prog\IO\New ANSGCNV\Debug\Obj\init.r90
  PROGRAM MODULE, NAME : init

  SEGMENTS IN THE MODULE
  ======================
ABSOLUTE
  Relative segment, address: DATA 00000022 - 00000022 (0x1 bytes), align: 0
  Segment part 1. ROOT        Intra module refs:   Init_IO
           ENTRY                   ADDRESS         REF BY
           =====                   =======         ======
           _A_DDRE                 00000022 
           LOCAL                   ADDRESS         
           =====                   =======         
           DDRE                    00000022 
    -------------------------------------------------------------------------
ABSOLUTE
  Relative segment, address: DATA 00000026 - 00000026 (0x1 bytes), align: 0
  Segment part 3. ROOT 
           ENTRY                   ADDRESS         REF BY
           =====                   =======         ======
           _A_ADCSR                00000026 
           LOCAL                   ADDRESS         
           =====                   =======         
           ADCSR                   00000026 
           ADCSRA                  00000026 
    -------------------------------------------------------------------------
ABSOLUTE
  Relative segment, address: DATA 00000027 - 00000027 (0x1 bytes), align: 0
  Segment part 4. ROOT 
           ENTRY                   ADDRESS         REF BY
           =====                   =======         ======
           _A_ADMUX                00000027 
           LOCAL                   ADDRESS         
           =====                   =======         
           ADMUX                   00000027 
    -------------------------------------------------------------------------
ABSOLUTE
  Relative segment, address: DATA 00000029 - 00000029 (0x1 bytes), align: 0
  Segment part 5. ROOT 
           ENTRY                   ADDRESS         REF BY
           =====                   =======         ======
           _A_UBRR0L               00000029 
           LOCAL                   ADDRESS         
           =====                   =======         
           UBRR0L                  00000029 
    -------------------------------------------------------------------------
ABSOLUTE
  Relative segment, address: DATA 0000002A - 0000002A (0x1 bytes), align: 0
  Segment part 6. ROOT        Intra module refs:   IntHandler_TX_USART0 (UsartInt)
                                                   IntHandler_UDRE_USART0 (UsartInt)
           ENTRY                   ADDRESS         REF BY
           =====                   =======         ======
           _A_UCSR0B               0000002A 
           LOCAL                   ADDRESS         
           =====                   =======         
           UCSR0B                  0000002A 
    -------------------------------------------------------------------------
ABSOLUTE
  Relative segment, address: DATA 0000002B - 0000002B (0x1 bytes), align: 0
  Segment part 7. ROOT        Intra module refs:   IntHandler_RX_USART0 (UsartInt)
                                                   IntHandler_UDRE_USART0 (UsartInt)
           ENTRY                   ADDRESS         REF BY
           =====                   =======         ======
           _A_UCSR0A               0000002B 
           LOCAL                   ADDRESS         
           =====                   =======         
           UCSR0A                  0000002B 
    -------------------------------------------------------------------------
ABSOLUTE
  Relative segment, address: DATA 00000031 - 00000031 (0x1 bytes), align: 0
  Segment part 8. ROOT        Intra module refs:   Init_IO
           ENTRY                   ADDRESS         REF BY
           =====                   =======         ======
           _A_DDRD                 00000031 
           LOCAL                   ADDRESS         
           =====                   =======         
           DDRD                    00000031 
    -------------------------------------------------------------------------
ABSOLUTE
  Relative segment, address: DATA 00000034 - 00000034 (0x1 bytes), align: 0
  Segment part 10. ROOT       Intra module refs:   Init_IO
           ENTRY                   ADDRESS         REF BY
           =====                   =======         ======
           _A_DDRC                 00000034 
           LOCAL                   ADDRESS         
           =====                   =======         
           DDRC                    00000034 
    -------------------------------------------------------------------------
ABSOLUTE
  Relative segment, address: DATA 00000037 - 00000037 (0x1 bytes), align: 0
  Segment part 12. ROOT       Intra module refs:   Init_IO
           ENTRY                   ADDRESS         REF BY
           =====                   =======         ======
           _A_DDRB                 00000037 
           LOCAL                   ADDRESS         
           =====                   =======         
           DDRB                    00000037 
    -------------------------------------------------------------------------
ABSOLUTE
  Relative segment, address: DATA 0000003A - 0000003A (0x1 bytes), align: 0
  Segment part 14. ROOT       Intra module refs:   Init_IO
           ENTRY                   ADDRESS         REF BY
           =====                   =======         ======
           _A_DDRA                 0000003A 
           LOCAL                   ADDRESS         
           =====                   =======         
           DDRA                    0000003A 
    -------------------------------------------------------------------------
ABSOLUTE
  Relative segment, address: DATA 0000003B - 0000003B (0x1 bytes), align: 0
  Segment part 15. ROOT       Intra module refs:   Init_IO
           ENTRY                   ADDRESS         REF BY
           =====                   =======         ======
           _A_PORTA                0000003B 
           LOCAL                   ADDRESS         
           =====                   =======         
           PORTA                   0000003B 
    -------------------------------------------------------------------------
ABSOLUTE
  Relative segment, address: DATA 00000051 - 00000051 (0x1 bytes), align: 0
  Segment part 17. ROOT       Intra module refs:   Init_TMR
           ENTRY                   ADDRESS         REF BY
           =====                   =======         ======
           _A_OCR0                 00000051 
           LOCAL                   ADDRESS         
           =====                   =======         
           OCR0                    00000051 
    -------------------------------------------------------------------------
ABSOLUTE
  Relative segment, address: DATA 00000053 - 00000053 (0x1 bytes), align: 0
  Segment part 18. ROOT       Intra module refs:   Init_TMR
           ENTRY                   ADDRESS         REF BY
           =====                   =======         ======
           _A_TCCR0                00000053 
           LOCAL                   ADDRESS         
           =====                   =======         
           TCCR0                   00000053 
    -------------------------------------------------------------------------
ABSOLUTE
  Relative segment, address: DATA 00000054 - 00000054 (0x1 bytes), align: 0
  Segment part 19. ROOT       Intra module refs:   Init_CPU
           ENTRY                   ADDRESS         REF BY
           =====                   =======         ======
           _A_MCUCSR               00000054 
           LOCAL                   ADDRESS         
           =====                   =======         
           MCUCSR                  00000054 
    -------------------------------------------------------------------------
ABSOLUTE
  Relative segment, address: DATA 00000055 - 00000055 (0x1 bytes), align: 0
  Segment part 20. ROOT       Intra module refs:   Init_CPU
           ENTRY                   ADDRESS         REF BY
           =====                   =======         ======
           _A_MCUCR                00000055 
           LOCAL                   ADDRESS         
           =====                   =======         
           MCUCR                   00000055 
    -------------------------------------------------------------------------
ABSOLUTE
  Relative segment, address: DATA 00000059 - 00000059 (0x1 bytes), align: 0
  Segment part 21. ROOT       Intra module refs:   Init_CPU
           ENTRY                   ADDRESS         REF BY
           =====                   =======         ======
           _A_EIMSK                00000059 
           LOCAL                   ADDRESS         
           =====                   =======         
           EIMSK                   00000059 
    -------------------------------------------------------------------------
ABSOLUTE
  Relative segment, address: DATA 0000005A - 0000005A (0x1 bytes), align: 0
  Segment part 22. ROOT       Intra module refs:   Init_CPU
           ENTRY                   ADDRESS         REF BY
           =====                   =======         ======
           _A_EICRB                0000005A 
           LOCAL                   ADDRESS         
           =====                   =======         
           EICRB                   0000005A 
    -------------------------------------------------------------------------
ABSOLUTE
  Relative segment, address: DATA 0000005F - 0000005F (0x1 bytes), align: 0
  Segment part 23. ROOT       Intra module refs:   Init_CPU
           ENTRY                   ADDRESS         REF BY
           =====                   =======         ======
           _A_SREG                 0000005F 
           LOCAL                   ADDRESS         
           =====                   =======         
           SREG                    0000005F 
    -------------------------------------------------------------------------
ABSOLUTE
  Relative segment, address: DATA 00000061 - 00000061 (0x1 bytes), align: 0
  Segment part 24. ROOT       Intra module refs:   Init_IO
           ENTRY                   ADDRESS         REF BY
           =====                   =======         ======
           _A_DDRF                 00000061 
           LOCAL                   ADDRESS         
           =====                   =======         
           DDRF                    00000061 
    -------------------------------------------------------------------------
ABSOLUTE
  Relative segment, address: DATA 00000062 - 00000062 (0x1 bytes), align: 0
  Segment part 25. ROOT       Intra module refs:   Init_IO
                                                   Led (Misc)
           ENTRY                   ADDRESS         REF BY
           =====                   =======         ======
           _A_PORTF                00000062 
           LOCAL                   ADDRESS         
           =====                   =======         
           PORTF                   00000062 
    -------------------------------------------------------------------------
ABSOLUTE
  Relative segment, address: DATA 00000064 - 00000064 (0x1 bytes), align: 0
  Segment part 26. ROOT       Intra module refs:   Init_IO
           ENTRY                   ADDRESS         REF BY
           =====                   =======         ======
           _A_DDRG                 00000064 
           LOCAL                   ADDRESS         
           =====                   =======         
           DDRG                    00000064 
    -------------------------------------------------------------------------
ABSOLUTE
  Relative segment, address: DATA 0000006A - 0000006A (0x1 bytes), align: 0
  Segment part 28. ROOT       Intra module refs:   Init_CPU
           ENTRY                   ADDRESS         REF BY
           =====                   =======         ======
           _A_EICRA                0000006A 
           LOCAL                   ADDRESS         
           =====                   =======         
           EICRA                   0000006A 
    -------------------------------------------------------------------------
ABSOLUTE
  Relative segment, address: DATA 00000090 - 00000090 (0x1 bytes), align: 0
  Segment part 29. ROOT 
           ENTRY                   ADDRESS         REF BY
           =====                   =======         ======
           _A_UBRR0H               00000090 
           LOCAL                   ADDRESS         
           =====                   =======         
           UBRR0H                  00000090 
    -------------------------------------------------------------------------
ABSOLUTE
  Relative segment, address: DATA 00000095 - 00000095 (0x1 bytes), align: 0
  Segment part 30. ROOT 
           ENTRY                   ADDRESS         REF BY
           =====                   =======         ======
           _A_UCSR0C               00000095 
           LOCAL                   ADDRESS         
           =====                   =======         
           UCSR0C                  00000095 
    -------------------------------------------------------------------------
ABSOLUTE
  Relative segment, address: DATA 00000098 - 00000098 (0x1 bytes), align: 0
  Segment part 31. ROOT 
           ENTRY                   ADDRESS         REF BY
           =====                   =======         ======
           _A_UBRR1H               00000098 
           LOCAL                   ADDRESS         
           =====                   =======         
           UBRR1H                  00000098 
    -------------------------------------------------------------------------
ABSOLUTE
  Relative segment, address: DATA 00000099 - 00000099 (0x1 bytes), align: 0
  Segment part 32. ROOT 
           ENTRY                   ADDRESS         REF BY
           =====                   =======         ======
           _A_UBRR1L               00000099 
           LOCAL                   ADDRESS         
           =====                   =======         
           UBRR1L                  00000099 
    -------------------------------------------------------------------------
ABSOLUTE
  Relative segment, address: DATA 0000009A - 0000009A (0x1 bytes), align: 0
  Segment part 33. ROOT       Intra module refs:   IntHandler_TX_USART1 (UsartInt)
                                                   IntHandler_UDRE_USART1 (UsartInt)
           ENTRY                   ADDRESS         REF BY
           =====                   =======         ======
           _A_UCSR1B               0000009A 
           LOCAL                   ADDRESS         
           =====                   =======         
           UCSR1B                  0000009A 
    -------------------------------------------------------------------------
ABSOLUTE
  Relative segment, address: DATA 0000009B - 0000009B (0x1 bytes), align: 0
  Segment part 34. ROOT       Intra module refs:   IntHandler_RX_USART1 (UsartInt)
                                                   IntHandler_UDRE_USART1 (UsartInt)
           ENTRY                   ADDRESS         REF BY
           =====                   =======         ======
           _A_UCSR1A               0000009B 
           LOCAL                   ADDRESS         
           =====                   =======         
           UCSR1A                  0000009B 
    -------------------------------------------------------------------------
ABSOLUTE
  Relative segment, address: DATA 0000009D - 0000009D (0x1 bytes), align: 0
  Segment part 35. ROOT 
           ENTRY                   ADDRESS         REF BY
           =====                   =======         ======
           _A_UCSR1C               0000009D 
           LOCAL                   ADDRESS         
           =====                   =======         
           UCSR1C                  0000009D 
    -------------------------------------------------------------------------
CODE
  Relative segment, address: CODE 0000089C - 0000089D (0x2 bytes), align: 1
  Segment part 42.            Intra module refs:   InitSystem
           ENTRY                   ADDRESS         REF BY
           =====                   =======         ======
           Init_Values             0000089C 
    -------------------------------------------------------------------------
CODE
  Relative segment, address: CODE 0000089E - 000008AF (0x12 bytes), align: 1
  Segment part 43.            Intra module refs:   InitSystem
           ENTRY                   ADDRESS         REF BY
           =====                   =======         ======
           Init_TMR                0000089E 
    -------------------------------------------------------------------------
CODE
  Relative segment, address: CODE 000008B0 - 000008E7 (0x38 bytes), align: 1
  Segment part 44.            Intra module refs:   InitSystem
           ENTRY                   ADDRESS         REF BY
           =====                   =======         ======
           Init_CPU                000008B0 
    -------------------------------------------------------------------------
CODE
  Relative segment, address: CODE 000008E8 - 00000931 (0x4a bytes), align: 1
  Segment part 45.            Intra module refs:   InitSystem
           ENTRY                   ADDRESS         REF BY
           =====                   =======         ======
           Init_IO                 000008E8 
    -------------------------------------------------------------------------
CODE
  Relative segment, address: CODE 00000932 - 00000941 (0x10 bytes), align: 1
  Segment part 46.
           ENTRY                   ADDRESS         REF BY
           =====                   =======         ======
           InitSystem              00000932        main (Main)
               calls direct

    *************************************************************************

  FILE NAME : D:\S2Prog\IO\New ANSGCNV\Debug\Obj\Main.r90
  PROGRAM MODULE, NAME : Main

  SEGMENTS IN THE MODULE
  ======================
NEAR_Z
  Relative segment, address: DATA 00000290 - 00000290 (0x1 bytes), align: 0
  Segment part 10.            Intra module refs:   main
           ENTRY                   ADDRESS         REF BY
           =====                   =======         ======
           UnitID                  00000290        InitSystem (init)
                                                   Init_CPU (init)
                                                   Init_IO (init)
                                                   Init_TMR (init)
                                                   IntHandler_INT0 (ExtInt)
                                                   IntHandler_INT1 (ExtInt)
                                                   ReceivePacketUart (UsartPro)
    -------------------------------------------------------------------------
NEAR_Z
  Relative segment, address: DATA 00000291 - 00000291 (0x1 bytes), align: 0
  Segment part 12.
           ENTRY                   ADDRESS         REF BY
           =====                   =======         ======
           RestartStatus           00000291        Init_CPU (init)
    -------------------------------------------------------------------------
NEAR_Z
  Relative segment, address: DATA 00000292 - 000002C5 (0x34 bytes), align: 0
  Segment part 14.
           ENTRY                   ADDRESS         REF BY
           =====                   =======         ======
           UART                    00000292        CalcDSRxChecksum (UsartPro)
                                                   GoToSyncUART (UsartPro)
                                                   IntHandler_RX_USART0 (UsartInt)
                                                   IntHandler_RX_USART1 (UsartInt)
                                                   IntHandler_UDRE_USART0 (UsartInt)
                                                   IntHandler_UDRE_USART1 (UsartInt)
                                                   ReceivePacketUart (UsartPro)
    -------------------------------------------------------------------------
NEAR_Z
  Relative segment, address: DATA 000002C6 - 000008C1 (0x5fc bytes), align: 0
  Segment part 17.
           ENTRY                   ADDRESS         REF BY
           =====                   =======         ======
           TData                   000002C6        AD7715 (AD7715)
                                                   ReadADConverter (AD7715)
    -------------------------------------------------------------------------
NEAR_Z
  Relative segment, address: DATA 000008C2 - 000008C2 (0x1 bytes), align: 0
  Segment part 27.
           ENTRY                   ADDRESS         REF BY
           =====                   =======         ======
           WriteCount              000008C2        Init_CPU (init)
                                                   IntHandler_EEPROM (eeprom)
    -------------------------------------------------------------------------
NEAR_Z
  Relative segment, address: DATA 000008C3 - 000008C4 (0x2 bytes), align: 0
  Segment part 28.
           ENTRY                   ADDRESS         REF BY
           =====                   =======         ======
           pWriteBuffer            000008C3        IntHandler_EEPROM (eeprom)
    -------------------------------------------------------------------------
NEAR_Z
  Relative segment, address: DATA 000008C5 - 000008C5 (0x1 bytes), align: 0
  Segment part 29.
           ENTRY                   ADDRESS         REF BY
           =====                   =======         ======
           EEPWriteOK              000008C5        IntHandler_EEPROM (eeprom)
    -------------------------------------------------------------------------
NEAR_Z
  Relative segment, address: DATA 000008C6 - 000008C6 (0x1 bytes), align: 0
  Segment part 30.
           ENTRY                   ADDRESS         REF BY
           =====                   =======         ======
           hostAddress             000008C6        ReceivePacketUart (UsartPro)
    -------------------------------------------------------------------------
<FAR_F> 1 (was FAR_F)
  Relative segment, address: CODE 0000261C - 0000271B (0x100 bytes), align: 0
  Segment part 31.
           ENTRY                   ADDRESS         REF BY
           =====                   =======         ======
           crc                     0000261C        CalcDSRxChecksum (UsartPro)
    -------------------------------------------------------------------------
NEAR_Z
  Relative segment, address: DATA 000008C7 - 000009F2 (0x12c bytes), align: 0
  Segment part 35.            Intra module refs:   main
           ENTRY                   ADDRESS         REF BY
           =====                   =======         ======
           Stack10                 000008C7 
    -------------------------------------------------------------------------
NEAR_Z
  Relative segment, address: DATA 000009F3 - 00000A06 (0x14 bytes), align: 0
  Segment part 37.
           ENTRY                   ADDRESS         REF BY
           =====                   =======         ======
           TCB_USART0              000009F3        ReceivePacketUart (UsartPro)
    -------------------------------------------------------------------------
NEAR_Z
  Relative segment, address: DATA 00000A07 - 00000A1A (0x14 bytes), align: 0
  Segment part 38.
           ENTRY                   ADDRESS         REF BY
           =====                   =======         ======
           TCB_USART1              00000A07        ReceivePacketUart (UsartPro)
    -------------------------------------------------------------------------
NEAR_Z
  Relative segment, address: DATA 00000A1B - 00000A2E (0x14 bytes), align: 0
  Segment part 42.            Intra module refs:   main
           ENTRY                   ADDRESS         REF BY
           =====                   =======         ======
           TCB_AD7715              00000A1B        CalibrateAD7715 (AD7715)
                                                   IntHandler_INT1 (ExtInt)
                                                   ReadADC (AD7715)
    -------------------------------------------------------------------------
NEAR_Z
  Relative segment, address: DATA 00000A2F - 00000A35 (0x7 bytes), align: 0
  Segment part 43.            Intra module refs:   main
           ENTRY                   ADDRESS         REF BY
           =====                   =======         ======
           UARTSEND                00000A2F 
    -------------------------------------------------------------------------
NEAR_Z
  Relative segment, address: DATA 00000A36 - 00000A3E (0x9 bytes), align: 0
  Segment part 44.
           ENTRY                   ADDRESS         REF BY
           =====                   =======         ======
           TimerUSART0             00000A36        IntHandler_TX_USART0 (UsartInt)
    -------------------------------------------------------------------------
NEAR_Z
  Relative segment, address: DATA 00000A3F - 00000A47 (0x9 bytes), align: 0
  Segment part 45.
           ENTRY                   ADDRESS         REF BY
           =====                   =======         ======
           TimerUSART1             00000A3F        IntHandler_TX_USART1 (UsartInt)
    -------------------------------------------------------------------------
CODE
  Relative segment, address: CODE 00000942 - 000009AB (0x6a bytes), align: 1
  Segment part 50.
           ENTRY                   ADDRESS         REF BY
           =====                   =======         ======
           main                    00000942        ?cstartup_call_main (?C_STARTUP)
               calls direct
    -------------------------------------------------------------------------
NEAR_ID
  Relative segment, address: CODE 000027F0 - 000027F6 (0x7 bytes), align: 0
  Segment part 8.             Intra module refs:   Segment part 7
    -------------------------------------------------------------------------
NEAR_I
  Relative segment, address: DATA 0000026A - 00000270 (0x7 bytes), align: 0
  Segment part 7.             Intra module refs:   main

    *************************************************************************

  FILE NAME : D:\S2Prog\IO\New ANSGCNV\Debug\Obj\Misc.r90
  PROGRAM MODULE, NAME : Misc

  SEGMENTS IN THE MODULE
  ======================
CODE
  Relative segment, address: CODE 000009AC - 000009B7 (0xc bytes), align: 1
  Segment part 12.
           ENTRY                   ADDRESS         REF BY
           =====                   =======         ======
           MyAddress               000009AC        ReceivePacketUart (UsartPro)
    -------------------------------------------------------------------------
CODE
  Relative segment, address: CODE 000009B8 - 00000A73 (0xbc bytes), align: 1
  Segment part 14.
           ENTRY                   ADDRESS         REF BY
           =====                   =======         ======
           Led                     000009B8        AD7715 (AD7715)
                                                   main (Main)

    *************************************************************************

  FILE NAME : D:\S2Prog\IO\New ANSGCNV\Debug\Obj\OS_Error.r90
  PROGRAM MODULE, NAME : OS_Error

  SEGMENTS IN THE MODULE
  ======================
CODE
  Relative segment, address: CODE 00000A74 - 00000A95 (0x22 bytes), align: 1
  Segment part 7.
           ENTRY                   ADDRESS         REF BY
           =====                   =======         ======
           OS_Error                00000A74        OS_CreateTask_R (OS_CreateTask)
                                                   _CheckDelays (OSKERN)

    *************************************************************************

  FILE NAME : D:\S2Prog\IO\New ANSGCNV\Debug\Obj\RS485.r90
  PROGRAM MODULE, NAME : RS485

  SEGMENTS IN THE MODULE
  ======================

    *************************************************************************

  FILE NAME : D:\S2Prog\IO\New ANSGCNV\Lib\rtos3S_R.r90
  LIBRARY MODULE, NAME : OS_ASM

  SEGMENTS IN THE MODULE
  ======================
CSTACK
  Relative segment, address: DATA 00000100, align: 1
  Segment part 0. ROOT 
    -------------------------------------------------------------------------
RSTACK
  Relative segment, address: DATA 00000164, align: 1
  Segment part 1. ROOT 
    -------------------------------------------------------------------------
CODE
  Relative segment, address: CODE 00000A96, align: 1
  Segment part 2. ROOT 
    -------------------------------------------------------------------------
NEAR_Z
  Relative segment, address: DATA 00000A48, align: 1
  Segment part 3. ROOT 
    -------------------------------------------------------------------------
NEAR_Z
  Relative segment, address: DATA 00000A48, align: 1
  Segment part 4. ROOT 
    -------------------------------------------------------------------------
CODE
  Relative segment, address: CODE 00000A96 - 00000C13 (0x17e bytes), align: 1
  Segment part 5. ROOT 
           ENTRY                   ADDRESS         REF BY
           =====                   =======         ======
           OS_SwitchFromInt        00000B40        Segment part 4 (OS_CALLISR)
           OS_Switch               00000A9E        OS_Deactivated (OSKERN)
                                                   OS_LeaveRegion (OSKERN)
                                                   OS_MakeTaskReady (OSKERN)
           OS_StartASM             00000ADE        main (Main)
           OS_SwitchAfterISR_AVR   00000B96 
           OS_EnableInterrupts     00000C0C 
           OS_DisableInterrupts    00000C10 
           OS_StartTask            00000A96        OS_CreateTask_R (OS_CreateTask)

    -------------------------------------------------------------------------
  LIBRARY MODULE, NAME : OS_DEFSTACK

  SEGMENTS IN THE MODULE
  ======================
CSTACK
  Relative segment, address: DATA 00000100, align: 1
  Segment part 0. ROOT 
    -------------------------------------------------------------------------
RSTACK
  Relative segment, address: DATA 00000164, align: 1
  Segment part 1. ROOT 
    -------------------------------------------------------------------------
CODE
  Relative segment, address: CODE 00000C14 - 00000C6F (0x5c bytes), align: 1
  Segment part 2. ROOT 
           ENTRY                   ADDRESS         REF BY
           =====                   =======         ======
           OS__EnterIntStack       00000C14        IntHandler_INT0 (ExtInt)
                                                   IntHandler_RX_USART0 (UsartInt)
                                                   IntHandler_RX_USART1 (UsartInt)
                                                   IntHandler_TX_USART0 (UsartInt)
                                                   IntHandler_TX_USART1 (UsartInt)
                                                   IntHandler_UDRE_USART0 (UsartInt)
                                                   IntHandler_UDRE_USART1 (UsartInt)
                                                   Segment part 4 (OS_CALLISR)
           OS__LeaveIntStack       00000C4C        IntHandler_INT0 (ExtInt)
                                                   IntHandler_RX_USART0 (UsartInt)
                                                   IntHandler_RX_USART1 (UsartInt)
                                                   IntHandler_TX_USART0 (UsartInt)
                                                   IntHandler_TX_USART1 (UsartInt)
                                                   IntHandler_UDRE_USART0 (UsartInt)
                                                   IntHandler_UDRE_USART1 (UsartInt)
                                                   Segment part 4 (OS_CALLISR)

    -------------------------------------------------------------------------
  PROGRAM MODULE, NAME : OS_CreateTask

  SEGMENTS IN THE MODULE
  ======================
CODE
  Relative segment, address: CODE 00000C70 - 00000D85 (0x116 bytes), align: 1
  Segment part 5.
           ENTRY                   ADDRESS         REF BY
           =====                   =======         ======
           OS_CreateTask_R         00000C70        main (Main)
               calls direct
               CSTACK = 00000000 ( 0000000F )
               RSTACK = 00000000 ( 00000002 )
    -------------------------------------------------------------------------
NEAR_Z
  Relative segment, address: DATA 00000A48 - 00000A48 (0x1 bytes), align: 0
  Segment part 3.             Intra module refs:   OS_CreateTask_R

    -------------------------------------------------------------------------
  PROGRAM MODULE, NAME : OS_DeactivateTV

  SEGMENTS IN THE MODULE
  ======================
CODE
  Relative segment, address: CODE 00000D86 - 00000DAB (0x26 bytes), align: 1
  Segment part 3.
           ENTRY                   ADDRESS         REF BY
           =====                   =======         ======
           OS_DeactivateTimedV     00000D86        OS_WaitEventTimed (OSEVENT)
               calls direct
               RSTACK = 00000000 ( 00000002 )

    -------------------------------------------------------------------------
  PROGRAM MODULE, NAME : OS_GetNumTasks

  SEGMENTS IN THE MODULE
  ======================
CODE
  Relative segment, address: CODE 00000DAC - 00000DE5 (0x3a bytes), align: 1
  Segment part 3.
           ENTRY                   ADDRESS         REF BY
           =====                   =======         ======
           OS_GetNumTasks          00000DAC        _CheckDelays (OSKERN)
               calls direct
               CSTACK = 00000000 ( 00000002 )
               RSTACK = 00000000 ( 00000002 )

    -------------------------------------------------------------------------
  PROGRAM MODULE, NAME : OS_TICK_Handle

  SEGMENTS IN THE MODULE
  ======================
CODE
  Relative segment, address: CODE 00000DE6 - 00000E69 (0x84 bytes), align: 1
  Segment part 3.
           ENTRY                   ADDRESS         REF BY
           =====                   =======         ======
           OS_TICK_Handle          00000DE6        OS_ISR_Tick_Handler (rtosinit)
               calls direct and indirect
               CSTACK = 00000000 ( 00000002 )
               RSTACK = 00000000 ( 00000002 )

    -------------------------------------------------------------------------
  PROGRAM MODULE, NAME : OS_Wait

  SEGMENTS IN THE MODULE
  ======================
CODE
  Relative segment, address: CODE 00000E6A - 00000E9D (0x34 bytes), align: 1
  Segment part 3.
           ENTRY                   ADDRESS         REF BY
           =====                   =======         ======
           OS_ClearWaitObj         00000E6A        _Unuse (OSRSEM)
               calls direct
               CSTACK = 00000000 ( 00000002 )
               RSTACK = 00000000 ( 00000002 )

    -------------------------------------------------------------------------
  PROGRAM MODULE, NAME : OSEVENCL

  SEGMENTS IN THE MODULE
  ======================
CODE
  Relative segment, address: CODE 00000E9E - 00000EC5 (0x28 bytes), align: 1
  Segment part 3.
           ENTRY                   ADDRESS         REF BY
           =====                   =======         ======
           OS_ClearEvents          00000E9E        CalibrateAD7715 (AD7715)
                                                   ReadADC (AD7715)
               RSTACK = 00000000 ( 00000002 )

    -------------------------------------------------------------------------
  PROGRAM MODULE, NAME : OSEVENS

  SEGMENTS IN THE MODULE
  ======================
CODE
  Relative segment, address: CODE 00000EC6 - 00000EF3 (0x2e bytes), align: 1
  Segment part 3.
           ENTRY                   ADDRESS         REF BY
           =====                   =======         ======
           OS_SignalEvent          00000EC6        IntHandler_INT1 (ExtInt)
                                                   ReceivePacketUart (UsartPro)
               calls direct
               RSTACK = 00000000 ( 00000002 )

    -------------------------------------------------------------------------
  PROGRAM MODULE, NAME : OSEVENT

  SEGMENTS IN THE MODULE
  ======================
CODE
  Relative segment, address: CODE 00000EF4 - 00000F4D (0x5a bytes), align: 1
  Segment part 3.
           ENTRY                   ADDRESS         REF BY
           =====                   =======         ======
           OS_WaitEventTimed       00000EF4        CalibrateAD7715 (AD7715)
                                                   ReadADC (AD7715)
               calls direct
               CSTACK = 00000000 ( 00000003 )
               RSTACK = 00000000 ( 00000002 )

    -------------------------------------------------------------------------
  PROGRAM MODULE, NAME : OSGLOBAL

  SEGMENTS IN THE MODULE
  ======================
NEAR_Z
  Relative segment, address: DATA 00000A49 - 00000A49 (0x1 bytes), align: 0
  Segment part 6.
           ENTRY                   ADDRESS         REF BY
           =====                   =======         ======
           OS_Status               00000A49        OS_Error (OS_Error)
    -------------------------------------------------------------------------
NEAR_Z
  Relative segment, address: DATA 00000A4A - 00000A4A (0x1 bytes), align: 0
  Segment part 8.
           ENTRY                   ADDRESS         REF BY
           =====                   =======         ======
           OS_Running              00000A4A        main (Main)
    -------------------------------------------------------------------------
NEAR_Z
  Relative segment, address: DATA 00000A4B - 00000A4B (0x1 bytes), align: 0
  Segment part 9.
           ENTRY                   ADDRESS         REF BY
           =====                   =======         ======
           OS_InitialSuspendCnt    00000A4B        OS_CreateTask_R (OS_CreateTask)
    -------------------------------------------------------------------------
NEAR_Z
  Relative segment, address: DATA 00000A4C - 00000A4D (0x2 bytes), align: 0
  Segment part 13.
           ENTRY                   ADDRESS         REF BY
           =====                   =======         ======
           OS_pRSema               00000A4C        OS_CreateRSema (OSRSEM)
                                                   _OS_RSema_OnTerminate (OSRSEM)
    -------------------------------------------------------------------------
NEAR_Z
  Relative segment, address: DATA 00000A4E - 00000A4F (0x2 bytes), align: 0
  Segment part 16.
           ENTRY                   ADDRESS         REF BY
           =====                   =======         ======
           OS_pTickHook            00000A4E        OS_TICK_Handle (OS_TICK_Handle)
    -------------------------------------------------------------------------
NEAR_I
  Relative segment, address: DATA 00000271 - 0000028A (0x1a bytes), align: 0
  Segment part 17.
           ENTRY                   ADDRESS         REF BY
           =====                   =======         ======
           OS_Global               00000271        AD7715 (AD7715)
                                                   CalibrateAD7715 (AD7715)
                                                   EnableChannelSns (AD7715)
                                                   IntHandler_INT0 (ExtInt)
                                                   IntHandler_RX_USART0 (UsartInt)
                                                   IntHandler_RX_USART1 (UsartInt)
                                                   IntHandler_TX_USART0 (UsartInt)
                                                   IntHandler_TX_USART1 (UsartInt)
                                                   IntHandler_UDRE_USART0 (UsartInt)
                                                   IntHandler_UDRE_USART1 (UsartInt)
                                                   Led (Misc)
                                                   OS_ChangeTask (OSKERN)
                                                   OS_ClearEvents (OSEVENCL)
                                                   OS_ClearWaitObj (OS_Wait)
                                                   OS_CreateRSema (OSRSEM)
                                                   OS_DeactivateTimedV (OS_DeactivateTV)
                                                   OS_Deactivated (OSKERN)
                                                   OS_DecRegionCnt (OSKERN)
                                                   OS_DelayUntil (OSKERN)
                                                   OS_Error (OS_Error)
                                                   OS_GetNumTasks (OS_GetNumTasks)
                                                   OS_GetTime32 (OSKERN)
                                                   OS_InitKern (OSKERN)
                                                   OS_InsertTask (OSKERN)
                                                   OS_LeaveRegion (OSKERN)
                                                   OS_MakeTaskReady (OSKERN)
                                                   OS_RestoreI (OSKERN)
                                                   OS_SignalEvent (OSEVENS)
                                                   OS_StopTimer (OSTIME)
                                                   OS_TICK_Handle (OS_TICK_Handle)
                                                   OS_WaitEventTimed (OSEVENT)
                                                   OS__Gettime (OS_PRIV)
                                                   ReadAdByte (AD7715)
                                                   Segment part 4 (OS_CALLISR)
                                                   Segment part 5 (OS_ASM)
                                                   SetSupplyCurrentHi (AD7715)
                                                   SetSupplyCurrentLo (AD7715)
                                                   WriteAdByte (AD7715)
                                                   _OS_DoRR (OSKERN)
                                                   _RemoveTimerFromList (OSTIME)
                                                   _Unuse (OSRSEM)
    -------------------------------------------------------------------------
NEAR_ID
  Relative segment, address: CODE 000027F7 - 00002810 (0x1a bytes), align: 0
  Segment part 18.            Intra module refs:   OS_Global

    -------------------------------------------------------------------------
  PROGRAM MODULE, NAME : OSKERN

  SEGMENTS IN THE MODULE
  ======================
CODE
  Relative segment, address: CODE 00000F4E - 0000101D (0xd0 bytes), align: 1
  Segment part 3.             Intra module refs:   OS_ChangeTask
           LOCAL                   ADDRESS         
           =====                   =======         
           _OS_DoRR                00000F4E 
               RSTACK = 00000000 ( 00000002 )
    -------------------------------------------------------------------------
CODE
  Relative segment, address: CODE 0000101E - 0000112D (0x110 bytes), align: 1
  Segment part 4.             Intra module refs:   OS_ChangeTask
           LOCAL                   ADDRESS         
           =====                   =======         
           _CheckDelays            0000101E 
               calls direct and indirect
               CSTACK = 00000000 ( 00000004 )
               RSTACK = 00000000 ( 00000002 )
    -------------------------------------------------------------------------
CODE
  Relative segment, address: CODE 0000112E - 0000131F (0x1f2 bytes), align: 1
  Segment part 5.
           ENTRY                   ADDRESS         REF BY
           =====                   =======         ======
           OS_ChangeTask           0000112E        Segment part 5 (OS_ASM)
               calls direct and indirect
               CSTACK = 00000000 ( 00000007 )
               RSTACK = 00000000 ( 00000002 )
    -------------------------------------------------------------------------
CODE
  Relative segment, address: CODE 00001320 - 0000132B (0xc bytes), align: 1
  Segment part 6.
           ENTRY                   ADDRESS         REF BY
           =====                   =======         ======
           OS_RestoreI             00001320        Segment part 4 (OS_CALLISR)
               RSTACK = 00000000 ( 00000002 )
    -------------------------------------------------------------------------
CODE
  Relative segment, address: CODE 0000132C - 00001371 (0x46 bytes), align: 1
  Segment part 7.             Intra module refs:   OS_InsertTask
           ENTRY                   ADDRESS         REF BY
           =====                   =======         ======
           OS_LeaveRegion          0000132C        OS_GetNumTasks (OS_GetNumTasks)
                                                   _Unuse (OSRSEM)
               calls direct
               RSTACK = 00000000 ( 00000002 )
    -------------------------------------------------------------------------
CODE
  Relative segment, address: CODE 00001372 - 00001447 (0xd6 bytes), align: 1
  Segment part 9.             Intra module refs:   OS_ChangeTask
                                                   OS_InsertTask
                                                   _CheckDelays
           ENTRY                   ADDRESS         REF BY
           =====                   =======         ======
           OS_MakeTaskReady        00001372        OS_ClearWaitObj (OS_Wait)
                                                   OS_SignalEvent (OSEVENS)
               calls direct
               CSTACK = 00000000 ( 00000002 )
               RSTACK = 00000000 ( 00000002 )
    -------------------------------------------------------------------------
CODE
  Relative segment, address: CODE 00001448 - 000014D7 (0x90 bytes), align: 1
  Segment part 11.
           ENTRY                   ADDRESS         REF BY
           =====                   =======         ======
           OS_InsertTask           00001448        OS_CreateTask_R (OS_CreateTask)
[...]
CODE
  Relative segment, address: CODE 000022F6 - 0000230F (0x1a bytes), align: 1
  Segment part 16.            Intra module refs:   ?F_MUL_L04
    -------------------------------------------------------------------------
CODE
  Relative segment, address: CODE 00002310 - 000023D9 (0xca bytes), align: 1
  Segment part 17.
           ENTRY                   ADDRESS         REF BY
           =====                   =======         ======
           ?F_MUL_L04              00002310        ReadADC (AD7715)
    -------------------------------------------------------------------------
CODE
  Relative segment, address: CODE 000023DA - 000024DD (0x104 bytes), align: 1
  Segment part 22.
           ENTRY                   ADDRESS         REF BY
           =====                   =======         ======
           ?F_DIV_L04              000023FA        ReadADC (AD7715)
                                                   ReadADConverter (AD7715)

    -------------------------------------------------------------------------
  LIBRARY MODULE, NAME : ?xV_SWITCH_L06

  SEGMENTS IN THE MODULE
  ======================
CODE
  Relative segment, address: CODE 000024DE - 000024DF (0x2 bytes), align: 1
  Segment part 1.             Intra module refs:   ?SV_SWITCH_L06
           LOCAL                   ADDRESS         
           =====                   =======         
           GET_INFO_S              000024DE 
    -------------------------------------------------------------------------
CODE
  Relative segment, address: CODE 000024E0 - 000024EB (0xc bytes), align: 1
  Segment part 2.             Intra module refs:   GET_INFO_S
           LOCAL                   ADDRESS         
           =====                   =======         
           GET_INFO_C              000024E0 
    -------------------------------------------------------------------------
CODE
  Relative segment, address: CODE 000024EC - 000024F1 (0x6 bytes), align: 1
  Segment part 4.
           ENTRY                   ADDRESS         REF BY
           =====                   =======         ======
           ?SV_SWITCH_L06          000024EC        ReadADConverter (AD7715)
    -------------------------------------------------------------------------
CODE
  Relative segment, address: CODE 000024F2 - 000024F7 (0x6 bytes), align: 1
  Segment part 5.             Intra module refs:   ?SV_SWITCH_L06
           LOCAL                   ADDRESS         
           =====                   =======         
           P_0_S                   000024F2 
    -------------------------------------------------------------------------
CODE
  Relative segment, address: CODE 000024F8 - 00002563 (0x6c bytes), align: 1
  Segment part 7.             Intra module refs:   P_0_S
           LOCAL                   ADDRESS         
           =====                   =======         
           CHECK_LOW_LIMIT         000024F8 

    -------------------------------------------------------------------------
  LIBRARY MODULE, NAME : ?PROLOGUE_L09

  SEGMENTS IN THE MODULE
  ======================
CODE
  Relative segment, address: CODE 00002564 - 00002565 (0x2 bytes), align: 1
  Segment part 8.
           ENTRY                   ADDRESS         REF BY
           =====                   =======         ======
           ?PROLOGUE8_L09          00002564        CalibrateAD7715 (AD7715)
                                                   ReadADC (AD7715)
    -------------------------------------------------------------------------
CODE
  Relative segment, address: CODE 00002566 - 00002567 (0x2 bytes), align: 1
  Segment part 9.             Intra module refs:   ?PROLOGUE8_L09
           ENTRY                   ADDRESS         REF BY
           =====                   =======         ======
           ?PROLOGUE7_L09          00002566        ReadADConverter (AD7715)
    -------------------------------------------------------------------------
CODE
  Relative segment, address: CODE 00002568 - 00002569 (0x2 bytes), align: 1
  Segment part 10.            Intra module refs:   ?PROLOGUE7_L09
           ENTRY                   ADDRESS         REF BY
           =====                   =======         ======
           ?PROLOGUE6_L09          00002568 
    -------------------------------------------------------------------------
CODE
  Relative segment, address: CODE 0000256A - 0000256B (0x2 bytes), align: 1
  Segment part 11.            Intra module refs:   ?PROLOGUE6_L09
           ENTRY                   ADDRESS         REF BY
           =====                   =======         ======
           ?PROLOGUE5_L09          0000256A 
    -------------------------------------------------------------------------
CODE
  Relative segment, address: CODE 0000256C - 0000256D (0x2 bytes), align: 1
  Segment part 12.            Intra module refs:   ?PROLOGUE5_L09
           ENTRY                   ADDRESS         REF BY
           =====                   =======         ======
           ?PROLOGUE4_L09          0000256C        CalcDSRxChecksum (UsartPro)
                                                   PrepareForTempReading (AD7715)
                                                   ReceivePacketUart (UsartPro)
    -------------------------------------------------------------------------
CODE
  Relative segment, address: CODE 0000256E - 0000256F (0x2 bytes), align: 1
  Segment part 13.            Intra module refs:   ?PROLOGUE4_L09
           ENTRY                   ADDRESS         REF BY
           =====                   =======         ======
           ?PROLOGUE3_L09          0000256E 
    -------------------------------------------------------------------------
CODE
  Relative segment, address: CODE 00002570 - 00002571 (0x2 bytes), align: 1
  Segment part 14.            Intra module refs:   ?PROLOGUE3_L09
           ENTRY                   ADDRESS         REF BY
           =====                   =======         ======
           ?PROLOGUE2_L09          00002570 
    -------------------------------------------------------------------------
CODE
  Relative segment, address: CODE 00002572 - 00002573 (0x2 bytes), align: 1
  Segment part 15.            Intra module refs:   ?PROLOGUE2_L09
           ENTRY                   ADDRESS         REF BY
           =====                   =======         ======
           ?PROLOGUE1_L09          00002572 
    -------------------------------------------------------------------------
CODE
  Relative segment, address: CODE 00002574 - 00002575 (0x2 bytes), align: 1
  Segment part 16.            Intra module refs:   ?PROLOGUE1_L09

    -------------------------------------------------------------------------
  LIBRARY MODULE, NAME : ?EPILOGUE_B_L09

  SEGMENTS IN THE MODULE
  ======================
CODE
  Relative segment, address: CODE 00002576 - 00002577 (0x2 bytes), align: 1
  Segment part 8.
           ENTRY                   ADDRESS         REF BY
           =====                   =======         ======
           ?EPILOGUE_B8_L09        00002576        CalibrateAD7715 (AD7715)
                                                   ReadADC (AD7715)
    -------------------------------------------------------------------------
CODE
  Relative segment, address: CODE 00002578 - 00002579 (0x2 bytes), align: 1
  Segment part 9.             Intra module refs:   ?EPILOGUE_B8_L09
           ENTRY                   ADDRESS         REF BY
           =====                   =======         ======
           ?EPILOGUE_B7_L09        00002578        ReadADConverter (AD7715)
    -------------------------------------------------------------------------
CODE
  Relative segment, address: CODE 0000257A - 0000257B (0x2 bytes), align: 1
  Segment part 10.            Intra module refs:   ?EPILOGUE_B7_L09
           ENTRY                   ADDRESS         REF BY
           =====                   =======         ======
           ?EPILOGUE_B6_L09        0000257A 
    -------------------------------------------------------------------------
CODE
  Relative segment, address: CODE 0000257C - 0000257D (0x2 bytes), align: 1
  Segment part 11.            Intra module refs:   ?EPILOGUE_B6_L09
           ENTRY                   ADDRESS         REF BY
           =====                   =======         ======
           ?EPILOGUE_B5_L09        0000257C 
    -------------------------------------------------------------------------
CODE
  Relative segment, address: CODE 0000257E - 0000257F (0x2 bytes), align: 1
  Segment part 12.            Intra module refs:   ?EPILOGUE_B5_L09
           ENTRY                   ADDRESS         REF BY
           =====                   =======         ======
           ?EPILOGUE_B4_L09        0000257E        CalcDSRxChecksum (UsartPro)
                                                   PrepareForTempReading (AD7715)
                                                   ReceivePacketUart (UsartPro)
    -------------------------------------------------------------------------
CODE
  Relative segment, address: CODE 00002580 - 00002581 (0x2 bytes), align: 1
  Segment part 13.            Intra module refs:   ?EPILOGUE_B4_L09
           ENTRY                   ADDRESS         REF BY
           =====                   =======         ======
           ?EPILOGUE_B3_L09        00002580 
    -------------------------------------------------------------------------
CODE
  Relative segment, address: CODE 00002582 - 00002583 (0x2 bytes), align: 1
  Segment part 14.            Intra module refs:   ?EPILOGUE_B3_L09
           ENTRY                   ADDRESS         REF BY
           =====                   =======         ======
           ?EPILOGUE_B2_L09        00002582 
    -------------------------------------------------------------------------
CODE
  Relative segment, address: CODE 00002584 - 00002585 (0x2 bytes), align: 1
  Segment part 15.            Intra module refs:   ?EPILOGUE_B2_L09
           ENTRY                   ADDRESS         REF BY
           =====                   =======         ======
           ?EPILOGUE_B1_L09        00002584 
    -------------------------------------------------------------------------
CODE
  Relative segment, address: CODE 00002586 - 0000258F (0xa bytes), align: 1
  Segment part 16.            Intra module refs:   ?EPILOGUE_B1_L09
           ENTRY                   ADDRESS         REF BY
           =====                   =======         ======
           ?EPILOGUE_B0_L09        00002586 

    -------------------------------------------------------------------------
  LIBRARY MODULE, NAME : ?REGISTER_CGREGR4_L10

  SEGMENTS IN THE MODULE
  ======================
CODE
  Relative segment, address: CODE 00002590, align: 1
  Segment part 0.
           ENTRY                   ADDRESS         REF BY
           =====                   =======         ======
           ?Register_R4_is_cg_reg
                                   00002590        CalibrateAD7715 (AD7715)
                                                   OS_ChangeTask (OSKERN)
                                                   OS_CreateTask_R (OS_CreateTask)
                                                   ReadADC (AD7715)
                                                   ReadADConverter (AD7715)

    -------------------------------------------------------------------------
  LIBRARY MODULE, NAME : ?REGISTER_CGREGR5_L10

  SEGMENTS IN THE MODULE
  ======================
CODE
  Relative segment, address: CODE 00002590, align: 1
  Segment part 0.
           ENTRY                   ADDRESS         REF BY
           =====                   =======         ======
           ?Register_R5_is_cg_reg
                                   00002590        CalibrateAD7715 (AD7715)
                                                   OS_ChangeTask (OSKERN)
                                                   OS_CreateTask_R (OS_CreateTask)
                                                   ReadADC (AD7715)
                                                   ReadADConverter (AD7715)

    -------------------------------------------------------------------------
  LIBRARY MODULE, NAME : ?REGISTER_CGREGR6_L10

  SEGMENTS IN THE MODULE
  ======================
CODE
  Relative segment, address: CODE 00002590, align: 1
  Segment part 0.
           ENTRY                   ADDRESS         REF BY
           =====                   =======         ======
           ?Register_R6_is_cg_reg
                                   00002590        CalibrateAD7715 (AD7715)
                                                   OS_ChangeTask (OSKERN)
                                                   OS_CreateTask_R (OS_CreateTask)
                                                   ReadADC (AD7715)
                                                   ReadADConverter (AD7715)

    -------------------------------------------------------------------------
  LIBRARY MODULE, NAME : ?REGISTER_CGREGR7_L10

  SEGMENTS IN THE MODULE
  ======================
CODE
  Relative segment, address: CODE 00002590, align: 1
  Segment part 0.
           ENTRY                   ADDRESS         REF BY
           =====                   =======         ======
           ?Register_R7_is_cg_reg
                                   00002590        CalibrateAD7715 (AD7715)
                                                   OS_CreateTask_R (OS_CreateTask)
                                                   ReadADC (AD7715)

    -------------------------------------------------------------------------
  LIBRARY MODULE, NAME : ?REGISTER_CGREGR8_L10

  SEGMENTS IN THE MODULE
  ======================
CODE
  Relative segment, address: CODE 00002590, align: 1
  Segment part 0.
           ENTRY                   ADDRESS         REF BY
           =====                   =======         ======
           ?Register_R8_is_cg_reg
                                   00002590        OS_CreateTask_R (OS_CreateTask)

    -------------------------------------------------------------------------
  LIBRARY MODULE, NAME : ?low_level_init

  SEGMENTS IN THE MODULE
  ======================
CODE
  Relative segment, address: CODE 00002590 - 00002593 (0x4 bytes), align: 1
  Segment part 3.
           ENTRY                   ADDRESS         REF BY
           =====                   =======         ======
           __low_level_init        00002590        ?call_low_level_init (?C_STARTUP)

    -------------------------------------------------------------------------
  LIBRARY MODULE, NAME : ?memset

  SEGMENTS IN THE MODULE
  ======================
CODE
  Relative segment, address: CODE 00002594 - 000025A5 (0x12 bytes), align: 1
  Segment part 3.
           ENTRY                   ADDRESS         REF BY
           =====                   =======         ======
           memset                  00002594        OS_CreateRSema (OSRSEM)
                                                   OS_CreateTask_R (OS_CreateTask)

    -------------------------------------------------------------------------
  LIBRARY MODULE, NAME : ?segment_init

  SEGMENTS IN THE MODULE
  ======================
CODE
  Relative segment, address: CODE 000025A6 - 000025B1 (0xc bytes), align: 1
  Segment part 3.             Intra module refs:   __segment_init
           LOCAL                   ADDRESS         
           =====                   =======         
           __memclr                000025A6 
    -------------------------------------------------------------------------
CODE
  Relative segment, address: CODE 000025B2 - 000025C5 (0x14 bytes), align: 1
  Segment part 4.             Intra module refs:   __segment_init
           LOCAL                   ADDRESS         
           =====                   =======         
           __flashcpy              000025B2 
    -------------------------------------------------------------------------
CODE
  Relative segment, address: CODE 000025C6 - 0000261B (0x56 bytes), align: 1
  Segment part 5.
           ENTRY                   ADDRESS         REF BY
           =====                   =======         ======
           __segment_init          000025C6        ?need_segment_init (?C_STARTUP)
               calls direct

    *************************************************************************

  DEFINED ABSOLUTE ENTRIES
  PROGRAM MODULE, NAME : ?FILLER_BYTES

  SEGMENTS IN THE MODULE
  ======================
INTVEC
  Common segment, address: CODE 00000000 - 00000083 (0x84 bytes), align: 0
  Segment part 1.
    -------------------------------------------------------------------------
?FILL1
  Relative segment, address: CODE 00000084 - 0000008B (0x8 bytes), align: 0
  Segment part 0.




                ****************************************
                *                                      *
                *      SEGMENTS IN ADDRESS ORDER       *
                *                                      *
                ****************************************


SEGMENT              SPACE    START ADDRESS   END ADDRESS     SIZE  TYPE  ALIGN
=======              =====    =============   ===========     ====  ====  =====
INTVEC               CODE          00000000 - 00000083          84   com    1
?FILL1               CODE          00000084 - 0000008B           8   rel    0
SWITCH               CODE          0000008C - 000000AF          24   rel    1
CODE                 CODE          000000B0 - 0000261B        256C   rel    1
<FAR_F> 1            CODE          0000261C - 0000271B         100   rel    0
INITTAB              CODE          0000271C - 00002729           E   rel    0
NEAR_ID              CODE          0000272A - 00002811          E8   rel    0
ABSOLUTE             DATA               0000001C                     rel    0
                     DATA               0000001D                   
                     DATA               0000001E                   
                     DATA               0000001F                   
                     DATA          00000022 - 00000023           2 
                     DATA          00000026 - 00000027           2 
                     DATA          00000029 - 0000002C           4 
                     DATA          00000030 - 00000032           3 
                     DATA          00000034 - 00000035           2 
                     DATA          00000037 - 00000038           2 
                     DATA          0000003A - 0000003F           6 
                     DATA          00000041 - 00000041           1 
                     DATA          0000004A - 0000004F           6 
                     DATA          00000051 - 00000051           1 
                     DATA          00000053 - 00000057           5 
                     DATA          00000059 - 0000005A           2 
                     DATA          0000005F - 0000005F           1 
                     DATA          00000061 - 00000062           2 
                     DATA          00000064 - 00000065           2 
                     DATA          0000006A - 0000006A           1 
                     DATA          00000090 - 00000090           1 
                     DATA          00000095 - 00000095           1 
                     DATA          00000098 - 0000009D           6 
CSTACK               DATA          00000100 - 00000163          64   rel    1
RSTACK               DATA          00000164 - 000001A3          40   rel    1
NEAR_I               DATA          000001A4 - 0000028B          E8   rel    0
NEAR_Z               DATA          0000028C - 00000A57         7CC   rel    1

                ****************************************
                *                                      *
                *        END OF CROSS REFERENCE        *
                *                                      *
                ****************************************

 10 250 bytes of CODE memory (+             8 range fill )
  2 392 bytes of DATA memory (+ 50 absolute )

Errors: 2
Warnings: none

