
 Start Length Name Class
 0001:00401000 00005DF40H _TEXT                  CODE
 0002:0045F000 000002F40H _DATA                  DATA
 0003:00461F40 000004E9CH _BSS                   BSS
 0004:00000000 0000000DCH _TLS                   TLS


Detailed map of segments
 0001:000002AC 0000014F C=CODE    S=_TEXT    G=(none)   M=C:\PROGRAM FILES\CODEGEAR\RAD STUDIO\5.0\LIB\C0W32.OBJ ACBP=A9
 0001:000003FB 00000131 C=CODE    S=_TEXT    G=(none)   M=C:\PROGRAM FILES\CODEGEAR\RAD STUDIO\5.0\LIB\OBJ\SYSINIT.OBJ ACBP=A9
 0001:0000052C 000003E8 C=CODE    S=_TEXT    G=(none)   M=D:\S2PROG\UTILITIES\CENTER OF FLOTATION\SRC\OBJ\CENTEROFFLOTATION.OBJ ACBP=A9
 0001:00000914 000013DC C=CODE    S=_TEXT    G=(none)   M=D:\S2PROG\UTILITIES\CENTER OF FLOTATION\SRC\OBJ\MAINUNIT.OBJ ACBP=A9
 0001:00001CF0 000032E8 C=CODE    S=_TEXT    G=(none)   M=D:\S2PROG\UTILITIES\CENTER OF FLOTATION\SRC\OBJ\CALCULATIONUNIT.OBJ ACBP=A9
 0001:00004FD8 00000038 C=CODE    S=_TEXT    G=(none)   M=C:\PROGRAM FILES\CODEGEAR\RAD STUDIO\5.0\LIB\DEBUG\RTL.LIB|WinSpool ACBP=A9
 0001:00005010 00000038 C=CODE    S=_TEXT    G=(none)   M=C:\PROGRAM FILES\CODEGEAR\RAD STUDIO\5.0\LIB\DEBUG\RTL.LIB|WinInet ACBP=A9
 0001:00005048 00000285 C=CODE    S=_TEXT    G=(none)   M=C:\PROGRAM FILES\CODEGEAR\RAD STUDIO\5.0\LIB\DEBUG\RTL.LIB|Windows ACBP=A9
 0001:000052CD 0000003B C=CODE    S=_TEXT    G=(none)   M=C:\PROGRAM FILES\CODEGEAR\RAD STUDIO\5.0\LIB\DEBUG\RTL.LIB|WideStrUtils ACBP=A9
 0001:00005308 00000BD7 C=CODE    S=_TEXT    G=(none)   M=C:\PROGRAM FILES\CODEGEAR\RAD STUDIO\5.0\LIB\DEBUG\RTL.LIB|UxTheme ACBP=A9
 0001:00005EDF 00000039 C=CODE    S=_TEXT    G=(none)   M=C:\PROGRAM FILES\CODEGEAR\RAD STUDIO\5.0\LIB\DEBUG\RTL.LIB|UrlMon ACBP=A9
 0001:00005F18 00000038 C=CODE    S=_TEXT    G=(none)   M=C:\PROGRAM FILES\CODEGEAR\RAD STUDIO\5.0\LIB\DEBUG\RTL.LIB|ShlObj ACBP=A9
 0001:00005F50 00000038 C=CODE    S=_TEXT    G=(none)   M=C:\PROGRAM FILES\CODEGEAR\RAD STUDIO\5.0\LIB\DEBUG\RTL.LIB|ShellAPI ACBP=A9
 0001:00005F88 00000038 C=CODE    S=_TEXT    G=(none)   M=C:\PROGRAM FILES\CODEGEAR\RAD STUDIO\5.0\LIB\DEBUG\RTL.LIB|RegStr ACBP=A9
 0001:00005FC0 00000783 C=CODE    S=_TEXT    G=(none)   M=C:\PROGRAM FILES\CODEGEAR\RAD STUDIO\5.0\LIB\DEBUG\RTL.LIB|MultiMon ACBP=A9
 0001:00006743 00000039 C=CODE    S=_TEXT    G=(none)   M=C:\PROGRAM FILES\CODEGEAR\RAD STUDIO\5.0\LIB\DEBUG\RTL.LIB|Messages ACBP=A9
 0001:0000677C 00000038 C=CODE    S=_TEXT    G=(none)   M=C:\PROGRAM FILES\CODEGEAR\RAD STUDIO\5.0\LIB\DEBUG\RTL.LIB|Imm ACBP=A9
 0001:000067B4 00000038 C=CODE    S=_TEXT    G=(none)   M=C:\PROGRAM FILES\CODEGEAR\RAD STUDIO\5.0\LIB\DEBUG\RTL.LIB|ImageHlp ACBP=A9
 0001:000067EC 0000031F C=CODE    S=_TEXT    G=(none)   M=C:\PROGRAM FILES\CODEGEAR\RAD STUDIO\5.0\LIB\DEBUG\RTL.LIB|FlatSB ACBP=A9
 0001:00006B0B 0000019D C=CODE    S=_TEXT    G=(none)   M=C:\PROGRAM FILES\CODEGEAR\RAD STUDIO\5.0\LIB\DEBUG\RTL.LIB|DwmApi ACBP=A9
 0001:00006CA8 00000038 C=CODE    S=_TEXT    G=(none)   M=C:\PROGRAM FILES\CODEGEAR\RAD STUDIO\5.0\LIB\DEBUG\RTL.LIB|Dlgs ACBP=A9
 0001:00006CE0 00000038 C=CODE    S=_TEXT    G=(none)   M=C:\PROGRAM FILES\CODEGEAR\RAD STUDIO\5.0\LIB\DEBUG\RTL.LIB|CommDlg ACBP=A9
 0001:00006D18 00000038 C=CODE    S=_TEXT    G=(none)   M=C:\PROGRAM FILES\CODEGEAR\RAD STUDIO\5.0\LIB\DEBUG\RTL.LIB|CommCtrl ACBP=A9
 0001:00006D50 00000038 C=CODE    S=_TEXT    G=(none)   M=C:\PROGRAM FILES\CODEGEAR\RAD STUDIO\5.0\LIB\DEBUG\RTL.LIB|ActiveX ACBP=A9
 0001:00006D88 0000126C C=CODE    S=_TEXT    G=(none)   M=C:\PROGRAM FILES\CODEGEAR\RAD STUDIO\5.0\LIB\DEBUG\RTL.LIB|HelpIntfs ACBP=A9
 0001:00007FF4 00009D02 C=CODE    S=_TEXT    G=(none)   M=C:\PROGRAM FILES\CODEGEAR\RAD STUDIO\5.0\LIB\DEBUG\RTL.LIB|Classes ACBP=A9
 0001:00011CF6 00000892 C=CODE    S=_TEXT    G=(none)   M=C:\PROGRAM FILES\CODEGEAR\RAD STUDIO\5.0\LIB\DEBUG\RTL.LIB|TypInfo ACBP=A9
 0001:00012588 00000038 C=CODE    S=_TEXT    G=(none)   M=C:\PROGRAM FILES\CODEGEAR\RAD STUDIO\5.0\LIB\DEBUG\RTL.LIB|StrUtils ACBP=A9
 0001:000125C0 000005D0 C=CODE    S=_TEXT    G=(none)   M=C:\PROGRAM FILES\CODEGEAR\RAD STUDIO\5.0\LIB\DEBUG\RTL.LIB|Registry ACBP=A9
 0001:00012B90 00000038 C=CODE    S=_TEXT    G=(none)   M=C:\PROGRAM FILES\CODEGEAR\RAD STUDIO\5.0\LIB\DEBUG\RTL.LIB|Math ACBP=A9
 0001:00012BC8 00000068 C=CODE    S=_TEXT    G=(none)   M=C:\PROGRAM FILES\CODEGEAR\RAD STUDIO\5.0\LIB\DEBUG\RTL.LIB|IniFiles ACBP=A9
 0001:00012C30 000001CC C=CODE    S=_TEXT    G=(none)   M=C:\PROGRAM FILES\CODEGEAR\RAD STUDIO\5.0\LIB\DEBUG\RTL.LIB|Contnrs ACBP=A9
 0001:00012DFC 00000130 C=CODE    S=_TEXT    G=(none)   M=C:\PROGRAM FILES\CODEGEAR\RAD STUDIO\5.0\LIB\DEBUG\RTL.LIB|RTLConsts ACBP=A9
 0001:00012F2C 00000090 C=CODE    S=_TEXT    G=(none)   M=C:\PROGRAM FILES\CODEGEAR\RAD STUDIO\5.0\LIB\DEBUG\RTL.LIB|Types ACBP=A9
 0001:00012FBC 000001A4 C=CODE    S=_TEXT    G=(none)   M=C:\PROGRAM FILES\CODEGEAR\RAD STUDIO\5.0\LIB\DEBUG\RTL.LIB|SyncObjs ACBP=A9
 0001:00013160 000068B4 C=CODE    S=_TEXT    G=(none)   M=C:\PROGRAM FILES\CODEGEAR\RAD STUDIO\5.0\LIB\DEBUG\RTL.LIB|SysUtils ACBP=A9
 0001:00019A14 00000318 C=CODE    S=_TEXT    G=(none)   M=C:\PROGRAM FILES\CODEGEAR\RAD STUDIO\5.0\LIB\DEBUG\RTL.LIB|SysConst ACBP=A9
 0001:00019D2C 000007BF C=CODE    S=_TEXT    G=(none)   M=C:\PROGRAM FILES\CODEGEAR\RAD STUDIO\5.0\LIB\DEBUG\RTL.LIB|VarUtils ACBP=A9
 0001:0001A4EB 00002A3B C=CODE    S=_TEXT    G=(none)   M=C:\PROGRAM FILES\CODEGEAR\RAD STUDIO\5.0\LIB\DEBUG\RTL.LIB|Variants ACBP=A9
 0001:0001CF26 0000528B C=CODE    S=_TEXT    G=(none)   M=C:\PROGRAM FILES\CODEGEAR\RAD STUDIO\5.0\LIB\DEBUG\RTL.LIB|System ACBP=A9
 0001:000221B1 00000B83 C=CODE    S=_TEXT    G=(none)   M=C:\PROGRAM FILES\CODEGEAR\RAD STUDIO\5.0\LIB\DEBUG\VCL.LIB|Themes ACBP=A9
 0001:00022D34 00000250 C=CODE    S=_TEXT    G=(none)   M=C:\PROGRAM FILES\CODEGEAR\RAD STUDIO\5.0\LIB\DEBUG\VCL.LIB|Consts ACBP=A9
 0001:00022F84 00000E10 C=CODE    S=_TEXT    G=(none)   M=C:\PROGRAM FILES\CODEGEAR\RAD STUDIO\5.0\LIB\DEBUG\VCL.LIB|GraphUtil ACBP=A9
 0001:00023D94 00000168 C=CODE    S=_TEXT    G=(none)   M=C:\PROGRAM FILES\CODEGEAR\RAD STUDIO\5.0\LIB\DEBUG\VCL.LIB|StdActns ACBP=A9
 0001:00023EFC 00001718 C=CODE    S=_TEXT    G=(none)   M=C:\PROGRAM FILES\CODEGEAR\RAD STUDIO\5.0\LIB\DEBUG\VCL.LIB|ImgList ACBP=A9
 0001:00025614 0000135E C=CODE    S=_TEXT    G=(none)   M=C:\PROGRAM FILES\CODEGEAR\RAD STUDIO\5.0\LIB\DEBUG\VCL.LIB|ActnList ACBP=A9
 0001:00026972 00002BAA C=CODE    S=_TEXT    G=(none)   M=C:\PROGRAM FILES\CODEGEAR\RAD STUDIO\5.0\LIB\DEBUG\VCL.LIB|StdCtrls ACBP=A9
 0001:0002951C 00000044 C=CODE    S=_TEXT    G=(none)   M=C:\PROGRAM FILES\CODEGEAR\RAD STUDIO\5.0\LIB\DEBUG\VCL.LIB|Printers ACBP=A9
 0001:00029560 00007B69 C=CODE    S=_TEXT    G=(none)   M=C:\PROGRAM FILES\CODEGEAR\RAD STUDIO\5.0\LIB\DEBUG\VCL.LIB|Menus ACBP=A9
 0001:000310C9 00007732 C=CODE    S=_TEXT    G=(none)   M=C:\PROGRAM FILES\CODEGEAR\RAD STUDIO\5.0\LIB\DEBUG\VCL.LIB|Graphics ACBP=A9
 0001:000387FB 0000FFF1 C=CODE    S=_TEXT    G=(none)   M=C:\PROGRAM FILES\CODEGEAR\RAD STUDIO\5.0\LIB\DEBUG\VCL.LIB|Forms ACBP=A9
 0001:000487EC 0000035C C=CODE    S=_TEXT    G=(none)   M=C:\PROGRAM FILES\CODEGEAR\RAD STUDIO\5.0\LIB\DEBUG\VCL.LIB|ExtCtrls ACBP=A9
 0001:00048B48 000006E1 C=CODE    S=_TEXT    G=(none)   M=C:\PROGRAM FILES\CODEGEAR\RAD STUDIO\5.0\LIB\DEBUG\VCL.LIB|Dialogs ACBP=A9
 0001:00049229 00013E72 C=CODE    S=_TEXT    G=(none)   M=C:\PROGRAM FILES\CODEGEAR\RAD STUDIO\5.0\LIB\DEBUG\VCL.LIB|Controls ACBP=A9
 0001:0005D09B 00000095 C=CODE    S=_TEXT    G=(none)   M=C:\PROGRAM FILES\CODEGEAR\RAD STUDIO\5.0\LIB\DEBUG\VCL.LIB|Clipbrd ACBP=A9
 0001:0005D130 00000028 C=CODE    S=_TEXT    G=(none)   M=C:\PROGRAM FILES\CODEGEAR\RAD STUDIO\5.0\LIB\CP32MTI.LIB|nothrow ACBP=A9
 0001:0005D158 00000044 C=CODE    S=_TEXT    G=(none)   M=C:\PROGRAM FILES\CODEGEAR\RAD STUDIO\5.0\LIB\CP32MTI.LIB|crtlvcl ACBP=A9
 0001:0005D19C 00000001 C=CODE    S=_TEXT    G=(none)   M=C:\PROGRAM FILES\CODEGEAR\RAD STUDIO\5.0\LIB\CP32MTI.LIB|vlibstub ACBP=A9
 0001:0005D19D 0000008D C=CODE    S=_TEXT    G=(none)   M=C:\PROGRAM FILES\CODEGEAR\RAD STUDIO\5.0\LIB\CP32MTI.LIB|vclshmem ACBP=A9
 0001:0005D22A 00000041 C=CODE    S=_TEXT    G=(none)   M=C:\PROGRAM FILES\CODEGEAR\RAD STUDIO\5.0\LIB\CP32MTI.LIB|syshook ACBP=A9
 0001:0005D26C 000000A3 C=CODE    S=_TEXT    G=(none)   M=C:\PROGRAM FILES\CODEGEAR\RAD STUDIO\5.0\LIB\CP32MTI.LIB|xxv ACBP=A9
 0001:0005D310 00000070 C=CODE    S=_TEXT    G=(none)   M=C:\PROGRAM FILES\CODEGEAR\RAD STUDIO\5.0\LIB\CP32MTI.LIB|xxa ACBP=A9
 0001:0005D380 00000026 C=CODE    S=_TEXT    G=(none)   M=C:\PROGRAM FILES\CODEGEAR\RAD STUDIO\5.0\LIB\CP32MTI.LIB|setargv2 ACBP=A9
 0001:0005D3A6 0000000C C=CODE    S=_TEXT    G=(none)   M=C:\PROGRAM FILES\CODEGEAR\RAD STUDIO\5.0\LIB\DEBUG\VCLE.LIB|_t_Contr ACBP=A9
 0001:0005D3AD 0000000D C=CODE    S=_TEXT    G=(none)   M=C:\PROGRAM FILES\CODEGEAR\RAD STUDIO\5.0\LIB\DEBUG\VCLE.LIB|_t_Forms ACBP=A9
 0001:0005D3B5 000001D8 C=CODE    S=_TEXT    G=(none)   M=C:\PROGRAM FILES\CODEGEAR\RAD STUDIO\5.0\LIB\DEBUG\VCLE.LIB|dstring ACBP=A9
 0001:0005D541 00000159 C=CODE    S=_TEXT    G=(none)   M=C:\PROGRAM FILES\CODEGEAR\RAD STUDIO\5.0\LIB\DEBUG\VCLE.LIB|vclinit ACBP=A9
 0001:0005D64C 00000048 C=CODE    S=_TEXT    G=(none)   M=C:\PROGRAM FILES\CODEGEAR\RAD STUDIO\5.0\LIB\DEBUG\VCLE.LIB|classcre ACBP=A9
 0002:00000000 00000098 C=DATA    S=_DATA    G=DGROUP   M=C:\PROGRAM FILES\CODEGEAR\RAD STUDIO\5.0\LIB\C0W32.OBJ ACBP=A9
 0002:00000098 00000030 C=DATA    S=_DATA    G=DGROUP   M=C:\PROGRAM FILES\CODEGEAR\RAD STUDIO\5.0\LIB\OBJ\SYSINIT.OBJ ACBP=A9
 0002:000000B8 000000F0 C=DATA    S=_DATA    G=DGROUP   M=D:\S2PROG\UTILITIES\CENTER OF FLOTATION\SRC\OBJ\CENTEROFFLOTATION.OBJ ACBP=A9
 0002:000001A8 0000037C C=DATA    S=_DATA    G=DGROUP   M=D:\S2PROG\UTILITIES\CENTER OF FLOTATION\SRC\OBJ\MAINUNIT.OBJ ACBP=A9
 0002:00000524 00000C48 C=DATA    S=_DATA    G=DGROUP   M=D:\S2PROG\UTILITIES\CENTER OF FLOTATION\SRC\OBJ\CALCULATIONUNIT.OBJ ACBP=A9
 0002:00001160 00000001 C=DATA    S=_DATA    G=DGROUP   M=C:\PROGRAM FILES\CODEGEAR\RAD STUDIO\5.0\LIB\DEBUG\RTL.LIB|Windows ACBP=A9
 0002:00001160 00000003 C=DATA    S=_DATA    G=DGROUP   M=C:\PROGRAM FILES\CODEGEAR\RAD STUDIO\5.0\LIB\DEBUG\RTL.LIB|WideStrUtils ACBP=A9
 0002:00001160 00000010 C=DATA    S=_DATA    G=DGROUP   M=C:\PROGRAM FILES\CODEGEAR\RAD STUDIO\5.0\LIB\DEBUG\RTL.LIB|UrlMon ACBP=A9
 0002:00001160 00000010 C=DATA    S=_DATA    G=DGROUP   M=C:\PROGRAM FILES\CODEGEAR\RAD STUDIO\5.0\LIB\DEBUG\RTL.LIB|ShlObj ACBP=A9
 0002:00001160 00000010 C=DATA    S=_DATA    G=DGROUP   M=C:\PROGRAM FILES\CODEGEAR\RAD STUDIO\5.0\LIB\DEBUG\RTL.LIB|ActiveX ACBP=A9
 0002:00001160 00000074 C=DATA    S=_DATA    G=DGROUP   M=C:\PROGRAM FILES\CODEGEAR\RAD STUDIO\5.0\LIB\DEBUG\RTL.LIB|Classes ACBP=A9
 0002:000011D4 0000000C C=DATA    S=_DATA    G=DGROUP   M=C:\PROGRAM FILES\CODEGEAR\RAD STUDIO\5.0\LIB\DEBUG\RTL.LIB|TypInfo ACBP=A9
 0002:000011E0 0000003A C=DATA    S=_DATA    G=DGROUP   M=C:\PROGRAM FILES\CODEGEAR\RAD STUDIO\5.0\LIB\DEBUG\RTL.LIB|StrUtils ACBP=A9
 0002:000011E0 00000008 C=DATA    S=_DATA    G=DGROUP   M=C:\PROGRAM FILES\CODEGEAR\RAD STUDIO\5.0\LIB\DEBUG\RTL.LIB|Registry ACBP=A9
 0002:000011E8 00000008 C=DATA    S=_DATA    G=DGROUP   M=C:\PROGRAM FILES\CODEGEAR\RAD STUDIO\5.0\LIB\DEBUG\RTL.LIB|Math ACBP=A9
 0002:000011E8 00000008 C=DATA    S=_DATA    G=DGROUP   M=C:\PROGRAM FILES\CODEGEAR\RAD STUDIO\5.0\LIB\DEBUG\RTL.LIB|IniFiles ACBP=A9
 0002:000011F0 00000008 C=DATA    S=_DATA    G=DGROUP   M=C:\PROGRAM FILES\CODEGEAR\RAD STUDIO\5.0\LIB\DEBUG\RTL.LIB|Contnrs ACBP=A9
 0002:000011F0 00000264 C=DATA    S=_DATA    G=DGROUP   M=C:\PROGRAM FILES\CODEGEAR\RAD STUDIO\5.0\LIB\DEBUG\RTL.LIB|SysUtils ACBP=A9
 0002:00001444 00000008 C=DATA    S=_DATA    G=DGROUP   M=C:\PROGRAM FILES\CODEGEAR\RAD STUDIO\5.0\LIB\DEBUG\RTL.LIB|VarUtils ACBP=A9
 0002:0000144C 0000008E C=DATA    S=_DATA    G=DGROUP   M=C:\PROGRAM FILES\CODEGEAR\RAD STUDIO\5.0\LIB\DEBUG\RTL.LIB|Variants ACBP=A9
 0002:000014DC 00000794 C=DATA    S=_DATA    G=DGROUP   M=C:\PROGRAM FILES\CODEGEAR\RAD STUDIO\5.0\LIB\DEBUG\RTL.LIB|System ACBP=A9
 0002:00001C6C 00000068 C=DATA    S=_DATA    G=DGROUP   M=C:\PROGRAM FILES\CODEGEAR\RAD STUDIO\5.0\LIB\DEBUG\VCL.LIB|Themes ACBP=A9
 0002:00001CD4 00000458 C=DATA    S=_DATA    G=DGROUP   M=C:\PROGRAM FILES\CODEGEAR\RAD STUDIO\5.0\LIB\DEBUG\VCL.LIB|GraphUtil ACBP=A9
 0002:00002124 00000040 C=DATA    S=_DATA    G=DGROUP   M=C:\PROGRAM FILES\CODEGEAR\RAD STUDIO\5.0\LIB\DEBUG\VCL.LIB|StdActns ACBP=A9
 0002:00002124 0000002C C=DATA    S=_DATA    G=DGROUP   M=C:\PROGRAM FILES\CODEGEAR\RAD STUDIO\5.0\LIB\DEBUG\VCL.LIB|ImgList ACBP=A9
 0002:00002144 00000004 C=DATA    S=_DATA    G=DGROUP   M=C:\PROGRAM FILES\CODEGEAR\RAD STUDIO\5.0\LIB\DEBUG\VCL.LIB|ActnList ACBP=A9
 0002:00002144 00000060 C=DATA    S=_DATA    G=DGROUP   M=C:\PROGRAM FILES\CODEGEAR\RAD STUDIO\5.0\LIB\DEBUG\VCL.LIB|StdCtrls ACBP=A9
 0002:00002198 0000000C C=DATA    S=_DATA    G=DGROUP   M=C:\PROGRAM FILES\CODEGEAR\RAD STUDIO\5.0\LIB\DEBUG\VCL.LIB|Printers ACBP=A9
 0002:0000219C 0000012C C=DATA    S=_DATA    G=DGROUP   M=C:\PROGRAM FILES\CODEGEAR\RAD STUDIO\5.0\LIB\DEBUG\VCL.LIB|Menus ACBP=A9
 0002:000022C8 0000030C C=DATA    S=_DATA    G=DGROUP   M=C:\PROGRAM FILES\CODEGEAR\RAD STUDIO\5.0\LIB\DEBUG\VCL.LIB|Graphics ACBP=A9
 0002:000025D4 0000014C C=DATA    S=_DATA    G=DGROUP   M=C:\PROGRAM FILES\CODEGEAR\RAD STUDIO\5.0\LIB\DEBUG\VCL.LIB|Forms ACBP=A9
 0002:00002720 00000010 C=DATA    S=_DATA    G=DGROUP   M=C:\PROGRAM FILES\CODEGEAR\RAD STUDIO\5.0\LIB\DEBUG\VCL.LIB|ExtCtrls ACBP=A9
 0002:00002720 000000A0 C=DATA    S=_DATA    G=DGROUP   M=C:\PROGRAM FILES\CODEGEAR\RAD STUDIO\5.0\LIB\DEBUG\VCL.LIB|Dialogs ACBP=A9
 0002:00002794 00000140 C=DATA    S=_DATA    G=DGROUP   M=C:\PROGRAM FILES\CODEGEAR\RAD STUDIO\5.0\LIB\DEBUG\VCL.LIB|Controls ACBP=A9
 0002:000028D4 00000008 C=DATA    S=_DATA    G=DGROUP   M=C:\PROGRAM FILES\CODEGEAR\RAD STUDIO\5.0\LIB\CP32MTI.LIB|nothrow ACBP=A9
 0002:000028DC 00000024 C=DATA    S=_DATA    G=DGROUP   M=C:\PROGRAM FILES\CODEGEAR\RAD STUDIO\5.0\LIB\CP32MTI.LIB|vclshmem ACBP=A9
 0002:00002900 000000C8 C=DATA    S=_DATA    G=DGROUP   M=C:\PROGRAM FILES\CODEGEAR\RAD STUDIO\5.0\LIB\CP32MTI.LIB|xxv ACBP=A9
 0002:000029B0 00000004 C=DATA    S=_DATA    G=DGROUP   M=C:\PROGRAM FILES\CODEGEAR\RAD STUDIO\5.0\LIB\CP32MTI.LIB|xx_xpf ACBP=A9
 0002:000029B4 00000004 C=DATA    S=_DATA    G=DGROUP   M=C:\PROGRAM FILES\CODEGEAR\RAD STUDIO\5.0\LIB\CP32MTI.LIB|fmode ACBP=A9
 0002:000029B8 00000004 C=DATA    S=_DATA    G=DGROUP   M=C:\PROGRAM FILES\CODEGEAR\RAD STUDIO\5.0\LIB\CP32MTI.LIB|cfinfo ACBP=A9
 0002:000029BC 00000004 C=DATA    S=_DATA    G=DGROUP   M=C:\PROGRAM FILES\CODEGEAR\RAD STUDIO\5.0\LIB\CP32MTI.LIB|xinitcvt ACBP=A9
 0002:000029C0 00000004 C=DATA    S=_DATA    G=DGROUP   M=C:\PROGRAM FILES\CODEGEAR\RAD STUDIO\5.0\LIB\CP32MTI.LIB|setargv2 ACBP=A9
 0002:000029C4 00000004 C=DATA    S=_DATA    G=DGROUP   M=C:\PROGRAM FILES\CODEGEAR\RAD STUDIO\5.0\LIB\CP32MTI.LIB|wildptr ACBP=A9
 0002:000029C8 00000004 C=DATA    S=_DATA    G=DGROUP   M=C:\PROGRAM FILES\CODEGEAR\RAD STUDIO\5.0\LIB\CP32MTI.LIB|wwildptr ACBP=A9
 0002:000029CC 00000004 C=DATA    S=_DATA    G=DGROUP   M=C:\PROGRAM FILES\CODEGEAR\RAD STUDIO\5.0\LIB\CP32MTI.LIB|xsetenvp ACBP=A9
 0002:000029D0 00000090 C=DATA    S=_DATA    G=DGROUP   M=C:\PROGRAM FILES\CODEGEAR\RAD STUDIO\5.0\LIB\DEBUG\VCLE.LIB|dstring ACBP=A9
 0002:00002A48 000000F0 C=DATA    S=_DATA    G=DGROUP   M=C:\PROGRAM FILES\CODEGEAR\RAD STUDIO\5.0\LIB\DEBUG\VCLE.LIB|vclinit ACBP=A9
 0002:00002B38 00000002 C=DATA    S=_DATA    G=DGROUP   M=C:\PROGRAM FILES\CODEGEAR\RAD STUDIO\5.0\LIB\DEBUG\VCLE.LIB|classcre ACBP=A9
 0002:00002B3C 00000408 C=DATA    S=_DATA    G=DGROUP   M=<internal> ACBP=A9
 0003:00000000 00000014 C=BSS     S=_BSS     G=DGROUP   M=C:\PROGRAM FILES\CODEGEAR\RAD STUDIO\5.0\LIB\OBJ\SYSINIT.OBJ ACBP=A9
 0003:00000014 00000008 C=BSS     S=_BSS     G=DGROUP   M=D:\S2PROG\UTILITIES\CENTER OF FLOTATION\SRC\OBJ\MAINUNIT.OBJ ACBP=A9
 0003:0000001C 00000004 C=BSS     S=_BSS     G=DGROUP   M=D:\S2PROG\UTILITIES\CENTER OF FLOTATION\SRC\OBJ\CALCULATIONUNIT.OBJ ACBP=A9
 0003:00000020 00000004 C=BSS     S=_BSS     G=DGROUP   M=C:\PROGRAM FILES\CODEGEAR\RAD STUDIO\5.0\LIB\DEBUG\RTL.LIB|WinSpool ACBP=A9
 0003:00000024 00000004 C=BSS     S=_BSS     G=DGROUP   M=C:\PROGRAM FILES\CODEGEAR\RAD STUDIO\5.0\LIB\DEBUG\RTL.LIB|WinInet ACBP=A9
 0003:00000028 00000010 C=BSS     S=_BSS     G=DGROUP   M=C:\PROGRAM FILES\CODEGEAR\RAD STUDIO\5.0\LIB\DEBUG\RTL.LIB|Windows ACBP=A9
 0003:00000038 00000004 C=BSS     S=_BSS     G=DGROUP   M=C:\PROGRAM FILES\CODEGEAR\RAD STUDIO\5.0\LIB\DEBUG\RTL.LIB|WideStrUtils ACBP=A9
 0003:0000003C 00000128 C=BSS     S=_BSS     G=DGROUP   M=C:\PROGRAM FILES\CODEGEAR\RAD STUDIO\5.0\LIB\DEBUG\RTL.LIB|UxTheme ACBP=A9
 0003:00000164 00000004 C=BSS     S=_BSS     G=DGROUP   M=C:\PROGRAM FILES\CODEGEAR\RAD STUDIO\5.0\LIB\DEBUG\RTL.LIB|UrlMon ACBP=A9
 0003:00000168 0000002C C=BSS     S=_BSS     G=DGROUP   M=C:\PROGRAM FILES\CODEGEAR\RAD STUDIO\5.0\LIB\DEBUG\RTL.LIB|ShlObj ACBP=A9
 0003:00000194 00000004 C=BSS     S=_BSS     G=DGROUP   M=C:\PROGRAM FILES\CODEGEAR\RAD STUDIO\5.0\LIB\DEBUG\RTL.LIB|ShellAPI ACBP=A9
 0003:00000198 00000004 C=BSS     S=_BSS     G=DGROUP   M=C:\PROGRAM FILES\CODEGEAR\RAD STUDIO\5.0\LIB\DEBUG\RTL.LIB|RegStr ACBP=A9
 0003:0000019C 00000031 C=BSS     S=_BSS     G=DGROUP   M=C:\PROGRAM FILES\CODEGEAR\RAD STUDIO\5.0\LIB\DEBUG\RTL.LIB|MultiMon ACBP=A9
 0003:000001D0 00000004 C=BSS     S=_BSS     G=DGROUP   M=C:\PROGRAM FILES\CODEGEAR\RAD STUDIO\5.0\LIB\DEBUG\RTL.LIB|Messages ACBP=A9
 0003:000001D4 00000004 C=BSS     S=_BSS     G=DGROUP   M=C:\PROGRAM FILES\CODEGEAR\RAD STUDIO\5.0\LIB\DEBUG\RTL.LIB|Imm ACBP=A9
 0003:000001D8 00000004 C=BSS     S=_BSS     G=DGROUP   M=C:\PROGRAM FILES\CODEGEAR\RAD STUDIO\5.0\LIB\DEBUG\RTL.LIB|ImageHlp ACBP=A9
 0003:000001DC 00000034 C=BSS     S=_BSS     G=DGROUP   M=C:\PROGRAM FILES\CODEGEAR\RAD STUDIO\5.0\LIB\DEBUG\RTL.LIB|FlatSB ACBP=A9
 0003:00000210 0000004C C=BSS     S=_BSS     G=DGROUP   M=C:\PROGRAM FILES\CODEGEAR\RAD STUDIO\5.0\LIB\DEBUG\RTL.LIB|DwmApi ACBP=A9
 0003:0000025C 00000004 C=BSS     S=_BSS     G=DGROUP   M=C:\PROGRAM FILES\CODEGEAR\RAD STUDIO\5.0\LIB\DEBUG\RTL.LIB|Dlgs ACBP=A9
 0003:00000260 00000004 C=BSS     S=_BSS     G=DGROUP   M=C:\PROGRAM FILES\CODEGEAR\RAD STUDIO\5.0\LIB\DEBUG\RTL.LIB|CommDlg ACBP=A9
 0003:00000264 00000040 C=BSS     S=_BSS     G=DGROUP   M=C:\PROGRAM FILES\CODEGEAR\RAD STUDIO\5.0\LIB\DEBUG\RTL.LIB|CommCtrl ACBP=A9
 0003:000002A4 00000004 C=BSS     S=_BSS     G=DGROUP   M=C:\PROGRAM FILES\CODEGEAR\RAD STUDIO\5.0\LIB\DEBUG\RTL.LIB|ActiveX ACBP=A9
 0003:000002A8 00000008 C=BSS     S=_BSS     G=DGROUP   M=C:\PROGRAM FILES\CODEGEAR\RAD STUDIO\5.0\LIB\DEBUG\RTL.LIB|HelpIntfs ACBP=A9
 0003:000002B0 00000044 C=BSS     S=_BSS     G=DGROUP   M=C:\PROGRAM FILES\CODEGEAR\RAD STUDIO\5.0\LIB\DEBUG\RTL.LIB|Classes ACBP=A9
 0003:000002F4 00000004 C=BSS     S=_BSS     G=DGROUP   M=C:\PROGRAM FILES\CODEGEAR\RAD STUDIO\5.0\LIB\DEBUG\RTL.LIB|TypInfo ACBP=A9
 0003:000002F8 00000004 C=BSS     S=_BSS     G=DGROUP   M=C:\PROGRAM FILES\CODEGEAR\RAD STUDIO\5.0\LIB\DEBUG\RTL.LIB|StrUtils ACBP=A9
 0003:000002FC 00000004 C=BSS     S=_BSS     G=DGROUP   M=C:\PROGRAM FILES\CODEGEAR\RAD STUDIO\5.0\LIB\DEBUG\RTL.LIB|Registry ACBP=A9
 0003:00000300 00000004 C=BSS     S=_BSS     G=DGROUP   M=C:\PROGRAM FILES\CODEGEAR\RAD STUDIO\5.0\LIB\DEBUG\RTL.LIB|Math ACBP=A9
 0003:00000304 00000004 C=BSS     S=_BSS     G=DGROUP   M=C:\PROGRAM FILES\CODEGEAR\RAD STUDIO\5.0\LIB\DEBUG\RTL.LIB|IniFiles ACBP=A9
 0003:00000308 00000004 C=BSS     S=_BSS     G=DGROUP   M=C:\PROGRAM FILES\CODEGEAR\RAD STUDIO\5.0\LIB\DEBUG\RTL.LIB|Contnrs ACBP=A9
 0003:0000030C 00000004 C=BSS     S=_BSS     G=DGROUP   M=C:\PROGRAM FILES\CODEGEAR\RAD STUDIO\5.0\LIB\DEBUG\RTL.LIB|RTLConsts ACBP=A9
 0003:00000310 00000004 C=BSS     S=_BSS     G=DGROUP   M=C:\PROGRAM FILES\CODEGEAR\RAD STUDIO\5.0\LIB\DEBUG\RTL.LIB|Types ACBP=A9
 0003:00000314 00000008 C=BSS     S=_BSS     G=DGROUP   M=C:\PROGRAM FILES\CODEGEAR\RAD STUDIO\5.0\LIB\DEBUG\RTL.LIB|SyncObjs ACBP=A9
 0003:0000031C 00002110 C=BSS     S=_BSS     G=DGROUP   M=C:\PROGRAM FILES\CODEGEAR\RAD STUDIO\5.0\LIB\DEBUG\RTL.LIB|SysUtils ACBP=A9
 0003:0000242C 00000004 C=BSS     S=_BSS     G=DGROUP   M=C:\PROGRAM FILES\CODEGEAR\RAD STUDIO\5.0\LIB\DEBUG\RTL.LIB|SysConst ACBP=A9
 0003:00002430 0000005C C=BSS     S=_BSS     G=DGROUP   M=C:\PROGRAM FILES\CODEGEAR\RAD STUDIO\5.0\LIB\DEBUG\RTL.LIB|VarUtils ACBP=A9
 0003:0000248C 00000040 C=BSS     S=_BSS     G=DGROUP   M=C:\PROGRAM FILES\CODEGEAR\RAD STUDIO\5.0\LIB\DEBUG\RTL.LIB|Variants ACBP=A9
 0003:000024CC 00002804 C=BSS     S=_BSS     G=DGROUP   M=C:\PROGRAM FILES\CODEGEAR\RAD STUDIO\5.0\LIB\DEBUG\RTL.LIB|System ACBP=A9
 0003:00004CD0 0000000C C=BSS     S=_BSS     G=DGROUP   M=C:\PROGRAM FILES\CODEGEAR\RAD STUDIO\5.0\LIB\DEBUG\VCL.LIB|Themes ACBP=A9
 0003:00004CDC 00000004 C=BSS     S=_BSS     G=DGROUP   M=C:\PROGRAM FILES\CODEGEAR\RAD STUDIO\5.0\LIB\DEBUG\VCL.LIB|Consts ACBP=A9
 0003:00004CE0 00000010 C=BSS     S=_BSS     G=DGROUP   M=C:\PROGRAM FILES\CODEGEAR\RAD STUDIO\5.0\LIB\DEBUG\VCL.LIB|GraphUtil ACBP=A9
 0003:00004CF0 00000004 C=BSS     S=_BSS     G=DGROUP   M=C:\PROGRAM FILES\CODEGEAR\RAD STUDIO\5.0\LIB\DEBUG\VCL.LIB|StdActns ACBP=A9
 0003:00004CF4 0000000C C=BSS     S=_BSS     G=DGROUP   M=C:\PROGRAM FILES\CODEGEAR\RAD STUDIO\5.0\LIB\DEBUG\VCL.LIB|ImgList ACBP=A9
 0003:00004D00 00000004 C=BSS     S=_BSS     G=DGROUP   M=C:\PROGRAM FILES\CODEGEAR\RAD STUDIO\5.0\LIB\DEBUG\VCL.LIB|ActnList ACBP=A9
 0003:00004D04 00000004 C=BSS     S=_BSS     G=DGROUP   M=C:\PROGRAM FILES\CODEGEAR\RAD STUDIO\5.0\LIB\DEBUG\VCL.LIB|StdCtrls ACBP=A9
 0003:00004D08 00000004 C=BSS     S=_BSS     G=DGROUP   M=C:\PROGRAM FILES\CODEGEAR\RAD STUDIO\5.0\LIB\DEBUG\VCL.LIB|Printers ACBP=A9
 0003:00004D0C 00000010 C=BSS     S=_BSS     G=DGROUP   M=C:\PROGRAM FILES\CODEGEAR\RAD STUDIO\5.0\LIB\DEBUG\VCL.LIB|Menus ACBP=A9
 0003:00004D1C 00000060 C=BSS     S=_BSS     G=DGROUP   M=C:\PROGRAM FILES\CODEGEAR\RAD STUDIO\5.0\LIB\DEBUG\VCL.LIB|Graphics ACBP=A9
 0003:00004D7C 00000031 C=BSS     S=_BSS     G=DGROUP   M=C:\PROGRAM FILES\CODEGEAR\RAD STUDIO\5.0\LIB\DEBUG\VCL.LIB|Forms ACBP=A9
 0003:00004DB0 00000008 C=BSS     S=_BSS     G=DGROUP   M=C:\PROGRAM FILES\CODEGEAR\RAD STUDIO\5.0\LIB\DEBUG\VCL.LIB|ExtCtrls ACBP=A9
 0003:00004DB8 00000040 C=BSS     S=_BSS     G=DGROUP   M=C:\PROGRAM FILES\CODEGEAR\RAD STUDIO\5.0\LIB\DEBUG\VCL.LIB|Dialogs ACBP=A9
 0003:00004DF8 00000088 C=BSS     S=_BSS     G=DGROUP   M=C:\PROGRAM FILES\CODEGEAR\RAD STUDIO\5.0\LIB\DEBUG\VCL.LIB|Controls ACBP=A9
 0003:00004E80 0000000C C=BSS     S=_BSS     G=DGROUP   M=C:\PROGRAM FILES\CODEGEAR\RAD STUDIO\5.0\LIB\DEBUG\VCL.LIB|Clipbrd ACBP=A9
 0003:00004E8C 00000008 C=BSS     S=_BSS     G=DGROUP   M=C:\PROGRAM FILES\CODEGEAR\RAD STUDIO\5.0\LIB\CP32MTI.LIB|xxv ACBP=A9
 0003:00004E94 00000008 C=BSS     S=_BSS     G=DGROUP   M=C:\PROGRAM FILES\CODEGEAR\RAD STUDIO\5.0\LIB\CP32MTI.LIB|setargv2 ACBP=A9
 0004:00000000 00000008 C=TLS     S=_TLS     G=DGROUP   M=C:\PROGRAM FILES\CODEGEAR\RAD STUDIO\5.0\LIB\DEBUG\RTL.LIB|Classes ACBP=A9
 0004:00000008 00000004 C=TLS     S=_TLS     G=DGROUP   M=C:\PROGRAM FILES\CODEGEAR\RAD STUDIO\5.0\LIB\DEBUG\RTL.LIB|SyncObjs ACBP=A9
 0004:00000008 00000008 C=TLS     S=_TLS     G=DGROUP   M=C:\PROGRAM FILES\CODEGEAR\RAD STUDIO\5.0\LIB\DEBUG\RTL.LIB|System ACBP=A9
 0004:00000010 00000030 C=TLS     S=_TLS     G=DGROUP   M=C:\PROGRAM FILES\CODEGEAR\RAD STUDIO\5.0\LIB\DEBUG\VCL.LIB|GraphUtil ACBP=A9
 0004:00000040 0000009C C=TLS     S=_TLS     G=DGROUP   M=C:\PROGRAM FILES\CODEGEAR\RAD STUDIO\5.0\LIB\CP32MTI.LIB|xxv ACBP=A9

 Address Publics by Name

 0002:00001114  @std@exception@3
 0002:0000113C  @std@length_error@3
 0002:00001128  @std@logic_error@3
 0003:000002A4  Activex::B136_2
 0003:00004D00  Actnlist::B252_2
 0001:00025A3C  Actnlist::TActionLink::
 0001:00025614  Actnlist::TContainedAction::
 0001:00025934  Actnlist::TCustomAction::
 0001:00025738  Actnlist::TCustomActionList::
 0001:00025818  Actnlist::TShortCutList::
 0003:0000001C  Calculationunit::B6_3
 0002:00000524  Calculationunit::D6_1
 0002:00001160  Classes::AddDataModule
 0002:00001170  Classes::ApplicationHandleException
 0002:00001178  Classes::ApplicationShowException
 0003:000002B0  Classes::B148_2
 0002:0000118C  Classes::CreateVCLComObjectProc
 0002:00001160  Classes::D148_1
 0001:0000853C  Classes::EBitsError::
 0001:0000842C  Classes::EClassNotFound::
 0001:000085F4  Classes::EComponentError::
 0001:00008270  Classes::EFCreateError::
 0001:000082CC  Classes::EFOpenError::
 0001:00008210  Classes::EFileStreamError::
 0001:00008324  Classes::EFilerError::
 0001:000086AC  Classes::EInvalidOperation::
 0001:000084E4  Classes::EListError::
 0001:00008650  Classes::EOutOfResources::
 0001:0000837C  Classes::EReadError::
 0001:00008488  Classes::EResNotFound::
 0001:000081B4  Classes::EStreamError::
 0001:00008594  Classes::EStringListError::
 0001:00009218  Classes::EThread::
 0001:000083D4  Classes::EWriteError::
 0003:000002B0  Classes::GlobalNameSpace
 0003:000002B4  Classes::IsUniqueGlobalComponentNameProc
 0002:00001180  Classes::RegisterComponentsProc
 0002:00001184  Classes::RegisterNoIconProc
 0002:00001188  Classes::RegisterNonActiveXProc
 0002:00001168  Classes::RemoveDataModule
 0003:000002B8  Classes::SyncEvent
 0004:00000000  Classes::T148_3
 0001:00009540  Classes::TBasicAction::
 0001:000094C0  Classes::TBasicActionLink::
 0001:000087C8  Classes::TBits::
 0001:000090C4  Classes::TClassFinder::
 0001:00009360  Classes::TComponent::
 0001:00008DB8  Classes::TCustomMemoryStream::
 0001:00008D30  Classes::TFileStream::
 0001:00009120  Classes::TFiler::
 0001:00008CB8  Classes::THandleStream::
 0001:0000890C  Classes::TInterfacedPersistent::
 0001:0000870C  Classes::TList::
 0001:00008E34  Classes::TMemoryStream::
 0001:0000881C  Classes::TPersistent::
 0001:00009184  Classes::TReader::
 0001:00008EB0  Classes::TResourceStream::
 0001:00008C48  Classes::TStream::
 0001:0000903C  Classes::TStreamAdapter::
 0001:00008B30  Classes::TStringList::
 0001:000089F8  Classes::TStrings::
 0001:00008770  Classes::TThreadList::
 0002:00001190  Classes::WakeMainThread
 0001:000088B8  Classes::_16453
 0001:00008F28  Classes::_16502
 0001:000092B8  Classes::_16559
 0002:00001198  Classes::_16573
 0001:000096C4  Classes::_16584
 0001:0000971C  Classes::_16586
 0001:00009774  Classes::_16588
 0001:00009780  Classes::_16589
 0001:000097E0  Classes::_16590
 0001:00009850  Classes::_16591
 0001:000098AC  Classes::_16592
 0001:000098EC  Classes::_16593
 0001:00009954  Classes::_16595
 0001:00009998  Classes::_16596
 0001:00009A58  Classes::_16598
 0001:00009A7C  Classes::_16600
 0001:00009A9C  Classes::_16601
 0001:00009B48  Classes::_16602
 0001:00009B94  Classes::_16604
 0001:00009C08  Classes::_16605
 0001:00009C68  Classes::_16606
 0001:00009CAC  Classes::_16607
 0001:00009CF0  Classes::_16609
 0001:00009D80  Classes::_16610
 0001:00009E4C  Classes::_16611
 0001:00009E58  Classes::_16612
 0001:00009E70  Classes::_16614
 0001:00009EB4  Classes::_16615
 0001:00009F04  Classes::_16616
 0001:00009F10  Classes::_16618
 0001:0000A144  Classes::_16623
 0001:0000A150  Classes::_16624
 0001:0000A3E8  Classes::_16642
 0001:0000A440  Classes::_16644
 0001:0000A660  Classes::_16655
 0001:0000A7C8  Classes::_16659
 0001:0000AA00  Classes::_16677
 0001:0000AED8  Classes::_16735
 0001:0000B53C  Classes::_16817
 0001:0000B69C  Classes::_16821
 0001:0000C840  Classes::_16894
 0001:0000CA18  Classes::_16905
 0001:0000D228  Classes::_16951
 0001:0000D3F0  Classes::_16958
 0001:0000D468  Classes::_16960
 0001:0000D4C8  Classes::_16962
 0001:0000D520  Classes::_16963
 0001:0000D568  Classes::_16964
 0001:0000D578  Classes::_16965
 0001:0000D6C8  Classes::_16967
 0001:0000D700  Classes::_16968
 0001:0000DA44  Classes::_16976
 0001:0000DA5C  Classes::_16977
 0001:0000DA68  Classes::_16978
 0001:0000DA94  Classes::_16980
 0001:0000DD58  Classes::_16991
 0001:0000E250  Classes::_17006
 0001:0000E274  Classes::_17007
 0001:0000E2B0  Classes::_17008
 0001:0000E328  Classes::_17009
 0001:0000E390  Classes::_17010
 0001:0000E3B0  Classes::_17011
 0001:0000E410  Classes::_17012
 0001:0000E520  Classes::_17013
 0001:0000E5C0  Classes::_17014
 0001:0000ED34  Classes::_17029
 0001:0000EE34  Classes::_17030
 0002:0000119C  Classes::_17032
 0001:0000F0A8  Classes::_17033
 0001:0000F0F0  Classes::_17034
 0001:0000F130  Classes::_17035
 0001:0000F18C  Classes::_17036
 0001:0000F564  Classes::_17038
 0001:0000FC10  Classes::_17049
 0001:0000FC38  Classes::_17050
 0001:0000FC68  Classes::_17051
 0001:00010118  Classes::_17065
 0002:000011A4  Classes::_17188
 0001:00010710  Classes::_17189
 0001:00010744  Classes::_17190
 0001:0001075C  Classes::_17191
 0001:00010768  Classes::_17192
 0001:00011980  Classes::_17325
 0001:000119EC  Classes::_17326
 0001:000119F4  Classes::_17350
 0001:00011A14  Classes::_17351
 0002:000011A8  Classes::_17352
 0002:000011AC  Classes::_17355
 0001:00011AC8  Classes::_17356
 0003:00004E80  Clipbrd::B320_1
 0003:00004E82  Clipbrd::CF_COMPONENT
 0003:00004E80  Clipbrd::CF_PICTURE
 0003:00000264  Commctrl::B126_1
 0003:00000260  Commdlg::B124_1
 0003:00004CDC  Consts::B232_1
 0001:FFC0EF70  Consts::_16400
 0001:FFC0EF71  Consts::_16402
 0001:FFC0EF72  Consts::_16414
 0001:FFC0EF73  Consts::_16420
 0001:FFC0EF74  Consts::_16422
 0001:FFC0EF75  Consts::_16424
 0001:FFC0EF76  Consts::_16426
 0001:FFC0EF77  Consts::_16432
 0001:FFC0EF78  Consts::_16436
 0001:FFC0EF79  Consts::_16438
 0001:FFC0EF7A  Consts::_16440
 0001:FFC0EF7B  Consts::_16442
 0001:FFC0EF7C  Consts::_16446
 0001:FFC0EF7D  Consts::_16450
 0001:FFC0EF7E  Consts::_16452
 0001:FFC0EF7F  Consts::_16454
 0001:FFC0EF60  Consts::_16456
 0001:FFC0EF61  Consts::_16458
 0001:FFC0EF62  Consts::_16460
 0001:FFC0EF63  Consts::_16466
 0001:FFC0EF64  Consts::_16468
 0001:FFC0EF65  Consts::_16470
 0001:FFC0EF66  Consts::_16472
 0001:FFC0EF67  Consts::_16484
 0001:FFC0EF68  Consts::_16488
 0001:FFC0EF69  Consts::_16492
 0001:FFC0EF6A  Consts::_16514
 0001:FFC0EF6B  Consts::_16584
 0001:FFC0EF6C  Consts::_16586
 0001:FFC0EF6D  Consts::_16588
 0001:FFC0EF6E  Consts::_16590
 0001:FFC0EF6F  Consts::_16592
 0001:FFC0EF50  Consts::_16594
 0001:FFC0EF51  Consts::_16596
 0001:FFC0EF52  Consts::_16598
 0001:FFC0EF53  Consts::_16600
 0001:FFC0EF54  Consts::_16606
 0001:FFC0EF55  Consts::_16608
 0001:FFC0EF56  Consts::_16610
 0001:FFC0EF57  Consts::_16612
 0001:FFC0EF58  Consts::_16614
 0001:FFC0EF59  Consts::_16616
 0001:FFC0EF5A  Consts::_16618
 0001:FFC0EF5B  Consts::_16620
 0001:FFC0EF5C  Consts::_16622
 0001:FFC0EF5D  Consts::_16624
 0001:FFC0EF5E  Consts::_16626
 0001:FFC0EF5F  Consts::_16628
 0001:FFC0EF40  Consts::_16630
 0001:FFC0EF41  Consts::_16632
 0001:FFC0EF42  Consts::_16634
 0001:FFC0EF43  Consts::_16636
 0001:FFC0EF44  Consts::_16638
 0001:FFC0EF45  Consts::_16640
 0001:FFC0EF46  Consts::_16642
 0001:FFC0EF47  Consts::_16644
 0001:FFC0EF48  Consts::_16646
 0001:FFC0EF49  Consts::_16648
 0001:FFC0EF4A  Consts::_16650
 0001:FFC0EF4B  Consts::_16652
 0001:FFC0EF4C  Consts::_16690
 0001:FFC0EF4D  Consts::_16714
 0001:FFC0EF4E  Consts::_16800
 0001:FFC0EF4F  Consts::_16802
 0001:FFC0EF30  Consts::_16804
 0001:FFC0EF31  Consts::_16806
 0001:FFC0EF32  Consts::_16808
 0001:00022E04  Consts::_SCannotDragForm
 0001:00022D9C  Consts::_SCannotFocus
 0001:00022DC4  Consts::_SCannotShowModal
 0001:00022D44  Consts::_SChangeIconSize
 0001:00022DFC  Consts::_SControlParentSetToSelf
 0001:00022F2C  Consts::_SDockTreeRemoveError
 0001:00022F3C  Consts::_SDockZoneHasNoCtl
 0001:00022F34  Consts::_SDockZoneNotFound
 0001:00022F44  Consts::_SDockZoneVersionConflict
 0001:00022F24  Consts::_SDockedCtlNeedsName
 0001:00022F1C  Consts::_SDuplicateMenus
 0001:00022DEC  Consts::_SGroupIndexTooLow
 0001:00022F14  Consts::_SIconToClipboard
 0001:00022D74  Consts::_SImageIndexError
 0001:00022D7C  Consts::_SImageReadFail
 0001:00022D84  Consts::_SImageWriteFail
 0001:00022D34  Consts::_SInvalidBitmap
 0001:00022D3C  Consts::_SInvalidIcon
 0001:00022D6C  Consts::_SInvalidImageList
 0001:00022D64  Consts::_SInvalidImageSize
 0001:00022DB4  Consts::_SMDIChildNotVisible
 0001:00022DCC  Consts::_SMenuIndexError
 0001:00022DDC  Consts::_SMenuNotFound
 0001:00022DD4  Consts::_SMenuReinserted
 0001:00022E54  Consts::_SMsgDlgAbort
 0001:00022E6C  Consts::_SMsgDlgAll
 0001:00022E44  Consts::_SMsgDlgCancel
 0001:00022E24  Consts::_SMsgDlgConfirm
 0001:00022E14  Consts::_SMsgDlgError
 0001:00022E4C  Consts::_SMsgDlgHelp
 0001:00022E64  Consts::_SMsgDlgIgnore
 0001:00022E1C  Consts::_SMsgDlgInformation
 0001:00022E34  Consts::_SMsgDlgNo
 0001:00022E74  Consts::_SMsgDlgNoToAll
 0001:00022E3C  Consts::_SMsgDlgOK
 0001:00022E5C  Consts::_SMsgDlgRetry
 0001:00022E0C  Consts::_SMsgDlgWarning
 0001:00022E2C  Consts::_SMsgDlgYes
 0001:00022E7C  Consts::_SMsgDlgYesToAll
 0001:00022D5C  Consts::_SNoCanvasHandle
 0001:00022DF4  Consts::_SNoMDIForm
 0001:00022DE4  Consts::_SNoTimers
 0001:00022D54  Consts::_SOutOfResources
 0001:00022DAC  Consts::_SParentGivenNotAParent
 0001:00022DA4  Consts::_SParentRequired
 0001:00022D4C  Consts::_SUnknownClipboardFormat
 0001:00022DBC  Consts::_SVisibleChanged
 0001:00022D94  Consts::_SWindowClass
 0001:00022D8C  Consts::_SWindowDCError
 0001:00022F0C  Consts::_SmkcAlt
 0001:00022E84  Consts::_SmkcBkSp
 0001:00022F04  Consts::_SmkcCtrl
 0001:00022EF4  Consts::_SmkcDel
 0001:00022EE4  Consts::_SmkcDown
 0001:00022EBC  Consts::_SmkcEnd
 0001:00022E9C  Consts::_SmkcEnter
 0001:00022E94  Consts::_SmkcEsc
 0001:00022EC4  Consts::_SmkcHome
 0001:00022EEC  Consts::_SmkcIns
 0001:00022ECC  Consts::_SmkcLeft
 0001:00022EB4  Consts::_SmkcPgDn
 0001:00022EAC  Consts::_SmkcPgUp
 0001:00022EDC  Consts::_SmkcRight
 0001:00022EFC  Consts::_SmkcShift
 0001:00022EA4  Consts::_SmkcSpace
 0001:00022E8C  Consts::_SmkcTab
 0001:00022ED4  Consts::_SmkcUp
 0003:00000308  Contnrs::B189_2
 0001:00012C30  Contnrs::TOrderedList::
 0001:00012C98  Contnrs::TStack::
 0002:000027A0  Controls::AnchorAlign
 0002:00002794  Controls::AnimateWindowProc
 0003:00004DF8  Controls::B313_2
 0002:00002798  Controls::CreationControl
 0002:00002794  Controls::D313_1
 0002:0000279C  Controls::DefaultDockTreeClass
 0003:00004DFC  Controls::IsVCLControlHook
 0003:00004DF8  Controls::Mouse
 0003:00004E04  Controls::NewStyleControls
 0001:000493C4  Controls::TBaseDragControlObject::
 0001:0004A750  Controls::TControl::
 0001:00049894  Controls::TControlActionLink::
 0001:0004970C  Controls::TControlCanvas::
 0001:0004B518  Controls::TCustomControl::
 0001:000497AC  Controls::TCustomControlAction::
 0001:0004B960  Controls::TDockTree::
 0001:0004B814  Controls::TDockZone::
 0001:00049488  Controls::TDragControlObject::
 0001:00049514  Controls::TDragControlObjectEx::
 0001:000495A4  Controls::TDragDockObject::
 0001:0004966C  Controls::TDragDockObjectEx::
 0001:000492A0  Controls::TDragObject::
 0001:00049344  Controls::TDragObjectEx::
 0001:0004B3F4  Controls::TGraphicControl::
 0001:0004B684  Controls::THintWindow::
 0001:00049CE4  Controls::TMargins::
 0001:0004BA04  Controls::TMouse::
 0001:00049DFC  Controls::TPadding::
 0001:00049B98  Controls::TSizeConstraints::
 0001:0004AFE4  Controls::TWinControl::
 0001:0004ABC0  Controls::TWinControlActionLink::
 0001:0004B86C  Controls::_16489
 0001:0004BB7C  Controls::_16519
 0002:000027A8  Controls::_16524
 0001:0004BC64  Controls::_16525
 0002:00002858  Controls::_16534
 0001:0004BF68  Controls::_16538
 0001:0004BFD0  Controls::_16540
 0001:0004C008  Controls::_16541
 0001:0004C034  Controls::_16542
 0001:0004C0B8  Controls::_16543
 0001:0004C0EC  Controls::_16544
 0001:0004C5DC  Controls::_16575
 0001:0004C6C0  Controls::_16583
 0001:0004C72C  Controls::_16584
 0001:0004C8C8  Controls::_16585
 0001:0004C90C  Controls::_16586
 0001:0004CA60  Controls::_16587
 0001:0004CABC  Controls::_16588
 0001:0004CB14  Controls::_16589
 0001:0004CB74  Controls::_16590
 0001:0004CBA0  Controls::_16591
 0001:0004CBF0  Controls::_16592
 0001:0004CC2C  Controls::_16593
 0001:0004CCCC  Controls::_16594
 0001:0004CFB4  Controls::_16595
 0001:0004D124  Controls::_16596
 0001:0004D2E8  Controls::_16597
 0001:0004D718  Controls::_16602
 0001:0004D740  Controls::_16603
 0001:0004D790  Controls::_16605
 0001:0004D84C  Controls::_16606
 0001:0004F554  Controls::_16722
 0001:00050894  Controls::_16778
 0001:000508C8  Controls::_16779
 0001:00051350  Controls::_16808
 0001:00051614  Controls::_16821
 0001:000519D0  Controls::_16834
 0001:00052738  Controls::_16874
 0001:00052798  Controls::_16875
 0001:000528C8  Controls::_16876
 0001:00052910  Controls::_16878
 0001:00052A9C  Controls::_16879
 0001:000536C0  Controls::_16905
 0001:000536D4  Controls::_16906
 0001:00053A28  Controls::_16914
 0002:0000285C  Controls::_16918
 0001:00053F44  Controls::_16926
 0001:000548FC  Controls::_16932
 0001:00054DA8  Controls::_16937
 0001:00056224  Controls::_16998
 0002:00002860  Controls::_17020
 0002:00002864  Controls::_17050
 0001:0005788C  Controls::_17088
 0002:00002868  Controls::_17100
 0002:00002878  Controls::_17101
 0002:00002888  Controls::_17102
 0002:00002898  Controls::_17103
 0002:000028A0  Controls::_17134
 0001:00059000  Controls::_17141
 0001:000593C8  Controls::_17158
 0001:000593E4  Controls::_17159
 0001:000597D8  Controls::_17171
 0001:000599B0  Controls::_17175
 0001:00059C80  Controls::_17186
 0001:00059D04  Controls::_17188
 0002:000028AC  Controls::_17192
 0002:000028B4  Controls::_17193
 0001:0005A3A8  Controls::_17199
 0002:000028BC  Controls::_17201
 0001:0005A544  Controls::_17202
 0001:0005A8E0  Controls::_17204
 0001:0005A974  Controls::_17205
 0001:0005A9FC  Controls::_17206
 0001:0005AE5C  Controls::_17210
 0001:0005B2F4  Controls::_17216
 0001:0005B370  Controls::_17217
 0001:0005B634  Controls::_17219
 0001:0005B94C  Controls::_17229
 0001:0005BA2C  Controls::_17231
 0001:0005BAA8  Controls::_17232
 0001:0005BB28  Controls::_17233
 0002:000028C0  Controls::_17235
 0001:0005C178  Controls::_17242
 0002:000028C8  Controls::_17260
 0001:0005C614  Controls::_17261
 0002:000028CC  Controls::_17263
 0001:0005C984  Controls::_17281
 0001:0005CA0C  Controls::_17282
 0003:00004DB8  Dialogs::B312_2
 0001:00048B48  Dialogs::TCommonDialog::
 0002:00002720  Dialogs::_16492
 0002:00002724  Dialogs::_16493
 0001:00048CB8  Dialogs::_16494
 0002:00002728  Dialogs::_16767
 0002:0000273C  Dialogs::_16770
 0001:00048F98  Dialogs::_16771
 0002:00002768  Dialogs::_16772
 0001:0004903C  Dialogs::_16803
 0001:000490D8  Dialogs::_16804
 0003:0000025C  Dlgs::B118_1
 0003:00000210  Dwmapi::B116_1
 0003:00004DB0  Extctrls::B310_2
 0003:00004DB0  Extctrls::TCustomTrayIcon::RM_TaskbarCreated
 0001:000487EC  Extctrls::TTimer::
 0001:00006848  FlatSB::_16389
 0003:000001DC  Flatsb::B114_1
 0003:000001DC  Flatsb::FlatSB_EnableScrollBar
 0003:000001E8  Flatsb::FlatSB_GetScrollInfo
 0003:000001EC  Flatsb::FlatSB_GetScrollPos
 0003:000001E4  Flatsb::FlatSB_GetScrollRange
 0003:000001F4  Flatsb::FlatSB_SetScrollInfo
 0003:000001F0  Flatsb::FlatSB_SetScrollPos
 0003:000001F8  Flatsb::FlatSB_SetScrollRange
 0003:000001E0  Flatsb::FlatSB_ShowScrollBar
 0003:00004D7C  Forms::Application
 0003:00004D7C  Forms::B301_2
 0002:000025D8  Forms::Ctl3DCtlColorEx
 0002:000025D4  Forms::Ctl3DDlgFramePaint
 0002:000025D4  Forms::D301_1
 0002:000025E0  Forms::HintWindowClass
 0003:00004D80  Forms::Screen
 0002:000025DC  Forms::SetLayeredWindowAttributes
 0001:0003B184  Forms::TApplication::
 0001:0003885C  Forms::TControlScrollBar::
 0001:0003AE40  Forms::TCustomDockForm::
 0001:00039BD8  Forms::TCustomForm::
 0001:00039F54  Forms::TForm::
 0001:0003B274  Forms::TGlassFrame::
 0001:0003B028  Forms::TMonitor::
 0001:0003B080  Forms::TScreen::
 0001:00038DC8  Forms::TScrollBox::
 0001:00038AF8  Forms::TScrollingWinControl::
 0002:000025E4  Forms::_16454
 0002:000025E8  Forms::_16455
 0002:000025EC  Forms::_16456
 0001:0003B3C8  Forms::_16457
 0001:0003B3F8  Forms::_16460
 0001:0003B444  Forms::_16461
 0002:000025F0  Forms::_16462
 0002:000025F4  Forms::_16463
 0002:000025F8  Forms::_16464
 0002:000025FC  Forms::_16465
 0002:00002600  Forms::_16466
 0001:0003B508  Forms::_16467
 0001:0003B540  Forms::_16468
 0001:0003B68C  Forms::_16472
 0001:0003B6F0  Forms::_16473
 0001:0003B72C  Forms::_16474
 0001:0003B74C  Forms::_16475
 0001:0003B76C  Forms::_16476
 0001:0003B7A4  Forms::_16477
 0001:0003B7E8  Forms::_16479
 0001:0003B9BC  Forms::_16494
 0001:0003BBAC  Forms::_16501
 0001:0003BC1C  Forms::_16502
 0001:0003BD6C  Forms::_16505
 0001:0003BDA0  Forms::_16506
 0001:0003BEB4  Forms::_16510
 0002:00002604  Forms::_16512
 0002:0000260C  Forms::_16517
 0002:00002614  Forms::_16525
 0002:0000263C  Forms::_16527
 0001:0003C40C  Forms::_16528
 0002:00002648  Forms::_16555
 0001:0003D9AC  Forms::_16584
 0001:0003E89C  Forms::_16618
 0001:0003E8E8  Forms::_16619
 0001:0003F2D4  Forms::_16635
 0002:00002650  Forms::_16641
 0002:00002658  Forms::_16661
 0001:0003FE68  Forms::_16664
 0002:00002664  Forms::_16665
 0001:00040758  Forms::_16672
 0001:00040F20  Forms::_16686
 0001:00041404  Forms::_16698
 0002:00002668  Forms::_16713
 0001:00041B60  Forms::_16718
 0001:00041BA0  Forms::_16719
 0001:00041BD8  Forms::_16720
 0001:00041DF8  Forms::_16723
 0002:00002674  Forms::_16729
 0001:00042E64  Forms::_16748
 0001:00042FD0  Forms::_16753
 0001:00043000  Forms::_16754
 0001:000430D0  Forms::_16756
 0001:00043100  Forms::_16757
 0001:000431D0  Forms::_16759
 0002:00002680  Forms::_16764
 0002:00002688  Forms::_16765
 0002:00002690  Forms::_16819
 0001:00044428  Forms::_16840
 0001:000444B0  Forms::_16841
 0001:0004466C  Forms::_16842
 0001:000447BC  Forms::_16843
 0001:00044930  Forms::_16848
 0001:00044968  Forms::_16849
 0001:00044988  Forms::_16850
 0001:000449DC  Forms::_16851
 0001:00044A38  Forms::_16852
 0001:00044A7C  Forms::_16853
 0001:00044AF0  Forms::_16854
 0001:00044B4C  Forms::_16855
 0001:00044B7C  Forms::_16856
 0001:00044BA4  Forms::_16857
 0002:000026E4  Forms::_16864
 0002:000026F0  Forms::_16871
 0001:00044CE0  Forms::_16872
 0001:0004524C  Forms::_16877
 0001:00045488  Forms::_16885
 0001:000454A8  Forms::_16886
 0001:000457F8  Forms::_16894
 0001:00045834  Forms::_16895
 0001:00046984  Forms::_16921
 0001:000470B0  Forms::_16937
 0002:00002718  Forms::_16943
 0002:0000271C  Forms::_16944
 0001:000473A4  Forms::_16945
 0001:00047744  Forms::_16954
 0001:00047754  Forms::_16955
 0001:000478AC  Forms::_16956
 0001:0004790C  Forms::_16957
 0001:00047FCC  Forms::_16968
 0001:00048700  Forms::_17005
 0001:00022F84  GraphUtil::_16388
 0003:00004D1C  Graphics::B300_2
 0002:000022F8  Graphics::DDBsOnly
 0002:000022C8  Graphics::DefFontData
 0001:000310E4  Graphics::EInvalidGraphic::
 0001:00031140  Graphics::EInvalidGraphicOperation::
 0003:00004D1C  Graphics::SystemPalette16
 0001:00031BA0  Graphics::TBitmap::
 0001:00031B40  Graphics::TBitmapImage::
 0001:000317AC  Graphics::TBrush::
 0001:00031870  Graphics::TCanvas::
 0001:0003150C  Graphics::TFont::
 0001:000319F4  Graphics::TGraphic::
 0001:00031438  Graphics::TGraphicsObject::
 0001:00031CE8  Graphics::TIcon::
 0001:00031C8C  Graphics::TIconImage::
 0001:000316AC  Graphics::TPen::
 0001:00031AE0  Graphics::TSharedImage::
 0001:00031980  Graphics::_16426
 0001:00031DC4  Graphics::_16464
 0001:00031DD8  Graphics::_16465
 0001:00031E40  Graphics::_16467
 0001:00031EAC  Graphics::_16469
 0001:00031EC0  Graphics::_16470
 0001:00031EFC  Graphics::_16471
 0001:00031F20  Graphics::_16472
 0001:00031F2C  Graphics::_16473
 0001:00031F38  Graphics::_16474
 0001:0003201C  Graphics::_16475
 0001:000320E0  Graphics::_16476
 0001:00032158  Graphics::_16477
 0001:0003215C  Graphics::_16478
 0001:000321C8  Graphics::_16479
 0001:000321D8  Graphics::_16480
 0002:000022FC  Graphics::_16483
 0001:000322F4  Graphics::_16484
 0002:0000249C  Graphics::_16496
 0001:00032798  Graphics::_16497
 0001:0003296C  Graphics::_16501
 0001:00032C14  Graphics::_16509
 0002:0000252C  Graphics::_16526
 0002:0000253C  Graphics::_16536
 0002:00002550  Graphics::_16544
 0002:00002560  Graphics::_16614
 0001:00033E88  Graphics::_16620
 0001:00033EA0  Graphics::_16621
 0001:00033EB8  Graphics::_16622
 0001:00033EC4  Graphics::_16623
 0001:00033ED0  Graphics::_16625
 0001:00033F24  Graphics::_16626
 0001:00033FCC  Graphics::_16627
 0001:00033FDC  Graphics::_16628
 0001:0003413C  Graphics::_16629
 0001:00034408  Graphics::_16632
 0001:00034444  Graphics::_16633
 0001:000344C0  Graphics::_16634
 0001:00034514  Graphics::_16635
 0001:0003462C  Graphics::_16636
 0001:000346C4  Graphics::_16637
 0001:00034768  Graphics::_16638
 0001:000347BC  Graphics::_16639
 0001:0003497C  Graphics::_16640
 0001:00034988  Graphics::_16641
 0001:00034A18  Graphics::_16642
 0001:00034D24  Graphics::_16644
 0001:00034E08  Graphics::_16645
 0001:00034E78  Graphics::_16647
 0001:00034F40  Graphics::_16649
 0001:00034F44  Graphics::_16650
 0001:00034F50  Graphics::_16651
 0001:000351A0  Graphics::_16656
 0002:00002580  Graphics::_16687
 0002:00002584  Graphics::_16688
 0002:00002588  Graphics::_16766
 0001:000354BC  Graphics::_16767
 0001:00035530  Graphics::_16768
 0001:00035604  Graphics::_16770
 0001:00035680  Graphics::_16771
 0001:000356BC  Graphics::_16772
 0001:000356E8  Graphics::_16773
 0001:00035788  Graphics::_16774
 0001:00035940  Graphics::_16785
 0001:000359FC  Graphics::_16786
 0001:00035A48  Graphics::_16787
 0001:00036110  Graphics::_16789
 0002:0000258C  Graphics::_16824
 0002:00002590  Graphics::_16839
 0002:00002594  Graphics::_16877
 0001:000380C0  Graphics::_16878
 0001:00038168  Graphics::_16880
 0001:000382E8  Graphics::_16881
 0001:00038344  Graphics::_16883
 0001:0003837C  Graphics::_16884
 0001:000383A8  Graphics::_16885
 0001:000383B4  Graphics::_16886
 0001:000383C0  Graphics::_16887
 0001:00038474  Graphics::_16888
 0001:00038574  Graphics::_16889
 0003:00004CE0  Graphutil::B236_2
 0004:00000010  Graphutil::T236_3
 0002:00001CD4  Graphutil::WebNamedColors
 0001:00006ED0  HelpIntfs::_16397
 0001:0000704C  HelpIntfs::_16398
 0001:000070C0  HelpIntfs::_16400
 0001:00007130  HelpIntfs::_16402
 0001:00007138  HelpIntfs::_16404
 0001:00007140  HelpIntfs::_16406
 0001:00007148  HelpIntfs::_16408
 0001:00007150  HelpIntfs::_16410
 0001:00007158  HelpIntfs::_16412
 0001:000071C4  HelpIntfs::_16416
 0001:00007208  HelpIntfs::_16417
 0001:0000726C  HelpIntfs::_16418
 0001:000072E4  HelpIntfs::_16419
 0001:000073B4  HelpIntfs::_16420
 0001:000073E4  HelpIntfs::_16421
 0001:0000754C  HelpIntfs::_16422
 0001:00007614  HelpIntfs::_16423
 0001:000078BC  HelpIntfs::_16424
 0001:00007950  HelpIntfs::_16425
 0001:00007BF8  HelpIntfs::_16426
 0001:00007C00  HelpIntfs::_16427
 0001:00007CE0  HelpIntfs::_16428
 0001:00007D2C  HelpIntfs::_16429
 0001:00007DE8  HelpIntfs::_16430
 0001:00007F28  HelpIntfs::_16431
 0001:00007F2C  HelpIntfs::_16432
 0001:00007F40  HelpIntfs::_16433
 0003:000002A8  Helpintfs::B144_1
 0001:00006E6C  Helpintfs::EHelpSystemException::
 0001:FFC0EFF0  Helpintfs::_16403
 0001:FFC0EFF1  Helpintfs::_16405
 0001:FFC0EFF2  Helpintfs::_16407
 0001:FFC0EFF3  Helpintfs::_16409
 0001:FFC0EFF4  Helpintfs::_16411
 0003:000001D8  Imagehlp::B112_1
 0002:00002124  ImgList::_16396
 0002:00002134  ImgList::_16397
 0001:00024050  ImgList::_16398
 0001:00024070  ImgList::_16399
 0002:0000213C  ImgList::_16415
 0001:00024D30  ImgList::_16464
 0001:00024E64  ImgList::_16466
 0003:00004CF4  Imglist::B250_2
 0001:00023EFC  Imglist::TChangeLink::
 0001:00023F78  Imglist::TCustomImageList::
 0003:000001D4  Imm::B110_1
 0002:000011E8  IniFiles::_16421
 0001:00012BC8  IniFiles::_16422
 0003:00000304  Inifiles::B183_2
 0003:00000014  Mainunit::B5_2
 0003:00000018  Mainunit::B5_3
 0002:000001A8  Mainunit::D5_1
 0003:00000300  Math::B179_2
 0002:00002A54  Math::Infinity
 0002:00002AC0  Math::MaxComp
 0002:00002A90  Math::MaxDouble
 0002:00002AA8  Math::MaxExtended
 0002:00002A78  Math::MaxSingle
 0002:00002AB4  Math::MinComp
 0002:00002A84  Math::MinDouble
 0002:00002A9C  Math::MinExtended
 0002:00002A6C  Math::MinSingle
 0002:00002A48  Math::NaN
 0002:00002A60  Math::NegInfinity
 0003:00004D0C  Menus::B288_2
 0001:00029560  Menus::EMenuError::
 0003:00004D0C  Menus::PopupList
 0003:00004D10  Menus::ShortCutItems
 0001:00029E0C  Menus::TMainMenu::
 0001:00029D10  Menus::TMenu::
 0001:00029814  Menus::TMenuActionLink::
 0001:000298EC  Menus::TMenuItem::
 0001:0002A400  Menus::TMenuItemStack::
 0001:0002A394  Menus::TPopupList::
 0001:0002A0F0  Menus::TPopupMenu::
 0002:0000219C  Menus::ValidMenuHotkeys
 0001:0002A468  Menus::_16416
 0002:000021A0  Menus::_16417
 0002:000021A4  Menus::_16418
 0002:000021A8  Menus::_16419
 0002:000021AC  Menus::_16420
 0001:0002A498  Menus::_16421
 0001:0002A4CC  Menus::_16422
 0001:0002A4D4  Menus::_16423
 0002:000021B0  Menus::_16428
 0001:0002A52C  Menus::_16429
 0001:0002A778  Menus::_16431
 0001:0002A944  Menus::_16433
 0001:0002A964  Menus::_16434
 0001:0002A9C8  Menus::_16435
 0002:000021F8  Menus::_16463
 0002:00002200  Menus::_16464
 0002:00002208  Menus::_16465
 0002:00002214  Menus::_16466
 0002:0000221C  Menus::_16467
 0002:00002228  Menus::_16468
 0002:00002230  Menus::_16469
 0002:00002238  Menus::_16470
 0002:00002240  Menus::_16471
 0002:00002248  Menus::_16472
 0002:00002250  Menus::_16473
 0002:00002258  Menus::_16474
 0001:0002B268  Menus::_16476
 0002:00002260  Menus::_16487
 0001:0002B7E0  Menus::_16488
 0002:00002268  Menus::_16489
 0002:00002270  Menus::_16490
 0002:00002278  Menus::_16491
 0002:00002280  Menus::_16492
 0002:00002288  Menus::_16493
 0001:0002B9B8  Menus::_16494
 0001:0002C30C  Menus::_16495
 0001:0002CC84  Menus::_16496
 0002:00002298  Menus::_16500
 0001:0002D7F4  Menus::_16501
 0002:000022A0  Menus::_16502
 0001:0002D840  Menus::_16503
 0001:0002E9BC  Menus::_16556
 0001:0002E9F8  Menus::_16560
 0001:0002EA28  Menus::_16561
 0001:0002EAAC  Menus::_16562
 0001:0002F3EC  Menus::_16584
 0001:0002F42C  Menus::_16586
 0002:000022B0  Menus::_16592
 0002:000022B4  Menus::_16593
 0001:0002F65C  Menus::_16594
 0001:0002F88C  Menus::_16597
 0001:0002F89C  Menus::_16598
 0001:0002FBA8  Menus::_16602
 0001:0002FE98  Menus::_16614
 0001:0002FEF4  Menus::_16615
 0002:000022B8  Menus::_16649
 0002:000022C4  Menus::_16650
 0001:00030F40  Menus::_16665
 0003:000001D0  Messages::B100_1
 0001:00005FC0  MultiMon::_16387
 0001:000060A4  MultiMon::_16388
 0001:0000612C  MultiMon::_16389
 0001:000061BC  MultiMon::_16390
 0001:00006254  MultiMon::_16391
 0001:000062EC  MultiMon::_16392
 0001:000063C0  MultiMon::_16393
 0001:00006494  MultiMon::_16394
 0001:00006568  MultiMon::_16395
 0001:00006698  MultiMon::_16396
 0003:0000019C  Multimon::B92_1
 0003:000001B8  Multimon::EnumDisplayMonitors
 0003:000001AC  Multimon::GetMonitorInfo
 0003:000001B0  Multimon::GetMonitorInfoA
 0003:000001B4  Multimon::GetMonitorInfoW
 0003:0000019C  Multimon::GetSystemMetrics
 0003:000001A8  Multimon::MonitorFromPoint
 0003:000001A4  Multimon::MonitorFromRect
 0003:000001A0  Multimon::MonitorFromWindow
 0003:00004D08  Printers::B279_2
 0002:00002198  Printers::_16393
 0003:000002FC  Registry::B177_2
 0001:000125C0  Registry::ERegistryException::
 0001:00012620  Registry::TRegistry::
 0001:00012688  Registry::_16394
 0001:000126B4  Registry::_16395
 0001:000126C8  Registry::_16397
 0002:000011E0  Registry::_16461
 0001:00012B28  Registry::_16462
 0003:00000198  Regstr::B64_1
 0003:0000030C  Rtlconsts::B190_1
 0001:FFC0EFF5  Rtlconsts::_16386
 0001:FFC0EFF6  Rtlconsts::_16388
 0001:FFC0EFF7  Rtlconsts::_16390
 0001:FFC0EFF8  Rtlconsts::_16394
 0001:FFC0EFF9  Rtlconsts::_16398
 0001:FFC0EFFA  Rtlconsts::_16400
 0001:FFC0EFFB  Rtlconsts::_16404
 0001:FFC0EFFC  Rtlconsts::_16406
 0001:FFC0EFFD  Rtlconsts::_16408
 0001:FFC0EFFE  Rtlconsts::_16410
 0001:FFC0EFFF  Rtlconsts::_16414
 0001:FFC0EFE0  Rtlconsts::_16422
 0001:FFC0EFE1  Rtlconsts::_16444
 0001:FFC0EFE2  Rtlconsts::_16448
 0001:FFC0EFE3  Rtlconsts::_16454
 0001:FFC0EFE4  Rtlconsts::_16458
 0001:FFC0EFE5  Rtlconsts::_16460
 0001:FFC0EFE6  Rtlconsts::_16470
 0001:FFC0EFE7  Rtlconsts::_16472
 0001:FFC0EFE8  Rtlconsts::_16474
 0001:FFC0EFE9  Rtlconsts::_16480
 0001:FFC0EFEA  Rtlconsts::_16492
 0001:FFC0EFEB  Rtlconsts::_16496
 0001:FFC0EFEC  Rtlconsts::_16498
 0001:FFC0EFED  Rtlconsts::_16502
 0001:FFC0EFEE  Rtlconsts::_16508
 0001:FFC0EFEF  Rtlconsts::_16510
 0001:FFC0EFD0  Rtlconsts::_16512
 0001:FFC0EFD1  Rtlconsts::_16520
 0001:FFC0EFD2  Rtlconsts::_16522
 0001:FFC0EFD3  Rtlconsts::_16524
 0001:00012DFC  Rtlconsts::_SAncestorNotFound
 0001:00012E04  Rtlconsts::_SAssignError
 0001:00012E0C  Rtlconsts::_SBitsIndexError
 0001:00012E14  Rtlconsts::_SCantWriteResourceStreamError
 0001:00012E1C  Rtlconsts::_SCheckSynchronizeError
 0001:00012E24  Rtlconsts::_SClassNotFound
 0001:00012E2C  Rtlconsts::_SDuplicateClass
 0001:00012E34  Rtlconsts::_SDuplicateItem
 0001:00012E3C  Rtlconsts::_SDuplicateName
 0001:00012E44  Rtlconsts::_SDuplicateString
 0001:00012E4C  Rtlconsts::_SFCreateErrorEx
 0001:00012E54  Rtlconsts::_SFOpenErrorEx
 0001:00012E5C  Rtlconsts::_SInvalidImage
 0001:00012E64  Rtlconsts::_SInvalidName
 0001:00012E6C  Rtlconsts::_SInvalidPropertyPath
 0001:00012E74  Rtlconsts::_SInvalidPropertyValue
 0001:00012E7C  Rtlconsts::_SInvalidRegType
 0001:00012E84  Rtlconsts::_SListCapacityError
 0001:00012E8C  Rtlconsts::_SListCountError
 0001:00012E94  Rtlconsts::_SListIndexError
 0001:00012E9C  Rtlconsts::_SMemoryStreamError
 0001:00012EA4  Rtlconsts::_SPropertyException
 0001:00012EAC  Rtlconsts::_SReadError
 0001:00012EB4  Rtlconsts::_SReadOnlyProperty
 0001:00012EBC  Rtlconsts::_SRegGetDataFailed
 0001:00012EC4  Rtlconsts::_SResNotFound
 0001:00012ECC  Rtlconsts::_SSeekNotImplemented
 0001:00012ED4  Rtlconsts::_SSortedListError
 0001:00012EDC  Rtlconsts::_SUnknownGroup
 0001:00012EE4  Rtlconsts::_SUnknownProperty
 0001:00012EEC  Rtlconsts::_SWriteError
 0003:00000194  Shellapi::B60_1
 0003:00000168  Shlobj::B56_2
 0002:00002144  StdCtrls::_16456
 0001:00027EC8  StdCtrls::_16467
 0001:00027FC0  StdCtrls::_16468
 0002:0000214C  StdCtrls::_16469
 0001:0002839C  StdCtrls::_16471
 0002:0000215C  StdCtrls::_16472
 0002:00002164  StdCtrls::_16473
 0002:00002168  StdCtrls::_16476
 0002:0000216C  StdCtrls::_16520
 0002:00002174  StdCtrls::_16521
 0002:0000217C  StdCtrls::_16522
 0002:00002188  StdCtrls::_16523
 0002:00002190  StdCtrls::_16524
 0001:000291A0  StdCtrls::_16532
 0003:00004CF0  Stdactns::B248_2
 0001:00023D94  Stdactns::THintAction::
 0003:00004D04  Stdctrls::B262_2
 0001:0002728C  Stdctrls::TCustomEdit::
 0001:00026A14  Stdctrls::TCustomLabel::
 0001:00027458  Stdctrls::TEdit::
 0001:00026B50  Stdctrls::TLabel::
 0003:000002F8  Strutils::B171_2
 0003:00000314  Syncobjs::B201_1
 0001:00013020  Syncobjs::TCriticalSection::
 0001:00012FBC  Syncobjs::TSynchroObject::
 0002:000000A0  SysInit::_16390
 0001:000003FC  SysInit::_16398
 0001:00000408  SysInit::_16399
 0001:00013BF4  SysUtils::_16500
 0001:00013C60  SysUtils::_16507
 0001:00013D50  SysUtils::_16510
 0001:00013D6C  SysUtils::_16512
 0002:0000126C  SysUtils::_16516
 0001:00013D90  SysUtils::_16517
 0001:00014244  SysUtils::_16570
 0001:000142B0  SysUtils::_16574
 0001:00014440  SysUtils::_16584
 0001:000144D0  SysUtils::_16587
 0002:00001270  SysUtils::_16590
 0001:000145D8  SysUtils::_16591
 0002:00001278  SysUtils::_16598
 0002:00001284  SysUtils::_16599
 0001:0001473C  SysUtils::_16608
 0001:00014788  SysUtils::_16609
 0001:000148F4  SysUtils::_16649
 0002:00001298  SysUtils::_16683
 0001:00014C04  SysUtils::_16684
 0001:00014C5C  SysUtils::_16685
 0001:00014C80  SysUtils::_16686
 0002:000012A0  SysUtils::_16706
 0002:000012AC  SysUtils::_16707
 0001:00015174  SysUtils::_16708
 0002:000012B0  SysUtils::_16714
 0002:000012B4  SysUtils::_16748
 0002:000012B8  SysUtils::_16749
 0001:00015CB8  SysUtils::_16776
 0001:00015CFC  SysUtils::_16777
 0002:000012BC  SysUtils::_16778
 0001:00015D18  SysUtils::_16779
 0001:00015D64  SysUtils::_16780
 0001:00015D90  SysUtils::_16781
 0001:00015DC8  SysUtils::_16782
 0001:00015E08  SysUtils::_16783
 0001:00015F84  SysUtils::_16784
 0001:0001609C  SysUtils::_16785
 0001:000168B0  SysUtils::_16809
 0001:000168D4  SysUtils::_16810
 0001:00016968  SysUtils::_16811
 0001:00016A40  SysUtils::_16812
 0001:00016A7C  SysUtils::_16813
 0001:00016AC8  SysUtils::_16814
 0001:00016B10  SysUtils::_16815
 0001:00016B64  SysUtils::_16816
 0001:00016BC0  SysUtils::_16817
 0001:00016F0C  SysUtils::_16820
 0002:000012C0  SysUtils::_16843
 0002:000012F0  SysUtils::_16844
 0002:00001320  SysUtils::_16845
 0002:0000133C  SysUtils::_16846
 0001:0001729C  SysUtils::_16847
 0001:000172D8  SysUtils::_16848
 0001:000173FC  SysUtils::_16851
 0001:00017438  SysUtils::_16852
 0001:000174B0  SysUtils::_16853
 0001:00017560  SysUtils::_16854
 0001:00017790  SysUtils::_16855
 0001:00017B84  SysUtils::_16874
 0002:00001358  SysUtils::_16876
 0001:00017BA4  SysUtils::_16877
 0001:00017C04  SysUtils::_16878
 0002:00001390  SysUtils::_16880
 0001:00017C24  SysUtils::_16881
 0001:00017C74  SysUtils::_16882
 0001:00017D20  SysUtils::_16883
 0001:00017D30  SysUtils::_16884
 0001:00017D4C  SysUtils::_16885
 0001:00017D64  SysUtils::_16886
 0001:00017DE4  SysUtils::_16887
 0001:00017DFC  SysUtils::_16888
 0001:00017FC8  SysUtils::_16889
 0001:00018090  SysUtils::_16890
 0001:000180A0  SysUtils::_16891
 0001:00018124  SysUtils::_16892
 0001:000181D0  SysUtils::_16893
 0001:0001834C  SysUtils::_16897
 0001:00018488  SysUtils::_16902
 0001:000187F0  SysUtils::_16924
 0001:0001884C  SysUtils::_16925
 0001:00018C88  SysUtils::_16934
 0001:00018CB8  SysUtils::_16935
 0001:00018CDC  SysUtils::_16936
 0001:00018D04  SysUtils::_16938
 0002:00001440  SysUtils::_16956
 0001:00018EF0  SysUtils::_16959
 0001:00018F14  SysUtils::_16969
 0001:00018F70  SysUtils::_16970
 0001:00018F7C  SysUtils::_16971
 0001:00018F88  SysUtils::_16972
 0001:00018F90  SysUtils::_16973
 0001:000194FC  SysUtils::_17019
 0001:0001952C  SysUtils::_17020
 0001:00019618  SysUtils::_17021
 0003:0000242C  Sysconst::B204_1
 0001:FFC0EFD4  Sysconst::_16388
 0001:FFC0EFD5  Sysconst::_16390
 0001:FFC0EFD6  Sysconst::_16412
 0001:FFC0EFD7  Sysconst::_16414
 0001:FFC0EFD8  Sysconst::_16416
 0001:FFC0EFD9  Sysconst::_16418
 0001:FFC0EFDA  Sysconst::_16420
 0001:FFC0EFDB  Sysconst::_16422
 0001:FFC0EFDC  Sysconst::_16424
 0001:FFC0EFDD  Sysconst::_16426
 0001:FFC0EFDE  Sysconst::_16428
 0001:FFC0EFDF  Sysconst::_16430
 0001:FFC0EFC0  Sysconst::_16432
 0001:FFC0EFC1  Sysconst::_16434
 0001:FFC0EFC2  Sysconst::_16436
 0001:FFC0EFC3  Sysconst::_16438
 0001:FFC0EFC4  Sysconst::_16440
 0001:FFC0EFC5  Sysconst::_16442
 0001:FFC0EFC6  Sysconst::_16444
 0001:FFC0EFC7  Sysconst::_16446
 0001:FFC0EFC8  Sysconst::_16448
 0001:FFC0EFC9  Sysconst::_16450
 0001:FFC0EFCA  Sysconst::_16452
 0001:FFC0EFCB  Sysconst::_16454
 0001:FFC0EFCC  Sysconst::_16458
 0001:FFC0EFCD  Sysconst::_16462
 0001:FFC0EFCE  Sysconst::_16464
 0001:FFC0EFCF  Sysconst::_16466
 0001:FFC0EFB0  Sysconst::_16468
 0001:FFC0EFB1  Sysconst::_16470
 0001:FFC0EFB2  Sysconst::_16472
 0001:FFC0EFB3  Sysconst::_16474
 0001:FFC0EFB4  Sysconst::_16480
 0001:FFC0EFB5  Sysconst::_16482
 0001:FFC0EFB6  Sysconst::_16484
 0001:FFC0EFB7  Sysconst::_16488
 0001:FFC0EFB8  Sysconst::_16490
 0001:FFC0EFB9  Sysconst::_16494
 0001:FFC0EFBA  Sysconst::_16520
 0001:FFC0EFBB  Sysconst::_16522
 0001:FFC0EFBC  Sysconst::_16524
 0001:FFC0EFBD  Sysconst::_16526
 0001:FFC0EFBE  Sysconst::_16528
 0001:FFC0EFBF  Sysconst::_16530
 0001:FFC0EFA0  Sysconst::_16534
 0001:FFC0EFA1  Sysconst::_16552
 0001:FFC0EFA2  Sysconst::_16554
 0001:FFC0EFA3  Sysconst::_16556
 0001:FFC0EFA4  Sysconst::_16558
 0001:FFC0EFA5  Sysconst::_16560
 0001:FFC0EFA6  Sysconst::_16562
 0001:FFC0EFA7  Sysconst::_16564
 0001:FFC0EFA8  Sysconst::_16576
 0001:FFC0EFA9  Sysconst::_16578
 0001:FFC0EFAA  Sysconst::_16586
 0001:FFC0EFAB  Sysconst::_16588
 0001:FFC0EFAC  Sysconst::_16590
 0001:FFC0EFAD  Sysconst::_16592
 0001:FFC0EFAE  Sysconst::_16594
 0001:FFC0EFAF  Sysconst::_16596
 0001:FFC0EF90  Sysconst::_16598
 0001:FFC0EF91  Sysconst::_16600
 0001:FFC0EF92  Sysconst::_16602
 0001:FFC0EF93  Sysconst::_16604
 0001:FFC0EF94  Sysconst::_16606
 0001:FFC0EF95  Sysconst::_16608
 0001:FFC0EF96  Sysconst::_16610
 0001:FFC0EF97  Sysconst::_16612
 0001:FFC0EF98  Sysconst::_16614
 0001:FFC0EF99  Sysconst::_16616
 0001:FFC0EF9A  Sysconst::_16618
 0001:FFC0EF9B  Sysconst::_16620
 0001:FFC0EF9C  Sysconst::_16622
 0001:FFC0EF9D  Sysconst::_16624
 0001:FFC0EF9E  Sysconst::_16626
 0001:FFC0EF9F  Sysconst::_16628
 0001:FFC0EF80  Sysconst::_16630
 0001:FFC0EF81  Sysconst::_16632
 0001:FFC0EF82  Sysconst::_16634
 0001:FFC0EF83  Sysconst::_16636
 0001:FFC0EF84  Sysconst::_16638
 0001:FFC0EF85  Sysconst::_16640
 0001:FFC0EF86  Sysconst::_16642
 0001:FFC0EF87  Sysconst::_16644
 0001:FFC0EF88  Sysconst::_16646
 0001:FFC0EF89  Sysconst::_16648
 0001:FFC0EF8A  Sysconst::_16650
 0001:FFC0EF8B  Sysconst::_16652
 0001:FFC0EF8C  Sysconst::_16654
 0001:FFC0EF8D  Sysconst::_16656
 0001:FFC0EF8E  Sysconst::_16658
 0001:FFC0EF8F  Sysconst::_16660
 0001:00019BA4  Sysconst::_SAbstractError
 0001:00019A4C  Sysconst::_SAccessDenied
 0001:00019AB4  Sysconst::_SAccessViolationArg3
 0001:00019ABC  Sysconst::_SAccessViolationNoArg
 0001:00019AF4  Sysconst::_SArgumentMissing
 0001:00019B9C  Sysconst::_SAssertError
 0001:00019B84  Sysconst::_SAssertionFailed
 0001:00019ACC  Sysconst::_SControlC
 0001:00019A5C  Sysconst::_SDiskFull
 0001:00019AFC  Sysconst::_SDispatchError
 0001:00019A6C  Sysconst::_SDivByZero
 0001:00019A54  Sysconst::_SEndOfFile
 0001:00019AE4  Sysconst::_SExceptTitle
 0001:00019ADC  Sysconst::_SException
 0001:00019B7C  Sysconst::_SExternalException
 0001:00019A34  Sysconst::_SFileNotFound
 0001:00019A2C  Sysconst::_SInOutError
 0001:00019A7C  Sysconst::_SIntOverflow
 0001:00019B8C  Sysconst::_SIntfCastError
 0001:00019AAC  Sysconst::_SInvalidCast
 0001:00019A3C  Sysconst::_SInvalidFilename
 0001:00019A1C  Sysconst::_SInvalidFloat
 0001:00019AEC  Sysconst::_SInvalidFormat
 0001:00019A64  Sysconst::_SInvalidInput
 0001:00019A14  Sysconst::_SInvalidInteger
 0001:00019A84  Sysconst::_SInvalidOp
 0001:00019AA4  Sysconst::_SInvalidPointer
 0001:00019B2C  Sysconst::_SInvalidVarCast
 0001:00019B34  Sysconst::_SInvalidVarOp
 0001:00019B3C  Sysconst::_SInvalidVarOpWithHResultWithPrefix
 0001:00019CE4  Sysconst::_SLongDayNameFri
 0001:00019CC4  Sysconst::_SLongDayNameMon
 0001:00019CEC  Sysconst::_SLongDayNameSat
 0001:00019CBC  Sysconst::_SLongDayNameSun
 0001:00019CDC  Sysconst::_SLongDayNameThu
 0001:00019CCC  Sysconst::_SLongDayNameTue
 0001:00019CD4  Sysconst::_SLongDayNameWed
 0001:00019C3C  Sysconst::_SLongMonthNameApr
 0001:00019C5C  Sysconst::_SLongMonthNameAug
 0001:00019C7C  Sysconst::_SLongMonthNameDec
 0001:00019C2C  Sysconst::_SLongMonthNameFeb
 0001:00019C24  Sysconst::_SLongMonthNameJan
 0001:00019C54  Sysconst::_SLongMonthNameJul
 0001:00019C4C  Sysconst::_SLongMonthNameJun
 0001:00019C34  Sysconst::_SLongMonthNameMar
 0001:00019C44  Sysconst::_SLongMonthNameMay
 0001:00019C74  Sysconst::_SLongMonthNameNov
 0001:00019C6C  Sysconst::_SLongMonthNameOct
 0001:00019C64  Sysconst::_SLongMonthNameSep
 0001:00019BAC  Sysconst::_SModuleAccessViolation
 0001:00019BB4  Sysconst::_SOSError
 0001:00019A24  Sysconst::_SOutOfMemory
 0001:00019A94  Sysconst::_SOverflow
 0001:00019AD4  Sysconst::_SPrivilege
 0001:00019A74  Sysconst::_SRangeError
 0001:00019B04  Sysconst::_SReadAccess
 0001:00019B94  Sysconst::_SSafecallException
 0001:00019CAC  Sysconst::_SShortDayNameFri
 0001:00019C8C  Sysconst::_SShortDayNameMon
 0001:00019CB4  Sysconst::_SShortDayNameSat
 0001:00019C84  Sysconst::_SShortDayNameSun
 0001:00019CA4  Sysconst::_SShortDayNameThu
 0001:00019C94  Sysconst::_SShortDayNameTue
 0001:00019C9C  Sysconst::_SShortDayNameWed
 0001:00019BDC  Sysconst::_SShortMonthNameApr
 0001:00019BFC  Sysconst::_SShortMonthNameAug
 0001:00019C1C  Sysconst::_SShortMonthNameDec
 0001:00019BCC  Sysconst::_SShortMonthNameFeb
 0001:00019BC4  Sysconst::_SShortMonthNameJan
 0001:00019BF4  Sysconst::_SShortMonthNameJul
 0001:00019BEC  Sysconst::_SShortMonthNameJun
 0001:00019BD4  Sysconst::_SShortMonthNameMar
 0001:00019BE4  Sysconst::_SShortMonthNameMay
 0001:00019C14  Sysconst::_SShortMonthNameNov
 0001:00019C0C  Sysconst::_SShortMonthNameOct
 0001:00019C04  Sysconst::_SShortMonthNameSep
 0001:00019AC4  Sysconst::_SStackOverflow
 0001:00019A44  Sysconst::_STooManyOpenFiles
 0001:00019A9C  Sysconst::_SUnderflow
 0001:00019BBC  Sysconst::_SUnkOSError
 0001:00019B1C  Sysconst::_SVarArrayBounds
 0001:00019B14  Sysconst::_SVarArrayCreate
 0001:00019B24  Sysconst::_SVarArrayLocked
 0001:00019B64  Sysconst::_SVarBadType
 0001:00019B5C  Sysconst::_SVarInvalid
 0001:00019B6C  Sysconst::_SVarNotImplemented
 0001:00019B54  Sysconst::_SVarOverflow
 0001:00019B4C  Sysconst::_SVarTypeConvertOverflow
 0001:00019B44  Sysconst::_SVarTypeCouldNotConvert
 0001:00019B74  Sysconst::_SVarUnexpected
 0001:00019B0C  Sysconst::_SWriteAccess
 0001:00019A8C  Sysconst::_SZeroDivide
 0003:00000000  Sysinit::B3_2
 0002:0000009C  Sysinit::DataMark
 0003:00000008  Sysinit::DllProc
 0003:00000004  Sysinit::HInstance
 0003:00000002  Sysinit::ModuleIsCpp
 0003:00000000  Sysinit::ModuleIsLib
 0003:00000001  Sysinit::ModuleIsPackage
 0002:00000098  Sysinit::TlsIndex
 0003:00000003  Sysinit::TlsLast
 0001:000004C4  Sysinit::VclExit()
 0001:0000042C  Sysinit::VclInit(bool, bool, int, bool)
 0001:000003EC  Sysinit::__linkproc__ __fastcall GetTls()
 0003:000024F8  System::AbstractErrorProc
 0003:00002A88  System::AllocMemCount
 0003:00002A8C  System::AllocMemSize
 0001:0005D4B4  System::AnsiString::sprintf(const char *, ...)
 0001:0005D470  System::AnsiString::vprintf(const char *, void *)
 0003:000024F0  System::AssertErrorProc
 0003:000024CC  System::B210_2
 0003:00002510  System::CmdLine
 0003:0000250C  System::CmdShow
 0002:000014DC  System::D210_1
 0002:00001508  System::DebugHook
 0002:00001504  System::Default8087CW
 0003:000024CC  System::DispCallByIDProc
 0001:00001A14  System::DynamicArray<Forms::TPopupWnd>::DecRefCount()
 0001:00001A48  System::DynamicArray<Forms::TPopupWnd>::FreeData()
 0001:00001AA4  System::DynamicArray<Forms::TPopupWnd>::get_length() const
 0001:000019E8  System::DynamicArray<Forms::TPopupWnd>::~DynamicArray<Forms::TPopupWnd>()
 0003:000028B8  System::ErrOutput
 0002:000014FC  System::ErrorAddr
 0003:000024D4  System::ErrorProc
 0003:000024D8  System::ExceptClsProc
 0003:000024DC  System::ExceptObjProc
 0003:000024D0  System::ExceptProc
 0003:000024E8  System::ExceptionClass
 0002:000014F8  System::ExitCode
 0003:00002518  System::ExitProc
 0003:000024F4  System::ExitProcessProc
 0002:00001500  System::FileMode
 0003:000024FC  System::HPrevInst
 0003:00002514  System::InitProc
 0003:00002520  System::Input
 0003:0000251C  System::IsConsole
 0003:00002508  System::IsLibrary
 0003:0000251D  System::IsMultiThread
 0002:0000150C  System::JITEnable
 0002:00001514  System::LibModuleList
 0003:00002500  System::MainInstance
 0003:00002504  System::MainThreadID
 0002:00001518  System::ModuleUnloadList
 0003:00002A91  System::NeverSleepOnMMThreadContention
 0002:00001510  System::NoErrMsg
 0003:000026EC  System::Output
 0003:000024E4  System::RTLUnwindProc
 0003:000024E0  System::RaiseExceptionProc
 0003:00002A90  System::ReportMemoryLeaksOnShutdown
 0003:000024EC  System::SafeCallErrorProc
 0002:000014F4  System::SystemThreadEndProc
 0002:000014F0  System::SystemThreadFuncProc
 0004:00000008  System::T210_3
 0001:0001D0BC  System::TInterfacedObject::
 0001:0001CFC8  System::TObject::
 0001:000007B8  System::TObject::TObject(const System::TObject&)
 0003:0000251E  System::Test8086
 0003:0000251F  System::TestFDIV
 0002:000014E0  System::VarAddRefProc
 0002:000014DC  System::VarClearProc
 0002:000014E4  System::VarCopyProc
 0002:000014E8  System::VarToLStrProc
 0002:000014EC  System::VarToWStrProc
 0001:0001D06C  System::_16419
 0001:0001D11C  System::_16453
 0002:0000151C  System::_16455
 0001:0001D140  System::_16456
 0002:00001520  System::_16458
 0001:0001D1A0  System::_16460
 0001:0001D1A8  System::_16461
 0001:0001D1BC  System::_16462
 0001:0001D1DC  System::_16463
 0001:0001D208  System::_16464
 0001:0001D228  System::_16465
 0001:0001D24C  System::_16466
 0001:0001D278  System::_16467
 0001:0001D2A8  System::_16468
 0001:0001D2E0  System::_16469
 0001:0001D310  System::_16470
 0001:0001D32C  System::_16473
 0001:0001D36C  System::_16474
 0001:0001D3CC  System::_16475
 0001:0001D438  System::_16476
 0001:0001D4B0  System::_16478
 0001:0001D4F8  System::_16479
 0001:0001D55C  System::_16480
 0001:0001D600  System::_16481
 0001:0001E010  System::_16486
 0001:0001E034  System::_16487
 0001:0001E074  System::_16488
 0001:0001E0B0  System::_16489
 0001:0001E1CC  System::_16490
 0001:0001E1E4  System::_16491
 0001:0001E260  System::_16492
 0001:0001E2E0  System::_16493
 0001:0001E308  System::_16494
 0001:0001E414  System::_16497
 0001:0001E560  System::_16498
 0001:0001E9D8  System::_16507
 0001:0001EA1C  System::_16510
 0001:0001EB44  System::_16511
 0001:0001EBD4  System::_16512
 0002:00001C00  System::_16513
 0001:0001ED94  System::_16533
 0002:00001C18  System::_16534
 0001:0001EDA0  System::_16535
 0001:0001EFCC  System::_16589
 0001:0001F614  System::_16694
 0001:0001F644  System::_16695
 0001:0001F708  System::_16696
 0001:0001F8C8  System::_16711
 0001:0001FA10  System::_16718
 0001:0001FC08  System::_16737
 0001:0001FC24  System::_16738
 0001:0001FC48  System::_16739
 0001:0001FC60  System::_16740
 0001:0001FC74  System::_16741
 0001:0001FC88  System::_16742
 0001:0001FCA8  System::_16743
 0001:0001FCD0  System::_16744
 0001:00020048  System::_16749
 0001:00020144  System::_16758
 0001:0002016C  System::_16759
 0002:00001C34  System::_16760
 0002:00001C3C  System::_16770
 0002:00001C5C  System::_16771
 0001:0002021C  System::_16772
 0001:00020280  System::_16773
 0001:000202B0  System::_16774
 0001:00020550  System::_16791
 0001:00020570  System::_16792
 0001:000208D4  System::_16811
 0001:00020BB4  System::_16833
 0001:00020BD4  System::_16835
 0001:00020F6C  System::_16869
 0001:0002107C  System::_16876
 0001:000212B8  System::_16894
 0001:000212F4  System::_16920
 0001:00021304  System::_16921
 0001:00021540  System::_16940
 0001:000215C0  System::_16942
 0001:000215E0  System::_16943
 0001:00021AA8  System::_16953
 0001:0001F118  System::__linkproc__ __fastcall AStrCmp()
 0001:0001EFB0  System::__linkproc__ __fastcall AbstractError()
 0001:0001FBA8  System::__linkproc__ __fastcall AfterConstruction(System::TObject *)
 0001:0001F9F4  System::__linkproc__ __fastcall AsClass(System::TObject *, System::TMetaClass *)
 0001:0001FBF8  System::__linkproc__ __fastcall BeforeDestruction(System::TObject *, signed char)
 0001:0001FA40  System::__linkproc__ __fastcall CallDynaInst()
 0001:0001FB50  System::__linkproc__ __fastcall ClassCreate(System::TMetaClass *, bool)
 0001:0001FBA0  System::__linkproc__ __fastcall ClassDestroy(System::TObject *)
 0001:0001F020  System::__linkproc__ __fastcall Close(System::TTextRec&)
 0001:0001EE28  System::__linkproc__ __fastcall Copy()
 0001:000211B0  System::__linkproc__ __fastcall CopyArray()
 0001:00021094  System::__linkproc__ __fastcall CopyRecord()
 0001:000212A8  System::__linkproc__ __fastcall Dispose(void *, void *)
 0001:000200FC  System::__linkproc__ __fastcall DoneExcept()
 0001:000214E8  System::__linkproc__ __fastcall DynArrayAsg()
 0001:000214AC  System::__linkproc__ __fastcall DynArrayClear(void *&, void *)
 0001:000212EC  System::__linkproc__ __fastcall DynArrayHigh()
 0001:000212E4  System::__linkproc__ __fastcall DynArrayLength()
 0001:000214A0  System::__linkproc__ __fastcall DynArraySetLength()
 0001:0001F188  System::__linkproc__ __fastcall FillChar(void *, int, char)
 0001:00021070  System::__linkproc__ __fastcall Finalize(void *, void *)
 0001:00020F84  System::__linkproc__ __fastcall FinalizeArray(void *, void *, unsigned int)
 0001:00020F38  System::__linkproc__ __fastcall FinalizeRecord(void *, void *)
 0001:0001EC5C  System::__linkproc__ __fastcall FreeMem(void *)
 0001:0001EC40  System::__linkproc__ __fastcall GetMem(int)
 0001:00020418  System::__linkproc__ __fastcall Halt(int)
 0001:0002033C  System::__linkproc__ __fastcall Halt0()
 0001:0001FCEC  System::__linkproc__ __fastcall HandleAnyException()
 0001:0001FFA0  System::__linkproc__ __fastcall HandleFinally()
 0001:0001FE18  System::__linkproc__ __fastcall HandleOnException()
 0001:000201F8  System::__linkproc__ __fastcall InitImports()
 0001:000201D0  System::__linkproc__ __fastcall InitResStringImports()
 0001:00020EA4  System::__linkproc__ __fastcall InitializeArray(void *, void *, unsigned int)
 0001:00020E74  System::__linkproc__ __fastcall InitializeRecord(void *, void *)
 0001:0001F714  System::__linkproc__ __fastcall IntOver()
 0001:00021BF8  System::__linkproc__ __fastcall IntfAddRef(const System::DelphiInterface<System::IInterface>)
 0001:00021BC8  System::__linkproc__ __fastcall IntfCast(System::DelphiInterface<System::IInterface>&, const System::DelphiInterface<System::IInterface>, const _GUID&)
 0001:00021B84  System::__linkproc__ __fastcall IntfClear(System::DelphiInterface<System::IInterface>&)
 0001:00021B9C  System::__linkproc__ __fastcall IntfCopy(System::DelphiInterface<System::IInterface>&, const System::DelphiInterface<System::IInterface>)
 0001:0001F9D0  System::__linkproc__ __fastcall IsClass(System::TObject *, System::TMetaClass *)
 0001:000208B0  System::__linkproc__ __fastcall LStrAddRef(void *)
 0001:00020454  System::__linkproc__ __fastcall LStrArrayClr(void *, int)
 0001:00020484  System::__linkproc__ __fastcall LStrAsg(void *, const void *)
 0001:000206FC  System::__linkproc__ __fastcall LStrCat()
 0001:00020748  System::__linkproc__ __fastcall LStrCat3()
 0001:000207C4  System::__linkproc__ __fastcall LStrCatN()
 0001:00020430  System::__linkproc__ __fastcall LStrClr(void *)
 0001:00020858  System::__linkproc__ __fastcall LStrCmp()
 0001:00020928  System::__linkproc__ __fastcall LStrCopy()
 0001:00020968  System::__linkproc__ __fastcall LStrDelete()
 0001:000206A0  System::__linkproc__ __fastcall LStrFromArray(System::AnsiString&, char *, int)
 0001:00020618  System::__linkproc__ __fastcall LStrFromChar(System::AnsiString&, char)
 0001:00020628  System::__linkproc__ __fastcall LStrFromPChar(System::AnsiString&, char *)
 0001:00020520  System::__linkproc__ __fastcall LStrFromPCharLen(System::AnsiString&, char *, int)
 0001:00020658  System::__linkproc__ __fastcall LStrFromPWChar(System::AnsiString&, wchar_t *)
 0001:0002058C  System::__linkproc__ __fastcall LStrFromPWCharLen(System::AnsiString&, wchar_t *, int)
 0001:00020694  System::__linkproc__ __fastcall LStrFromString(System::AnsiString&, const System::SmallString<255>&)
 0001:000206B8  System::__linkproc__ __fastcall LStrFromWStr(System::AnsiString&, const System::WideString)
 0001:000209B0  System::__linkproc__ __fastcall LStrInsert()
 0001:000204C8  System::__linkproc__ __fastcall LStrLAsg(void *, const void *)
 0001:000206F0  System::__linkproc__ __fastcall LStrLen(const System::AnsiString)
 0001:00020B50  System::__linkproc__ __fastcall LStrSetLength()
 0001:000208C0  System::__linkproc__ __fastcall LStrToPChar(const System::AnsiString)
 0001:000206CC  System::__linkproc__ __fastcall LStrToString()
 0001:000204F4  System::__linkproc__ __fastcall NewAnsiString(int)
 0001:00020BBC  System::__linkproc__ __fastcall NewWideString(int)
 0001:0001F094  System::__linkproc__ __fastcall PStrCmp()
 0001:0001F078  System::__linkproc__ __fastcall PStrNCpy(System::SmallString<255> *, System::SmallString<255> *, unsigned char)
 0001:0001F330  System::__linkproc__ __fastcall Pow10()
 0001:0001EFA4  System::__linkproc__ __fastcall ROUND()
 0001:000200A8  System::__linkproc__ __fastcall RaiseAgain()
 0001:00020080  System::__linkproc__ __fastcall RaiseExcept()
 0001:0001EC74  System::__linkproc__ __fastcall ReallocMem(void *&, int)
 0001:00020424  System::__linkproc__ __fastcall RunError(unsigned char)
 0001:0002012C  System::__linkproc__ __fastcall TryFinallyExit()
 0001:00020920  System::__linkproc__ __fastcall UniqueStringA(System::AnsiString&)
 0001:0001F224  System::__linkproc__ __fastcall ValLong(const System::AnsiString, int&)
 0001:00020BFC  System::__linkproc__ __fastcall WStrArrayClr(void *, int)
 0001:00020C20  System::__linkproc__ __fastcall WStrAsg(System::WideString&, const System::WideString)
 0001:00020BE4  System::__linkproc__ __fastcall WStrClr(void *)
 0001:00020D60  System::__linkproc__ __fastcall WStrCmp()
 0001:00020DE4  System::__linkproc__ __fastcall WStrCopy(const System::WideString, int, int)
 0001:00020D34  System::__linkproc__ __fastcall WStrFromLStr(System::WideString&, const System::AnsiString)
 0001:00020C48  System::__linkproc__ __fastcall WStrFromPCharLen(System::WideString&, char *, int)
 0001:00020CF8  System::__linkproc__ __fastcall WStrFromPWChar(System::WideString&, wchar_t *)
 0001:00020CD4  System::__linkproc__ __fastcall WStrFromPWCharLen(System::WideString&, wchar_t *, int)
 0001:00020D54  System::__linkproc__ __fastcall WStrLen(const System::WideString)
 0001:00020E30  System::__linkproc__ __fastcall WStrSetLength(System::WideString&, int)
 0001:00020D44  System::__linkproc__ __fastcall WStrToPWChar(const System::WideString)
 0001:0001F304  System::__linkproc__ __fastcall _CLenToPasStr(System::SmallString<255> *, const char *, int)
 0001:0001F2F8  System::__linkproc__ __fastcall _CToPasStr(System::SmallString<255> *, const char *)
 0001:0001EDF8  System::__linkproc__ __fastcall _IOTest()
 0001:000212C0  System::__linkproc__ __fastcall _llmul()
 0003:00002A84  System::envp
 0003:0000031C  Sysutils::B202_2
 0003:00000324  Sysutils::CurrencyDecimals
 0003:00000320  Sysutils::CurrencyFormat
 0003:0000031C  Sysutils::CurrencyString
 0002:000011F0  Sysutils::D202_1
 0003:00000325  Sysutils::DateSeparator
 0003:00000323  Sysutils::DecimalSeparator
 0001:000131C8  Sysutils::EAbort::
 0001:00013A3C  Sysutils::EAbstractError::
 0001:00013814  Sysutils::EAccessViolation::
 0001:000139DC  Sysutils::EAssertionFailed::
 0001:00013928  Sysutils::EControlC::
 0001:000137B8  Sysutils::EConvertError::
 0001:0001343C  Sysutils::EDivByZero::
 0001:0001332C  Sysutils::EExternal::
 0001:00013384  Sysutils::EExternalException::
 0001:0001321C  Sysutils::EHeapException::
 0001:000132D4  Sysutils::EInOutError::
 0001:000133E4  Sysutils::EIntError::
 0001:000134EC  Sysutils::EIntOverflow::
 0001:00013A98  Sysutils::EIntfCastError::
 0001:0001375C  Sysutils::EInvalidCast::
 0001:000135A0  Sysutils::EInvalidOp::
 0001:00013700  Sysutils::EInvalidPointer::
 0001:00013548  Sysutils::EMathError::
 0001:00013AF4  Sysutils::EOSError::
 0001:00013278  Sysutils::EOutOfMemory::
 0001:00013650  Sysutils::EOverflow::
 0001:00013874  Sysutils::EPrivilege::
 0001:00013494  Sysutils::ERangeError::
 0001:00013B4C  Sysutils::ESafecallException::
 0001:000138CC  Sysutils::EStackOverflow::
 0001:000136A8  Sysutils::EUnderflow::
 0001:00013980  Sysutils::EVariantError::
 0001:000135F8  Sysutils::EZeroDivide::
 0002:000011F8  Sysutils::EmptyStr
 0002:000011FC  Sysutils::EmptyWideStr
 0003:000003EC  Sysutils::EraNames
 0003:00000408  Sysutils::EraYearOffsets
 0001:00013160  Sysutils::Exception::
 0001:000006B8  Sysutils::Exception::Exception(const Sysutils::Exception&)
 0003:00000428  Sysutils::FalseBoolStrs
 0002:000011F0  Sysutils::GetDiskFreeSpaceEx
 0002:00001268  Sysutils::HexDisplayPrefix
 0002:00001248  Sysutils::LeadBytes
 0003:000003EA  Sysutils::ListSeparator
 0003:0000032C  Sysutils::LongDateFormat
 0003:000003C0  Sysutils::LongDayNames
 0003:00000374  Sysutils::LongMonthNames
 0003:00000340  Sysutils::LongTimeFormat
 0002:00001218  Sysutils::MonthDays
 0003:00000321  Sysutils::NegCurrFormat
[...]
 0002:000025FC  Forms::_16465
 0002:00002600  Forms::_16466
 0002:00002604  Forms::_16512
 0002:0000260C  Forms::_16517
 0002:00002614  Forms::_16525
 0002:0000263C  Forms::_16527
 0002:00002648  Forms::_16555
 0002:00002650  Forms::_16641
 0002:00002658  Forms::_16661
 0002:00002664  Forms::_16665
 0002:00002668  Forms::_16713
 0002:00002674  Forms::_16729
 0002:00002680  Forms::_16764
 0002:00002688  Forms::_16765
 0002:00002690  Forms::_16819
 0002:000026E4  Forms::_16864
 0002:000026F0  Forms::_16871
 0002:00002718  Forms::_16943
 0002:0000271C  Forms::_16944
 0002:00002720  Dialogs::_16492
 0002:00002724  Dialogs::_16493
 0002:00002728  Dialogs::_16767
 0002:0000273C  Dialogs::_16770
 0002:00002768  Dialogs::_16772
 0002:00002794  Controls::AnimateWindowProc
 0002:00002794  Controls::D313_1
 0002:00002798  Controls::CreationControl
 0002:0000279C  Controls::DefaultDockTreeClass
 0002:000027A0  Controls::AnchorAlign
 0002:000027A8  Controls::_16524
 0002:00002858  Controls::_16534
 0002:0000285C  Controls::_16918
 0002:00002860  Controls::_17020
 0002:00002864  Controls::_17050
 0002:00002868  Controls::_17100
 0002:00002878  Controls::_17101
 0002:00002888  Controls::_17102
 0002:00002898  Controls::_17103
 0002:000028A0  Controls::_17134
 0002:000028AC  Controls::_17192
 0002:000028B4  Controls::_17193
 0002:000028BC  Controls::_17201
 0002:000028C0  Controls::_17235
 0002:000028C8  Controls::_17260
 0002:000028CC  Controls::_17263
 0002:000028D4  d485_1
 0002:000028D4  std::nothrow
 0002:000028DC  d505_1
 0002:00002900  ___CPPexceptionList
 0002:00002900  d520_1
 0002:00002904  ___exceptFlags
 0002:00002908  ___throwFileName
 0002:0000290C  ___throwLineNumber
 0002:00002910  ___throwExceptionName
 0002:00002914  ___exceptStaticBuffP
 0002:00002918  ___exceptMemAllocVars
 0002:0000291C  ___ExceptStaticXbuff
 0002:0000299C  __ExceptVarsSize
 0002:000029B0  d524_0
 0002:000029B0  ___xxPersonality
 0002:000029B4  __fmode
 0002:000029B4  d526_0
 0002:000029B8  __fileinfo
 0002:000029B8  d528_0
 0002:000029BC  d536_0
 0002:000029BC  __turboFloat
 0002:000029C0  __setargv__
 0002:000029C0  d542_1
 0002:000029C4  d544_0
 0002:000029C4  __argv_expand_ptr
 0002:000029C8  __wargv_expand_ptr
 0002:000029C8  d546_0
 0002:000029CC  d550_0
 0002:000029CC  __setenvp__
 0002:000029D0  __odtbl__ __fastcall System::AnsiString::AnsiString(const char *)
 0002:000029E0  __ectbl__ __fastcall System::AnsiString::AnsiString(const char *)
 0002:000029F8  __odtbl__ __fastcall System::AnsiString::AnsiString(const System::AnsiString&)
 0002:00002A08  __ectbl__ __fastcall System::AnsiString::AnsiString(const System::AnsiString&)
 0002:00002A20  __odtbl__ __fastcall System::AnsiString::ToDouble() const
 0002:00002A30  __ectbl__ __fastcall System::AnsiString::ToDouble() const
 0002:00002A48  d679_1
 0002:00002A48  Math::NaN
 0002:00002A54  Math::Infinity
 0002:00002A60  Math::NegInfinity
 0002:00002A6C  Math::MinSingle
 0002:00002A78  Math::MaxSingle
 0002:00002A84  Math::MinDouble
 0002:00002A90  Math::MaxDouble
 0002:00002A9C  Math::MinExtended
 0002:00002AA8  Math::MaxExtended
 0002:00002AB4  Math::MinComp
 0002:00002AC0  Math::MaxComp
 0002:00002AD8  __odtbl__ __stdcall __LateVCLInit()
 0002:00002B08  __ectbl__ __stdcall __LateVCLInit()
 0002:00002B38  d695_1
 0002:00002B3C  __indStub:141
 0002:00002B40  __indStub:4384
 0002:00002B44  __indStub:4360
 0002:00002B48  __indStub:4343
 0002:00002B4C  __indStub:4342
 0002:00002B50  __indStub:4354
 0002:00002B54  __indStub:4371
 0002:00002B58  __indStub:4335
 0002:00002B5C  __indStub:4333
 0002:00002B60  __indStub:4341
 0002:00002B64  __indStub:4374
 0002:00002B68  __indStub:4345
 0002:00002B6C  __indStub:4351
 0002:00002B70  __indStub:4352
 0002:00002B74  __indStub:4350
 0002:00002B78  __indStub:4375
 0002:00002B7C  __indStub:4358
 0002:00002B80  __indStub:4355
 0002:00002B84  __indStub:4339
 0002:00002B88  __indStub:4340
 0002:00002B8C  __indStub:4338
 0002:00002B90  __indStub:4353
 0002:00002B94  __indStub:4357
 0002:00002B98  __indStub:4348
 0002:00002B9C  __indStub:4359
 0002:00002BA0  __indStub:4337
 0002:00002BA4  __indStub:4347
 0002:00002BA8  __indStub:4346
 0002:00002BAC  __indStub:4334
 0002:00002BB0  __indStub:4356
 0002:00002BB4  __indStub:4349
 0002:00002BB8  __indStub:4910
 0002:00002BBC  __indStub:4444
 0002:00002BC0  __indStub:7403
 0002:00002BC4  __indStub:7410
 0002:00002BC8  __indStub:7494
 0002:00002BCC  __indStub:7466
 0002:00002BD0  __indStub:7459
 0002:00002BD4  __indStub:7460
 0002:00002BD8  __indStub:7461
 0002:00002BDC  __indStub:7462
 0002:00002BE0  __indStub:7463
 0002:00002BE4  __indStub:7464
 0002:00002BE8  __indStub:7465
 0002:00002BEC  __indStub:7467
 0002:00002BF0  __indStub:4332
 0002:00002BF4  __indStub:7468
 0002:00002BF8  __indStub:7469
 0002:00002BFC  __indStub:7470
 0002:00002C00  __indStub:7471
 0002:00002C04  __indStub:7472
 0002:00002C08  __indStub:7495
 0002:00002C0C  __indStub:7473
 0002:00002C10  __indStub:7493
 0002:00002C14  __indStub:7474
 0002:00002C18  __indStub:7477
 0002:00002C1C  __indStub:7476
 0002:00002C20  __indStub:7475
 0002:00002C24  __indStub:7456
 0002:00002C28  __indStub:7457
 0002:00002C2C  __indStub:7406
 0002:00002C30  __indStub:7407
 0002:00002C34  __indStub:7480
 0002:00002C38  __indStub:7490
 0002:00002C3C  __indStub:7491
 0002:00002C40  __indStub:7481
 0002:00002C44  __indStub:7483
 0002:00002C48  __indStub:7478
 0002:00002C4C  __indStub:7479
 0002:00002C50  __indStub:7482
 0002:00002C54  __indStub:7485
 0002:00002C58  __indStub:7484
 0002:00002C5C  __indStub:7486
 0002:00002C60  __indStub:7487
 0002:00002C64  __indStub:7488
 0002:00002C68  __indStub:7489
 0002:00002C6C  __indStub:7492
 0002:00002C70  __indStub:7501
 0002:00002C74  __indStub:7502
 0002:00002C78  __indStub:7418
 0002:00002C7C  __indStub:7419
 0002:00002C80  __indStub:7420
 0002:00002C84  __indStub:7421
 0002:00002C88  __indStub:7422
 0002:00002C8C  __indStub:7423
 0002:00002C90  __indStub:7424
 0002:00002C94  __indStub:7425
 0002:00002C98  __indStub:7426
 0002:00002C9C  __indStub:7427
 0002:00002CA0  __indStub:7428
 0002:00002CA4  __indStub:7429
 0002:00002CA8  __indStub:7430
 0002:00002CAC  __indStub:7431
 0002:00002CB0  __indStub:7432
 0002:00002CB4  __indStub:7433
 0002:00002CB8  __indStub:7434
 0002:00002CBC  __indStub:7435
 0002:00002CC0  __indStub:7436
 0002:00002CC4  __indStub:7437
 0002:00002CC8  __indStub:7438
 0002:00002CCC  __indStub:7439
 0002:00002CD0  __indStub:7440
 0002:00002CD4  __indStub:7441
 0002:00002CD8  __indStub:7442
 0002:00002CDC  __indStub:7443
 0002:00002CE0  __indStub:7444
 0002:00002CE4  __indStub:7445
 0002:00002CE8  __indStub:7446
 0002:00002CEC  __indStub:7447
 0002:00002CF0  __indStub:7448
 0002:00002CF4  __indStub:7449
 0002:00002CF8  __indStub:7450
 0002:00002CFC  __indStub:7451
 0002:00002D00  __indStub:7452
 0002:00002D04  __indStub:7453
 0002:00002D08  __indStub:7454
 0002:00002D0C  __indStub:7455
 0002:00002D10  __indStub:7723
 0002:00002D14  __indStub:7725
 0002:00002D18  __indStub:7730
 0002:00002D1C  __indStub:7727
 0002:00002D20  __indStub:7689
 0002:00002D24  __indStub:7732
 0002:00002D28  __indStub:7736
 0002:00002D2C  __indStub:7697
 0002:00002D30  __indStub:8340
 0002:00002D34  __indStub:8341
 0002:00002D38  __indStub:8342
 0002:00002D3C  __indStub:7592
 0002:00002D40  __indStub:7594
 0002:00002D44  __indStub:7617
 0002:00002D48  __indStub:7607
 0002:00002D4C  __indStub:7606
 0002:00002D50  __indStub:7609
 0002:00002D54  __indStub:7610
 0002:00002D58  __indStub:7608
 0002:00002D5C  __indStub:7611
 0002:00002D60  __indStub:7612
 0002:00002D64  __indStub:7619
 0002:00002D68  __indStub:4606
 0002:00002D6C  __indStub:98
 0002:00002D70  __indStub:100
 0002:00002D74  __indStub:102
 0002:00002D78  __indStub:101
 0002:00002D7C  __indStub:7602
 0002:00002D80  __indStub:6867
 0002:00002D84  __indStub:6892
 0002:00002D88  __indStub:6869
 0002:00002D8C  __indStub:6868
 0002:00002D90  __indStub:8803
 0002:00002D94  __indStub:143
 0002:00002D98  __indStub:13205
 0002:00002D9C  __indStub:4325
 0002:00002DA0  __indStub:4317
 0002:00002DA4  __indStub:4318
 0002:00002DA8  __indStub:4319
 0002:00002DAC  __indStub:4320
 0002:00002DB0  __indStub:8801
 0002:00002DB4  __indStub:8800
 0002:00002DB8  __indStub:4327
 0002:00002DBC  __indStub:15085
 0002:00002DC0  __indStub:12285
 0002:00002DC4  __indStub:8802
 0002:00002DC8  __indStub:4823
 0002:00002DCC  __indStub:1048
 0002:00002DD0  __indStub:1052
 0002:00002DD4  __indStub:1061
 0002:00002DD8  __indStub:1070
 0002:00002DDC  __indStub:1073
 0002:00002DE0  __indStub:1077
 0002:00002DE4  __indStub:1973
 0002:00002DE8  __indStub:1974
 0002:00002DEC  __indStub:1976
 0002:00002DF0  __indStub:1977
 0002:00002DF4  __indStub:1980
 0002:00002DF8  __indStub:2180
 0002:00002DFC  __indStub:2181
 0002:00002E00  __indStub:2182
 0002:00002E04  __indStub:2183
 0002:00002E08  __indStub:5971
 0002:00002E0C  __indStub:6000
 0002:00002E10  __indStub:7955
 0002:00002E14  __indStub:7974
 0002:00002E18  __indStub:7975
 0002:00002E1C  __indStub:7976
 0002:00002E20  __indStub:1046
 0002:00002E24  __indStub:1047
 0002:00002E28  __indStub:1057
 0002:00002E2C  __indStub:1060
 0002:00002E30  __indStub:1091
 0002:00002E34  __indStub:9593
 0002:00002E38  __indStub:9595
 0002:00002E3C  __indStub:9607
 0002:00002E40  __indStub:9613
 0002:00002E44  __indStub:9615
 0002:00002E48  __indStub:9617
 0002:00002E4C  __indStub:9635
 0002:00002E50  __indStub:9639
 0002:00002E54  __indStub:9643
 0002:00002E58  __indStub:9645
 0002:00002E5C  __indStub:9647
 0002:00002E60  __indStub:9649
 0002:00002E64  __indStub:9651
 0002:00002E68  __indStub:9653
 0002:00002E6C  __indStub:9659
 0002:00002E70  __indStub:9661
 0002:00002E74  __indStub:9663
 0002:00002E78  __indStub:9677
 0002:00002E7C  __indStub:9681
 0002:00002E80  __indStub:9685
 0002:00002E84  __indStub:9707
 0002:00002E88  __indStub:9811
 0002:00002E8C  __indStub:9813
 0002:00002E90  __indStub:9815
 0002:00002E94  __indStub:9817
 0002:00002E98  __indStub:9819
 0002:00002E9C  __indStub:9821
 0002:00002EA0  __indStub:9823
 0002:00002EA4  __indStub:9825
 0002:00002EA8  __indStub:9827
 0002:00002EAC  __indStub:9829
 0002:00002EB0  __indStub:9831
 0002:00002EB4  __indStub:9833
 0002:00002EB8  __indStub:9835
 0002:00002EBC  __indStub:9837
 0002:00002EC0  __indStub:9839
 0002:00002EC4  __indStub:9841
 0002:00002EC8  __indStub:9843
 0002:00002ECC  __indStub:9845
 0002:00002ED0  __indStub:9883
 0002:00002ED4  __indStub:9907
 0002:00002ED8  __indStub:9993
 0002:00002EDC  __indStub:9995
 0002:00002EE0  __indStub:9997
 0002:00002EE4  __indStub:9999
 0002:00002EE8  __indStub:10001
 0002:00002EEC  __indStub:9619
 0002:00002EF0  __indStub:9625
 0002:00002EF4  __indStub:9629
 0002:00002EF8  __indStub:9631
 0002:00002EFC  __indStub:9633
 0002:00002F00  __indStub:9789
 0002:00002F04  __indStub:9791
 0002:00002F08  __indStub:9793
 0002:00002F0C  __indStub:9809
 0002:00002F10  __indStub:9807
 0002:00002F14  __indStub:9805
 0002:00002F18  __indStub:9803
 0002:00002F1C  __indStub:9801
 0002:00002F20  __indStub:9799
 0002:00002F24  __indStub:9787
 0002:00002F28  __indStub:9785
 0002:00002F2C  __indStub:9783
 0002:00002F30  __indStub:9781
 0002:00002F34  __indStub:9779
 0002:00002F38  __indStub:9777
 0002:00002F3C  __indStub:9665
 0003:00000000  Sysinit::B3_2
 0003:00000000  Sysinit::ModuleIsLib
 0003:00000001  Sysinit::ModuleIsPackage
 0003:00000002  Sysinit::ModuleIsCpp
 0003:00000003  Sysinit::TlsLast
 0003:00000004  Sysinit::HInstance
 0003:00000008  Sysinit::DllProc
 0003:00000014  Mainunit::B5_2
 0003:00000014  _MainForm
 0003:00000018  Mainunit::B5_3
 0003:0000001C  Calculationunit::B6_3
 0003:00000020  Winspool::B32_1
 0003:00000024  Wininet::B36_1
 0003:00000028  Windows::B38_2
 0003:00000038  Widestrutils::B40_2
 0003:0000003C  Uxtheme::OpenThemeData
 0003:0000003C  Uxtheme::B46_1
 0003:00000040  Uxtheme::CloseThemeData
 0003:00000044  Uxtheme::DrawThemeBackground
 0003:00000048  Uxtheme::DrawThemeText
 0003:0000004C  Uxtheme::GetThemeBackgroundContentRect
 0003:00000050  Uxtheme::GetThemeBackgroundExtent
 0003:00000054  Uxtheme::GetThemePartSize
 0003:00000058  Uxtheme::GetThemeTextExtent
 0003:0000005C  Uxtheme::GetThemeTextMetrics
 0003:00000060  Uxtheme::GetThemeBackgroundRegion
 0003:00000064  Uxtheme::HitTestThemeBackground
 0003:00000068  Uxtheme::DrawThemeEdge
 0003:0000006C  Uxtheme::DrawThemeIcon
 0003:00000070  Uxtheme::IsThemePartDefined
 0003:00000074  Uxtheme::IsThemeBackgroundPartiallyTransparent
 0003:00000078  Uxtheme::GetThemeColor
 0003:0000007C  Uxtheme::GetThemeMetric
 0003:00000080  Uxtheme::GetThemeString
 0003:00000084  Uxtheme::GetThemeBool
 0003:00000088  Uxtheme::GetThemeInt
 0003:0000008C  Uxtheme::GetThemeEnumValue
 0003:00000090  Uxtheme::GetThemePosition
 0003:00000094  Uxtheme::GetThemeFont
 0003:00000098  Uxtheme::GetThemeRect
 0003:0000009C  Uxtheme::GetThemeMargins
 0003:000000A0  Uxtheme::GetThemeIntList
 0003:000000A4  Uxtheme::GetThemePropertyOrigin
 0003:000000A8  Uxtheme::SetWindowTheme
 0003:000000AC  Uxtheme::GetThemeFilename
 0003:000000B0  Uxtheme::GetThemeSysColor
 0003:000000B4  Uxtheme::GetThemeSysColorBrush
 0003:000000B8  Uxtheme::GetThemeSysBool
 0003:000000BC  Uxtheme::GetThemeSysSize
 0003:000000C0  Uxtheme::GetThemeSysFont
 0003:000000C4  Uxtheme::GetThemeSysString
 0003:000000C8  Uxtheme::GetThemeSysInt
 0003:000000CC  Uxtheme::IsThemeActive
 0003:000000D0  Uxtheme::IsAppThemed
 0003:000000D4  Uxtheme::GetWindowTheme
 0003:000000D8  Uxtheme::EnableThemeDialogTexture
 0003:000000DC  Uxtheme::IsThemeDialogTextureEnabled
 0003:000000E0  Uxtheme::GetThemeAppProperties
 0003:000000E4  Uxtheme::SetThemeAppProperties
 0003:000000E8  Uxtheme::GetCurrentThemeName
 0003:000000EC  Uxtheme::GetThemeDocumentationProperty
 0003:000000F0  Uxtheme::DrawThemeParentBackground
 0003:000000F4  Uxtheme::EnableTheming
 0003:00000164  Urlmon::B48_2
 0003:00000168  Shlobj::B56_2
 0003:00000194  Shellapi::B60_1
 0003:00000198  Regstr::B64_1
 0003:0000019C  Multimon::B92_1
 0003:0000019C  Multimon::GetSystemMetrics
 0003:000001A0  Multimon::MonitorFromWindow
 0003:000001A4  Multimon::MonitorFromRect
 0003:000001A8  Multimon::MonitorFromPoint
 0003:000001AC  Multimon::GetMonitorInfo
 0003:000001B0  Multimon::GetMonitorInfoA
 0003:000001B4  Multimon::GetMonitorInfoW
 0003:000001B8  Multimon::EnumDisplayMonitors
 0003:000001D0  Messages::B100_1
 0003:000001D4  Imm::B110_1
 0003:000001D8  Imagehlp::B112_1
 0003:000001DC  Flatsb::FlatSB_EnableScrollBar
 0003:000001DC  Flatsb::B114_1
 0003:000001E0  Flatsb::FlatSB_ShowScrollBar
 0003:000001E4  Flatsb::FlatSB_GetScrollRange
 0003:000001E8  Flatsb::FlatSB_GetScrollInfo
 0003:000001EC  Flatsb::FlatSB_GetScrollPos
 0003:000001F0  Flatsb::FlatSB_SetScrollPos
 0003:000001F4  Flatsb::FlatSB_SetScrollInfo
 0003:000001F8  Flatsb::FlatSB_SetScrollRange
 0003:00000210  Dwmapi::B116_1
 0003:0000025C  Dlgs::B118_1
 0003:00000260  Commdlg::B124_1
 0003:00000264  Commctrl::B126_1
 0003:000002A4  Activex::B136_2
 0003:000002A8  Helpintfs::B144_1
 0003:000002B0  Classes::B148_2
 0003:000002B0  Classes::GlobalNameSpace
 0003:000002B4  Classes::IsUniqueGlobalComponentNameProc
 0003:000002B8  Classes::SyncEvent
 0003:000002F4  Typinfo::B169_2
 0003:000002F8  Strutils::B171_2
 0003:000002FC  Registry::B177_2
 0003:00000300  Math::B179_2
 0003:00000304  Inifiles::B183_2
 0003:00000308  Contnrs::B189_2
 0003:0000030C  Rtlconsts::B190_1
 0003:00000310  Types::B199_1
 0003:00000314  Syncobjs::B201_1
 0003:0000031C  Sysutils::B202_2
 0003:0000031C  Sysutils::CurrencyString
 0003:00000320  Sysutils::CurrencyFormat
 0003:00000321  Sysutils::NegCurrFormat
 0003:00000322  Sysutils::ThousandSeparator
 0003:00000323  Sysutils::DecimalSeparator
 0003:00000324  Sysutils::CurrencyDecimals
 0003:00000325  Sysutils::DateSeparator
 0003:00000328  Sysutils::ShortDateFormat
 0003:0000032C  Sysutils::LongDateFormat
 0003:00000330  Sysutils::TimeSeparator
 0003:00000334  Sysutils::TimeAMString
 0003:00000338  Sysutils::TimePMString
 0003:0000033C  Sysutils::ShortTimeFormat
 0003:00000340  Sysutils::LongTimeFormat
 0003:00000344  Sysutils::ShortMonthNames
 0003:00000374  Sysutils::LongMonthNames
 0003:000003A4  Sysutils::ShortDayNames
 0003:000003C0  Sysutils::LongDayNames
 0003:000003DC  Sysutils::SysLocale
 0003:000003EA  Sysutils::ListSeparator
 0003:000003EC  Sysutils::EraNames
 0003:00000408  Sysutils::EraYearOffsets
 0003:00000424  Sysutils::TrueBoolStrs
 0003:00000428  Sysutils::FalseBoolStrs
 0003:0000242C  Sysconst::B204_1
 0003:00002430  Varutils::B206_2
 0003:00002430  Varutils::VariantChangeTypeEx
 0003:00002434  Varutils::VarNeg
 0003:00002438  Varutils::VarNot
 0003:0000243C  Varutils::VarAdd
 0003:00002440  Varutils::VarSub
 0003:00002444  Varutils::VarMul
 0003:00002448  Varutils::VarDiv
 0003:0000244C  Varutils::VarIDiv
 0003:00002450  Varutils::VarMod
 0003:00002454  Varutils::VarAnd
 0003:00002458  Varutils::VarOr
 0003:0000245C  Varutils::VarXor
 0003:00002460  Varutils::VarCmp
 0003:00002464  Varutils::VarI4FromStr
 0003:00002468  Varutils::VarR4FromStr
 0003:0000246C  Varutils::VarR8FromStr
 0003:00002470  Varutils::VarDateFromStr
 0003:00002474  Varutils::VarCyFromStr
 0003:00002478  Varutils::VarBoolFromStr
 0003:0000247C  Varutils::VarBstrFromCy
 0003:00002480  Varutils::VarBstrFromDate
 0003:00002484  Varutils::VarBstrFromBool
 0003:0000248C  Variants::EmptyParam
 0003:0000248C  Variants::B207_2
 0003:0000249C  Variants::VarDispProc
 0003:000024A0  Variants::ClearAnyProc
 0003:000024A4  Variants::ChangeAnyProc
 0003:000024A8  Variants::RefAnyProc
 0003:000024CC  System::DispCallByIDProc
 0003:000024CC  System::B210_2
 0003:000024D0  System::ExceptProc
 0003:000024D4  System::ErrorProc
 0003:000024D8  System::ExceptClsProc
 0003:000024DC  System::ExceptObjProc
 0003:000024E0  System::RaiseExceptionProc
 0003:000024E4  System::RTLUnwindProc
 0003:000024E8  System::ExceptionClass
 0003:000024EC  System::SafeCallErrorProc
 0003:000024F0  System::AssertErrorProc
 0003:000024F4  System::ExitProcessProc
 0003:000024F8  System::AbstractErrorProc
 0003:000024FC  System::HPrevInst
 0003:00002500  System::MainInstance
 0003:00002504  System::MainThreadID
 0003:00002508  System::IsLibrary
 0003:0000250C  System::CmdShow
 0003:00002510  System::CmdLine
 0003:00002514  System::InitProc
 0003:00002518  System::ExitProc
 0003:0000251C  System::IsConsole
 0003:0000251D  System::IsMultiThread
 0003:0000251E  System::Test8086
 0003:0000251F  System::TestFDIV
 0003:00002520  System::Input
 0003:000026EC  System::Output
 0003:000028B8  System::ErrOutput
 0003:00002A84  System::envp
 0003:00002A88  System::AllocMemCount
 0003:00002A8C  System::AllocMemSize
 0003:00002A90  System::ReportMemoryLeaksOnShutdown
 0003:00002A91  System::NeverSleepOnMMThreadContention
 0003:00004CD0  Themes::B230_2
 0003:00004CDC  Consts::B232_1
 0003:00004CE0  Graphutil::B236_2
 0003:00004CF0  Stdactns::B248_2
 0003:00004CF4  Imglist::B250_2
 0003:00004D00  Actnlist::B252_2
 0003:00004D04  Stdctrls::B262_2
 0003:00004D08  Printers::B279_2
 0003:00004D0C  Menus::PopupList
 0003:00004D0C  Menus::B288_2
 0003:00004D10  Menus::ShortCutItems
 0003:00004D1C  Graphics::B300_2
 0003:00004D1C  Graphics::SystemPalette16
 0003:00004D7C  Forms::B301_2
 0003:00004D7C  Forms::Application
 0003:00004D80  Forms::Screen
 0003:00004DB0  Extctrls::B310_2
 0003:00004DB0  Extctrls::TCustomTrayIcon::RM_TaskbarCreated
 0003:00004DB8  Dialogs::B312_2
 0003:00004DF8  Controls::Mouse
 0003:00004DF8  Controls::B313_2
 0003:00004DFC  Controls::IsVCLControlHook
 0003:00004E04  Controls::NewStyleControls
 0003:00004E80  Clipbrd::CF_PICTURE
 0003:00004E80  Clipbrd::B320_1
 0003:00004E82  Clipbrd::CF_COMPONENT
 0003:00004E8C  __DestructorCountPtr
 0003:00004E8C  b520_2
 0003:00004E94  ___dll_argc
 0003:00004E94  b542_2
 0003:00004E98  ___dll_argv
 0004:00000000  Classes::T148_3
 0004:00000008  System::T210_3
 0004:00000010  Graphutil::T236_3
 0004:00000040  ___xxInfo
 0004:00000040  t520_3
