################################################################################
#                                                                              #
#      Micro Series Universal Linker V4.38/DXT         23/Jan/95  13:33:55     #
#                                                                              #
#           Target CPU    =  h8300                                             #
#           List file     =  dadbg.map                                         #
#           Output file 1 =  da.a20                                            #
#           Output format =  motorola                                          #
#           Command line  =  da \cm4pro\ad\seriedbg \cm4pro\ad\portsdbg -f     #
#                            dadbgl.xcl (-cH8300 -Z(CODE)INTVEC=0              #
#                            -Z(CODE)RCODE,CODE,CDATA,ZVECT,CONST,CSTR,        #
#                            CCSTR=100                                         #
#                            -Z(DATA)DATA,IDATA,UDATA,ECSTR,WCSTR,TEMP=4000    #
#                            -Z(DATA)CSTACK+200=FD80                           #
#                            -e_medium_write=_formatted_write                  #
#                            -e_medium_read=_formatted_read \cm4pro\ad\cdebug  #
#                            -C c:\h8\clh83l) -x -l dadbg.map -o da.a20        #
#                                                                              #
#                                               (c) Copyright IAR Systems 1991 #
#                                             (c) Copyright Hitachi Ltd. 1991 #
################################################################################

Error[12]: Unable to open file da.r20
