##############################################################################
#                                                                            #
# IAR ARM ANSI C/C++ Compiler V4.42A/W32               14/Sep/2022  15:13:26 #
# Copyright 1999-2005 IAR Systems. All rights reserved.                      #
#                                                                            #
#    Cpu mode        =  interwork                                            #
#    Endian          =  little                                               #
#    Stack alignment =  4                                                    #
#    Source file     =  D:\S2Prog\Shared\BMPfiles\ButtonVoidSpace.c          #
#    Command line    =  D:\S2Prog\Shared\BMPfiles\ButtonVoidSpace.c --fpu    #
#                       None -D OS_LIBMODE_SP -D CPU_S3C2410 -D              #
#                       OS_RAMVECT=0 -D OS_UART=-1 -D S2TXU -D USE_LZO=1 -D  #
#                       __ARM_LIBRARY__ -D WATCHDOG=1 -D NETWORK=1 -lCN      #
#                       D:\S2Prog\TXU\Debug\List\ -o                         #
#                       D:\S2Prog\TXU\Debug\Obj\ -z9 --debug --cpu_mode arm  #
#                       --endian little --cpu ARM920T --stack_align 4        #
#                       --interwork -e --enable_multibytes --dlib_config     #
#                       "C:\Program Files (x86)\IAR Systems\Embedded         #
#                       Workbench 4.0\arm\LIB\dl4tpainl8n.h" -I              #
#                       D:\S2Prog\TXU\GUI\CORE\ -I D:\S2Prog\TXU\GUI\WM\ -I  #
#                       D:\S2Prog\TXU\GUI\WIDGET\ -I D:\S2Prog\TXU\CONFIG\   #
#                       -I D:\S2Prog\TXU\INC\ -I D:\S2Prog\TXU\..\SHARED\INC #
#                       \ -I D:\S2Prog\TXU\..\SHARED\SRC\ -I                 #
#                       D:\S2Prog\TXU\..\SHARED\LZO\minilzo.210\ -I          #
#                       D:\S2Prog\TXU\lwip-1.4.1\src\include\ -I             #
#                       D:\S2Prog\TXU\lwip-1.4.1\src\include\ipv4\ -I        #
#                       D:\S2Prog\TXU\lwip-1.4.1\src\ -I                     #
#                       D:\S2Prog\TXU\..\SHARED\Database\ -I                 #
#                       D:\S2Prog\TXU\src\ -I "C:\Program Files (x86)\IAR    #
#                       Systems\Embedded Workbench 4.0\arm\INC\"             #
#                       --inline_threshold=2                                 #
#    List file       =  D:\S2Prog\TXU\Debug\List\ButtonVoidSpace.lst         #
#    Object file     =  D:\S2Prog\TXU\Debug\Obj\ButtonVoidSpace.r79          #
#                                                                            #
#                                                                            #
##############################################################################

D:\S2Prog\Shared\BMPfiles\ButtonVoidSpace.c
      1          /*********************************************************************
      2          *                SEGGER MICROCONTROLLER SYSTEME GmbH                 *
      3          *        Solutions for real time microcontroller applications        *
      4          *                           www.segger.com                           *
      5          **********************************************************************
      6          *
      7          * C-file generated by
      8          *
      9          *        Bitmap converter for emWin V3.98.
     10          *        Compiled Nov 17 2005, 10:40:01
     11          *        (C) 1998 - 2005 Segger Microcontroller Systeme GmbH
     12          *
     13          **********************************************************************
     14          *
     15          * Source file: ButtonVoidSpace
     16          * Dimensions:  32 * 32
     17          * NumColors:   16
     18          *
     19          **********************************************************************
     20          */
     21          
     22          #include "stdlib.h"
     23          
     24          #include "GUI.h"
     25          
     26          #ifndef GUI_CONST_STORAGE
     27            #define GUI_CONST_STORAGE const
     28          #endif
     29          
     30          /*   Palette
     31          The following are the entries of the palette table.
     32          Every entry is a 32-bit value (of which 24 bits are actually used)
     33          the lower   8 bits represent the Red component,
     34          the middle  8 bits represent the Green component,
     35          the highest 8 bits (of the 24 bits used) represent the Blue component
     36          as follows:   0xBBGGRR
     37          */
     38          

   \                                 In segment DATA_C, align 4, align-sorted
     39          static GUI_CONST_STORAGE GUI_COLOR ColorsButtonVoidSpace[] = {
   \                     ColorsButtonVoidSpace:
   \   00000000   FF00FF008000       DC32 16711935, 128, 32768, 32896, 8388608, 8388736, 8421376, 12632256
   \              000000800000
   \              808000000000
   \              800080008000
   \              00808000C0C0
   \              C000        
   \   00000020   80808000FF00       DC32 8421504, 255, 65280, 65535, 16711680, 0, 16776960, 16777215
   \              000000FF0000
   \              FFFF00000000
   \              FF0000000000
   \              00FFFF00FFFF
   \              FF00        
     40               0xFF00FF,0x000080,0x008000,0x008080
     41              ,0x800000,0x800080,0x808000,0xC0C0C0
     42              ,0x808080,0x0000FF,0x00FF00,0x00FFFF
     43              ,0xFF0000,0x000000,0xFFFF00,0xFFFFFF
     44          };
     45          

   \                                 In segment DATA_C, align 4, align-sorted
     46          static GUI_CONST_STORAGE GUI_LOGPALETTE PalButtonVoidSpace = {
   \                     PalButtonVoidSpace:
   \   00000000   10000000           DC32 16
   \   00000004   01000000           DC8 1, 0, 0, 0
   \   00000008   ........           DC32 ColorsButtonVoidSpace
     47            16,	/* number of entries */
     48            1, 	/* Has transparency */
     49            &ColorsButtonVoidSpace[0]
     50          };
     51          

   \                                 In segment DATA_C, align 4, align-sorted
     52          static GUI_CONST_STORAGE unsigned char acButtonVoidSpace[] = {
   \                     acButtonVoidSpace:
   \   00000000   000000000000       DC8 0, 0, 0, 0, 0, 0, 0, 0, 0, 0, 0, 0, 0, 0, 0, 0, 0, 0, 0, 0, 0, 0, 0
   \              000000000000
   \              000000000000
   \              0000000000  
   \   00000017   000000000000       DC8 0, 0, 0, 0, 0, 0, 0, 0, 0, 0, 0, 0, 0, 0, 0, 0, 0, 0, 0, 0, 0, 0, 0
   \              000000000000
   \              000000000000
   \              0000000000  
   \   0000002E   000000000000       DC8 0, 0, 0, 0, 0, 0, 0, 0, 0, 0, 0, 0, 0, 0, 0, 0, 0, 0, 13, 221, 221
   \              000000000000
   \              000000000000
   \              0DDDDD      
   \   00000043   DDDDDDDDFFFF       DC8 221, 221, 221, 221, 255, 255, 255, 253, 221, 221, 221, 221, 208, 0
   \              FFFDDDDDDDDD
   \              D000        
   \   00000051   00EEEEEEEEED       DC8 0, 238, 238, 238, 238, 237, 255, 255, 255, 253, 238, 238, 238, 0, 0
   \              FFFFFFFDEEEE
   \              EE0000      
   \   00000060   0000EEEEEEEE       DC8 0, 0, 238, 238, 238, 238, 237, 255, 255, 255, 253, 238, 238, 238, 0
   \              EDFFFFFFFDEE
   \              EEEE00      
   \   0000006F   000000EEEEEE       DC8 0, 0, 0, 238, 238, 238, 238, 237, 255, 255, 255, 253, 238, 238, 238
   \              EEEDFFFFFFFD
   \              EEEEEE      
   \   0000007E   000000000EEE       DC8 0, 0, 0, 0, 14, 238, 238, 238, 237, 255, 255, 255, 253, 238, 238
   \              EEEEEDFFFFFF
   \              FDEEEE      
   \   0000008D   EEE0000000EE       DC8 238, 224, 0, 0, 0, 238, 238, 238, 238, 237, 255, 255, 255, 253, 238
   \              EEEEEEEDFFFF
   \              FFFDEE      
   \   0000009C   EEEEE0000000       DC8 238, 238, 224, 0, 0, 0, 238, 238, 238, 238, 237, 255, 255, 255, 253
   \              EEEEEEEEEDFF
   \              FFFFFD      
   \   000000AB   EEEEEEE00000       DC8 238, 238, 238, 224, 0, 0, 0, 238, 238, 238, 238, 237, 255, 255, 255
   \              00EEEEEEEEED
   \              FFFFFF      
   \   000000BA   FDEEEEEEE000       DC8 253, 238, 238, 238, 224, 0, 0, 0, 238, 238, 238, 238, 237, 255, 255
   \              0000EEEEEEEE
   \              EDFFFF      
   \   000000C9   FFFDEEEEEEE0       DC8 255, 253, 238, 238, 238, 224, 0, 0, 0, 238, 238, 238, 238, 237, 255
   \              000000EEEEEE
   \              EEEDFF      
   \   000000D8   FFFFFDEEEEEE       DC8 255, 255, 253, 238, 238, 238, 224, 0, 0, 0, 14, 238, 238, 238, 237
   \              E00000000EEE
   \              EEEEED      
   \   000000E7   FFFFFFFDEEEE       DC8 255, 255, 255, 253, 238, 238, 238, 224, 0, 0, 0, 14, 238, 238, 238
   \              EEE00000000E
   \              EEEEEE      
   \   000000F6   EDFFFFFFFDEE       DC8 237, 255, 255, 255, 253, 238, 238, 238, 0, 0, 0, 0, 238, 238, 238
   \              EEEE00000000
   \              EEEEEE      
   \   00000105   EEEDFFFFFFFD       DC8 238, 237, 255, 255, 255, 253, 238, 238, 238, 0, 0, 0, 0, 238, 238
   \              EEEEEE000000
   \              00EEEE      
   \   00000114   EEEEEDFFFFFF       DC8 238, 238, 237, 255, 255, 255, 253, 238, 238, 238, 0, 0, 0, 0, 238
   \              FDEEEEEE0000
   \              0000EE      
   \   00000123   EEEEEEEDFFFF       DC8 238, 238, 238, 237, 255, 255, 255, 253, 238, 238, 238, 0, 0, 0, 0
   \              FFFDEEEEEE00
   \              000000      
   \   00000132   EEEEEEEEEDFF       DC8 238, 238, 238, 238, 237, 255, 255, 255, 253, 238, 238, 238, 0, 0, 0
   \              FFFFFDEEEEEE
   \              000000      
   \   00000141   00EEEEEDDDDD       DC8 0, 238, 238, 237, 221, 221, 255, 255, 255, 253, 238, 238, 238, 0, 0
   \              FFFFFFFDEEEE
   \              EE0000      
   \   00000150   00000EEEEDFF       DC8 0, 0, 14, 238, 237, 255, 255, 255, 255, 255, 253, 238, 238, 238
   \              FFFFFFFFFDEE
   \              EEEE        
   \   0000015E   E0000000EEEE       DC8 224, 0, 0, 0, 238, 238, 237, 255, 255, 255, 255, 255, 253, 238, 238
   \              EDFFFFFFFFFF
   \              FDEEEE      
   \   0000016D   EEE0000000EE       DC8 238, 224, 0, 0, 0, 238, 238, 237, 255, 255, 255, 255, 255, 253, 238
   \              EEEDFFFFFFFF
   \              FFFDEE      
   \   0000017C   EEEEE000000E       DC8 238, 238, 224, 0, 0, 14, 238, 238, 237, 255, 255, 255, 255, 255
   \              EEEEEDFFFFFF
   \              FFFF        
   \   0000018A   FDEEEEEEE000       DC8 253, 238, 238, 238, 224, 0, 0, 14, 238, 238, 237, 221, 221, 221
   \              000EEEEEEDDD
   \              DDDD        
   \   00000198   DDDDDDEEEEEE       DC8 221, 221, 221, 238, 238, 238, 224, 0, 0, 14, 238, 238, 238, 238
   \              E000000EEEEE
   \              EEEE        
   \   000001A6   EEEEEEEEEEEE       DC8 238, 238, 238, 238, 238, 238, 238, 238, 0, 0, 0, 14, 238, 238, 238
   \              EEEE0000000E
   \              EEEEEE      
   \   000001B5   EEEEEEEEEEEE       DC8 238, 238, 238, 238, 238, 238, 238, 238, 238, 0, 0, 0, 0, 238, 238
   \              EEEEEE000000
   \              00EEEE      
   \   000001C4   EEEEEEEEEEEE       DC8 238, 238, 238, 238, 238, 238, 238, 238, 238, 238, 0, 0, 0, 0, 14
   \              EEEEEEEE0000
   \              00000E      
   \   000001D3   EEEEEEEEEEEE       DC8 238, 238, 238, 238, 238, 238, 238, 238, 238, 238, 238, 0, 0, 0, 0
   \              EEEEEEEEEE00
   \              000000      
   \   000001E2   000EEEEEEEEE       DC8 0, 14, 238, 238, 238, 238, 238, 238, 238, 238, 238, 224, 0, 0, 0, 0
   \              EEEEEEEEEEE0
   \              00000000    
   \   000001F2   000000000000       DC8 0, 0, 0, 0, 0, 0, 0, 0, 238, 238, 238, 0, 0, 0
   \              0000EEEEEE00
   \              0000        
     53            0x00, 0x00, 0x00, 0x00, 0x00, 0x00, 0x00, 0x00, 0x00, 0x00, 0x00, 0x00, 0x00, 0x00, 0x00, 0x00,
     54            0x00, 0x00, 0x00, 0x00, 0x00, 0x00, 0x00, 0x00, 0x00, 0x00, 0x00, 0x00, 0x00, 0x00, 0x00, 0x00,
     55            0x00, 0x00, 0x00, 0x00, 0x00, 0x00, 0x00, 0x00, 0x00, 0x00, 0x00, 0x00, 0x00, 0x00, 0x00, 0x00,
     56            0x00, 0x00, 0x00, 0x00, 0x00, 0x00, 0x00, 0x00, 0x00, 0x00, 0x00, 0x00, 0x00, 0x00, 0x00, 0x00,
     57            0x0D, 0xDD, 0xDD, 0xDD, 0xDD, 0xDD, 0xDD, 0xFF, 0xFF, 0xFF, 0xFD, 0xDD, 0xDD, 0xDD, 0xDD, 0xD0,
     58            0x00, 0x00, 0xEE, 0xEE, 0xEE, 0xEE, 0xED, 0xFF, 0xFF, 0xFF, 0xFD, 0xEE, 0xEE, 0xEE, 0x00, 0x00,
     59            0x00, 0x00, 0xEE, 0xEE, 0xEE, 0xEE, 0xED, 0xFF, 0xFF, 0xFF, 0xFD, 0xEE, 0xEE, 0xEE, 0x00, 0x00,
     60            0x00, 0x00, 0xEE, 0xEE, 0xEE, 0xEE, 0xED, 0xFF, 0xFF, 0xFF, 0xFD, 0xEE, 0xEE, 0xEE, 0x00, 0x00,
     61            0x00, 0x00, 0x0E, 0xEE, 0xEE, 0xEE, 0xED, 0xFF, 0xFF, 0xFF, 0xFD, 0xEE, 0xEE, 0xEE, 0xE0, 0x00,
     62            0x00, 0x00, 0xEE, 0xEE, 0xEE, 0xEE, 0xED, 0xFF, 0xFF, 0xFF, 0xFD, 0xEE, 0xEE, 0xEE, 0xE0, 0x00,
     63            0x00, 0x00, 0xEE, 0xEE, 0xEE, 0xEE, 0xED, 0xFF, 0xFF, 0xFF, 0xFD, 0xEE, 0xEE, 0xEE, 0xE0, 0x00,
     64            0x00, 0x00, 0xEE, 0xEE, 0xEE, 0xEE, 0xED, 0xFF, 0xFF, 0xFF, 0xFD, 0xEE, 0xEE, 0xEE, 0xE0, 0x00,
     65            0x00, 0x00, 0xEE, 0xEE, 0xEE, 0xEE, 0xED, 0xFF, 0xFF, 0xFF, 0xFD, 0xEE, 0xEE, 0xEE, 0xE0, 0x00,
     66            0x00, 0x00, 0xEE, 0xEE, 0xEE, 0xEE, 0xED, 0xFF, 0xFF, 0xFF, 0xFD, 0xEE, 0xEE, 0xEE, 0xE0, 0x00,
     67            0x00, 0x00, 0x0E, 0xEE, 0xEE, 0xEE, 0xED, 0xFF, 0xFF, 0xFF, 0xFD, 0xEE, 0xEE, 0xEE, 0xE0, 0x00,
     68            0x00, 0x00, 0x0E, 0xEE, 0xEE, 0xEE, 0xED, 0xFF, 0xFF, 0xFF, 0xFD, 0xEE, 0xEE, 0xEE, 0x00, 0x00,
     69            0x00, 0x00, 0xEE, 0xEE, 0xEE, 0xEE, 0xED, 0xFF, 0xFF, 0xFF, 0xFD, 0xEE, 0xEE, 0xEE, 0x00, 0x00,
     70            0x00, 0x00, 0xEE, 0xEE, 0xEE, 0xEE, 0xED, 0xFF, 0xFF, 0xFF, 0xFD, 0xEE, 0xEE, 0xEE, 0x00, 0x00,
     71            0x00, 0x00, 0xEE, 0xEE, 0xEE, 0xEE, 0xED, 0xFF, 0xFF, 0xFF, 0xFD, 0xEE, 0xEE, 0xEE, 0x00, 0x00,
     72            0x00, 0x00, 0xEE, 0xEE, 0xEE, 0xEE, 0xED, 0xFF, 0xFF, 0xFF, 0xFD, 0xEE, 0xEE, 0xEE, 0x00, 0x00,
     73            0x00, 0x00, 0xEE, 0xEE, 0xED, 0xDD, 0xDD, 0xFF, 0xFF, 0xFF, 0xFD, 0xEE, 0xEE, 0xEE, 0x00, 0x00,
     74            0x00, 0x00, 0x0E, 0xEE, 0xED, 0xFF, 0xFF, 0xFF, 0xFF, 0xFF, 0xFD, 0xEE, 0xEE, 0xEE, 0xE0, 0x00,
     75            0x00, 0x00, 0xEE, 0xEE, 0xED, 0xFF, 0xFF, 0xFF, 0xFF, 0xFF, 0xFD, 0xEE, 0xEE, 0xEE, 0xE0, 0x00,
     76            0x00, 0x00, 0xEE, 0xEE, 0xED, 0xFF, 0xFF, 0xFF, 0xFF, 0xFF, 0xFD, 0xEE, 0xEE, 0xEE, 0xE0, 0x00,
     77            0x00, 0x0E, 0xEE, 0xEE, 0xED, 0xFF, 0xFF, 0xFF, 0xFF, 0xFF, 0xFD, 0xEE, 0xEE, 0xEE, 0xE0, 0x00,
     78            0x00, 0x0E, 0xEE, 0xEE, 0xED, 0xDD, 0xDD, 0xDD, 0xDD, 0xDD, 0xDD, 0xEE, 0xEE, 0xEE, 0xE0, 0x00,
     79            0x00, 0x0E, 0xEE, 0xEE, 0xEE, 0xEE, 0xEE, 0xEE, 0xEE, 0xEE, 0xEE, 0xEE, 0xEE, 0xEE, 0x00, 0x00,
     80            0x00, 0x0E, 0xEE, 0xEE, 0xEE, 0xEE, 0xEE, 0xEE, 0xEE, 0xEE, 0xEE, 0xEE, 0xEE, 0xEE, 0x00, 0x00,
     81            0x00, 0x00, 0xEE, 0xEE, 0xEE, 0xEE, 0xEE, 0xEE, 0xEE, 0xEE, 0xEE, 0xEE, 0xEE, 0xEE, 0x00, 0x00,
     82            0x00, 0x00, 0x0E, 0xEE, 0xEE, 0xEE, 0xEE, 0xEE, 0xEE, 0xEE, 0xEE, 0xEE, 0xEE, 0xEE, 0x00, 0x00,
     83            0x00, 0x00, 0x00, 0x0E, 0xEE, 0xEE, 0xEE, 0xEE, 0xEE, 0xEE, 0xEE, 0xEE, 0xEE, 0xE0, 0x00, 0x00,
     84            0x00, 0x00, 0x00, 0x00, 0x00, 0x00, 0x00, 0x00, 0x00, 0x00, 0xEE, 0xEE, 0xEE, 0x00, 0x00, 0x00
     85          };
     86          

   \                                 In segment DATA_C, align 4, align-sorted
     87          GUI_CONST_STORAGE GUI_BITMAP bmButtonVoidSpace = {
   \                     bmButtonVoidSpace:
   \   00000000   200020001000       DC16 32, 32, 16, 4
   \              0400        
   \   00000008   ............       DC32 acButtonVoidSpace, PalButtonVoidSpace
   \              ....        
   \   00000010   00000000           DC8 0, 0, 0, 0
     88            32, /* XSize */
     89            32, /* YSize */
     90            16, /* BytesPerLine */
     91            4, /* BitsPerPixel */
     92            acButtonVoidSpace,  /* Pointer to picture data (indices) */
     93            &PalButtonVoidSpace  /* Pointer to palette */
     94          };
     95          
     96          /* *** End of file *** */


   Segment part sizes:

     Function/Label        Bytes
     --------------        -----
     ColorsButtonVoidSpace   64
     PalButtonVoidSpace      12
     acButtonVoidSpace      512
     bmButtonVoidSpace       20

 
 608 bytes in segment DATA_C
 
 608 bytes of CONST memory

Errors: none
Warnings: none
