##############################################################################
#                                                                            #
# IAR ARM ANSI C/C++ Compiler V4.42A/W32               14/Sep/2022  15:13:26 #
# Copyright 1999-2005 IAR Systems. All rights reserved.                      #
#                                                                            #
#    Cpu mode        =  interwork                                            #
#    Endian          =  little                                               #
#    Stack alignment =  4                                                    #
#    Source file     =  D:\S2Prog\TXU\src\ButtonTankwash.c                   #
#    Command line    =  D:\S2Prog\TXU\src\ButtonTankwash.c --fpu None -D     #
#                       OS_LIBMODE_SP -D CPU_S3C2410 -D OS_RAMVECT=0 -D      #
#                       OS_UART=-1 -D S2TXU -D USE_LZO=1 -D __ARM_LIBRARY__  #
#                       -D WATCHDOG=1 -D NETWORK=1 -lCN                      #
#                       D:\S2Prog\TXU\Debug\List\ -o                         #
#                       D:\S2Prog\TXU\Debug\Obj\ -z9 --debug --cpu_mode arm  #
#                       --endian little --cpu ARM920T --stack_align 4        #
#                       --interwork -e --enable_multibytes --dlib_config     #
#                       "C:\Program Files (x86)\IAR Systems\Embedded         #
#                       Workbench 4.0\arm\LIB\dl4tpainl8n.h" -I              #
#                       D:\S2Prog\TXU\GUI\CORE\ -I D:\S2Prog\TXU\GUI\WM\ -I  #
#                       D:\S2Prog\TXU\GUI\WIDGET\ -I D:\S2Prog\TXU\CONFIG\   #
#                       -I D:\S2Prog\TXU\INC\ -I D:\S2Prog\TXU\..\SHARED\INC #
#                       \ -I D:\S2Prog\TXU\..\SHARED\SRC\ -I                 #
#                       D:\S2Prog\TXU\..\SHARED\LZO\minilzo.210\ -I          #
#                       D:\S2Prog\TXU\lwip-1.4.1\src\include\ -I             #
#                       D:\S2Prog\TXU\lwip-1.4.1\src\include\ipv4\ -I        #
#                       D:\S2Prog\TXU\lwip-1.4.1\src\ -I                     #
#                       D:\S2Prog\TXU\..\SHARED\Database\ -I                 #
#                       D:\S2Prog\TXU\src\ -I "C:\Program Files (x86)\IAR    #
#                       Systems\Embedded Workbench 4.0\arm\INC\"             #
#                       --inline_threshold=2                                 #
#    List file       =  D:\S2Prog\TXU\Debug\List\ButtonTankwash.lst          #
#    Object file     =  D:\S2Prog\TXU\Debug\Obj\ButtonTankwash.r79           #
#                                                                            #
#                                                                            #
##############################################################################

D:\S2Prog\TXU\src\ButtonTankwash.c
      1          /*********************************************************************
      2          *                SEGGER MICROCONTROLLER SYSTEME GmbH                 *
      3          *        Solutions for real time microcontroller applications        *
      4          *                           www.segger.com                           *
      5          **********************************************************************
      6          *
      7          * C-file generated by
      8          *
      9          *        Bitmap converter for emWin V5.02c.
     10          *        Compiled Jul 28 2009, 16:19:51
     11          *        (C) 1998 - 2005 Segger Microcontroller Systeme GmbH
     12          *
     13          **********************************************************************
     14          *
     15          * Source file: ButtonTankwash
     16          * Dimensions:  32 * 32
     17          * NumColors:   16
     18          *
     19          **********************************************************************
     20          */
     21           
     22          #include <stdlib.h>
     23          
     24          #include "GUI.h"
     25          
     26          #ifndef GUI_CONST_STORAGE
     27            #define GUI_CONST_STORAGE const
     28          #endif
     29          
     30          
     31          
     32          /*   Palette
     33          The following are the entries of the palette table.
     34          Every entry is a 32-bit value (of which 24 bits are actually used)
     35          the lower   8 bits represent the Red component,
     36          the middle  8 bits represent the Green component,
     37          the highest 8 bits (of the 24 bits used) represent the Blue component
     38          as follows:   0xBBGGRR
     39          */
     40          

   \                                 In segment DATA_C, align 4, align-sorted
     41          static GUI_CONST_STORAGE GUI_COLOR ColorsButtonTankwash[] = {
   \                     ColorsButtonTankwash:
   \   00000000   FF00FF008000       DC32 16711935, 128, 32768, 32896, 8388608, 8388736, 8421376, 8421504
   \              000000800000
   \              808000000000
   \              800080008000
   \              008080008080
   \              8000        
   \   00000020   C0C0C000FF00       DC32 12632256, 255, 65280, 65535, 16711680, 0, 16776960, 16777215
   \              000000FF0000
   \              FFFF00000000
   \              FF0000000000
   \              00FFFF00FFFF
   \              FF00        
     42                  0xFF00FF,0x000080,0x008000,0x008080
     43              ,0x800000,0x800080,0x808000,0x808080
     44              ,0xC0C0C0,0x0000FF,0x00FF00,0x00FFFF
     45              ,0xFF0000,0x000000,0xFFFF00,0xFFFFFF
     46          };
     47          

   \                                 In segment DATA_C, align 4, align-sorted
     48          static GUI_CONST_STORAGE GUI_LOGPALETTE PalButtonTankwash = {
   \                     PalButtonTankwash:
   \   00000000   10000000           DC32 16
   \   00000004   01000000           DC8 1, 0, 0, 0
   \   00000008   ........           DC32 ColorsButtonTankwash
     49              16,	/* number of entries */
     50              1, 	/* Has transparency */
     51              &ColorsButtonTankwash[0]
     52          };
     53          

   \                                 In segment DATA_C, align 4, align-sorted
     54          static GUI_CONST_STORAGE unsigned char acButtonTankwash[] = {
   \                     acButtonTankwash:
   \   00000000   000000000000       DC8 0, 0, 0, 0, 0, 0, 0, 0, 0, 0, 0, 0, 0, 0, 0, 0, 0, 0, 0, 0, 0, 0, 0
   \              000000000000
   \              000000000000
   \              0000000000  
   \   00000017   000000000000       DC8 0, 0, 0, 0, 0, 0, 0, 0, 0, 0, 0, 0, 0, 0, 0, 13, 221, 221, 0, 0, 0
   \              000000000000
   \              0000000DDDDD
   \              000000      
   \   0000002C   000000000000       DC8 0, 0, 0, 0, 0, 0, 0, 0, 0, 0, 222, 142, 142, 221, 0, 0, 0, 0, 0, 0
   \              00000000DE8E
   \              8EDD00000000
   \              0000        
   \   00000040   000000000000       DC8 0, 0, 0, 0, 0, 0, 216, 232, 232, 232, 208, 0, 0, 0, 0, 0, 0, 0, 0
   \              D8E8E8E8D000
   \              000000000000
   \              00          
   \   00000053   000000DE8E8E       DC8 0, 0, 0, 222, 142, 142, 142, 208, 0, 0, 0, 0, 0, 0, 0, 0, 0, 0, 0
   \              8ED000000000
   \              000000000000
   \              00          
   \   00000066   0DDDDDDD0000       DC8 13, 221, 221, 221, 0, 0, 0, 0, 0, 0, 0, 0, 221, 221, 221, 221, 221
   \              000000000000
   \              DDDDDDDDDD  
   \   00000077   8888DDDDDDDD       DC8 136, 136, 221, 221, 221, 221, 221, 208, 0, 0, 0, 223, 255, 223, 255
   \              DDD0000000DF
   \              FFDFFF      
   \   00000086   FD8888DFFFFF       DC8 253, 136, 136, 223, 255, 255, 223, 255, 208, 0, 0, 0, 223, 255, 223
   \              DFFFD0000000
   \              DFFFDF      
   \   00000095   FFFD8888DFFF       DC8 255, 253, 136, 136, 223, 255, 255, 223, 255, 208, 0, 0, 0, 223, 255
   \              FFDFFFD00000
   \              00DFFF      
   \   000000A4   DFFFFD8888DF       DC8 223, 255, 253, 136, 136, 223, 255, 255, 223, 255, 208, 0, 0, 0, 223
   \              FFFFDFFFD000
   \              0000DF      
   \   000000B3   FFDCCCCCD88D       DC8 255, 220, 204, 204, 216, 141, 204, 204, 204, 223, 255, 208, 0, 0, 0
   \              CCCCCCDFFFD0
   \              000000      
   \   000000C2   DFFFDCCCCCD8       DC8 223, 255, 220, 204, 204, 216, 141, 204, 204, 204, 223, 255, 208, 0
   \              8DCCCCCCDFFF
   \              D000        
   \   000000D0   0000DFFFDCCC       DC8 0, 0, 223, 255, 220, 204, 204, 216, 141, 204, 204, 204, 223, 255
   \              CCD88DCCCCCC
   \              DFFF        
   \   000000DE   D0000000DFFF       DC8 208, 0, 0, 0, 223, 255, 220, 204, 204, 216, 141, 204, 204, 204, 223
   \              DCCCCCD88DCC
   \              CCCCDF      
   \   000000ED   FFD0000000DF       DC8 255, 208, 0, 0, 0, 223, 255, 220, 204, 204, 216, 141, 204, 204, 204
   \              FFDCCCCCD88D
   \              CCCCCC      
   \   000000FC   DFFFD0000000       DC8 223, 255, 208, 0, 0, 0, 223, 255, 220, 204, 204, 216, 141, 204, 204
   \              DFFFDCCCCCD8
   \              8DCCCC      
   \   0000010B   CCDFFFD00000       DC8 204, 223, 255, 208, 0, 0, 0, 223, 255, 220, 204, 204, 216, 141, 204
   \              00DFFFDCCCCC
   \              D88DCC      
   \   0000011A   CCCCDFFFD000       DC8 204, 204, 223, 255, 208, 0, 0, 0, 223, 255, 220, 204, 204, 216, 141
   \              0000DFFFDCCC
   \              CCD88D      
   \   00000129   CCCCCCDFFFD0       DC8 204, 204, 204, 223, 255, 208, 0, 0, 0, 223, 255, 220, 204, 204, 216
   \              000000DFFFDC
   \              CCCCD8      
   \   00000138   8DCCCCCCDFFF       DC8 141, 204, 204, 204, 223, 255, 208, 0, 0, 0, 223, 255, 220, 204, 204
   \              D0000000DFFF
   \              DCCCCC      
   \   00000147   D88DDDCCCCDF       DC8 216, 141, 221, 204, 204, 223, 255, 208, 0, 0, 0, 223, 255, 220, 204
   \              FFD0000000DF
   \              FFDCCC      
   \   00000156   CCD88888DCCC       DC8 204, 216, 136, 136, 220, 204, 223, 255, 208, 0, 0, 0, 223, 255, 220
   \              DFFFD0000000
   \              DFFFDC      
   \   00000165   CCCCCDDDDDCC       DC8 204, 204, 205, 221, 221, 204, 204, 223, 255, 208, 0, 0, 0, 223, 255
   \              CCDFFFD00000
   \              00DFFF      
   \   00000174   DCCCCCCCCCCC       DC8 220, 204, 204, 204, 204, 204, 204, 204, 223, 255, 208, 0, 0, 0, 223
   \              CCCCDFFFD000
   \              0000DF      
   \   00000183   FFDDDDDDDDDD       DC8 255, 221, 221, 221, 221, 221, 221, 221, 221, 223, 255, 208, 0, 0, 0
   \              DDDDDDDFFFD0
   \              000000      
   \   00000192   DDFFFFFFFFFF       DC8 221, 255, 255, 255, 255, 255, 223, 255, 255, 255, 255, 253, 208, 0
   \              DFFFFFFFFFFD
   \              D000        
   \   000001A0   00000DDFFFFF       DC8 0, 0, 13, 223, 255, 255, 255, 255, 223, 255, 255, 255, 255, 221, 0
   \              FFFFDFFFFFFF
   \              FFDD00      
   \   000001AF   00000000DDDD       DC8 0, 0, 0, 0, 221, 221, 221, 221, 221, 221, 221, 221, 221, 221, 208
   \              DDDDDDDDDDDD
   \              DDDDD0      
   \   000001BE   000000000000       DC8 0, 0, 0, 0, 0, 0, 0, 0, 0, 0, 0, 0, 0, 0, 0, 0, 0, 0, 0, 0, 0, 0, 0
   \              000000000000
   \              000000000000
   \              0000000000  
   \   000001D5   000000000000       DC8 0, 0, 0, 0, 0, 0, 0, 0, 0, 0, 0, 0, 0, 0, 0, 0, 0, 0, 0, 0, 0, 0, 0
   \              000000000000
   \              000000000000
   \              0000000000  
   \   000001EC   000000000000       DC8 0, 0, 0, 0, 0, 0, 0, 0, 0, 0, 0, 0, 0, 0, 0, 0, 0, 0, 0, 0
   \              000000000000
   \              000000000000
   \              0000        
     55              0x00, 0x00, 0x00, 0x00, 0x00, 0x00, 0x00, 0x00, 0x00, 0x00, 0x00, 0x00, 0x00, 0x00, 0x00, 0x00,
     56              0x00, 0x00, 0x00, 0x00, 0x00, 0x00, 0x00, 0x00, 0x00, 0x00, 0x00, 0x00, 0x00, 0x00, 0x00, 0x00,
     57              0x00, 0x00, 0x00, 0x00, 0x00, 0x00, 0x0D, 0xDD, 0xDD, 0x00, 0x00, 0x00, 0x00, 0x00, 0x00, 0x00,
     58              0x00, 0x00, 0x00, 0x00, 0x00, 0x00, 0xDE, 0x8E, 0x8E, 0xDD, 0x00, 0x00, 0x00, 0x00, 0x00, 0x00,
     59              0x00, 0x00, 0x00, 0x00, 0x00, 0x00, 0xD8, 0xE8, 0xE8, 0xE8, 0xD0, 0x00, 0x00, 0x00, 0x00, 0x00,
     60              0x00, 0x00, 0x00, 0x00, 0x00, 0x00, 0xDE, 0x8E, 0x8E, 0x8E, 0xD0, 0x00, 0x00, 0x00, 0x00, 0x00,
     61              0x00, 0x00, 0x00, 0x00, 0x00, 0x00, 0x0D, 0xDD, 0xDD, 0xDD, 0x00, 0x00, 0x00, 0x00, 0x00, 0x00,
     62              0x00, 0x00, 0xDD, 0xDD, 0xDD, 0xDD, 0xDD, 0x88, 0x88, 0xDD, 0xDD, 0xDD, 0xDD, 0xDD, 0xD0, 0x00,
     63              0x00, 0x00, 0xDF, 0xFF, 0xDF, 0xFF, 0xFD, 0x88, 0x88, 0xDF, 0xFF, 0xFF, 0xDF, 0xFF, 0xD0, 0x00,
     64              0x00, 0x00, 0xDF, 0xFF, 0xDF, 0xFF, 0xFD, 0x88, 0x88, 0xDF, 0xFF, 0xFF, 0xDF, 0xFF, 0xD0, 0x00,
     65              0x00, 0x00, 0xDF, 0xFF, 0xDF, 0xFF, 0xFD, 0x88, 0x88, 0xDF, 0xFF, 0xFF, 0xDF, 0xFF, 0xD0, 0x00,
     66              0x00, 0x00, 0xDF, 0xFF, 0xDC, 0xCC, 0xCC, 0xD8, 0x8D, 0xCC, 0xCC, 0xCC, 0xDF, 0xFF, 0xD0, 0x00,
     67              0x00, 0x00, 0xDF, 0xFF, 0xDC, 0xCC, 0xCC, 0xD8, 0x8D, 0xCC, 0xCC, 0xCC, 0xDF, 0xFF, 0xD0, 0x00,
     68              0x00, 0x00, 0xDF, 0xFF, 0xDC, 0xCC, 0xCC, 0xD8, 0x8D, 0xCC, 0xCC, 0xCC, 0xDF, 0xFF, 0xD0, 0x00,
     69              0x00, 0x00, 0xDF, 0xFF, 0xDC, 0xCC, 0xCC, 0xD8, 0x8D, 0xCC, 0xCC, 0xCC, 0xDF, 0xFF, 0xD0, 0x00,
     70              0x00, 0x00, 0xDF, 0xFF, 0xDC, 0xCC, 0xCC, 0xD8, 0x8D, 0xCC, 0xCC, 0xCC, 0xDF, 0xFF, 0xD0, 0x00,
     71              0x00, 0x00, 0xDF, 0xFF, 0xDC, 0xCC, 0xCC, 0xD8, 0x8D, 0xCC, 0xCC, 0xCC, 0xDF, 0xFF, 0xD0, 0x00,
     72              0x00, 0x00, 0xDF, 0xFF, 0xDC, 0xCC, 0xCC, 0xD8, 0x8D, 0xCC, 0xCC, 0xCC, 0xDF, 0xFF, 0xD0, 0x00,
     73              0x00, 0x00, 0xDF, 0xFF, 0xDC, 0xCC, 0xCC, 0xD8, 0x8D, 0xCC, 0xCC, 0xCC, 0xDF, 0xFF, 0xD0, 0x00,
     74              0x00, 0x00, 0xDF, 0xFF, 0xDC, 0xCC, 0xCC, 0xD8, 0x8D, 0xCC, 0xCC, 0xCC, 0xDF, 0xFF, 0xD0, 0x00,
     75              0x00, 0x00, 0xDF, 0xFF, 0xDC, 0xCC, 0xCC, 0xD8, 0x8D, 0xDD, 0xCC, 0xCC, 0xDF, 0xFF, 0xD0, 0x00,
     76              0x00, 0x00, 0xDF, 0xFF, 0xDC, 0xCC, 0xCC, 0xD8, 0x88, 0x88, 0xDC, 0xCC, 0xDF, 0xFF, 0xD0, 0x00,
     77              0x00, 0x00, 0xDF, 0xFF, 0xDC, 0xCC, 0xCC, 0xCD, 0xDD, 0xDD, 0xCC, 0xCC, 0xDF, 0xFF, 0xD0, 0x00,
     78              0x00, 0x00, 0xDF, 0xFF, 0xDC, 0xCC, 0xCC, 0xCC, 0xCC, 0xCC, 0xCC, 0xCC, 0xDF, 0xFF, 0xD0, 0x00,
     79              0x00, 0x00, 0xDF, 0xFF, 0xDD, 0xDD, 0xDD, 0xDD, 0xDD, 0xDD, 0xDD, 0xDD, 0xDF, 0xFF, 0xD0, 0x00,
     80              0x00, 0x00, 0xDD, 0xFF, 0xFF, 0xFF, 0xFF, 0xFF, 0xDF, 0xFF, 0xFF, 0xFF, 0xFF, 0xFD, 0xD0, 0x00,
     81              0x00, 0x00, 0x0D, 0xDF, 0xFF, 0xFF, 0xFF, 0xFF, 0xDF, 0xFF, 0xFF, 0xFF, 0xFF, 0xDD, 0x00, 0x00,
     82              0x00, 0x00, 0x00, 0xDD, 0xDD, 0xDD, 0xDD, 0xDD, 0xDD, 0xDD, 0xDD, 0xDD, 0xDD, 0xD0, 0x00, 0x00,
     83              0x00, 0x00, 0x00, 0x00, 0x00, 0x00, 0x00, 0x00, 0x00, 0x00, 0x00, 0x00, 0x00, 0x00, 0x00, 0x00,
     84              0x00, 0x00, 0x00, 0x00, 0x00, 0x00, 0x00, 0x00, 0x00, 0x00, 0x00, 0x00, 0x00, 0x00, 0x00, 0x00,
     85              0x00, 0x00, 0x00, 0x00, 0x00, 0x00, 0x00, 0x00, 0x00, 0x00, 0x00, 0x00, 0x00, 0x00, 0x00, 0x00,
     86              0x00, 0x00, 0x00, 0x00, 0x00, 0x00, 0x00, 0x00, 0x00, 0x00, 0x00, 0x00, 0x00, 0x00, 0x00, 0x00
     87          };
     88          

   \                                 In segment DATA_C, align 4, align-sorted
     89          GUI_CONST_STORAGE GUI_BITMAP bmButtonTankwash = {
   \                     bmButtonTankwash:
   \   00000000   200020001000       DC16 32, 32, 16, 4
   \              0400        
   \   00000008   ............       DC32 acButtonTankwash, PalButtonTankwash
   \              ....        
   \   00000010   00000000           DC8 0, 0, 0, 0
     90              32, /* XSize */
     91              32, /* YSize */
     92              16, /* BytesPerLine */
     93              4, /* BitsPerPixel */
     94              acButtonTankwash,  /* Pointer to picture data (indices) */
     95              &PalButtonTankwash  /* Pointer to palette */
     96          };
     97              
     98          
     99          /* *** End of file *** */


   Segment part sizes:

     Function/Label       Bytes
     --------------       -----
     ColorsButtonTankwash   64
     PalButtonTankwash      12
     acButtonTankwash      512
     bmButtonTankwash       20

 
 608 bytes in segment DATA_C
 
 608 bytes of CONST memory

Errors: none
Warnings: none
