##############################################################################
#                                                                            #
# IAR ARM ANSI C/C++ Compiler V4.42A/W32               14/Sep/2022  15:18:32 #
# Copyright 1999-2005 IAR Systems. All rights reserved.                      #
#                                                                            #
#    Cpu mode        =  interwork                                            #
#    Endian          =  little                                               #
#    Stack alignment =  4                                                    #
#    Source file     =  D:\S2Prog\TXU\src\TDUMessageBoxList.cpp              #
#    Command line    =  D:\S2Prog\TXU\src\TDUMessageBoxList.cpp --fpu None   #
#                       -D OS_LIBMODE_SP -D CPU_S3C2410 -D OS_RAMVECT=0 -D   #
#                       OS_UART=-1 -D S2TXU -D USE_LZO=1 -D __ARM_LIBRARY__  #
#                       -D WATCHDOG=1 -D NETWORK=1 -lCN                      #
#                       D:\S2Prog\TXU\Debug\List\ -o                         #
#                       D:\S2Prog\TXU\Debug\Obj\ -s9 --debug --cpu_mode arm  #
#                       --endian little --cpu ARM920T --stack_align 4        #
#                       --interwork -e --enable_multibytes --eec++           #
#                       --dlib_config "C:\Program Files (x86)\IAR            #
#                       Systems\Embedded Workbench                           #
#                       4.0\arm\LIB\dl4tpainl8n.h" -I                        #
#                       D:\S2Prog\TXU\GUI\CORE\ -I D:\S2Prog\TXU\GUI\WM\ -I  #
#                       D:\S2Prog\TXU\GUI\WIDGET\ -I D:\S2Prog\TXU\CONFIG\   #
#                       -I D:\S2Prog\TXU\INC\ -I D:\S2Prog\TXU\..\SHARED\INC #
#                       \ -I D:\S2Prog\TXU\..\SHARED\SRC\ -I                 #
#                       D:\S2Prog\TXU\..\SHARED\LZO\minilzo.210\ -I          #
#                       D:\S2Prog\TXU\lwip-1.4.1\src\include\ -I             #
#                       D:\S2Prog\TXU\lwip-1.4.1\src\include\ipv4\ -I        #
#                       D:\S2Prog\TXU\lwip-1.4.1\src\ -I                     #
#                       D:\S2Prog\TXU\..\SHARED\Database\ -I                 #
#                       D:\S2Prog\TXU\src\ -I "C:\Program Files (x86)\IAR    #
#                       Systems\Embedded Workbench 4.0\arm\INC\"             #
#                       --inline_threshold=2                                 #
#    List file       =  D:\S2Prog\TXU\Debug\List\TDUMessageBoxList.lst       #
#    Object file     =  D:\S2Prog\TXU\Debug\Obj\TDUMessageBoxList.r79        #
#                                                                            #
#                                                                            #
##############################################################################

D:\S2Prog\TXU\src\TDUMessageBoxList.cpp
      1          #include "TDUIncludes.h"
      2          

   \                                 In segment CODE, align 4, keep-with-next
      3          TDUMessageBoxList::~TDUMessageBoxList(void)
      4          {
   \                     `?~TDUMessageBoxList`:
   \   00000000   10402DE9           PUSH     {R4,LR}
   \   00000004   0040A0E1           MOV      R4,R0
      5          
      6          }
   \   00000008   3C0084E2           ADD      R0,R4,#+60
   \   0000000C   ........           _BLF     `?~CloseWindowTimer`,`?~CloseWindowTimer??rA`
   \   00000010   0400A0E1           MOV      R0,R4
   \   00000014   ........           _BLF     `?~TDUBasicWin`,`?~TDUBasicWin??rA`
   \   00000018   1040BDE8           POP      {R4,LR}
   \   0000001C   1EFF2FE1           BX       LR               ;; return
      7          

   \                                 In segment CODE, align 4, keep-with-next
      8          TDUMessageBoxList::TDUMessageBoxList(void)
   \                     ??TDUMessageBoxList:
   \   00000000   70402DE9           PUSH     {R4-R6,LR}
   \   00000004   18D04DE2           SUB      SP,SP,#+24
   \   00000008   0040A0E1           MOV      R4,R0
      9          {
   \   0000000C   ........           _BLF     ??TDUBasicWin,??TDUBasicWin??rA
   \   00000010   3C0084E2           ADD      R0,R4,#+60
   \   00000014   ........           _BLF     ??CloseWindowTimer,??CloseWindowTimer??rA
     10          	Closed = true;
     11          	{
     12          		const GUIKey Words[] ={
     13          			{TDU_WARNING_WIN	,0,L_WORD153},
     14          			{GUI_ID_OK			,0,L_WORD161},
     15          		};
   \   00000018   34109FE5           LDR      R1,??TDUMessageBoxList_1  ;; `?<Constant {{2204, 0, 153}, {1, 0, 161}}>`
   \   0000001C   0100A0E3           MOV      R0,#+1
   \   00000020   3800C4E5           STRB     R0,[R4, #+56]
   \   00000024   6C5091E8           LDM      R1,{R2,R3,R5,R6,R12,LR}
   \   00000028   0D00A0E1           MOV      R0,SP
     16          		AddToSKeyList((GUIKey*)Words,NELEMENTS(Words));
   \   0000002C   0D10A0E1           MOV      R1,SP
   \   00000030   6C5080E8           STM      R0,{R2,R3,R5,R6,R12,LR}
   \   00000034   0130A0E3           MOV      R3,#+1
   \   00000038   0220A0E3           MOV      R2,#+2
   \   0000003C   0400A0E1           MOV      R0,R4
   \   00000040   ........           _BLF     ??AddToSKeyList,??AddToSKeyList??rA
     17          	}
     18          }
   \   00000044   0400A0E1           MOV      R0,R4
   \   00000048   18D08DE2           ADD      SP,SP,#+24
   \   0000004C   7040BDE8           POP      {R4-R6,LR}
   \   00000050   1EFF2FE1           BX       LR               ;; return
   \                     ??TDUMessageBoxList_1:
   \   00000054   ........           DC32     `?<Constant {{2204, 0, 153}, {1, 0, 161}}>`
     19          

   \                                 In segment DATA_C, align 4, align-sorted
   \                     `?<Constant "test">`:
   \   00000000   7465737400         DC8 "test"
   \   00000005   000000             DC8 0, 0, 0
     20          const GUI_WIDGET_CREATE_INFO TDUMessageBoxList::aDialogCreate[] =
   \                     ??aDialogCreate:
   \   00000008   ............       DC32 FRAMEWIN_CreateIndirect, `?<Constant "Warning">`
   \              ....        
   \   00000010   9C0814001400       DC16 2204, 20, 20, 270, 190, 16
   \              0E01BE001000
   \   0000001C   00000000....       DC32 0, BUTTON_CreateIndirect, `?<Constant "OK">`
   \              ............
   \   00000028   010028009600       DC16 1, 40, 150, 60, 20
   \              3C001400    
   \   00000032   000000000000       DC8 0, 0, 0, 0, 0, 0
     21          {
     22          	{ FRAMEWIN_CreateIndirect,  "Warning",  TDU_WARNING_WIN, 20, 20, 270, 190, FRAMEWIN_CF_MOVEABLE, 0},
     23          	{ BUTTON_CreateIndirect,    "OK",       GUI_ID_OK   , 40, 150,  60,  20},
     24          };
     25          
     26          

   \                                 In segment CODE, align 4, keep-with-next
     27          void TDUMessageBoxList::Exec(WM_HWIN hCurrentWin,AnsiString HeadingText,AnsiString MessageText)
     28          {
   \                     ??Exec:
   \   00000000   F0402DE9           PUSH     {R4-R7,LR}
   \   00000004   0040A0E1           MOV      R4,R0
     29          	if ( !Closed ) {
   \   00000008   3800D4E5           LDRB     R0,[R4, #+56]
   \   0000000C   0260A0E1           MOV      R6,R2
   \   00000010   0350A0E1           MOV      R5,R3
   \   00000014   000050E3           CMP      R0,#+0
   \   00000018   0700001A           BNE      ??Exec_1
     30          		if ( WinHandl ) {
   \   0000001C   FA02D4E1           LDRSH    R0,[R4, #+42]
   \   00000020   000050E3           CMP      R0,#+0
   \   00000024   0500000A           BEQ      ??Exec_2
     31          			CloseTimer.Stop();
   \   00000028   581094E5           LDR      R1,[R4, #+88]
   \   0000002C   3C0084E2           ADD      R0,R4,#+60
   \   00000030   001091E5           LDR      R1,[R1, #+0]
   \   00000034   0FE0A0E1           MOV      LR,PC
   \   00000038   11FF2FE1           BX       R1
     32          		}
     33          	}
     34          	Closed = false;
   \                     ??Exec_1:
   \   0000003C   0000A0E3           MOV      R0,#+0
     35          	WinHandl = GUI_CreateDialogBox(aDialogCreate, GUI_COUNTOF(aDialogCreate),&cbMessageBox,
     36          																 0, 0, 0);
   \                     ??Exec_2:
   \   00000040   50719FE5           LDR      R7,??Exec_3      ;; `?<Constant "test">`
   \   00000044   50219FE5           LDR      R2,??Exec_3+0x4  ;; ??cbMessageBox
   \   00000048   3800C4E5           STRB     R0,[R4, #+56]
   \   0000004C   0000A0E3           MOV      R0,#+0
   \   00000050   01002DE9           PUSH     {R0}
   \   00000054   01002DE9           PUSH     {R0}
   \   00000058   0030A0E3           MOV      R3,#+0
   \   0000005C   0210A0E3           MOV      R1,#+2
   \   00000060   080087E2           ADD      R0,R7,#+8
   \   00000064   ........           _BLF     GUI_CreateDialogBox,??GUI_CreateDialogBox??rA
   \   00000068   BA02C4E1           STRH     R0,[R4, #+42]
     37          	WM_HWIN hText = WM_GetDialogItem( WinHandl, GUI_ID_TEXT1);
   \   0000006C   6110A0E3           MOV      R1,#+97
   \   00000070   401F81E3           ORR      R1,R1,#0x100
   \   00000074   ........           _BLF     WM_GetDialogItem,??WM_GetDialogItem??rA
     38          	FRAMEWIN_SetText(WinHandl,HeadingText.c_str());
   \   00000078   180096E5           LDR      R0,[R6, #+24]
   \   0000007C   08D08DE2           ADD      SP,SP,#+8
   \   00000080   100050E3           CMP      R0,#+16
   \   00000084   FA02D4E1           LDRSH    R0,[R4, #+42]
   \   00000088   04109625           LDRCS    R1,[R6, #+4]
   \   0000008C   04108632           ADDCC    R1,R6,#+4
   \   00000090   ........           _BLF     FRAMEWIN_SetText,??FRAMEWIN_SetText??rA
     39          
     40          		hText = WM_GetDialogItem(WinHandl, GUI_ID_TEXT0);
   \   00000094   FA02D4E1           LDRSH    R0,[R4, #+42]
   \   00000098   581FA0E3           MOV      R1,#+352
   \   0000009C   ........           _BLF     WM_GetDialogItem,??WM_GetDialogItem??rA
     41          		hMultiEdit = MULTIEDIT_Create(2, 14, 260, 150, WinHandl, 0,
     42          			WM_CF_SHOW, MULTIEDIT_CF_AUTOSCROLLBAR_V, "test", 100);
   \   000000A0   6400A0E3           MOV      R0,#+100
   \   000000A4   01002DE9           PUSH     {R0}
   \   000000A8   80002DE9           PUSH     {R7}
   \   000000AC   0800A0E3           MOV      R0,#+8
   \   000000B0   01002DE9           PUSH     {R0}
   \   000000B4   0200A0E3           MOV      R0,#+2
   \   000000B8   01002DE9           PUSH     {R0}
   \   000000BC   0000A0E3           MOV      R0,#+0
   \   000000C0   01002DE9           PUSH     {R0}
   \   000000C4   FA02D4E1           LDRSH    R0,[R4, #+42]
   \   000000C8   9630A0E3           MOV      R3,#+150
   \   000000CC   412FA0E3           MOV      R2,#+260
   \   000000D0   01002DE9           PUSH     {R0}
   \   000000D4   0E10A0E3           MOV      R1,#+14
   \   000000D8   0200A0E3           MOV      R0,#+2
   \   000000DC   ........           _BLF     MULTIEDIT_Create,??MULTIEDIT_Create??rA
   \   000000E0   B603C4E1           STRH     R0,[R4, #+54]
     43          		MULTIEDIT_SetReadOnly(hMultiEdit, 1);
   \   000000E4   0110A0E3           MOV      R1,#+1
   \   000000E8   ........           _BLF     MULTIEDIT_SetReadOnly,??MULTIEDIT_SetReadOnly??rA
     44          		MULTIEDIT_SetWrapWord(hMultiEdit);
   \   000000EC   F603D4E1           LDRSH    R0,[R4, #+54]
   \   000000F0   ........           _BLF     MULTIEDIT_SetWrapWord,??MULTIEDIT_SetWrapWord??rA
     45          
     46          		int length1 = MessageText.length();
     47          		if(length1 > 4000) MessageText.resize(4000);
   \   000000F4   140095E5           LDR      R0,[R5, #+20]
   \   000000F8   A110A0E3           MOV      R1,#+161
   \   000000FC   F01E81E3           ORR      R1,R1,#0xF00
   \   00000100   010050E1           CMP      R0,R1
   \   00000104   18D08DE2           ADD      SP,SP,#+24
   \   00000108   0B0000BA           BLT      ??Exec_4
   \   0000010C   FA0E50E3           CMP      R0,#+4000
   \   00000110   0500003A           BCC      ??Exec_5
   \   00000114   84009FE5           LDR      R0,??Exec_3+0x8  ;; ??npos
   \   00000118   FA1EA0E3           MOV      R1,#+4000
   \   0000011C   002090E5           LDR      R2,[R0, #+0]
   \   00000120   0500A0E1           MOV      R0,R5
   \   00000124   ........           _BLF     ??erase,??erase??rA
   \   00000128   030000EA           B        ??Exec_4
   \                     ??Exec_5:
   \   0000012C   0020A0E3           MOV      R2,#+0
   \   00000130   FA1E60E2           RSB      R1,R0,#+4000
   \   00000134   0500A0E1           MOV      R0,R5
   \   00000138   ........           _BLF     ??append,??append??rA
     48          		MULTIEDIT_SetText(hMultiEdit, MessageText.c_str());
   \                     ??Exec_4:
   \   0000013C   180095E5           LDR      R0,[R5, #+24]
   \   00000140   100050E3           CMP      R0,#+16
   \   00000144   F603D4E1           LDRSH    R0,[R4, #+54]
   \   00000148   04109525           LDRCS    R1,[R5, #+4]
   \   0000014C   04108532           ADDCC    R1,R5,#+4
   \   00000150   ........           _BLF     MULTIEDIT_SetText,??MULTIEDIT_SetText??rA
     49          		MULTIEDIT_SetBkColor(hMultiEdit, MULTIEDIT_CI_READONLY, TDU_C_AL_BACK_WARNING);
   \   00000154   F603D4E1           LDRSH    R0,[R4, #+54]
   \   00000158   FF20A0E3           MOV      R2,#+255
   \   0000015C   FF2C82E3           ORR      R2,R2,#0xFF00
   \   00000160   0110A0E3           MOV      R1,#+1
   \   00000164   ........           _BLF     MULTIEDIT_SetBkColor,??MULTIEDIT_SetBkColor??rA
     50          
     51            CloseTimer.Init(WinHandl,true,&Closed,TimeOut);
   \   00000168   2000A0E3           MOV      R0,#+32
   \   0000016C   4E0C80E3           ORR      R0,R0,#0x4E00
   \   00000170   01002DE9           PUSH     {R0}
   \   00000174   FA12D4E1           LDRSH    R1,[R4, #+42]
   \   00000178   383084E2           ADD      R3,R4,#+56
   \   0000017C   0120A0E3           MOV      R2,#+1
   \   00000180   3C0084E2           ADD      R0,R4,#+60
   \   00000184   ........           _BLF     ??Init,??Init??rA
     52            WM_EnableMemdev(WinHandl);
   \   00000188   FA02D4E1           LDRSH    R0,[R4, #+42]
   \   0000018C   ........           _BLF     WM_EnableMemdev,??WM_EnableMemdev??rA
     53          }
   \   00000190   F140BDE8           POP      {R0,R4-R7,LR}
   \   00000194   1EFF2FE1           BX       LR               ;; return
   \                     ??Exec_3:
   \   00000198   ........           DC32     `?<Constant "test">`
   \   0000019C   ........           DC32     ??cbMessageBox
   \   000001A0   ........           DC32     ??npos
     54          
     55          /*********************************************************************
     56          *
     57          * Dialog procedure
     58          */

   \                                 In segment CODE, align 4, keep-with-next
     59          void TDUMessageBoxList::cbMessageBox(WM_MESSAGE *pMsg)
     60          {
   \                     ??cbMessageBox:
   \   00000000   30402DE9           PUSH     {R4,R5,LR}
     61          	int NCode, Id;
     62          	switch ( pMsg->MsgId ) {
   \   00000004   90509FE5           LDR      R5,??cbMessageBox_1  ;; ListMessageBox
   \   00000008   0040A0E1           MOV      R4,R0
   \   0000000C   001094E5           LDR      R1,[R4, #+0]
   \   00000010   000095E5           LDR      R0,[R5, #+0]
   \   00000014   0E1051E2           SUBS     R1,R1,#+14
   \   00000018   0A00000A           BEQ      ??cbMessageBox_2
   \   0000001C   011051E2           SUBS     R1,R1,#+1
   \   00000020   0700000A           BEQ      ??cbMessageBox_3
   \   00000024   0E1051E2           SUBS     R1,R1,#+14
   \   00000028   0200000A           BEQ      ??cbMessageBox_4
   \   0000002C   091051E2           SUBS     R1,R1,#+9
   \   00000030   0600000A           BEQ      ??cbMessageBox_5
   \   00000034   150000EA           B        ??cbMessageBox_6
     63          		case WM_INIT_DIALOG:
     64          			ListMessageBox->FirstTime = true;
   \                     ??cbMessageBox_4:
   \   00000038   0110A0E3           MOV      R1,#+1
   \   0000003C   2810C0E5           STRB     R1,[R0, #+40]
   \   00000040   000000EA           B        ??cbMessageBox_2
     65          			break;
     66          		case WM_PAINT:
     67          			ListMessageBox->UpdateLanguage();
   \                     ??cbMessageBox_3:
   \   00000044   ........           _BLF     ??UpdateLanguage,??UpdateLanguage??rA
   \                     ??cbMessageBox_2:
   \   00000048   3040BDE8           POP      {R4,R5,LR}
   \   0000004C   1EFF2FE1           BX       LR
     68          			break;
     69          		case WM_KEY:
     70          					break;
     71          		case WM_NOTIFY_PARENT:
     72          			Id    = WM_GetId(pMsg->hWinSrc);		/* Id of widget */
   \                     ??cbMessageBox_5:
   \   00000050   F600D4E1           LDRSH    R0,[R4, #+6]
   \   00000054   ........           _BLF     WM_GetId,??WM_GetId??rA
     73          			NCode = pMsg->Data.v;								/* Notification code */
     74          			switch ( NCode ) {
   \   00000058   081094E5           LDR      R1,[R4, #+8]
   \   0000005C   020051E3           CMP      R1,#+2
     75          				case WM_NOTIFICATION_RELEASED:		/* React only if released */
     76          					switch ( Id ) {
   \   00000060   01005003           CMPEQ    R0,#+1
   \   00000064   F7FFFF1A           BNE      ??cbMessageBox_2
     77          						case GUI_ID_OK:
     78          							{					 /* OK Button */
     79          								if ( !ListMessageBox->Closed ) {
   \   00000068   001095E5           LDR      R1,[R5, #+0]
   \   0000006C   3800D1E5           LDRB     R0,[R1, #+56]
   \   00000070   000050E3           CMP      R0,#+0
   \   00000074   F3FFFF1A           BNE      ??cbMessageBox_2
     80          									ListMessageBox->CloseTimer.Stop();
   \   00000078   3C0081E2           ADD      R0,R1,#+60
   \   0000007C   581091E5           LDR      R1,[R1, #+88]
   \   00000080   001091E5           LDR      R1,[R1, #+0]
   \   00000084   0FE0A0E1           MOV      LR,PC
   \   00000088   11FF2FE1           BX       R1
   \   0000008C   EDFFFFEA           B        ??cbMessageBox_2
     81          								}
     82          							}
     83          							break;
     84          					}
     85          					break;
     86          			}
     87          			break;
     88          		default:
     89          			WM_DefaultProc(pMsg);
   \                     ??cbMessageBox_6:
   \   00000090   0400A0E1           MOV      R0,R4
   \   00000094   ........           _BLF     WM_DefaultProc,??WM_DefaultProc??rA
     90          	}
     91          }
   \                     ??cbMessageBox_7:
   \   00000098   EAFFFFEA           B        ??cbMessageBox_2
   \                     ??cbMessageBox_1:
   \   0000009C   ........           DC32     ListMessageBox

   \                                 In segment DIFUNCT, align 4, keep-with-next, root
   \   00000000                      REQUIRE ?call_ctors
   \   00000000   ........           DC32    ??__sti__routine

   \                                 In segment DATA_C, align 4, align-sorted
   \                     `?<Constant "Warning">`:
   \   00000000   5761726E696E       DC8 "Warning"
   \              6700        

   \                                 In segment DATA_C, align 1, align-sorted
   \                     `?<Constant "OK">`:
   \   00000000   4F4B00             DC8 "OK"

   \                                 In segment DATA_C, align 4, align-sorted
   \                     `?<Constant {{2204, 0, 153}, {1, 0, 161}}>`:
   \   00000000   9C0800000000       DC32 2204, 0, 153, 1, 0, 161
   \              000099000000
   \              010000000000
   \              0000A1000000

   \                                 In segment CODE, align 4, keep-with-next
   \   __??Code32?? __code __interwork __atpcs TDUMessageBoxList &TDUMessageBoxList::new TDUMessageBoxList()
   \                     `??new TDUMessageBoxList`:
   \   00000000   00402DE9           PUSH     {LR}
   \   00000004   6400A0E3           MOV      R0,#+100
   \   00000008   ........           _BLF     `??operator new`,`??operator new??rA`
   \   0000000C   000050E3           CMP      R0,#+0
   \   00000010   0000000A           BEQ      `??new TDUMessageBoxList_1`
   \   00000014   ........           BL       ??TDUMessageBoxList
   \                     `??new TDUMessageBoxList_1`:
   \   00000018   0040BDE8           POP      {LR}
   \   0000001C   1EFF2FE1           BX       LR               ;; return

   \                                 In segment CODE, align 4, keep-with-next
   \   __??Code32?? __code __interwork __atpcs void TDUMessageBoxList::delete ~TDUMessageBoxList(TDUMessageBoxList *)
   \                     `??delete ~TDUMessageBoxList`:
   \   00000000   10402DE9           PUSH     {R4,LR}
   \   00000004   0040B0E1           MOVS     R4,R0
   \   00000008   0200000A           BEQ      `??delete ~TDUMessageBoxList_1`
   \   0000000C   ........           BL       `?~TDUMessageBoxList`
   \   00000010   0400A0E1           MOV      R0,R4
   \   00000014   ........           _BLF     `??operator delete`,`??operator delete??rA`
   \                     `??delete ~TDUMessageBoxList_1`:
   \   00000018   1040BDE8           POP      {R4,LR}
   \   0000001C   1EFF2FE1           BX       LR               ;; return

   \                                 In segment CODE, align 4, keep-with-next
   \   static __??Code32?? __intrinsic __code __interwork __atpcs void __sti__routine()
   \                     ??__sti__routine:
   \   00000000   1EFF2FE1           BX       LR               ;; return

   Maximum stack usage in bytes:

     Function                       CSTACK
     --------                       ------
     TDUMessageBoxList::Exec(GUI_HWIN, AnsiString, AnsiString)
                                       44
     TDUMessageBoxList::TDUMessageBoxList()
                                       40
     TDUMessageBoxList::cbMessageBox(WM_MESSAGE *)
                                       12
     TDUMessageBoxList::delete ~TDUMessageBoxList(TDUMessageBoxList *)
                                        8
     TDUMessageBoxList::new TDUMessageBoxList()
                                        4
     TDUMessageBoxList::~TDUMessageBoxList()
                                        8
     __sti__routine()                   0


   Segment part sizes:

     Function/Label                 Bytes
     --------------                 -----
     TDUMessageBoxList::~TDUMessageBoxList()
                                      32
     TDUMessageBoxList::TDUMessageBoxList()
                                      88
     ?<Constant "test">               56
     TDUMessageBoxList::Exec(GUI_HWIN, AnsiString, AnsiString)
                                     420
     TDUMessageBoxList::cbMessageBox(WM_MESSAGE *)
                                     160
     ?<Constant "Warning">             8
     ?<Constant "OK">                  3
     ?<Constant {{2204, 0, 153}, {1, 0, 161}}>
                                      24
     TDUMessageBoxList::new TDUMessageBoxList()
                                      32
     TDUMessageBoxList::delete ~TDUMessageBoxList(TDUMessageBoxList *)
                                      32
     __sti__routine()                  4
      Others                         296

 
 1 060 bytes in segment CODE
    91 bytes in segment DATA_C
     4 bytes in segment DIFUNCT
 
 772 bytes of CODE  memory (+ 292 bytes shared)
  91 bytes of CONST memory

Errors: none
Warnings: none
