##############################################################################
#                                                                            #
# IAR ARM ANSI C/C++ Compiler V4.42A/W32               14/Sep/2022  15:19:04 #
# Copyright 1999-2005 IAR Systems. All rights reserved.                      #
#                                                                            #
#    Cpu mode        =  interwork                                            #
#    Endian          =  little                                               #
#    Stack alignment =  4                                                    #
#    Source file     =  D:\S2Prog\TXU\src\TDUTempWin.cpp                     #
#    Command line    =  D:\S2Prog\TXU\src\TDUTempWin.cpp --fpu None -D       #
#                       OS_LIBMODE_SP -D CPU_S3C2410 -D OS_RAMVECT=0 -D      #
#                       OS_UART=-1 -D S2TXU -D USE_LZO=1 -D __ARM_LIBRARY__  #
#                       -D WATCHDOG=1 -D NETWORK=1 -lCN                      #
#                       D:\S2Prog\TXU\Debug\List\ -o                         #
#                       D:\S2Prog\TXU\Debug\Obj\ -s9 --debug --cpu_mode arm  #
#                       --endian little --cpu ARM920T --stack_align 4        #
#                       --interwork -e --enable_multibytes --eec++           #
#                       --dlib_config "C:\Program Files (x86)\IAR            #
#                       Systems\Embedded Workbench                           #
#                       4.0\arm\LIB\dl4tpainl8n.h" -I                        #
#                       D:\S2Prog\TXU\GUI\CORE\ -I D:\S2Prog\TXU\GUI\WM\ -I  #
#                       D:\S2Prog\TXU\GUI\WIDGET\ -I D:\S2Prog\TXU\CONFIG\   #
#                       -I D:\S2Prog\TXU\INC\ -I D:\S2Prog\TXU\..\SHARED\INC #
#                       \ -I D:\S2Prog\TXU\..\SHARED\SRC\ -I                 #
#                       D:\S2Prog\TXU\..\SHARED\LZO\minilzo.210\ -I          #
#                       D:\S2Prog\TXU\lwip-1.4.1\src\include\ -I             #
#                       D:\S2Prog\TXU\lwip-1.4.1\src\include\ipv4\ -I        #
#                       D:\S2Prog\TXU\lwip-1.4.1\src\ -I                     #
#                       D:\S2Prog\TXU\..\SHARED\Database\ -I                 #
#                       D:\S2Prog\TXU\src\ -I "C:\Program Files (x86)\IAR    #
#                       Systems\Embedded Workbench 4.0\arm\INC\"             #
#                       --inline_threshold=2                                 #
#    List file       =  D:\S2Prog\TXU\Debug\List\TDUTempWin.lst              #
#    Object file     =  D:\S2Prog\TXU\Debug\Obj\TDUTempWin.r79               #
#                                                                            #
#                                                                            #
##############################################################################

D:\S2Prog\TXU\src\TDUTempWin.cpp
      1          #include "TDUIncludes.h"

   \                                 In segment CODE, align 4, keep-with-next
   \   __??Code32?? __code __interwork __atpcs void _Vector_impl<PRogramObjectBase *, allocator<PRogramObjectBase *>>::_Assign(_Vector_impl<PRogramObjectBase *, allocator<PRogramObjectBase *>> const &)
   \                     ??_Assign:
   \   00000000   F0402DE9           PUSH     {R4-R7,LR}
   \   00000004   04D04DE2           SUB      SP,SP,#+4
   \   00000008   0040A0E1           MOV      R4,R0
   \   0000000C   0150A0E1           MOV      R5,R1
   \   00000010   050054E1           CMP      R4,R5
   \   00000014   3500000A           BEQ      ??_Assign_1
   \   00000018   041095E5           LDR      R1,[R5, #+4]
   \   0000001C   000095E5           LDR      R0,[R5, #+0]
   \   00000020   0060A0E3           MOV      R6,#+0
   \   00000024   002041E0           SUB      R2,R1,R0
   \   00000028   2231B0E1           LSRS     R3,R2,#+2
   \   0000002C   002094E5           LDR      R2,[R4, #+0]
   \   00000030   0800001A           BNE      ??_Assign_2
   \   00000034   000052E3           CMP      R2,#+0
   \   00000038   0200000A           BEQ      ??_Assign_3
   \   0000003C   042084E5           STR      R2,[R4, #+4]
   \   00000040   0200A0E1           MOV      R0,R2
   \   00000044   ........           _BLF     `??operator delete`,`??operator delete??rA`
   \                     ??_Assign_3:
   \   00000048   006084E5           STR      R6,[R4, #+0]
   \   0000004C   046084E5           STR      R6,[R4, #+4]
   \   00000050   086084E5           STR      R6,[R4, #+8]
   \   00000054   250000EA           B        ??_Assign_1
   \                     ??_Assign_2:
   \   00000058   047094E5           LDR      R7,[R4, #+4]
   \   0000005C   027047E0           SUB      R7,R7,R2
   \   00000060   270153E1           CMP      R3,R7, LSR #+2
   \   00000064   0700008A           BHI      ??_Assign_4
   \   00000068   ........           _BLF     _Copy_a4,??_Copy_a4??rA
   \   0000006C   040095E5           LDR      R0,[R5, #+4]
   \   00000070   001095E5           LDR      R1,[R5, #+0]
   \   00000074   010040E0           SUB      R0,R0,R1
   \   00000078   001094E5           LDR      R1,[R4, #+0]
   \   0000007C   2001A0E1           LSR      R0,R0,#+2
   \   00000080   000181E0           ADD      R0,R1,R0, LSL #+2
   \   00000084   180000EA           B        ??_Assign_5
   \                     ??_Assign_4:
   \   00000088   087094E5           LDR      R7,[R4, #+8]
   \   0000008C   027047E0           SUB      R7,R7,R2
   \   00000090   270153E1           CMP      R3,R7, LSR #+2
   \   00000094   1300009A           BLS      ??_Assign_6
   \                     ??_Assign_7:
   \   00000098   000052E3           CMP      R2,#+0
   \   0000009C   0100000A           BEQ      ??_Assign_8
   \   000000A0   0200A0E1           MOV      R0,R2
   \   000000A4   ........           _BLF     `??operator delete`,`??operator delete??rA`
   \                     ??_Assign_8:
   \   000000A8   040095E5           LDR      R0,[R5, #+4]
   \   000000AC   001095E5           LDR      R1,[R5, #+0]
   \   000000B0   006084E5           STR      R6,[R4, #+0]
   \   000000B4   017050E0           SUBS     R7,R0,R1
   \   000000B8   046084E5           STR      R6,[R4, #+4]
   \   000000BC   086084E5           STR      R6,[R4, #+8]
   \   000000C0   0A00000A           BEQ      ??_Assign_1
   \   000000C4   0700A0E1           MOV      R0,R7
   \   000000C8   ........           _BLF     `??operator new`,`??operator new??rA`
   \   000000CC   000084E5           STR      R0,[R4, #+0]
   \   000000D0   0020A0E1           MOV      R2,R0
   \   000000D4   042084E5           STR      R2,[R4, #+4]
   \   000000D8   020087E0           ADD      R0,R7,R2
   \   000000DC   080084E5           STR      R0,[R4, #+8]
   \   000000E0   041095E5           LDR      R1,[R5, #+4]
   \   000000E4   000095E5           LDR      R0,[R5, #+0]
   \                     ??_Assign_6:
   \   000000E8   ........           _BLF     _Copy_a4,??_Copy_a4??rA
   \                     ??_Assign_5:
   \   000000EC   040084E5           STR      R0,[R4, #+4]
   \                     ??_Assign_1:
   \   000000F0   F140BDE8           POP      {R0,R4-R7,LR}
   \   000000F4   1EFF2FE1           BX       LR               ;; return

   \                                 In segment DATA_C, align 4, align-sorted
   \   __vtbl_entry const __data TDUTempWin::__vtbl[6]
   \                     ??__vtbl:
   \   00000000   ............       DC32 ??SetButton, ??Paintnew, ??cbEventHandler, ??ButtonClicked
   \              ............
   \              ........    
   \   00000010   ............       DC32 ??AppSetup, ??PrintReport
   \              ....        
      2          const TDUValueTable TDUTempWin::DefaultCWValues[TDU_WIN_COL]={
   \                     ??DefaultCWValues:
   \   00000018   190500000C00       DC32 1305, 12, 2, 1301, 71, 0, 1004, 66, 1, 9101, 66, 1, 9100, 66, 1
   \              000002000000
   \              150500004700
   \              000000000000
   \              EC0300004200
   \              000001000000
   \              8D2300004200
   \              000001000000
   \              8C2300004200
   \              000001000000
      3          	{SVT_PRO_STATUS     ,12,GUI_TA_CENTER},
      4          	{SVT_PRO_NAME       ,71,GUI_TA_LEFT},
      5          	{SVT_TEMP           ,66,GUI_TA_RIGHT},
      6          	{SVT_LO_TEMP_LIMIT  ,66,GUI_TA_RIGHT},
      7          	{SVT_HI_TEMP_LIMIT  ,66,GUI_TA_RIGHT},
      8          };

   \                                 In segment CODE, align 4, keep-with-next
      9          TDUTempWin::~TDUTempWin(void)
     10          {
   \                     `?~TDUTempWin`:
   \   00000000   00402DE9           PUSH     {LR}
     11          }
   \   00000004   ........           _BLF     `?~TDUGroupWin`,`?~TDUGroupWin??rA`
   \   00000008   0040BDE8           POP      {LR}
   \   0000000C   1EFF2FE1           BX       LR               ;; return
     12          

   \                                 In segment CODE, align 4, keep-with-next
     13          TDUTempWin::TDUTempWin(void):TDUGroupWin(PROTemperature::ObjVector,TDU_TEMP_WIN, (TDUValueTable*)&DefaultCWValues)
   \                     ??TDUTempWin:
   \   00000000   30402DE9           PUSH     {R4,R5,LR}
     14          {
   \   00000004   64509FE5           LDR      R5,??TDUTempWin_1  ;; ??__vtbl
   \   00000008   0CD04DE2           SUB      SP,SP,#+12
   \   0000000C   0010A0E3           MOV      R1,#+0
   \   00000010   00108DE5           STR      R1,[SP, #+0]
   \   00000014   58109FE5           LDR      R1,??TDUTempWin_1+0x4  ;; ??ObjVector
   \   00000018   0040A0E1           MOV      R4,R0
   \   0000001C   0000A0E3           MOV      R0,#+0
   \   00000020   04008DE5           STR      R0,[SP, #+4]
   \   00000024   08008DE5           STR      R0,[SP, #+8]
   \   00000028   0D00A0E1           MOV      R0,SP
   \   0000002C   ........           _BLF     ??_Assign,??_Assign??rA
   \   00000030   183085E2           ADD      R3,R5,#+24
   \   00000034   7420A0E3           MOV      R2,#+116
   \   00000038   802E82E3           ORR      R2,R2,#0x800
   \   0000003C   0D10A0E1           MOV      R1,SP
   \   00000040   0400A0E1           MOV      R0,R4
   \   00000044   ........           _BLF     ??TDUGroupWin,??TDUGroupWin??rA
   \   00000048   00009DE5           LDR      R0,[SP, #+0]
   \   0000004C   000050E3           CMP      R0,#+0
   \   00000050   0200000A           BEQ      ??TDUTempWin_2
   \   00000054   0010A0E1           MOV      R1,R0
   \   00000058   04108DE5           STR      R1,[SP, #+4]
   \   0000005C   ........           _BLF     `??operator delete`,`??operator delete??rA`
   \                     ??TDUTempWin_2:
   \   00000060   445084E5           STR      R5,[R4, #+68]
     15          }
   \   00000064   0400A0E1           MOV      R0,R4
   \   00000068   3E40BDE8           POP      {R1-R5,LR}
   \   0000006C   1EFF2FE1           BX       LR               ;; return
   \                     ??TDUTempWin_1:
   \   00000070   ........           DC32     ??__vtbl
   \   00000074   ........           DC32     ??ObjVector
     16          

   \                                 In segment CODE, align 4, keep-with-next
     17          void TDUTempWin::AppSetup(void)
     18          {
   \                     ??AppSetup:
   \   00000000   00402DE9           PUSH     {LR}
     19          	AppSetupTemp->ExecDialogBox(WinHandl);
   \   00000004   FA12D0E1           LDRSH    R1,[R0, #+42]
   \   00000008   0C009FE5           LDR      R0,??AppSetup_1  ;; AppSetupTemp
   \   0000000C   000090E5           LDR      R0,[R0, #+0]
   \   00000010   ........           _BLF     ??ExecDialogBox,??ExecDialogBox??rA
     20          }
   \   00000014   0040BDE8           POP      {LR}
   \   00000018   1EFF2FE1           BX       LR               ;; return
   \                     ??AppSetup_1:
   \   0000001C   ........           DC32     AppSetupTemp
     21          

   \                                 In segment CODE, align 4, keep-with-next
     22          void TDUTempWin::PrintReport(int PrinterId)
     23          {
   \                     ??PrintReport:
   \   00000000   10402DE9           PUSH     {R4,LR}
     24          	if ( PrinterId == PROPrinter::LastDefPrinter->IDNumber ) {
   \   00000004   78409FE5           LDR      R4,??PrintReport_1  ;; ??LastDefPrinter
   \   00000008   1CD04DE2           SUB      SP,SP,#+28
   \   0000000C   0100A0E1           MOV      R0,R1
   \   00000010   001094E5           LDR      R1,[R4, #+0]
   \   00000014   9C1091E5           LDR      R1,[R1, #+156]
   \   00000018   010050E1           CMP      R0,R1
   \   0000001C   1300001A           BNE      ??PrintReport_2
     25          		AnsiString Report;
   \   00000020   0D00A0E1           MOV      R0,SP
   \   00000024   ........           _BLF     ??AnsiString,??AnsiString??rA
     26          		MakeReport(REPORT_TEMPERATURE,Report);
   \   00000028   0D10A0E1           MOV      R1,SP
   \   0000002C   0300A0E3           MOV      R0,#+3
   \   00000030   ........           _BLF     ??MakeReport,??MakeReport??rA
     27          		if ( !Report.IsEmpty() ){
   \   00000034   0D00A0E1           MOV      R0,SP
   \   00000038   ........           _BLF     ??IsEmpty,??IsEmpty??rA
   \   0000003C   000050E3           CMP      R0,#+0
   \   00000040   0500001A           BNE      ??PrintReport_3
     28          			PROPrinter::LastDefPrinter->Print((char*)Report.c_str());
   \   00000044   18009DE5           LDR      R0,[SP, #+24]
   \   00000048   100050E3           CMP      R0,#+16
   \   0000004C   04109D25           LDRCS    R1,[SP, #+4]
   \   00000050   000094E5           LDR      R0,[R4, #+0]
   \   00000054   04108D32           ADDCC    R1,SP,#+4
   \   00000058   ........           _BLF     ??Print,??Print??rA
     29          		}
     30          	} else {
   \                     ??PrintReport_3:
   \   0000005C   0020A0E3           MOV      R2,#+0
   \   00000060   0110A0E3           MOV      R1,#+1
   \   00000064   0D00A0E1           MOV      R0,SP
   \   00000068   ........           _BLF     ??_Tidy,??_Tidy??rA
   \   0000006C   010000EA           B        ??PrintReport_4
     31          		ANPRO10_SendReport(PrinterId,REPORT_TEMPERATURE);
   \                     ??PrintReport_2:
   \   00000070   0310A0E3           MOV      R1,#+3
   \   00000074   ........           _BLF     ??ANPRO10_SendReport,??ANPRO10_SendReport??rA
     32          	}
     33          }
   \                     ??PrintReport_4:
   \   00000078   1CD08DE2           ADD      SP,SP,#+28
   \   0000007C   1040BDE8           POP      {R4,LR}
   \   00000080   1EFF2FE1           BX       LR               ;; return
   \                     ??PrintReport_1:
   \   00000084   ........           DC32     ??LastDefPrinter

   \                                 In segment DIFUNCT, align 4, keep-with-next, root
   \   00000000                      REQUIRE ?call_ctors
   \   00000000   ........           DC32    ??__sti__routine

   \                                 In segment CODE, align 4, keep-with-next
   \   __??Code32?? __code __interwork __atpcs TDUTempWin &TDUTempWin::new TDUTempWin()
   \                     `??new TDUTempWin`:
   \   00000000   00402DE9           PUSH     {LR}
   \   00000004   8400A0E3           MOV      R0,#+132
   \   00000008   ........           _BLF     `??operator new`,`??operator new??rA`
   \   0000000C   000050E3           CMP      R0,#+0
   \   00000010   0000000A           BEQ      `??new TDUTempWin_1`
   \   00000014   ........           BL       ??TDUTempWin
   \                     `??new TDUTempWin_1`:
   \   00000018   0040BDE8           POP      {LR}
   \   0000001C   1EFF2FE1           BX       LR               ;; return

   \                                 In segment CODE, align 4, keep-with-next
   \   __??Code32?? __code __interwork __atpcs void TDUTempWin::delete ~TDUTempWin(TDUTempWin *)
   \                     `??delete ~TDUTempWin`:
   \   00000000   10402DE9           PUSH     {R4,LR}
   \   00000004   0040B0E1           MOVS     R4,R0
   \   00000008   0200000A           BEQ      `??delete ~TDUTempWin_1`
   \   0000000C   ........           _BLF     `?~TDUGroupWin`,`?~TDUGroupWin??rA`
   \   00000010   0400A0E1           MOV      R0,R4
   \   00000014   ........           _BLF     `??operator delete`,`??operator delete??rA`
   \                     `??delete ~TDUTempWin_1`:
   \   00000018   1040BDE8           POP      {R4,LR}
   \   0000001C   1EFF2FE1           BX       LR               ;; return

   \                                 In segment CODE, align 4, keep-with-next
   \   static __??Code32?? __intrinsic __code __interwork __atpcs void __sti__routine()
   \                     ??__sti__routine:
   \   00000000   1EFF2FE1           BX       LR               ;; return
     34          

   Maximum stack usage in bytes:

     Function                       CSTACK
     --------                       ------
     TDUTempWin::AppSetup()             4
     TDUTempWin::PrintReport(int)      36
     TDUTempWin::TDUTempWin()          24
     TDUTempWin::delete ~TDUTempWin(TDUTempWin *)
                                        8
     TDUTempWin::new TDUTempWin()       4
     TDUTempWin::~TDUTempWin()          4
     _Vector_impl<PRogramObjectBase *, allocator<PRogramObjectBase *>>::_Assign(_Vector_impl<PRogramObjectBase *, allocator<PRogramObjectBase *>> const &)
                                       24
     __sti__routine()                   0


   Segment part sizes:

     Function/Label                 Bytes
     --------------                 -----
     _Vector_impl<PRogramObjectBase *, allocator<PRogramObjectBase *>>::_Assign(_Vector_impl<PRogramObjectBase *, allocator<PRogramObjectBase *>> const &)
                                     248
     TDUTempWin::__vtbl               84
     TDUTempWin::~TDUTempWin()        16
     TDUTempWin::TDUTempWin()        120
     TDUTempWin::AppSetup()           32
     TDUTempWin::PrintReport(int)    136
     TDUTempWin::new TDUTempWin()     32
     TDUTempWin::delete ~TDUTempWin(TDUTempWin *)
                                      32
     __sti__routine()                  4
      Others                         188

 
 804 bytes in segment CODE
  84 bytes in segment DATA_C
   4 bytes in segment DIFUNCT
 
 376 bytes of CODE  memory (+ 432 bytes shared)
  84 bytes of CONST memory

Errors: none
Warnings: none
