################################################################################
#                                                                              #
#      IAR Universal Linker V4.55J/386                                         #
#                                                                              #
#           Link time     =  11/Feb/2004  22:51:41                             #
#           Target CPU    =  ARM                                               #
#           List file     =  F:\S2Prog\TXU\Release\List\StartTXU.map           #
#           Output file 1 =  F:\S2Prog\TXU\Release\Exe\StartTXU.d79            #
#                            Format: debug                                     #
#                            UBROF version 10.0.0                              #
#                            Using library modules for C-SPY (-rt)             #
#           Command line  =  F:\S2Prog\TXU\Lib\osA9LLR.r79                     #
#                            F:\S2Prog\TXU\Release\Obj\2410lib.r79             #
#                            F:\S2Prog\TXU\Release\Obj\2410slib.r79            #
#                            F:\S2Prog\TXU\Release\Obj\AIInclinometer.r79      #
#                            F:\S2Prog\TXU\Release\Obj\AILevelSwitchLidec.r79  #
#                            F:\S2Prog\TXU\Release\Obj\AIPressSensor.r79       #
#                            F:\S2Prog\TXU\Release\Obj\AIPressSensor_mA.r79    #
#                            F:\S2Prog\TXU\Release\Obj\AIPressSensor_mV.r79    #
#                            F:\S2Prog\TXU\Release\Obj\AIRadarSensor.r79       #
#                            F:\S2Prog\TXU\Release\Obj\AITempSensor.r79        #
#                            F:\S2Prog\TXU\Release\Obj\AITempSensor_Pt100.r79  #
#                            F:\S2Prog\TXU\Release\Obj\AITempSensor_Pt1000.r79 #
#                            F:\S2Prog\TXU\Release\Obj\AITempSensor_mA.r79     #
#                            F:\S2Prog\TXU\Release\Obj\AIWIngressTempSensor.r7 #
#                            9                                                 #
#                            F:\S2Prog\TXU\Release\Obj\ANPRO10Object.r79       #
#                            F:\S2Prog\TXU\Release\Obj\ANPRO10UnitInfo.r79     #
#                            F:\S2Prog\TXU\Release\Obj\API.r79                 #
#                            F:\S2Prog\TXU\Release\Obj\AnalogInput.r79         #
#                            F:\S2Prog\TXU\Release\Obj\Anpro10.r79             #
#                            F:\S2Prog\TXU\Release\Obj\ButtonBallast.r79       #
#                            F:\S2Prog\TXU\Release\Obj\ButtonCargo.r79         #
#                            F:\S2Prog\TXU\Release\Obj\ButtonCargoLinePress.r7 #
#                            9                                                 #
#                            F:\S2Prog\TXU\Release\Obj\ButtonGasSampling.r79   #
#                            F:\S2Prog\TXU\Release\Obj\ButtonHighLevel.r79     #
#                            F:\S2Prog\TXU\Release\Obj\ButtonService.r79       #
#                            F:\S2Prog\TXU\Release\Obj\ButtonSystem.r79        #
#                            F:\S2Prog\TXU\Release\Obj\ButtonTankPress.r79     #
#                            F:\S2Prog\TXU\Release\Obj\ButtonTemperature.r79   #
#                            F:\S2Prog\TXU\Release\Obj\ButtonVapourReturnPress #
#                            .r79                                              #
#                            F:\S2Prog\TXU\Release\Obj\ButtonWaterIngress.r79  #
#                            F:\S2Prog\TXU\Release\Obj\CloseWindowTimer.r79    #
#                            F:\S2Prog\TXU\Release\Obj\ConfigApp.r79           #
#                            F:\S2Prog\TXU\Release\Obj\CtrlAlarmRelay.r79      #
#                            F:\S2Prog\TXU\Release\Obj\CtrlBuzzer.r79          #
#                            F:\S2Prog\TXU\Release\Obj\CtrlHorn.r79            #
#                            F:\S2Prog\TXU\Release\Obj\CtrlLamp.r79            #
#                            F:\S2Prog\TXU\Release\Obj\CtrlLight.r79           #
#                            F:\S2Prog\TXU\Release\Obj\DIInclinometerN2.r79    #
#                            F:\S2Prog\TXU\Release\Obj\DIWaterIngressSensor.r7 #
#                            9                                                 #
#                            F:\S2Prog\TXU\Release\Obj\DigitalInput.r79        #
#                            F:\S2Prog\TXU\Release\Obj\GUICore.r79             #
#                            F:\S2Prog\TXU\Release\Obj\GUI_TOUCH_DriverAnalog. #
#                            r79                                               #
#                            F:\S2Prog\TXU\Release\Obj\GUI_X_embOS.r79         #
#                            F:\S2Prog\TXU\Release\Obj\IOUnit.r79              #
#                            F:\S2Prog\TXU\Release\Obj\IOUnitWAGO.r79          #
#                            F:\S2Prog\TXU\Release\Obj\IOUnitZB485.r79         #
#                            F:\S2Prog\TXU\Release\Obj\IOUnitZBAna.r79         #
#                            F:\S2Prog\TXU\Release\Obj\InputResponseTimer.r79  #
#                            F:\S2Prog\TXU\Release\Obj\LCD_Lib.r79             #
#                            F:\S2Prog\TXU\Release\Obj\LISTVIEW.r79            #
#                            F:\S2Prog\TXU\Release\Obj\OS_Error.r79            #
#                            F:\S2Prog\TXU\Release\Obj\PROAlarmHighLevel.r79   #
#                            F:\S2Prog\TXU\Release\Obj\PROAlarmHighPressure.r7 #
#                            9                                                 #
#                            F:\S2Prog\TXU\Release\Obj\PROAlarmHighTemp.r79    #
#                            F:\S2Prog\TXU\Release\Obj\PROAlarmLowLevel.r79    #
#                            F:\S2Prog\TXU\Release\Obj\PROAlarmLowPressure.r79 #
#                            F:\S2Prog\TXU\Release\Obj\PROAlarmLowTemp.r79     #
#                            F:\S2Prog\TXU\Release\Obj\PROAlarmMainWaterIngres #
#                            s.r79                                             #
#                            F:\S2Prog\TXU\Release\Obj\PROAlarmOverfill.r79    #
#                            F:\S2Prog\TXU\Release\Obj\PROAlarmPreWaterIngress #
#                            .r79                                              #
#                            F:\S2Prog\TXU\Release\Obj\PROAlarmSetting.r79     #
#                            F:\S2Prog\TXU\Release\Obj\PROAlarmSettingBasic.r7 #
#                            9                                                 #
#                            F:\S2Prog\TXU\Release\Obj\PROAlarmmAmpOpenLoop.r7 #
#                            9                                                 #
#                            F:\S2Prog\TXU\Release\Obj\PROAlarmmAmpShortCircui #
#                            t.r79                                             #
#                            F:\S2Prog\TXU\Release\Obj\PROAtmReference.r79     #
#                            F:\S2Prog\TXU\Release\Obj\PROBallastTank.r79      #
#                            F:\S2Prog\TXU\Release\Obj\PROCargoTank.r79        #
#                            F:\S2Prog\TXU\Release\Obj\PROControl.r79          #
#                            F:\S2Prog\TXU\Release\Obj\PRODraft.r79            #
#                            F:\S2Prog\TXU\Release\Obj\PROIOComponent.r79      #
#                            F:\S2Prog\TXU\Release\Obj\PROInclinometer.r79     #
#                            F:\S2Prog\TXU\Release\Obj\PROLinkedList.r79       #
#                            F:\S2Prog\TXU\Release\Obj\PRONode.r79             #
#                            F:\S2Prog\TXU\Release\Obj\PROProjectInfo.r79      #
#                            F:\S2Prog\TXU\Release\Obj\PROServiceTank.r79      #
#                            F:\S2Prog\TXU\Release\Obj\PROSystemData.r79       #
#                            F:\S2Prog\TXU\Release\Obj\PROTank.r79             #
#                            F:\S2Prog\TXU\Release\Obj\PROTankPressure.r79     #
#                            F:\S2Prog\TXU\Release\Obj\PROTanksystemUnit.r79   #
#                            F:\S2Prog\TXU\Release\Obj\PROTemperature.r79      #
#                            F:\S2Prog\TXU\Release\Obj\PROWaterIngress.r79     #
#                            F:\S2Prog\TXU\Release\Obj\PRogramObject.r79       #
#                            F:\S2Prog\TXU\Release\Obj\PRogramObjectBase.r79   #
#                            F:\S2Prog\TXU\Release\Obj\RTOSVECT.r79            #
#                            F:\S2Prog\TXU\Release\Obj\ReadConfig.r79          #
#                            F:\S2Prog\TXU\Release\Obj\SC2410Uart.r79          #
#                            F:\S2Prog\TXU\Release\Obj\SCADCard.r79            #
#                            F:\S2Prog\TXU\Release\Obj\SCWaterIngress.r79      #
#                            F:\S2Prog\TXU\Release\Obj\ST16554Uart.r79         #
#                            F:\S2Prog\TXU\Release\Obj\SignalConverter.r79     #
#                            F:\S2Prog\TXU\Release\Obj\StartTXU.r79            #
#                            F:\S2Prog\TXU\Release\Obj\TDUAlarmWindow.r79      #
#                            F:\S2Prog\TXU\Release\Obj\TDUAppWinSetup.r79      #
#                            F:\S2Prog\TXU\Release\Obj\TDUBallastWin.r79       #
#                            F:\S2Prog\TXU\Release\Obj\TDUButWin.r79           #
#                            F:\S2Prog\TXU\Release\Obj\TDUCargoWin.r79         #
#                            F:\S2Prog\TXU\Release\Obj\TDUConfigLoginWin.r79   #
#                            F:\S2Prog\TXU\Release\Obj\TDUConfigWin.r79        #
#                            F:\S2Prog\TXU\Release\Obj\TDUGlobalVariables.r79  #
#                            F:\S2Prog\TXU\Release\Obj\TDUKeyBoard.r79         #
#                            F:\S2Prog\TXU\Release\Obj\TDUMainWin.r79          #
#                            F:\S2Prog\TXU\Release\Obj\TDUMessageBox.r79       #
#                            F:\S2Prog\TXU\Release\Obj\TDUMessageBoxCancel.r79 #
#                            F:\S2Prog\TXU\Release\Obj\TDUNotConfiguredWin.r79 #
#                            F:\S2Prog\TXU\Release\Obj\TDUPresentWin.r79       #
#                            F:\S2Prog\TXU\Release\Obj\TDUSensorSetting.r79    #
#                            F:\S2Prog\TXU\Release\Obj\TDUServiceWin.r79       #
#                            F:\S2Prog\TXU\Release\Obj\TDUSimulator.r79        #
#                            F:\S2Prog\TXU\Release\Obj\TDUSysWin1.r79          #
#                            F:\S2Prog\TXU\Release\Obj\TDUSysWin2.r79          #
#                            F:\S2Prog\TXU\Release\Obj\TDUSysWin3.r79          #
#                            F:\S2Prog\TXU\Release\Obj\TDUSysWin4.r79          #
#                            F:\S2Prog\TXU\Release\Obj\TDUSysWin5.r79          #
#                            F:\S2Prog\TXU\Release\Obj\TDUSystemWin.r79        #
#                            F:\S2Prog\TXU\Release\Obj\TDUTankAlarmSetting.r79 #
#                            F:\S2Prog\TXU\Release\Obj\TDUTankDensitySetting.r #
#                            79                                                #
#                            F:\S2Prog\TXU\Release\Obj\TDUTankPressWin.r79     #
#                            F:\S2Prog\TXU\Release\Obj\TDUTempGraphWin.r79     #
#                            F:\S2Prog\TXU\Release\Obj\TDUTempWin.r79          #
#                            F:\S2Prog\TXU\Release\Obj\TDUUserManual.r79       #
#                            F:\S2Prog\TXU\Release\Obj\TDUWaterIngressWin.r79  #
#                            F:\S2Prog\TXU\Release\Obj\TPCAlarmWindow.r79      #
#                            F:\S2Prog\TXU\Release\Obj\TPCWindow.r79           #
#                            F:\S2Prog\TXU\Release\Obj\TSNAsyncReceiver.r79    #
#                            F:\S2Prog\TXU\Release\Obj\TSNAsyncsender.r79      #
#                            F:\S2Prog\TXU\Release\Obj\TSNConfigInfo.r79       #
#                            F:\S2Prog\TXU\Release\Obj\TSNConfigString.r79     #
#                            F:\S2Prog\TXU\Release\Obj\TSNConfigUtilities.r79  #
#                            F:\S2Prog\TXU\Release\Obj\TSNGlobalVariables.r79  #
#                            F:\S2Prog\TXU\Release\Obj\TSNLanguage.r79         #
#                            F:\S2Prog\TXU\Release\Obj\TSNLibrarian.r79        #
#                            F:\S2Prog\TXU\Release\Obj\TSNMessageQ.r79         #
#                            F:\S2Prog\TXU\Release\Obj\TSNString.r79           #
#                            F:\S2Prog\TXU\Release\Obj\TSNTasks.r79            #
#                            F:\S2Prog\TXU\Release\Obj\TSNTimer.r79            #
#                            F:\S2Prog\TXU\Release\Obj\TSNUart.r79             #
#                            F:\S2Prog\TXU\Release\Obj\TSNUtilities.r79        #
#                            "F:\S2Prog\TXU\Release\Obj\TXU_ RTOSInit.r79"     #
#                            F:\S2Prog\TXU\Release\Obj\TanksystemPanelControll #
#                            er.r79                                            #
#                            F:\S2Prog\TXU\Release\Obj\TsnTable.r79            #
#                            F:\S2Prog\TXU\Release\Obj\Txu_HW_Init.r79         #
#                            F:\S2Prog\TXU\Release\Obj\Txu_cstartup.r79        #
#                            F:\S2Prog\TXU\Release\Obj\UserIRQ.r79             #
#                            F:\S2Prog\TXU\Release\Obj\WindowsSystem.r79       #
#                            F:\S2Prog\TXU\Release\Obj\abort.r79               #
#                            F:\S2Prog\TXU\Release\Obj\close.r79               #
#                            F:\S2Prog\TXU\Release\Obj\cppinit.r79             #
#                            F:\S2Prog\TXU\Release\Obj\environ.r79             #
#                            F:\S2Prog\TXU\Release\Obj\guitask.r79             #
#                            F:\S2Prog\TXU\Release\Obj\low_level_init.r79      #
#                            F:\S2Prog\TXU\Release\Obj\lseek.r79               #
#                            F:\S2Prog\TXU\Release\Obj\mmu.r79                 #
#                            F:\S2Prog\TXU\Release\Obj\mx29LV160TB.r79         #
#                            F:\S2Prog\TXU\Release\Obj\open.r79                #
#                            F:\S2Prog\TXU\Release\Obj\read.r79                #
#                            F:\S2Prog\TXU\Release\Obj\readchar.r79            #
#                            F:\S2Prog\TXU\Release\Obj\remove.r79              #
#                            F:\S2Prog\TXU\Release\Obj\rename.r79              #
#                            F:\S2Prog\TXU\Release\Obj\segment_init.r79        #
#                            F:\S2Prog\TXU\Release\Obj\system.r79              #
#                            F:\S2Prog\TXU\Release\Obj\time.r79                #
#                            "F:\S2Prog\TXU\Release\Obj\ts norway16bit.r79"    #
#                            F:\S2Prog\TXU\Release\Obj\write.r79               #
#                            F:\S2Prog\TXU\Release\Obj\writechar.r79           #
#                            F:\S2Prog\TXU\TargetDebug\Lib\GUI_Lib.r79 -o      #
#                            F:\S2Prog\TXU\Release\Exe\StartTXU.d79 -rt -l     #
#                            F:\S2Prog\TXU\Release\List\StartTXU.map -xes      #
#                            "-IF:\Program Files\IAR Systems\Embedded Workbenc #
#                            h 3.2\ARM\LIB\"                                   #
#                            -IF:\S2Prog\TXU\LIB\ -f                           #
#                            F:\S2Prog\TXU\LINK\StartTXU_lnk.xcl (-carm        #
#                            -Z(CODE)INTVEC=30000000-30000100                  #
#                            -Z(CODE)ICODE,DIFUNCT=30000101-307FFFFF           #
#                            -Z(CODE)SWITAB=30000101-307FFFFF                  #
#                            -Z(CODE)NEARFUNC_T,NEARFUNC_A=30000101-307FFFFF   #
#                            -Z(CODE)FARFUNC_T,FARFUNC_A=30000101-307FFFFF     #
#                            -Z(CONST)INITTAB,HUGE_ID,HUGE_C=30000101-307FFFFF #
#                            -Z(CONST)NEARFUNC_T_ID,NEARFUNC_A_ID=30000101-307 #
#                            FFFFF                                             #
#                            -Z(CONST)FARFUNC_T_ID,FARFUNC_A_ID=30000101-307FF #
#                            FFF                                               #
#                            -Z(CODE)CHECKSUM=30000101-307FFFFF                #
#                            -Z(DATA)HUGE_I,HUGE_Z=30A00000-31AFFFFF           #
#                            -Z(DATA)NEARFUNC_T_I,NEARFUNC_A_I=30A00000-31AFFF #
#                            FF                                                #
#                            -Z(DATA)FARFUNC_T_I,FARFUNC_A_I=30A00000-31AFFFFF #
#                            -QNEARFUNC_T_I=NEARFUNC_T_ID                      #
#                            -QNEARFUNC_A_I=NEARFUNC_A_ID                      #
#                            -QFARFUNC_T_I=FARFUNC_T_ID                        #
#                            -QFARFUNC_A_I=FARFUNC_A_ID                        #
#                            -Z(DATA)CSTACK+4096=30A00000-31AFFFFF             #
#                            -Z(DATA)IRQ_STACK+256=30A00000-31AFFFFF           #
#                            -Z(DATA)HEAP+1000000=30A00000-31AFFFFF            #
#                            -Z(DATA)HUGE_N=30A00000-31AFFFFF) -C              #
#                            "F:\Program Files\IAR Systems\Embedded Workbench  #
#                            3.2\ARM\LIB\dl4tpainl8.r79"                       #
#                                                                              #
#                        Copyright 1987-2003 IAR Systems. All rights reserved. #
################################################################################





                ****************************************
                *                                      *
                *           CROSS REFERENCE            *
                *                                      *
                ****************************************

       Program entry at :           30000288  Relocatable, from module : ?CSTARTUP




                ****************************************
                *                                      *
                *            RUNTIME MODEL             *
                *                                      *
                ****************************************

  ARMv4M        = USED
  ARMv4T        = USED
  StackAlign4   = USED
  StackAlign8   = USED
  __code_model  = *
  __cpu_mode    = __pcs__interwork
  __data_model  = absolute
  __endian      = little
  __rt_version  = 5
  __thumb_aware = enabled

                ****************************************
                *                                      *
                *              ENTRY LIST              *
                *                                      *
                ****************************************

RTOS ( F:\S2Prog\TXU\Lib\osA9LLR.r79 )
  OS_Start                                   30000664 
  OS_SwitchFromInt                           300006B0 
  OS_Switch                                  30000638 
  OS_GetSysStackBase                         30000730 
  OS_GetSysStackSize                         30000738 
  OS_GetIntStackBase                         30000748 
  OS_GetIntStackSize                         30000750 
  OS_GetSP                                   30000760 
OS_ActivateFirstPtr ( F:\S2Prog\TXU\Lib\osA9LLR.r79 )
  OS_ActivateFirstPtr                        30021DE4 
  OS_ActivateFirstPtr::??rA?FARFUNC_A
                                             30021DE4 
OS_GetPrio ( F:\S2Prog\TXU\Lib\osA9LLR.r79 )
  OS_GetPriority                             30021E68 
  OS_GetPriority::??rA?FARFUNC_A             30021E68 
OS_SetRxCallback ( F:\S2Prog\TXU\Lib\osA9LLR.r79 )
  OS_COM_cbRx                                30A062C4 
  OS_SetRxCallback                           30021E84 
  OS_SetRxCallback::??rA?FARFUNC_A           30021E84 
OSCOM ( F:\S2Prog\TXU\Lib\osA9LLR.r79 )
  OS_COM_OutBufferCnt                        30A062C8 
  OS_COM_abOutBuffer                         30A062CC 
  OS_COM_StoreInU8                           30022028 
  OS_COM_StoreInU8::??rA?FARFUNC_A           30022028 
  OS_COM_ClearIn                             3002203C 
  OS_COM_ClearIn::??rA?FARFUNC_A             3002203C 
  OS_COM_GetInU8                             30022054 
  OS_COM_GetInU8::??rA?FARFUNC_A             30022054 
  OS_COM_GetInU16                            30022074 
  OS_COM_GetInU16::??rA?FARFUNC_A            30022074 
  OS_COM_GetInU32                            30022090 
  OS_COM_GetInU32::??rA?FARFUNC_A            30022090 
  OS_COM_StoreOutU8                          300220AC 
  OS_COM_StoreOutU8::??rA?FARFUNC_A
                                             300220AC 
  OS_COM_StoreOutU16                         300220E0 
  OS_COM_StoreOutU16::??rA?FARFUNC_A
                                             300220E0 
  OS_COM_StoreOutU32                         30022100 
  OS_COM_StoreOutU32::??rA?FARFUNC_A
                                             30022100 
  OS_COM_GetOutU8                            30022124 
  OS_COM_GetOutU8::??rA?FARFUNC_A            30022124 
  OS_COM_EvaPacket                           30022138 
  OS_COM_EvaPacket::??rA?FARFUNC_A           30022138 
  OS_COM_StoreOutString                      30021E9C   LOCAL
  ExecGetTaskInfo                            30021F0C   LOCAL
OSCOM1 ( F:\S2Prog\TXU\Lib\osA9LLR.r79 )
  OS_COM_StringLen                           30A6BAB0 
  OS_TxActive                                30A6BAB1 
  OS_COM_pac                                 30A063A0 
  OS_COM_pTask                               30A063A4 
OSCOMRxTx1 ( F:\S2Prog\TXU\Lib\osA9LLR.r79 )
  OS_OnRx                                    30022464 
  OS_OnRx::??rA?FARFUNC_A                    30022464 
  OS_OnTx                                    30022578 
  OS_OnTx::??rA?FARFUNC_A                    30022578 
  OS_COM_StartSend                           30022588 
  OS_COM_StartSend::??rA?FARFUNC_A           30022588 
  _OnTx                                      3002225C   LOCAL
OSDUMMY ( F:\S2Prog\TXU\Lib\osA9LLR.r79 )
  OS_Dummy                                   30A063A8 
OSEVENS ( F:\S2Prog\TXU\Lib\osA9LLR.r79 )
  OS_SignalEvent                             300225C0 
  OS_SignalEvent::??rA?FARFUNC_A             300225C0 
OSEVENT ( F:\S2Prog\TXU\Lib\osA9LLR.r79 )
  OS_WaitEventTimed                          30022618 
  OS_WaitEventTimed::??rA?FARFUNC_A
                                             30022618 
OSGLOBAL ( F:\S2Prog\TXU\Lib\osA9LLR.r79 )
  OS_Time                                    30A063AC 
  OS_TimeDex                                 30A063B0 
  OS_Counters                                30A063B4 
  OS_IntMSInc                                30A6BAB8 
  OS_TimeSlice                               30A6BAB9 
  OS_TimeSliceAtStart                        30A6BABA 
  OS_Pending                                 30A6BABB 
  OS_Status                                  30A6BABC 
  OS_pTask                                   30A063B8 
  OS_pCurrentTask                            30A063BC 
  OS_pActiveTask                             30A063C0 
  OS_pTimer                                  30A063C4 
  OS_pCurrentTimer                           30A063C8 
OSGMC1 ( F:\S2Prog\TXU\Lib\osA9LLR.r79 )
  OS_GetMailCond1                            300226A8 
  OS_GetMailCond1::??rA?FARFUNC_A            300226A8 
OSINFO ( F:\S2Prog\TXU\Lib\osA9LLR.r79 )
  OS_GetCPU                                  30022758 
  OS_GetCPU::??rA?FARFUNC_A                  30022758 
  OS_GetLibName                              30022764 
  OS_GetLibName::??rA?FARFUNC_A              30022764 
  OS_GetTimeSliceRem                         30022770 
  OS_GetTimeSliceRem::??rA?FARFUNC_A
                                             30022770 
  OS_GetTaskName                             30022798 
  OS_GetTaskName::??rA?FARFUNC_A             30022798 
OSKERN ( F:\S2Prog\TXU\Lib\osA9LLR.r79 )
  OS_LeaveRegion                             300227A4 
  OS_LeaveRegion::??rA?FARFUNC_A             300227A4 
  OS_MakeTaskReady                           300227F8 
  OS_MakeTaskReady::??rA?FARFUNC_A           300227F8 
  OS_InsertTask                              300228D4 
  OS_InsertTask::??rA?FARFUNC_A              300228D4 
  OS_CreateTask_R                            30022958 
  OS_CreateTask_R::??rA?FARFUNC_A            30022958 
  OS_ChangeTask                              30022C08 
  OS_ChangeTask::??rA?FARFUNC_A              30022C08 
  OS_UpdateAT                                30022D0C 
  OS_UpdateAT::??rA?FARFUNC_A                30022D0C 
  OS_Deactivated                             30022DD4 
  OS_Deactivated::??rA?FARFUNC_A             30022DD4 
  OS_InitKern                                30022E38 
  OS_InitKern::??rA?FARFUNC_A                30022E38 
  OS_DelayUntil                              30022E7C 
  OS_DelayUntil::??rA?FARFUNC_A              30022E7C 
  OS_Delay                                   30022EDC 
  OS_Delay::??rA?FARFUNC_A                   30022EDC 
  OS_Switch::??rA?FARFUNC_A                  30022EF8 
  CheckDelays                                300229E4   LOCAL
  OS_DoRR                                    30022B28   LOCAL
OSMAIL ( F:\S2Prog\TXU\Lib\osA9LLR.r79 )
  OS_NotifyMBNF                              30022F04 
  OS_NotifyMBNF::??rA?FARFUNC_A              30022F04 
  OS_NotifyMBNE                              30022FAC 
  OS_NotifyMBNE::??rA?FARFUNC_A              30022FAC 
  OS_CreateMB                                30023054 
  OS_CreateMB::??rA?FARFUNC_A                30023054 
OSPM1 ( F:\S2Prog\TXU\Lib\osA9LLR.r79 )
  OS_PutMail1                                30023078 
  OS_PutMail1::??rA?FARFUNC_A                30023078 
OSPMC1 ( F:\S2Prog\TXU\Lib\osA9LLR.r79 )
  OS_PutMailCond1                            30023144 
  OS_PutMailCond1::??rA?FARFUNC_A            30023144 
OSQ ( F:\S2Prog\TXU\Lib\osA9LLR.r79 )
  OS_pQHead                                  30A063CC 
  OS_Q_Create                                300231E8 
  OS_Q_Create::??rA?FARFUNC_A                300231E8 
  OS_Q_Put                                   30023244 
  OS_Q_Put::??rA?FARFUNC_A                   30023244 
  OS_Q_Purge                                 30023390 
  OS_Q_Purge::??rA?FARFUNC_A                 30023390 
OSQGMC ( F:\S2Prog\TXU\Lib\osA9LLR.r79 )
OSQGPC ( F:\S2Prog\TXU\Lib\osA9LLR.r79 )
  OS_Q_GetPtrCond                            300233D4 
  OS_Q_GetPtrCond::??rA?FARFUNC_A            300233D4 
OSRSEM ( F:\S2Prog\TXU\Lib\osA9LLR.r79 )
  OS_CreateRSema                             30023424 
  OS_CreateRSema::??rA?FARFUNC_A             30023424 
  OS_Use                                     30023434 
  OS_Use::??rA?FARFUNC_A                     30023434 
  OS_Unuse                                   300234D8 
  OS_Unuse::??rA?FARFUNC_A                   300234D8 
OSSEND ( F:\S2Prog\TXU\Lib\osA9LLR.r79 )
  OS_SendString                              30023578 
  OS_SendString::??rA?FARFUNC_A              30023578 
OSSETP ( F:\S2Prog\TXU\Lib\osA9LLR.r79 )
  OS_SetPriority                             30023668 
  OS_SetPriority::??rA?FARFUNC_A             30023668 
OSTICK ( F:\S2Prog\TXU\Lib\osA9LLR.r79 )
  OS_TickHandler                             300236E8 
  OS_TickHandler::??rA?FARFUNC_A             300236E8 
OSTIME ( F:\S2Prog\TXU\Lib\osA9LLR.r79 )
  OS_CreateTimer                             300237E4 
  OS_CreateTimer::??rA?FARFUNC_A             300237E4 
  OS_StopTimer                               3002380C 
  OS_StopTimer::??rA?FARFUNC_A               3002380C 
OSTimeD ( F:\S2Prog\TXU\Lib\osA9LLR.r79 )
  OS_DeleteTimer                             30023888 
  OS_DeleteTimer::??rA?FARFUNC_A             30023888 
2410lib ( F:\S2Prog\TXU\Release\Obj\2410lib.r79 )
  Port_Init                                  3002395C 
  Port_Init::??rA?FARFUNC_A                  3002395C 
  ChangeMPllValue                            30023B30 
  ChangeMPllValue::??rA?FARFUNC_A            30023B30 
  ChangeClockDivider                         30023B40 
  ChangeClockDivider::??rA?FARFUNC_A
                                             30023B40 
  ??rA??div32_a?FARFUNC_A                    30023B80 
  __longToDouble::??rA?FARFUNC_A             30023B8C 
  __dDiv::??rA?FARFUNC_A                     30023B98 
  __dAdd::??rA?FARFUNC_A                     30023BA4 
  __doubleToLong::??rA?FARFUNC_A             30023BB0 
  _Stoul::??rA?FARFUNC_A                     30023BBC 
  vsprintf::??rA?FARFUNC_A                   30023BC8 
  MMU_SetAsyncBusMode::??rA?FARFUNC_A
                                             30023BD4 
  MMU_SetFastBusMode::??rA?FARFUNC_A
                                             30023BE0 
  ?init?tab?HUGE_I                           300631DC 
  ?init?tab?HUGE_Z                           300631E8 
  __sti__routine()                           30023898   LOCAL
2410slib ( F:\S2Prog\TXU\Release\Obj\2410slib.r79 )
  SET_IF                                     30000104 
  WR_IF                                      30000118 
  CLR_IF                                     30000120 
  MMU_EnableICache                           30000130 
  MMU_DisableICache                          30000140 
  MMU_EnableDCache                           30000150 
  MMU_DisableDCache                          30000160 
  MMU_EnableAlignFault                       30000170 
  MMU_DisableAlignFault                      30000180 
  MMU_EnableMMU                              30000190 
  MMU_DisableMMU                             300001A0 
  MMU_SetFastBusMode                         300001B0 
  MMU_SetAsyncBusMode                        300001C0 
  MMU_SetTTBase                              300001D0 
  MMU_SetDomain                              300001D8 
  MMU_InvalidateIDCache                      300001E0 
  MMU_InvalidateICache                       300001E8 
  MMU_InvalidateICacheMVA                    300001F0 
  MMU_PrefetchICacheMVA                      300001F8 
  MMU_InvalidateDCache                       30000200 
  MMU_InvalidateDCacheMVA                    30000208 
  MMU_CleanDCacheMVA                         30000210 
  MMU_CleanInvalidateDCacheMVA               30000218 
  MMU_CleanDCacheIndex                       30000220 
  MMU_CleanInvalidateDCacheIndex             30000228 
  MMU_WaitForInterrupt                       30000230 
  MMU_InvalidateTLB                          30000238 
  MMU_InvalidateITLB                         30000240 
  MMU_InvalidateITLBMVA                      30000248 
  MMU_InvalidateDTLB                         30000250 
  MMU_InvalidateDTLBMVA                      30000258 
  MMU_SetDCacheLockdownBase                  30000260 
  MMU_SetICacheLockdownBase                  30000268 
  MMU_SetDTLBLockdown                        30000270 
  MMU_SetITLBLockdown                        30000278 
  MMU_SetProcessId                           30000280 
AIInclinometer ( F:\S2Prog\TXU\Release\Obj\AIInclinometer.r79 )
  string::append(_Myt const &, size_type, size_type)
                                             30023BEC 
  string::append(_Myt const &, size_type, size_type)::??rA?FARFUNC_A
                                             30023BEC 
  string::append(char const *, size_type)::??rA?FARFUNC_A
                                             30023CD8 
  string::append(char const *, size_type)
                                             30023CD8 
  string::assign(_Myt const &, size_type, size_type)
                                             30023DFC 
  string::assign(_Myt const &, size_type, size_type)::??rA?FARFUNC_A
                                             30023DFC 
  string::erase(size_type, size_type)
                                             30023EE4 
  string::erase(size_type, size_type)::??rA?FARFUNC_A
                                             30023EE4 
  string::_Copy(size_type, size_type)
                                             30023F88 
  string::_Copy(size_type, size_type)::??rA?FARFUNC_A
                                             30023F88 
  string::_Grow(size_type, bool)             30024054 
  string::_Grow(size_type, bool)::??rA?FARFUNC_A
                                             30024054 
  string::_Tidy(bool, size_type)             300240F8 
  string::_Tidy(bool, size_type)::??rA?FARFUNC_A
                                             300240F8 
  operator+(string const &, string const &)
                                             30024168 
  operator+(string const &, string const &)::??rA?FARFUNC_A
                                             30024168 
  operator new(unsigned long)::??rA?FARFUNC_A
                                             300242C4 
  _String_base::_Xran() const::??rA?FARFUNC_A
                                             300242D0 
  _String_base::_Xlen() const::??rA?FARFUNC_A
                                             300242DC 
  memmove::??rA?FARFUNC_A                    300242E8 
  ??rA??divu32_a?FARFUNC_A                   300242F4 
  operator delete(void *)::??rA?FARFUNC_A
                                             30024300 
  __sti__routine()                           30024200   LOCAL
AILevelSwitchLidec ( F:\S2Prog\TXU\Release\Obj\AILevelSwitchLidec.r79 )
  __sti__routine()                           3002430C   LOCAL
AIPressSensor ( F:\S2Prog\TXU\Release\Obj\AIPressSensor.r79 )
  operator+(string const &, char const *)::??rA?FARFUNC_A
                                             300243D0 
  operator+(string const &, char const *)
                                             300243D0 
  AIPressSensor::AIPressSensor()             3002453C 
  AIPressSensor::AIPressSensor()::??rA?FARFUNC_A
                                             3002453C 
  AIPressSensor::~AIPressSensor()            30024570 
  AIPressSensor::~AIPressSensor()::??rA?FARFUNC_A
                                             30024570 
  AIPressSensor::MakeConfigString(TSNConfigString &)
                                             300245A0 
  AIPressSensor::MakeConfigString(TSNConfigString &)::??rA?FARFUNC_A
                                             300245A0 
  AIPressSensor::LoadConfigString(TSNConfigString &)
                                             300247E0 
  AIPressSensor::LoadConfigString(TSNConfigString &)::??rA?FARFUNC_A
                                             300247E0 
  AIPressSensor::PutValue(int, TSNString, bool)
                                             30024A64 
  AIPressSensor::PutValue(int, TSNString, bool)::??rA?FARFUNC_A
                                             30024A64 
  AIPressSensor::GetValue(int, float &, int &, int &)
                                             30024C3C 
  AIPressSensor::GetValue(int, float &, int &, int &)::??rA?FARFUNC_A
                                             30024C3C 
  AIPressSensor::GetStringValue(int, TSNString &)
                                             30024D18 
  AIPressSensor::GetStringValue(int, TSNString &)::??rA?FARFUNC_A
                                             30024D18 
  AIPressSensor::PutFloatValue(int, float)
                                             30024D28 
  AIPressSensor::PutFloatValue(int, float)::??rA?FARFUNC_A
                                             30024D28 
  AIPressSensor::__vtbl                      300694B8 
  __sti__routine()                           30024478   LOCAL
AIPressSensor_mA ( F:\S2Prog\TXU\Release\Obj\AIPressSensor_mA.r79 )
  AIPressSensor_mA::new AIPressSensor_mA()
                                             30024DFC 
  AIPressSensor_mA::new AIPressSensor_mA()::??rA?FARFUNC_A
                                             30024DFC 
  AIPressSensor_mA::AIPressSensor_mA()
                                             30024E24 
  AIPressSensor_mA::AIPressSensor_mA()::??rA?FARFUNC_A
                                             30024E24 
  AIPressSensor_mA::~AIPressSensor_mA()
                                             30024EB0 
  AIPressSensor_mA::~AIPressSensor_mA()::??rA?FARFUNC_A
                                             30024EB0 
  AIPressSensor_mA::PutValue(int, TSNString, bool)
                                             30024EF4 
  AIPressSensor_mA::PutValue(int, TSNString, bool)::??rA?FARFUNC_A
                                             30024EF4 
  AIPressSensor_mA::GetValue(int, float &, int &, int &)
                                             30024F70 
  AIPressSensor_mA::GetValue(int, float &, int &, int &)::??rA?FARFUNC_A
                                             30024F70 
  AIPressSensor_mA::GetStringValue(int, TSNString &)
                                             30024F8C 
  AIPressSensor_mA::GetStringValue(int, TSNString &)::??rA?FARFUNC_A
                                             30024F8C 
  AIPressSensor_mA::PutFloatValue(int, float)
                                             30024F9C 
  AIPressSensor_mA::PutFloatValue(int, float)::??rA?FARFUNC_A
                                             30024F9C 
  AIPressSensor_mA::ReceiveData(unsigned char *)
                                             30024FAC 
  AIPressSensor_mA::ReceiveData(unsigned char *)::??rA?FARFUNC_A
                                             30024FAC 
  AIPressSensor_mA::SendData(unsigned short)
                                             3002516C 
  AIPressSensor_mA::SendData(unsigned short)::??rA?FARFUNC_A
                                             3002516C 
  AIPressSensor_mA::__vtbl                   30069500 
  __longToFloat::??rA?FARFUNC_A              300252CC 
  __sti__routine()                           30024D38   LOCAL
AIPressSensor_mV ( F:\S2Prog\TXU\Release\Obj\AIPressSensor_mV.r79 )
  AIPressSensor_mV::new AIPressSensor_mV()
                                             3002539C 
  AIPressSensor_mV::new AIPressSensor_mV()::??rA?FARFUNC_A
                                             3002539C 
  AIPressSensor_mV::~AIPressSensor_mV()
                                             300253D8 
  AIPressSensor_mV::~AIPressSensor_mV()::??rA?FARFUNC_A
                                             300253D8 
  AIPressSensor_mV::PutValue(int, TSNString, bool)
                                             30025408 
  AIPressSensor_mV::PutValue(int, TSNString, bool)::??rA?FARFUNC_A
                                             30025408 
  AIPressSensor_mV::GetValue(int, float &, int &, int &)
                                             30025484 
  AIPressSensor_mV::GetValue(int, float &, int &, int &)::??rA?FARFUNC_A
                                             30025484 
  AIPressSensor_mV::GetStringValue(int, TSNString &)
                                             300254A0 
  AIPressSensor_mV::GetStringValue(int, TSNString &)::??rA?FARFUNC_A
                                             300254A0 
  AIPressSensor_mV::PutFloatValue(int, float)
                                             300254B0 
  AIPressSensor_mV::PutFloatValue(int, float)::??rA?FARFUNC_A
                                             300254B0 
  AIPressSensor_mV::__vtbl                   30069548 
  __sti__routine()                           300252D8   LOCAL
AIRadarSensor ( F:\S2Prog\TXU\Release\Obj\AIRadarSensor.r79 )
  AIRadarSensor::new AIRadarSensor()
                                             30025584 
  AIRadarSensor::new AIRadarSensor()::??rA?FARFUNC_A
                                             30025584 
  AIRadarSensor::AIRadarSensor()             300255AC 
  AIRadarSensor::AIRadarSensor()::??rA?FARFUNC_A
                                             300255AC 
  AIRadarSensor::~AIRadarSensor()            300255D8 
  AIRadarSensor::~AIRadarSensor()::??rA?FARFUNC_A
                                             300255D8 
  AIRadarSensor::MakeConfigString(TSNConfigString &)
                                             30025608 
  AIRadarSensor::MakeConfigString(TSNConfigString &)::??rA?FARFUNC_A
                                             30025608 
  AIRadarSensor::LoadConfigString(TSNConfigString &)
                                             30025864 
  AIRadarSensor::LoadConfigString(TSNConfigString &)::??rA?FARFUNC_A
                                             30025864 
  AIRadarSensor::PutValue(int, TSNString, bool)
                                             30025AF8 
  AIRadarSensor::PutValue(int, TSNString, bool)::??rA?FARFUNC_A
                                             30025AF8 
  AIRadarSensor::GetValue(int, float &, int &, int &)
                                             30025C98 
  AIRadarSensor::GetValue(int, float &, int &, int &)::??rA?FARFUNC_A
                                             30025C98 
  AIRadarSensor::GetStringValue(int, TSNString &)
                                             30025D2C 
  AIRadarSensor::GetStringValue(int, TSNString &)::??rA?FARFUNC_A
                                             30025D2C 
  AIRadarSensor::PutFloatValue(int, float)
                                             30025D3C 
  AIRadarSensor::PutFloatValue(int, float)::??rA?FARFUNC_A
                                             30025D3C 
  AIRadarSensor::__vtbl                      30069590 
  __sti__routine()                           300254C0   LOCAL
AITempSensor ( F:\S2Prog\TXU\Release\Obj\AITempSensor.r79 )
  AITempSensor::AITempSensor()               30025E10 
  AITempSensor::AITempSensor()::??rA?FARFUNC_A
                                             30025E10 
  AITempSensor::~AITempSensor()              30025E44 
  AITempSensor::~AITempSensor()::??rA?FARFUNC_A
                                             30025E44 
  AITempSensor::MakeConfigString(TSNConfigString &)
                                             30025E74 
  AITempSensor::MakeConfigString(TSNConfigString &)::??rA?FARFUNC_A
                                             30025E74 
  AITempSensor::LoadConfigString(TSNConfigString &)
                                             300260D0 
  AITempSensor::LoadConfigString(TSNConfigString &)::??rA?FARFUNC_A
                                             300260D0 
  AITempSensor::PutValue(int, TSNString, bool)
                                             30026364 
  AITempSensor::PutValue(int, TSNString, bool)::??rA?FARFUNC_A
                                             30026364 
  AITempSensor::GetValue(int, float &, int &, int &)
                                             3002650C 
  AITempSensor::GetValue(int, float &, int &, int &)::??rA?FARFUNC_A
                                             3002650C 
  AITempSensor::GetStringValue(int, TSNString &)
                                             300265A0 
  AITempSensor::GetStringValue(int, TSNString &)::??rA?FARFUNC_A
                                             300265A0 
  AITempSensor::PutFloatValue(int, float)
                                             300265B0 
  AITempSensor::PutFloatValue(int, float)::??rA?FARFUNC_A
                                             300265B0 
  AITempSensor::CableCorrection(short &)
                                             300265C0 
  AITempSensor::CableCorrection(short &)::??rA?FARFUNC_A
                                             300265C0 
  AITempSensor::__vtbl                       300695D8 
  __sti__routine()                           30025D4C   LOCAL
AITempSensor_Pt100 ( F:\S2Prog\TXU\Release\Obj\AITempSensor_Pt100.r79 )
  AITempSensor_Pt100::new AITempSensor_Pt100()
                                             3002668C 
  AITempSensor_Pt100::new AITempSensor_Pt100()::??rA?FARFUNC_A
                                             3002668C 
  AITempSensor_Pt100::~AITempSensor_Pt100()
                                             300266C8 
  AITempSensor_Pt100::~AITempSensor_Pt100()::??rA?FARFUNC_A
                                             300266C8 
  AITempSensor_Pt100::CableCorrection(short &)
                                             300266F8 
  AITempSensor_Pt100::CableCorrection(short &)::??rA?FARFUNC_A
                                             300266F8 
  AITempSensor_Pt100::PutValue(int, TSNString, bool)
                                             30026754 
  AITempSensor_Pt100::PutValue(int, TSNString, bool)::??rA?FARFUNC_A
                                             30026754 
  AITempSensor_Pt100::GetValue(int, float &, int &, int &)
                                             300267D0 
  AITempSensor_Pt100::GetValue(int, float &, int &, int &)::??rA?FARFUNC_A
                                             300267D0 
  AITempSensor_Pt100::GetStringValue(int, TSNString &)
                                             300267EC 
  AITempSensor_Pt100::GetStringValue(int, TSNString &)::??rA?FARFUNC_A
                                             300267EC 
  AITempSensor_Pt100::PutFloatValue(int, float)
                                             300267FC 
  AITempSensor_Pt100::PutFloatValue(int, float)::??rA?FARFUNC_A
                                             300267FC 
  AITempSensor_Pt100::__vtbl                 30069624 
  __floatToDouble::??rA?FARFUNC_A            3002680C 
  __dMul::??rA?FARFUNC_A                     30026818 
  __sti__routine()                           300265C8   LOCAL
AITempSensor_Pt1000 ( F:\S2Prog\TXU\Release\Obj\AITempSensor_Pt1000.r79 )
  AITempSensor_Pt1000::new AITempSensor_Pt1000()
                                             300268E8 
  AITempSensor_Pt1000::new AITempSensor_Pt1000()::??rA?FARFUNC_A
                                             300268E8 
  AITempSensor_Pt1000::new AITempSensor_Pt1000(AnalogInput *)::??rA?FARFUNC_A
                                             30026924 
  AITempSensor_Pt1000::new AITempSensor_Pt1000(AnalogInput *)
                                             30026924 
  AITempSensor_Pt1000::AITempSensor_Pt1000(AnalogInput *)::??rA?FARFUNC_A
                                             30026954 
  AITempSensor_Pt1000::AITempSensor_Pt1000(AnalogInput *)
                                             30026954 
  AITempSensor_Pt1000::~AITempSensor_Pt1000()
                                             30026A1C 
  AITempSensor_Pt1000::~AITempSensor_Pt1000()::??rA?FARFUNC_A
                                             30026A1C 
  AITempSensor_Pt1000::CableCorrection(short &)
                                             30026A4C 
  AITempSensor_Pt1000::CableCorrection(short &)::??rA?FARFUNC_A
                                             30026A4C 
  AITempSensor_Pt1000::PutValue(int, TSNString, bool)
                                             30026AA8 
  AITempSensor_Pt1000::PutValue(int, TSNString, bool)::??rA?FARFUNC_A
                                             30026AA8 
  AITempSensor_Pt1000::GetValue(int, float &, int &, int &)
                                             30026B24 
  AITempSensor_Pt1000::GetValue(int, float &, int &, int &)::??rA?FARFUNC_A
                                             30026B24 
  AITempSensor_Pt1000::GetStringValue(int, TSNString &)
                                             30026B40 
  AITempSensor_Pt1000::GetStringValue(int, TSNString &)::??rA?FARFUNC_A
                                             30026B40 
  AITempSensor_Pt1000::PutFloatValue(int, float)
                                             30026B50 
  AITempSensor_Pt1000::PutFloatValue(int, float)::??rA?FARFUNC_A
                                             30026B50 
  AITempSensor_Pt1000::__vtbl                30069670 
  __sti__routine()                           30026824   LOCAL
AITempSensor_mA ( F:\S2Prog\TXU\Release\Obj\AITempSensor_mA.r79 )
  AITempSensor_mA::new AITempSensor_mA()
                                             30026C24 
  AITempSensor_mA::new AITempSensor_mA()::??rA?FARFUNC_A
                                             30026C24 
  AITempSensor_mA::~AITempSensor_mA()
                                             30026C60 
  AITempSensor_mA::~AITempSensor_mA()::??rA?FARFUNC_A
                                             30026C60 
  AITempSensor_mA::PutValue(int, TSNString, bool)
                                             30026C90 
  AITempSensor_mA::PutValue(int, TSNString, bool)::??rA?FARFUNC_A
                                             30026C90 
  AITempSensor_mA::GetValue(int, float &, int &, int &)
                                             30026D0C 
  AITempSensor_mA::GetValue(int, float &, int &, int &)::??rA?FARFUNC_A
                                             30026D0C 
  AITempSensor_mA::GetStringValue(int, TSNString &)
                                             30026D28 
  AITempSensor_mA::GetStringValue(int, TSNString &)::??rA?FARFUNC_A
                                             30026D28 
  AITempSensor_mA::PutFloatValue(int, float)
                                             30026D38 
  AITempSensor_mA::PutFloatValue(int, float)::??rA?FARFUNC_A
                                             30026D38 
  AITempSensor_mA::__vtbl                    300696BC 
  __sti__routine()                           30026B60   LOCAL
AIWIngressTempSensor ( F:\S2Prog\TXU\Release\Obj\AIWIngressTempSensor.r79 )
  AIWIngressTempSensor::new AIWIngressTempSensor(PROIOComponent *)
                                             30026E0C 
  AIWIngressTempSensor::new AIWIngressTempSensor(PROIOComponent *)::??rA?FARFUNC_A
                                             30026E0C 
  AIWIngressTempSensor::AIWIngressTempSensor(PROIOComponent *)
                                             30026E3C 
  AIWIngressTempSensor::AIWIngressTempSensor(PROIOComponent *)::??rA?FARFUNC_A
                                             30026E3C 
  AIWIngressTempSensor::~AIWIngressTempSensor()
                                             30026ED8 
  AIWIngressTempSensor::~AIWIngressTempSensor()::??rA?FARFUNC_A
                                             30026ED8 
  AIWIngressTempSensor::PutValue(int, TSNString, bool)
                                             30026F08 
  AIWIngressTempSensor::PutValue(int, TSNString, bool)::??rA?FARFUNC_A
                                             30026F08 
  AIWIngressTempSensor::GetValue(int, float &, int &, int &)
                                             30026F84 
  AIWIngressTempSensor::GetValue(int, float &, int &, int &)::??rA?FARFUNC_A
                                             30026F84 
  AIWIngressTempSensor::GetStringValue(int, TSNString &)
                                             30026FA0 
  AIWIngressTempSensor::GetStringValue(int, TSNString &)::??rA?FARFUNC_A
                                             30026FA0 
  AIWIngressTempSensor::PutFloatValue(int, float)
                                             30026FB0 
  AIWIngressTempSensor::PutFloatValue(int, float)::??rA?FARFUNC_A
                                             30026FB0 
  AIWIngressTempSensor::__vtbl               30069708 
  __sti__routine()                           30026D48   LOCAL
ANPRO10Object ( F:\S2Prog\TXU\Release\Obj\ANPRO10Object.r79 )
  ANPRO10Object::ANPRO10Object(TSNUart *)
                                             30027084 
  ANPRO10Object::ANPRO10Object(TSNUart *)::??rA?FARFUNC_A
                                             30027084 
  ANPRO10Object::~ANPRO10Object()            300270B8 
  ANPRO10Object::~ANPRO10Object()::??rA?FARFUNC_A
                                             300270B8 
  ANPRO10Object::ANPRO10_IO_UnpackPacket(unsigned char *)
                                             300270E8 
  ANPRO10Object::ANPRO10_IO_UnpackPacket(unsigned char *)::??rA?FARFUNC_A
                                             300270E8 
  ANPRO10Object::ANPRO10_IO_Receive()
                                             300270F0 
  ANPRO10Object::ANPRO10_IO_Receive()::??rA?FARFUNC_A
                                             300270F0 
  ANPRO10Object::SendPacket(NetPacket &)
                                             3002718C 
  ANPRO10Object::SendPacket(NetPacket &)::??rA?FARFUNC_A
                                             3002718C 
  ANPRO10Object::__vtbl                      30069754 
  __sti__routine()                           30026FC0   LOCAL
ANPRO10UnitInfo ( F:\S2Prog\TXU\Release\Obj\ANPRO10UnitInfo.r79 )
  ANPRO10UnitInfo::ANPRO10UnitInfo()
                                             300272EC 
  ANPRO10UnitInfo::ANPRO10UnitInfo()::??rA?FARFUNC_A
                                             300272EC 
  ANPRO10UnitInfo::Update_Unit_Info(ANPRO10_COMMAND_2001 *, TSNUart *)
                                             30027314 
  ANPRO10UnitInfo::Update_Unit_Info(ANPRO10_COMMAND_2001 *, TSNUart *)::??rA?FARFUNC_A
                                             30027314 
  ANPRO10UnitInfo::VersionControl()
                                             300273E0 
  ANPRO10UnitInfo::VersionControl()::??rA?FARFUNC_A
                                             300273E0 
  ANPRO10UnitInfo::Check()                   300275A0 
  ANPRO10UnitInfo::Check()::??rA?FARFUNC_A
                                             300275A0 
  memcmp::??rA?FARFUNC_A                     300275E8 
  strncmp::??rA?FARFUNC_A                    300275F4 
  __sti__routine()                           30027228   LOCAL
API ( F:\S2Prog\TXU\Release\Obj\API.r79 )
  HydrometerCorrection(float)                30027600 
  HydrometerCorrection(float)::??rA?FARFUNC_A
                                             30027600 
  DnsInAir_to_DnsInVac(float)                3002769C 
  DnsInAir_to_DnsInVac(float)::??rA?FARFUNC_A
                                             3002769C 
  API_vcf(float, float)                      300276C8 
  API_vcf(float, float)::??rA?FARFUNC_A
                                             300276C8 
  Vcf_6_and_54A_Calc(float, float)           3002774C 
  Vcf_6_and_54A_Calc(float, float)::??rA?FARFUNC_A
                                             3002774C 
  Vcf_6_and_54B_Calc(float, float)           30027788 
  Vcf_6_and_54B_Calc(float, float)::??rA?FARFUNC_A
                                             30027788 
  Vcf_6_and_54D_Calc(float, float)           300278DC 
  Vcf_6_and_54D_Calc(float, float)::??rA?FARFUNC_A
                                             300278DC 
  Api_to_Density(float)                      3002792C 
  Api_to_Density(float)::??rA?FARFUNC_A
                                             3002792C 
  Density_to_API(float)                      3002797C 
  Density_to_API(float)::??rA?FARFUNC_A
                                             3002797C 
  __dSub::??rA?FARFUNC_A                     300279D8 
  __doubleToFloat::??rA?FARFUNC_A            300279E4 
  __fMul::??rA?FARFUNC_A                     300279F0 
  __fDiv::??rA?FARFUNC_A                     300279FC 
  __fAdd::??rA?FARFUNC_A                     30027A08 
  exp::??rA?FARFUNC_A                        30027A14 
  __dLess::??rA?FARFUNC_A                    30027A20 
AnalogInput ( F:\S2Prog\TXU\Release\Obj\AnalogInput.r79 )
  AnalogInput::NumberOfPRO                   30A06F10 
  AnalogInput::AnalogInput(int)              30027AF0 
  AnalogInput::AnalogInput(int)::??rA?FARFUNC_A
                                             30027AF0 
  AnalogInput::Init()                        30027B1C 
  AnalogInput::Init()::??rA?FARFUNC_A
                                             30027B1C 
  AnalogInput::~AnalogInput()                30027C08 
  AnalogInput::~AnalogInput()::??rA?FARFUNC_A
                                             30027C08 
  AnalogInput::MakeConfigString(TSNConfigString &)
                                             30027C34 
  AnalogInput::MakeConfigString(TSNConfigString &)::??rA?FARFUNC_A
                                             30027C34 
  AnalogInput::LoadConfigString(TSNConfigString &)
                                             30028BF4 
  AnalogInput::LoadConfigString(TSNConfigString &)::??rA?FARFUNC_A
                                             30028BF4 
  AnalogInput::Calculate()                   30029310 
  AnalogInput::Calculate()::??rA?FARFUNC_A
                                             30029310 
  AnalogInput::UpdateAllDependingSensorOffsets(float)
                                             3002935C 
  AnalogInput::UpdateAllDependingSensorOffsets(float)::??rA?FARFUNC_A
                                             3002935C 
  AnalogInput::CheckInput(float, TSNString, int &)
                                             30029360 
  AnalogInput::CheckInput(float, TSNString, int &)::??rA?FARFUNC_A
                                             30029360 
  AnalogInput::AdjustSensor(TSNString, int, float, float, TSNString)
                                             30029368 
  AnalogInput::AdjustSensor(TSNString, int, float, float, TSNString)::??rA?FARFUNC_A
                                             30029368 
  AnalogInput::AdjustSensor(float, TSNString)::??rA?FARFUNC_A
                                             30029454 
  AnalogInput::AdjustSensor(float, TSNString)
                                             30029454 
  AnalogInput::GetStringValue(int, TSNString &)
                                             30029570 
  AnalogInput::GetStringValue(int, TSNString &)::??rA?FARFUNC_A
                                             30029570 
  AnalogInput::GetValue(int, float &, int &, int &)
                                             300296BC 
  AnalogInput::GetValue(int, float &, int &, int &)::??rA?FARFUNC_A
                                             300296BC 
  AnalogInput::PutValue(int, TSNString, bool)
                                             3002977C 
  AnalogInput::PutValue(int, TSNString, bool)::??rA?FARFUNC_A
                                             3002977C 
  AnalogInput::PutFloatValue(int, float)
                                             300298B0 
  AnalogInput::PutFloatValue(int, float)::??rA?FARFUNC_A
                                             300298B0 
  AnalogInput::ReceiveData(unsigned char *)
                                             300298E4 
  AnalogInput::ReceiveData(unsigned char *)::??rA?FARFUNC_A
                                             300298E4 
  AnalogInput::SendData(unsigned short)
                                             30029AC8 
  AnalogInput::SendData(unsigned short)::??rA?FARFUNC_A
                                             30029AC8 
  AnalogInput::NewValue(float, unsigned char)
                                             30029BF4 
  AnalogInput::NewValue(float, unsigned char)::??rA?FARFUNC_A
                                             30029BF4 
  AnalogInput::__vtbl                        30069798 
  __fSub::??rA?FARFUNC_A                     30029C04 
  __ulongToFloat::??rA?FARFUNC_A             30029C10 
  __fNotEqual::??rA?FARFUNC_A                30029C1C 
  sprintf::??rA?FARFUNC_A                    30029C28 
  __sti__routine()                           30027A2C   LOCAL
Anpro10 ( F:\S2Prog\TXU\Release\Obj\Anpro10.r79 )
  SysInfoAvailable                           30A06F34 
  SysInfoPacketStruct                        30A06FA4 
  UnitInformation                            30A06F38 
  CRC                                        300739E1 
  MyProgramVersion                           30A00000 
  CurrentRxAddress                           30A00009 
  CurrentRxId                                30A0000A 
  DownloadAck                                30A00008 
  TaskPtr                                    30A00004 
  ANPRO10_AddPacketHeading(unsigned char *, unsigned int, unsigned int)
                                             30029D18 
  ANPRO10_AddPacketHeading(unsigned char *, unsigned int, unsigned int)::??rA?FARFUNC_A
                                             30029D18 
  ANPRO10_AddPacketPreAmble(unsigned char *)
                                             30029D48 
  ANPRO10_AddPacketPreAmble(unsigned char *)::??rA?FARFUNC_A
                                             30029D48 
  Sequence                                   30A6BABD 
  ANPRO10_AddPacketTail(unsigned char *, unsigned int, bool)
                                             30029D68 
  ANPRO10_AddPacketTail(unsigned char *, unsigned int, bool)::??rA?FARFUNC_A
                                             30029D68 
  AddPacket(unsigned char *, NetPacket &)
                                             30029E64 
  AddPacket(unsigned char *, NetPacket &)::??rA?FARFUNC_A
                                             30029E64 
  ANPRO10_AddCommand(unsigned char *, unsigned char *)
                                             30029EFC 
  ANPRO10_AddCommand(unsigned char *, unsigned char *)::??rA?FARFUNC_A
                                             30029EFC 
  ANPRO10_UnpackPacket(unsigned char *, TSNUart *)
                                             30029F34 
  ANPRO10_UnpackPacket(unsigned char *, TSNUart *)::??rA?FARFUNC_A
                                             30029F34 
  SequenceNumber                             30A6BABE 
  ANPRO10_Receive(TSNUart *)                 3002A290 
  ANPRO10_Receive(TSNUart *)::??rA?FARFUNC_A
                                             3002A290 
  ANPRO10_SendCommand(TSNUart *, unsigned char *, unsigned int, unsigned int)
                                             3002A4C4 
  ANPRO10_SendCommand(TSNUart *, unsigned char *, unsigned int, unsigned int)::??rA?FARFUNC_A
                                             3002A4C4 
  ANPRO10_SendSysInfo()                      3002A56C 
  ANPRO10_SendSysInfo()::??rA?FARFUNC_A
                                             3002A56C 
  ANPRO10_SendRestartTXU(TSNUart *)
                                             3002A64C 
  ANPRO10_SendRestartTXU(TSNUart *)::??rA?FARFUNC_A
                                             3002A64C 
  ANPRO10_SendReqSysInfo(TSNUart *)
                                             3002A688 
  ANPRO10_SendReqSysInfo(TSNUart *)::??rA?FARFUNC_A
                                             3002A688 
  ANPRO10_ReceiveSysInfo(unsigned char *, TSNUart *)
                                             3002A6C4 
  ANPRO10_ReceiveSysInfo(unsigned char *, TSNUart *)::??rA?FARFUNC_A
                                             3002A6C4 
  EraseFlash(unsigned char)                  3002A700 
  EraseFlash(unsigned char)::??rA?FARFUNC_A
                                             3002A700 
  ANPRO10_FlashHandler(TSNUart *, ANPRO10_PacketHeading *, unsigned char *)
                                             3002A790 
  ANPRO10_FlashHandler(TSNUart *, ANPRO10_PacketHeading *, unsigned char *)::??rA?FARFUNC_A
                                             3002A790 
  ANPRO10_ReceiveFlashData(unsigned char *, unsigned long, unsigned long)
                                             3002A9C0 
  ANPRO10_ReceiveFlashData(unsigned char *, unsigned long, unsigned long)::??rA?FARFUNC_A
                                             3002A9C0 
  ANPRO10_SendFlashData(TSNUart *, unsigned long, unsigned long, unsigned short, unsigned long, unsigned long)
                                             3002AAC8 
  ANPRO10_SendFlashData(TSNUart *, unsigned long, unsigned long, unsigned short, unsigned long, unsigned long)::??rA?FARFUNC_A
                                             3002AAC8 
  __vec_construct::??rA?FARFUNC_A            3002AC6C 
  operator new[](unsigned long)::??rA?FARFUNC_A
                                             3002AC78 
  operator delete[](void *)::??rA?FARFUNC_A
                                             3002AC84 
  strncpy::??rA?FARFUNC_A                    3002AC90 
  __sti__routine()                           30029C34   LOCAL
ButtonBallast ( F:\S2Prog\TXU\Release\Obj\ButtonBallast.r79 )
  ColorsButtonBallast                        300697EC 
  PalButtonBallast                           3006982C 
  acButtonBallast                            30073AE1 
  bmButtonBallast                            30069838 
ButtonCargo ( F:\S2Prog\TXU\Release\Obj\ButtonCargo.r79 )
  ColorsButtonCargo                          3006984C 
  PalButtonCargo                             3006988C 
  acButtonCargo                              30073CE1 
  bmButtonCargo                              30069898 
ButtonCargoLinePress ( F:\S2Prog\TXU\Release\Obj\ButtonCargoLinePress.r79 )
  ColorsButtonCargoLinePress                 300698AC 
  PalButtonCargoLinePress                    300698EC 
  acButtonCargoLinePress                     30073EE1 
  bmButtonCargoLinePress                     300698F8 
ButtonGasSampling ( F:\S2Prog\TXU\Release\Obj\ButtonGasSampling.r79 )
  ColorsButtonGasSampling                    3006990C 
  PalButtonGasSampling                       3006994C 
  acButtonGasSampling                        300740E1 
  bmButtonGasSampling                        30069958 
ButtonHighLevel ( F:\S2Prog\TXU\Release\Obj\ButtonHighLevel.r79 )
  ColorsButtonHighLevel                      3006996C 
  PalButtonHighLevel                         300699AC 
  acButtonHighLevel                          300742E1 
  bmButtonHighLevel                          300699B8 
ButtonService ( F:\S2Prog\TXU\Release\Obj\ButtonService.r79 )
  ColorsButtonService                        300699CC 
  PalButtonService                           30069A0C 
  acButtonService                            300744E1 
  bmButtonService                            30069A18 
ButtonSystem ( F:\S2Prog\TXU\Release\Obj\ButtonSystem.r79 )
  ColorsButtonSystem                         30069A2C 
  PalButtonSystem                            30069A6C 
  acButtonSystem                             300746E1 
  bmButtonSystem                             30069A78 
ButtonTankPress ( F:\S2Prog\TXU\Release\Obj\ButtonTankPress.r79 )
  ColorsButtonTankPress                      30069A8C 
  PalButtonTankPress                         30069ACC 
  acButtonTankPress                          300748E1 
  bmButtonTankPress                          30069AD8 
ButtonTemperature ( F:\S2Prog\TXU\Release\Obj\ButtonTemperature.r79 )
  ColorsButtonTemperature                    30069AEC 
  PalButtonTemperature                       30069B2C 
  acButtonTemperature                        30074AE1 
  bmButtonTemperature                        30069B38 
ButtonVapourReturnPress ( F:\S2Prog\TXU\Release\Obj\ButtonVapourReturnPress.r79 )
  ColorsButtonVapourReturnPress              30069B4C 
  PalButtonVapourReturnPress                 30069B8C 
  acButtonVapourReturnPress                  30074CE1 
  bmButtonVapourReturnPress                  30069B98 
ButtonWaterIngress ( F:\S2Prog\TXU\Release\Obj\ButtonWaterIngress.r79 )
  ColorsButtonWaterIngress                   30069BAC 
  PalButtonWaterIngress                      30069BEC 
  acButtonWaterIngress                       30074EE1 
  bmButtonWaterIngress                       30069BF8 
CloseWindowTimer ( F:\S2Prog\TXU\Release\Obj\CloseWindowTimer.r79 )
  CloseWindowTimer::CloseWindowTimer()
                                             3002AC9C 
  CloseWindowTimer::CloseWindowTimer()::??rA?FARFUNC_A
                                             3002AC9C 
  CloseWindowTimer::TimerCallback()
                                             3002ACC0 
  CloseWindowTimer::TimerCallback()::??rA?FARFUNC_A
                                             3002ACC0 
  CloseWindowTimer::__vtbl                   30069C0C 
  GUI_EndDialog::??rA?FARFUNC_A              3002ACF8 
ConfigApp ( F:\S2Prog\TXU\Release\Obj\ConfigApp.r79 )
  __sti__routine()                           3002AD04   LOCAL
CtrlAlarmRelay ( F:\S2Prog\TXU\Release\Obj\CtrlAlarmRelay.r79 )
  CtrlAlarmRelay::new CtrlAlarmRelay()
                                             3002ADC8 
  CtrlAlarmRelay::new CtrlAlarmRelay()::??rA?FARFUNC_A
                                             3002ADC8 
  CtrlAlarmRelay::~CtrlAlarmRelay()
                                             3002AEC8 
  CtrlAlarmRelay::~CtrlAlarmRelay()::??rA?FARFUNC_A
                                             3002AEC8 
  CtrlAlarmRelay::Update()                   3002AEF8 
  CtrlAlarmRelay::Update()::??rA?FARFUNC_A
                                             3002AEF8 
  CtrlAlarmRelay::Activate()                 3002AEFC 
  CtrlAlarmRelay::Activate()::??rA?FARFUNC_A
                                             3002AEFC 
  CtrlAlarmRelay::Activate(int)::??rA?FARFUNC_A
                                             3002AF00 
  CtrlAlarmRelay::Activate(int)              3002AF00 
  CtrlAlarmRelay::DeActivate()               3002AF04 
  CtrlAlarmRelay::DeActivate()::??rA?FARFUNC_A
                                             3002AF04 
  CtrlAlarmRelay::__vtbl                     30069C10 
  __sti__routine()                           3002AE04   LOCAL
CtrlBuzzer ( F:\S2Prog\TXU\Release\Obj\CtrlBuzzer.r79 )
  CtrlBuzzer::new CtrlBuzzer()               3002AF08 
  CtrlBuzzer::new CtrlBuzzer()::??rA?FARFUNC_A
                                             3002AF08 
  CtrlBuzzer::~CtrlBuzzer()                  3002B008 
  CtrlBuzzer::~CtrlBuzzer()::??rA?FARFUNC_A
                                             3002B008 
  CtrlBuzzer::Update()                       3002B038 
  CtrlBuzzer::Update()::??rA?FARFUNC_A
                                             3002B038 
  CtrlBuzzer::Activate()                     3002B210 
  CtrlBuzzer::Activate()::??rA?FARFUNC_A
                                             3002B210 
  CtrlBuzzer::Activate(int)::??rA?FARFUNC_A
                                             3002B214 
  CtrlBuzzer::Activate(int)                  3002B214 
  CtrlBuzzer::DeActivate()                   3002B26C 
  CtrlBuzzer::DeActivate()::??rA?FARFUNC_A
                                             3002B26C 
  CtrlBuzzer::__vtbl                         30069C58 
  __sti__routine()                           3002AF44   LOCAL
CtrlHorn ( F:\S2Prog\TXU\Release\Obj\CtrlHorn.r79 )
  CtrlHorn::new CtrlHorn()                   3002B28C 
  CtrlHorn::new CtrlHorn()::??rA?FARFUNC_A
                                             3002B28C 
  CtrlHorn::~CtrlHorn()                      3002B38C 
  CtrlHorn::~CtrlHorn()::??rA?FARFUNC_A
                                             3002B38C 
  CtrlHorn::Update()                         3002B3BC 
  CtrlHorn::Update()::??rA?FARFUNC_A
                                             3002B3BC 
  CtrlHorn::Activate()                       3002B594 
  CtrlHorn::Activate()::??rA?FARFUNC_A
                                             3002B594 
  CtrlHorn::Activate(int)::??rA?FARFUNC_A
                                             3002B598 
  CtrlHorn::Activate(int)                    3002B598 
  CtrlHorn::DeActivate()                     3002B5F0 
  CtrlHorn::DeActivate()::??rA?FARFUNC_A
                                             3002B5F0 
  CtrlHorn::__vtbl                           30069CA0 
  __sti__routine()                           3002B2C8   LOCAL
CtrlLamp ( F:\S2Prog\TXU\Release\Obj\CtrlLamp.r79 )
  CtrlLamp::new CtrlLamp()                   3002B610 
  CtrlLamp::new CtrlLamp()::??rA?FARFUNC_A
                                             3002B610 
  CtrlLamp::~CtrlLamp()                      3002B710 
  CtrlLamp::~CtrlLamp()::??rA?FARFUNC_A
                                             3002B710 
  CtrlLamp::Update()                         3002B740 
  CtrlLamp::Update()::??rA?FARFUNC_A
                                             3002B740 
  CtrlLamp::Activate()                       3002B918 
  CtrlLamp::Activate()::??rA?FARFUNC_A
                                             3002B918 
  CtrlLamp::Activate(int)::??rA?FARFUNC_A
                                             3002B91C 
  CtrlLamp::Activate(int)                    3002B91C 
  CtrlLamp::DeActivate()                     3002B974 
  CtrlLamp::DeActivate()::??rA?FARFUNC_A
                                             3002B974 
  CtrlLamp::__vtbl                           30069CE8 
  __sti__routine()                           3002B64C   LOCAL
CtrlLight ( F:\S2Prog\TXU\Release\Obj\CtrlLight.r79 )
  CtrlLight::new CtrlLight()                 3002B994 
  CtrlLight::new CtrlLight()::??rA?FARFUNC_A
                                             3002B994 
  CtrlLight::~CtrlLight()                    3002BA94 
  CtrlLight::~CtrlLight()::??rA?FARFUNC_A
                                             3002BA94 
  CtrlLight::Update()                        3002BAC4 
  CtrlLight::Update()::??rA?FARFUNC_A
                                             3002BAC4 
  CtrlLight::Activate()                      3002BC68 
  CtrlLight::Activate()::??rA?FARFUNC_A
                                             3002BC68 
  CtrlLight::Activate(int)::??rA?FARFUNC_A
                                             3002BC6C 
  CtrlLight::Activate(int)                   3002BC6C 
  CtrlLight::DeActivate()                    3002BCC4 
  CtrlLight::DeActivate()::??rA?FARFUNC_A
                                             3002BCC4 
  CtrlLight::__vtbl                          30069D30 
  __sti__routine()                           3002B9D0   LOCAL
DIInclinometerN2 ( F:\S2Prog\TXU\Release\Obj\DIInclinometerN2.r79 )
  DIInclinometerN2::new DIInclinometerN2()
                                             3002BDA8 
  DIInclinometerN2::new DIInclinometerN2()::??rA?FARFUNC_A
                                             3002BDA8 
  DIInclinometerN2::~DIInclinometerN2()
                                             3002BDE4 
  DIInclinometerN2::~DIInclinometerN2()::??rA?FARFUNC_A
                                             3002BDE4 
  DIInclinometerN2::Calculate()              3002BE14 
  DIInclinometerN2::Calculate()::??rA?FARFUNC_A
                                             3002BE14 
  DIInclinometerN2::MakeConfigString(TSNConfigString &)
                                             3002BE1C 
  DIInclinometerN2::MakeConfigString(TSNConfigString &)::??rA?FARFUNC_A
                                             3002BE1C 
  DIInclinometerN2::LoadConfigString(TSNConfigString &)
                                             3002C078 
  DIInclinometerN2::LoadConfigString(TSNConfigString &)::??rA?FARFUNC_A
                                             3002C078 
  DIInclinometerN2::PutValue(int, TSNString, bool)
                                             3002C30C 
  DIInclinometerN2::PutValue(int, TSNString, bool)::??rA?FARFUNC_A
                                             3002C30C 
  DIInclinometerN2::GetValue(int, float &, int &, int &)
                                             3002C388 
  DIInclinometerN2::GetValue(int, float &, int &, int &)::??rA?FARFUNC_A
                                             3002C388 
  DIInclinometerN2::GetStringValue(int, TSNString &)
                                             3002C3A4 
  DIInclinometerN2::GetStringValue(int, TSNString &)::??rA?FARFUNC_A
                                             3002C3A4 
  DIInclinometerN2::PutFloatValue(int, float)
                                             3002C3B4 
  DIInclinometerN2::PutFloatValue(int, float)::??rA?FARFUNC_A
                                             3002C3B4 
  DIInclinometerN2::__vtbl                   30069D78 
  __sti__routine()                           3002BCE4   LOCAL
DIWaterIngressSensor ( F:\S2Prog\TXU\Release\Obj\DIWaterIngressSensor.r79 )
  DIWaterIngressSensor::new DIWaterIngressSensor()
                                             3002C488 
  DIWaterIngressSensor::new DIWaterIngressSensor()::??rA?FARFUNC_A
                                             3002C488 
  DIWaterIngressSensor::~DIWaterIngressSensor()
                                             3002C4C4 
  DIWaterIngressSensor::~DIWaterIngressSensor()::??rA?FARFUNC_A
                                             3002C4C4 
  DIWaterIngressSensor::MakeConfigString(TSNConfigString &)
                                             3002C4F4 
  DIWaterIngressSensor::MakeConfigString(TSNConfigString &)::??rA?FARFUNC_A
                                             3002C4F4 
  DIWaterIngressSensor::LoadConfigString(TSNConfigString &)
                                             3002C750 
  DIWaterIngressSensor::LoadConfigString(TSNConfigString &)::??rA?FARFUNC_A
                                             3002C750 
  DIWaterIngressSensor::PutValue(int, TSNString, bool)
                                             3002C9E4 
  DIWaterIngressSensor::PutValue(int, TSNString, bool)::??rA?FARFUNC_A
                                             3002C9E4 
  DIWaterIngressSensor::GetValue(int, float &, int &, int &)
                                             3002C9EC 
  DIWaterIngressSensor::GetValue(int, float &, int &, int &)::??rA?FARFUNC_A
                                             3002C9EC 
  DIWaterIngressSensor::GetStringValue(int, TSNString &)
                                             3002C9F4 
  DIWaterIngressSensor::GetStringValue(int, TSNString &)::??rA?FARFUNC_A
                                             3002C9F4 
  DIWaterIngressSensor::PutFloatValue(int, float)
                                             3002CA04 
  DIWaterIngressSensor::PutFloatValue(int, float)::??rA?FARFUNC_A
                                             3002CA04 
  DIWaterIngressSensor::__vtbl               30069DB8 
  __sti__routine()                           3002C3C4   LOCAL
DigitalInput ( F:\S2Prog\TXU\Release\Obj\DigitalInput.r79 )
  DigitalInput::NumberOfPRO                  30A07718 
  DigitalInput::DigitalInput()               3002CAD0 
  DigitalInput::DigitalInput()::??rA?FARFUNC_A
                                             3002CAD0 
  DigitalInput::Init()                       3002CAFC 
  DigitalInput::Init()::??rA?FARFUNC_A
                                             3002CAFC 
  DigitalInput::~DigitalInput()              3002CB9C 
  DigitalInput::~DigitalInput()::??rA?FARFUNC_A
                                             3002CB9C 
  DigitalInput::MakeConfigString(TSNConfigString &)
                                             3002CBCC 
  DigitalInput::MakeConfigString(TSNConfigString &)::??rA?FARFUNC_A
                                             3002CBCC 
  DigitalInput::LoadConfigString(TSNConfigString &)
                                             3002D540 
  DigitalInput::LoadConfigString(TSNConfigString &)::??rA?FARFUNC_A
                                             3002D540 
  DigitalInput::GetStringValue(int, TSNString &)
                                             3002D978 
  DigitalInput::GetStringValue(int, TSNString &)::??rA?FARFUNC_A
                                             3002D978 
  DigitalInput::GetValue(int, float &, int &, int &)
                                             3002D9D0 
  DigitalInput::GetValue(int, float &, int &, int &)::??rA?FARFUNC_A
                                             3002D9D0 
  DigitalInput::PutValue(int, TSNString, bool)
                                             3002D9D8 
  DigitalInput::PutValue(int, TSNString, bool)::??rA?FARFUNC_A
                                             3002D9D8 
  DigitalInput::PutFloatValue(int, float)
                                             3002D9E0 
  DigitalInput::PutFloatValue(int, float)::??rA?FARFUNC_A
                                             3002D9E0 
  DigitalInput::Calculate()                  3002D9E8 
  DigitalInput::Calculate()::??rA?FARFUNC_A
                                             3002D9E8 
  DigitalInput::__vtbl                       30069DF8 
  __sti__routine()                           3002CA0C   LOCAL
GUICore ( F:\S2Prog\TXU\Release\Obj\GUICore.r79 )
  GUI_Context                                30A0771C 
  GUI_DecChar                                30A07778 
  GUI_pfTimerExec                            30A0777C 
  WM_pfHandlePID                             30A07780 
  GUI_pfDispCharStyle                        30A07784 
[...]
?Strncpy ( F:\Program Files\IAR Systems\Embedded Workbench 3.2\ARM\LIB\dl4tpainl8.r79 )
  strncpy                                    3001BC3C 
  strncpy::??rA                              3001BC3C 
?Strpbrk ( F:\Program Files\IAR Systems\Embedded Workbench 3.2\ARM\LIB\dl4tpainl8.r79 )
  _Strpbrk                                   3001BC7C 
  _Strpbrk::??rA                             3001BC7C 
?Strtol ( F:\Program Files\IAR Systems\Embedded Workbench 3.2\ARM\LIB\dl4tpainl8.r79 )
  strtol                                     3001BCC8 
  strtol::??rA                               3001BCC8 
?Vsprintf ( F:\Program Files\IAR Systems\Embedded Workbench 3.2\ARM\LIB\dl4tpainl8.r79 )
  vsprintf                                   3001BDBC 
  vsprintf::??rA                             3001BDBC 
?Xdnorm ( F:\Program Files\IAR Systems\Embedded Workbench 3.2\ARM\LIB\dl4tpainl8.r79 )
  _Dnorm                                     3001BDFC 
  _Dnorm::??rA                               3001BDFC 
?Xdscale ( F:\Program Files\IAR Systems\Embedded Workbench 3.2\ARM\LIB\dl4tpainl8.r79 )
  _Dscale                                    3001BF40 
  _Dscale::??rA                              3001BF40 
?Xdtento ( F:\Program Files\IAR Systems\Embedded Workbench 3.2\ARM\LIB\dl4tpainl8.r79 )
  _Dtento                                    3001C188 
  _Dtento::??rA                              3001C188 
  dmul                                       3001C0E0   LOCAL
?Xexp ( F:\Program Files\IAR Systems\Embedded Workbench 3.2\ARM\LIB\dl4tpainl8.r79 )
  _Exp                                       3001C384 
  _Exp::??rA                                 3001C384 
?Xferaise ( F:\Program Files\IAR Systems\Embedded Workbench 3.2\ARM\LIB\dl4tpainl8.r79 )
  _Feraise                                   3001C680 
  _Feraise::??rA                             3001C680 
?Xfiles ( F:\Program Files\IAR Systems\Embedded Workbench 3.2\ARM\LIB\dl4tpainl8.r79 )
  _Stdin                                     30A05A48 
  _Stdout                                    30A05A90 
  _Stderr                                    30A05AD8 
  _Files                                     30A05B20 
?Xfloat ( F:\Program Files\IAR Systems\Embedded Workbench 3.2\ARM\LIB\dl4tpainl8.r79 )
  _Dbl                                       30072EC4 
?Xfvalues ( F:\Program Files\IAR Systems\Embedded Workbench 3.2\ARM\LIB\dl4tpainl8.r79 )
  _FInf                                      30072EF4 
?Xgenld ( F:\Program Files\IAR Systems\Embedded Workbench 3.2\ARM\LIB\dl4tpainl8.r79 )
  _Genld                                     3001C6A8 
  _Genld::??rA                               3001C6A8 
?Xgentime ( F:\Program Files\IAR Systems\Embedded Workbench 3.2\ARM\LIB\dl4tpainl8.r79 )
  _Gentime                                   3001D08C 
  _Gentime::??rA                             3001D08C 
  getval                                     3001CBCC   LOCAL
  ISOwkyr                                    3001CC80   LOCAL
  ISOweek                                    3001CDB4   LOCAL
  cmp_era_date                               3001CE64   LOCAL
  getera                                     3001CF78   LOCAL
?Xgetdst ( F:\Program Files\IAR Systems\Embedded Workbench 3.2\ARM\LIB\dl4tpainl8.r79 )
  _Getdst                                    3001DA68 
  _Getdst::??rA                              3001DA68 
  getint                                     3001DA20   LOCAL
?Xgettime ( F:\Program Files\IAR Systems\Embedded Workbench 3.2\ARM\LIB\dl4tpainl8.r79 )
  _Gettime                                   3001DC78 
  _Gettime::??rA                             3001DC78 
?Xgetzone ( F:\Program Files\IAR Systems\Embedded Workbench 3.2\ARM\LIB\dl4tpainl8.r79 )
  _Getzone                                   3001DE44 
  _Getzone::??rA                             3001DE44 
  reformat                                   3001DD14   LOCAL
?Xisdst ( F:\Program Files\IAR Systems\Embedded Workbench 3.2\ARM\LIB\dl4tpainl8.r79 )
  _Isdst                                     3001DF20 
  _Isdst::??rA                               3001DF20 
  _Tls_dtor_rules                            3001DEC4   LOCAL
  _Tls_setupx_rules                          3001DEE8   LOCAL
?Xldtob ( F:\Program Files\IAR Systems\Embedded Workbench 3.2\ARM\LIB\dl4tpainl8.r79 )
  _Ldtob                                     3001E0F8 
  _Ldtob::??rA                               3001E0F8 
?Xlitob ( F:\Program Files\IAR Systems\Embedded Workbench 3.2\ARM\LIB\dl4tpainl8.r79 )
  _Litob                                     3001E8F0 
  _Litob::??rA                               3001E8F0 
?Xmbtowc ( F:\Program Files\IAR Systems\Embedded Workbench 3.2\ARM\LIB\dl4tpainl8.r79 )
  _Mbtowcx                                   3001EB2C 
  _Mbtowcx::??rA                             3001EB2C 
  _Mbtowc                                    3001EC44 
  _Mbtowc::??rA                              3001EC44 
?Xprintf ( F:\Program Files\IAR Systems\Embedded Workbench 3.2\ARM\LIB\dl4tpainl8.r79 )
  _Printf                                    3001EC5C 
  _Printf::??rA                              3001EC5C 
?Xputfld ( F:\Program Files\IAR Systems\Embedded Workbench 3.2\ARM\LIB\dl4tpainl8.r79 )
  _Putfld                                    3001EF88 
  _Putfld::??rA                              3001EF88 
?Xputstr ( F:\Program Files\IAR Systems\Embedded Workbench 3.2\ARM\LIB\dl4tpainl8.r79 )
  _Putstr                                    3001F758 
  _Putstr::??rA                              3001F758 
?Xputtxt ( F:\Program Files\IAR Systems\Embedded Workbench 3.2\ARM\LIB\dl4tpainl8.r79 )
  _Puttxt                                    3001F8D0 
  _Puttxt::??rA                              3001F8D0 
?Xsprout ( F:\Program Files\IAR Systems\Embedded Workbench 3.2\ARM\LIB\dl4tpainl8.r79 )
  _SProut                                    3001FBE0 
  _SProut::??rA                              3001FBE0 
?Xstate ( F:\Program Files\IAR Systems\Embedded Workbench 3.2\ARM\LIB\dl4tpainl8.r79 )
  _Mbcurmax                                  30A05B90 
  _Tls_setup__Mbcurmax                       30A05B8C 
?Xstod ( F:\Program Files\IAR Systems\Embedded Workbench 3.2\ARM\LIB\dl4tpainl8.r79 )
  _Stod                                      3001FC04 
  _Stod::??rA                                3001FC04 
?Xstoflt ( F:\Program Files\IAR Systems\Embedded Workbench 3.2\ARM\LIB\dl4tpainl8.r79 )
  _Stoflt                                    3001FE60 
  _Stoflt::??rA                              3001FE60 
?Xstopfx ( F:\Program Files\IAR Systems\Embedded Workbench 3.2\ARM\LIB\dl4tpainl8.r79 )
  _Stopfx                                    30020114 
  _Stopfx::??rA                              30020114 
?Xstoul ( F:\Program Files\IAR Systems\Embedded Workbench 3.2\ARM\LIB\dl4tpainl8.r79 )
  _Stoul                                     300202F4 
  _Stoul::??rA                               300202F4 
?Xstoxflt ( F:\Program Files\IAR Systems\Embedded Workbench 3.2\ARM\LIB\dl4tpainl8.r79 )
  _Stoxflt                                   300204DC 
  _Stoxflt::??rA                             300204DC 
?Xstrftim ( F:\Program Files\IAR Systems\Embedded Workbench 3.2\ARM\LIB\dl4tpainl8.r79 )
  _CStrftime                                 300207C0 
  _CStrftime::??rA                           300207C0 
?Xttotm ( F:\Program Files\IAR Systems\Embedded Workbench 3.2\ARM\LIB\dl4tpainl8.r79 )
  _Daysto                                    300209C8 
  _Daysto::??rA                              300209C8 
  _Ttotm                                     30020A40 
  _Ttotm::??rA                               30020A40 
?Xvalues ( F:\Program Files\IAR Systems\Embedded Workbench 3.2\ARM\LIB\dl4tpainl8.r79 )
  _Eps                                       30072F74 
  _Inf                                       30072F7C 
  _Nan                                       30072F84 
?Xwctomb ( F:\Program Files\IAR Systems\Embedded Workbench 3.2\ARM\LIB\dl4tpainl8.r79 )
  _Wctombx                                   30020BCC 
  _Wctombx::??rA                             30020BCC 
  _Wctomb                                    30020C64 
  _Wctomb::??rA                              30020C64 
?__putchar_getchar ( F:\Program Files\IAR Systems\Embedded Workbench 3.2\ARM\LIB\dl4tpainl8.r79 )
  __putchar                                  30020C7C 
  __getchar                                  30020C7C 
?div_module ( F:\Program Files\IAR Systems\Embedded Workbench 3.2\ARM\LIB\dl4tpainl8.r79 )
  ??divu8_a                                  30020C80 
  ??divu32_a                                 30020C8C 
  ??div32_a                                  30020C98 
?EnI_t ( F:\Program Files\IAR Systems\Embedded Workbench 3.2\ARM\LIB\dl4tpainl8.r79 )
  ??EnI_t                                    30000609 
  ??EnI_a                                    3000060C 
?DiI_t ( F:\Program Files\IAR Systems\Embedded Workbench 3.2\ARM\LIB\dl4tpainl8.r79 )
  ??DiI_a                                    3000061C 
?heap ( F:\Program Files\IAR Systems\Embedded Workbench 3.2\ARM\LIB\dl4tpainl8.r79 )
  __heap_start                               30072F94 
  __heap_end                                 30072F98 
?div64 ( F:\Program Files\IAR Systems\Embedded Workbench 3.2\ARM\LIB\dl4tpainl8.r79 )
  ??div64_t                                  30020D09 
  ??div64_a                                  30020D0C 
?divu64 ( F:\Program Files\IAR Systems\Embedded Workbench 3.2\ARM\LIB\dl4tpainl8.r79 )
  ??divu64_t                                 30020D5D 
  ??divu64_a                                 30020D60 
?D_CmpFloat ( F:\Program Files\IAR Systems\Embedded Workbench 3.2\ARM\LIB\dl4tpainl8.r79 )
  __dEqual                                   30020DE8 
  __dEqual::??rA                             30020DE8 
?D_CmpFloat3 ( F:\Program Files\IAR Systems\Embedded Workbench 3.2\ARM\LIB\dl4tpainl8.r79 )
  ?dCheckNaN                                 30020E28 
?D_CmpFloat4 ( F:\Program Files\IAR Systems\Embedded Workbench 3.2\ARM\LIB\dl4tpainl8.r79 )
  __dLess                                    30020E68 
  __dLess::??rA                              30020E68 
  ?dLess1                                    30020E74 
?D_CmpFloat5 ( F:\Program Files\IAR Systems\Embedded Workbench 3.2\ARM\LIB\dl4tpainl8.r79 )
  __dGreaterEqual                            30020EB0 
  __dGreaterEqual::??rA                      30020EB0 
?DUnpack ( F:\Program Files\IAR Systems\Embedded Workbench 3.2\ARM\LIB\dl4tpainl8.r79 )
  ?dUnpack                                   30020EC8 
?ReturnDouble ( F:\Program Files\IAR Systems\Embedded Workbench 3.2\ARM\LIB\dl4tpainl8.r79 )
  ?dNormalize                                30020F04 
  ?dNormalizeS                               30020F50 
  ?dDeNormalize                              30020FCC 
  ?dRStore                                   30021030 
  ?dXOVERF                                   300210CC 
  ?dRET0F                                    300210BC 
  ?dRETF                                     30021094 
  ?dXNAN1F                                   30021118 
  ?dXNAN2F                                   30021108 
  ?dINFWSF                                   300210DC 
  ?dRET0SF                                   300210AC 
  ?dXINEXF                                   3002109C 
  ?dX0DIVF                                   300210F4 
?D_SubDouble ( F:\Program Files\IAR Systems\Embedded Workbench 3.2\ARM\LIB\dl4tpainl8.r79 )
  __dSub                                     30021134 
  __dSub::??rA                               30021134 
  __dSub::??rT                               30021131 
?D_AddDouble ( F:\Program Files\IAR Systems\Embedded Workbench 3.2\ARM\LIB\dl4tpainl8.r79 )
  __dAdd                                     30021140 
  __dAdd::??rA                               30021140 
  __dAdd::??rT                               3002113D 
?D_MulFloat ( F:\Program Files\IAR Systems\Embedded Workbench 3.2\ARM\LIB\dl4tpainl8.r79 )
  __dMul                                     300212DC 
  __dMul::??rT                               300212D9 
  __dMul::??rA                               300212DC 
?D_DivDouble ( F:\Program Files\IAR Systems\Embedded Workbench 3.2\ARM\LIB\dl4tpainl8.r79 )
  __dDiv                                     300213C8 
  __dDiv::??rT                               300213C5 
  __dDiv::??rA                               300213C8 
?D_ULONG2DOUBLE ( F:\Program Files\IAR Systems\Embedded Workbench 3.2\ARM\LIB\dl4tpainl8.r79 )
  __ulongToDouble                            300214DC 
  __ulongToDouble::??rA                      300214DC 
  __ulongToDouble::??rT                      300214D9 
?D_LONG2DOUBLE ( F:\Program Files\IAR Systems\Embedded Workbench 3.2\ARM\LIB\dl4tpainl8.r79 )
  __longToDouble                             30021508 
  __longToDouble::??rA                       30021508 
  __longToDouble::??rT                       30021505 
?D_DOUBLE2ULONG ( F:\Program Files\IAR Systems\Embedded Workbench 3.2\ARM\LIB\dl4tpainl8.r79 )
  __doubleToUlong                            30021538 
  __doubleToUlong::??rA                      30021538 
  __doubleToUlong::??rT                      30021535 
?D_DOUBLE2LONG ( F:\Program Files\IAR Systems\Embedded Workbench 3.2\ARM\LIB\dl4tpainl8.r79 )
  __doubleToLong                             30021624 
  __doubleToLong::??rA                       30021624 
  __doubleToLong::??rT                       30021621 
?D_DOUBLE2FLOAT ( F:\Program Files\IAR Systems\Embedded Workbench 3.2\ARM\LIB\dl4tpainl8.r79 )
  __doubleToFloat                            3002170C 
  __doubleToFloat::??rA                      3002170C 
  __doubleToFloat::??rT                      30021709 
?FLOATEDOUBLE ( F:\Program Files\IAR Systems\Embedded Workbench 3.2\ARM\LIB\dl4tpainl8.r79 )
  __floatToDouble                            30021760 
  __floatToDouble::??rA                      30021760 
?F_CmpFloat ( F:\Program Files\IAR Systems\Embedded Workbench 3.2\ARM\LIB\dl4tpainl8.r79 )
  __fEqual                                   300217C0 
  __fEqual::??rA                             300217C0 
?F_CmpFloat1 ( F:\Program Files\IAR Systems\Embedded Workbench 3.2\ARM\LIB\dl4tpainl8.r79 )
  __fNotEqual                                300217F0 
  __fNotEqual::??rA                          300217F0 
?F_CmpFloat3 ( F:\Program Files\IAR Systems\Embedded Workbench 3.2\ARM\LIB\dl4tpainl8.r79 )
  ?fCheckNaN                                 30021804 
?F_CmpFloat4 ( F:\Program Files\IAR Systems\Embedded Workbench 3.2\ARM\LIB\dl4tpainl8.r79 )
  __fLess                                    30021830 
  __fLess::??rA                              30021830 
  ?fLess1                                    3002183C 
?F_CmpFloat5 ( F:\Program Files\IAR Systems\Embedded Workbench 3.2\ARM\LIB\dl4tpainl8.r79 )
  __fGreaterEqual                            30021878 
  __fGreaterEqual::??rA                      30021878 
?fUnpack ( F:\Program Files\IAR Systems\Embedded Workbench 3.2\ARM\LIB\dl4tpainl8.r79 )
  ?fUnpack                                   3002188C 
?ReturnFloat ( F:\Program Files\IAR Systems\Embedded Workbench 3.2\ARM\LIB\dl4tpainl8.r79 )
  ?fNormalize                                300218B0 
  ?fNormalizeS                               300218F0 
  ?fDeNormalize                              3002194C 
  ?fRStore                                   30021990 
  ?XOVERF                                    300219FC 
  ?RET0F                                     300219F4 
  ?RETF                                      300219D4 
  ?XNAN1F                                    30021A44 
  ?XNAN2F                                    30021A34 
  ?INFWSF                                    30021A0C 
  ?RET0SF                                    300219EC 
  ?XINEXF                                    300219DC 
  ?X0DIVF                                    30021A20 
?__FloatingPointFlags ( F:\Program Files\IAR Systems\Embedded Workbench 3.2\ARM\LIB\dl4tpainl8.r79 )
  __FloatingPointFlags                       30A6BAD3 
?F_Inexact ( F:\Program Files\IAR Systems\Embedded Workbench 3.2\ARM\LIB\dl4tpainl8.r79 )
  ?raiseInexact                              30021A50 
  ?raiseInvalid                              30021A64 
?F_SubFloat ( F:\Program Files\IAR Systems\Embedded Workbench 3.2\ARM\LIB\dl4tpainl8.r79 )
  __fSub                                     30021A80 
  __fSub::??rA                               30021A80 
  __fSub::??rT                               30021A7D 
?F_AddFloat ( F:\Program Files\IAR Systems\Embedded Workbench 3.2\ARM\LIB\dl4tpainl8.r79 )
  __fAdd                                     30021A8C 
  __fAdd::??rT                               30021A89 
  __fAdd::??rA                               30021A8C 
?F_MulFloat ( F:\Program Files\IAR Systems\Embedded Workbench 3.2\ARM\LIB\dl4tpainl8.r79 )
  __fMul                                     30021B9C 
  __fMul::??rT                               30021B99 
  __fMul::??rA                               30021B9C 
?F_DivFloat ( F:\Program Files\IAR Systems\Embedded Workbench 3.2\ARM\LIB\dl4tpainl8.r79 )
  __fDiv                                     30021C40 
  __fDiv::??rT                               30021C3D 
  __fDiv::??rA                               30021C40 
?F_ULONG2FLOAT ( F:\Program Files\IAR Systems\Embedded Workbench 3.2\ARM\LIB\dl4tpainl8.r79 )
  __ulongToFloat                             30021D20 
  __ulongToFloat::??rA                       30021D20 
  __ulongToFloat::??rT                       30021D1D 
?F_LONG2FLOAT ( F:\Program Files\IAR Systems\Embedded Workbench 3.2\ARM\LIB\dl4tpainl8.r79 )
  __longToFloat                              30021D40 
  __longToFloat::??rA                        30021D40 
  __longToFloat::??rT                        30021D3D 
F_FLOAT2LONG ( F:\Program Files\IAR Systems\Embedded Workbench 3.2\ARM\LIB\dl4tpainl8.r79 )
  __floatToLong                              30021D60 
  __floatToLong::??rA                        30021D60 
  __floatToLong::??rT                        30021D5D 



                ****************************************
                *                                      *
                *      SEGMENTS IN ADDRESS ORDER       *
                *                                      *
                ****************************************


SEGMENT              SPACE   START ADDRESS    END ADDRESS      SIZE  TYPE  ALIGN
=======              =====   =============    ===========      ====  ====  =====
INTVEC                            30000000 - 3000001B            1C   com    2
FARFUNC_T                              30000101                       dse    0
ICODE                             30000104 - 30000433           330   rel    2
DIFUNCT                           30000434 - 30000607           1D4   rel    2
NEARFUNC_T                        30000608 - 30000637            30   rel    2
NEARFUNC_A                        30000638 - 30021DE3         217AC   rel    2
FARFUNC_A                         30021DE4 - 300631DB         413F8   rel    2
INITTAB                           300631DC - 300631F3            18   rel    2
HUGE_ID                           300631F4 - 300694B5          62C2   rel    2
HUGE_C                            300694B8 - 30078E9D          F9E6   rel    2
HUGE_I                            30A00000 - 30A062C1          62C2   rel    2
HUGE_Z                            30A062C4 - 30A6BAD3         65810   rel    2
CSTACK                            30A6BAD4 - 30A6FB69          4096   rel    2
IRQ_STACK                         30A6FB6C - 30A6FDC1           256   rel    2
HEAP                              30A6FDC4 - 31A6FDC3       1000000   rel    2

                ****************************************
                *                                      *
                *        END OF CROSS REFERENCE        *
                *                                      *
                ****************************************

    405 748 bytes of CODE  memory
 17 235 390 bytes of DATA  memory
     89 280 bytes of CONST memory

Errors: none
Warnings: none

