Error[e16]: Segment NEAR_Z (size: 0x5b7 align: 0) is too long for segment definition. At least 0x5b7 more bytes needed. The problem occurred while processing the segment placement command "-Z(DATA)NEAR_Z,NEAR_I,NEAR_N=100-FFF", where at the moment of placement the available memory ranges were "-none-"
   Reserved ranges relevant to this placement:
   9e-12e7              CODE
Error[e16]: Segment RSTACK (size: 0x40 align: 0) is too long for segment definition. At least 0x40 more bytes needed. The problem occurred while processing the segment placement command "-Z(DATA)RSTACK+40,CSTACK+c0,IDATA1,UDATA1,ECSTR,NO_INIT=100-FFF", where at the moment of placement the available memory ranges were "-none-"
   Reserved ranges relevant to this placement:
   9e-12e7              CODE
Error[e16]: Segment CSTACK (size: 0xc0 align: 0) is too long for segment definition. At least 0xc0 more bytes needed. The problem occurred while processing the segment placement command "-Z(DATA)RSTACK+40,CSTACK+c0,IDATA1,UDATA1,ECSTR,NO_INIT=100-FFF", where at the moment of placement the available memory ranges were "-none-"
   Reserved ranges relevant to this placement:
   9e-12e7              CODE
Error[e24]: Segment INTVEC (from module "?RESET", address [0-3])  overlaps segment NEAR_Z (seg part no 12, symbol "AppStart" in module "main", address [0-5b6]) 
Error[e24]: Segment INTVEC (from module "?RESET", address [0-3])  overlaps segment RSTACK (from module "?C_STARTUP", address [0-3f]) 
Error[e24]: Segment INTVEC (from module "?RESET", address [0-3])  overlaps segment CSTACK (from module "?C_STARTUP", address [0-bf]) 
Error[e24]: Segment NEAR_Z (seg part no 12, symbol "AppStart" in module "main", address [0-5b6])  overlaps segment RSTACK (from module "?C_STARTUP", address [0-3f]) 
Error[e24]: Segment NEAR_Z (seg part no 12, symbol "AppStart" in module "main", address [0-5b6])  overlaps segment CSTACK (from module "?C_STARTUP", address [0-bf]) 
Error[e24]: Segment NEAR_Z (seg part no 12, symbol "AppStart" in module "main", address [0-5b6])  overlaps segment ABSOLUTE (seg part no 1, symbol "_A_DDRE" in module "init", address [22-22]) 
Error[e24]: Segment NEAR_Z (seg part no 12, symbol "AppStart" in module "main", address [0-5b6])  overlaps segment ABSOLUTE (seg part no 2, symbol "_A_PORTE" in module "init", address [23-23]) 
Error[e24]: Segment NEAR_Z (seg part no 12, symbol "AppStart" in module "main", address [0-5b6])  overlaps segment ABSOLUTE (seg part no 3, symbol "_A_UBRR0L" in module "init", address [29-29]) 
Error[e24]: Segment NEAR_Z (seg part no 12, symbol "AppStart" in module "main", address [0-5b6])  overlaps segment ABSOLUTE (seg part no 4, symbol "_A_UCSR0B" in module "init", address [2a-2a]) 
Error[e24]: Segment NEAR_Z (seg part no 12, symbol "AppStart" in module "main", address [0-5b6])  overlaps segment ABSOLUTE (seg part no 5, symbol "_A_UCSR0A" in module "init", address [2b-2b]) 
Error[e24]: Segment NEAR_Z (seg part no 12, symbol "AppStart" in module "main", address [0-5b6])  overlaps segment ABSOLUTE (seg part no 1, symbol "_A_UDR0" in module "main", address [2c-2c]) 
Error[e24]: Segment NEAR_Z (seg part no 12, symbol "AppStart" in module "main", address [0-5b6])  overlaps segment ABSOLUTE (seg part no 1, symbol "_A_PIND" in module "Misc", address [30-30]) 
Error[e24]: Segment NEAR_Z (seg part no 12, symbol "AppStart" in module "main", address [0-5b6])  overlaps segment ABSOLUTE (seg part no 6, symbol "_A_DDRD" in module "init", address [31-31]) 
Error[e24]: Segment NEAR_Z (seg part no 12, symbol "AppStart" in module "main", address [0-5b6])  overlaps segment ABSOLUTE (seg part no 7, symbol "_A_PORTD" in module "init", address [32-32]) 
Error[e24]: Segment NEAR_Z (seg part no 12, symbol "AppStart" in module "main", address [0-5b6])  overlaps segment ABSOLUTE (seg part no 8, symbol "_A_DDRC" in module "init", address [34-34]) 
Error[e24]: Segment NEAR_Z (seg part no 12, symbol "AppStart" in module "main", address [0-5b6])  overlaps segment ABSOLUTE (seg part no 9, symbol "_A_PORTC" in module "init", address [35-35]) 
Error[e24]: Segment NEAR_Z (seg part no 12, symbol "AppStart" in module "main", address [0-5b6])  overlaps segment ABSOLUTE (seg part no 10, symbol "_A_PINB" in module "init", address [36-36]) 
Error[e24]: Segment NEAR_Z (seg part no 12, symbol "AppStart" in module "main", address [0-5b6])  overlaps segment ABSOLUTE (seg part no 11, symbol "_A_DDRB" in module "init", address [37-37]) 
Error[e24]: Segment NEAR_Z (seg part no 12, symbol "AppStart" in module "main", address [0-5b6])  overlaps segment ABSOLUTE (seg part no 12, symbol "_A_PORTB" in module "init", address [38-38]) 
Error[e24]: Segment NEAR_Z (seg part no 12, symbol "AppStart" in module "main", address [0-5b6])  overlaps segment ABSOLUTE (seg part no 13, symbol "_A_DDRA" in module "init", address [3a-3a]) 
Error[e24]: Segment NEAR_Z (seg part no 12, symbol "AppStart" in module "main", address [0-5b6])  overlaps segment ABSOLUTE (seg part no 14, symbol "_A_PORTA" in module "init", address [3b-3b]) 
Error[e24]: Segment NEAR_Z (seg part no 12, symbol "AppStart" in module "main", address [0-5b6])  overlaps segment ABSOLUTE (seg part no 2, symbol "_A_EECR" in module "main", address [3c-3c]) 
Error[e24]: Segment NEAR_Z (seg part no 12, symbol "AppStart" in module "main", address [0-5b6])  overlaps segment ABSOLUTE (seg part no 3, symbol "_A_EEDR" in module "main", address [3d-3d]) 
Error[e24]: Segment NEAR_Z (seg part no 12, symbol "AppStart" in module "main", address [0-5b6])  overlaps segment ABSOLUTE (seg part no 4, symbol "_A_EEAR" in module "main", address [3e-3f]) 
Error[e24]: Segment NEAR_Z (seg part no 12, symbol "AppStart" in module "main", address [0-5b6])  overlaps segment ABSOLUTE (seg part no 15, symbol "_A_WDTCR" in module "init", address [41-41]) 
Error[e24]: Segment NEAR_Z (seg part no 12, symbol "AppStart" in module "main", address [0-5b6])  overlaps segment ABSOLUTE (seg part no 16, symbol "_A_OCR2" in module "init", address [43-43]) 
Error[e24]: Segment NEAR_Z (seg part no 12, symbol "AppStart" in module "main", address [0-5b6])  overlaps segment ABSOLUTE (seg part no 17, symbol "_A_TCCR2" in module "init", address [45-45]) 
Error[e24]: Segment NEAR_Z (seg part no 12, symbol "AppStart" in module "main", address [0-5b6])  overlaps segment ABSOLUTE (seg part no 18, symbol "_A_OCR1A" in module "init", address [4a-4b]) 
Error[e24]: Segment NEAR_Z (seg part no 12, symbol "AppStart" in module "main", address [0-5b6])  overlaps segment ABSOLUTE (seg part no 19, symbol "_A_TCCR1B" in module "init", address [4e-4e]) 
Error[e24]: Segment NEAR_Z (seg part no 12, symbol "AppStart" in module "main", address [0-5b6])  overlaps segment ABSOLUTE (seg part no 20, symbol "_A_TCCR1A" in module "init", address [4f-4f]) 
Error[e24]: Segment NEAR_Z (seg part no 12, symbol "AppStart" in module "main", address [0-5b6])  overlaps segment ABSOLUTE (seg part no 21, symbol "_A_ASSR" in module "init", address [50-50]) 
Error[e24]: Segment NEAR_Z (seg part no 12, symbol "AppStart" in module "main", address [0-5b6])  overlaps segment ABSOLUTE (seg part no 22, symbol "_A_OCR0" in module "init", address [51-51]) 
Error[e24]: Segment NEAR_Z (seg part no 12, symbol "AppStart" in module "main", address [0-5b6])  overlaps segment ABSOLUTE (seg part no 23, symbol "_A_TCCR0" in module "init", address [53-53]) 
Error[e24]: Segment NEAR_Z (seg part no 12, symbol "AppStart" in module "main", address [0-5b6])  overlaps segment ABSOLUTE (seg part no 24, symbol "_A_MCUCSR" in module "init", address [54-54]) 
Error[e24]: Segment NEAR_Z (seg part no 12, symbol "AppStart" in module "main", address [0-5b6])  overlaps segment ABSOLUTE (seg part no 25, symbol "_A_MCUCR" in module "init", address [55-55]) 
Error[e24]: Segment NEAR_Z (seg part no 12, symbol "AppStart" in module "main", address [0-5b6])  overlaps segment ABSOLUTE (seg part no 26, symbol "_A_TIMSK" in module "init", address [57-57]) 
Error[e24]: Segment NEAR_Z (seg part no 12, symbol "AppStart" in module "main", address [0-5b6])  overlaps segment ABSOLUTE (seg part no 27, symbol "_A_EIMSK" in module "init", address [59-59]) 
Error[e24]: Segment NEAR_Z (seg part no 12, symbol "AppStart" in module "main", address [0-5b6])  overlaps segment ABSOLUTE (seg part no 28, symbol "_A_EICRB" in module "init", address [5a-5a]) 
Error[e24]: Segment NEAR_Z (seg part no 12, symbol "AppStart" in module "main", address [0-5b6])  overlaps segment ABSOLUTE (seg part no 6, symbol "_A_RAMPZ" in module "Usart", address [5b-5b]) 
Error[e24]: Segment NEAR_Z (seg part no 12, symbol "AppStart" in module "main", address [0-5b6])  overlaps segment ABSOLUTE (seg part no 29, symbol "_A_SREG" in module "init", address [5f-5f]) 
Error[e24]: Segment NEAR_Z (seg part no 12, symbol "AppStart" in module "main", address [0-5b6])  overlaps segment ABSOLUTE (seg part no 30, symbol "_A_DDRF" in module "init", address [61-61]) 
Error[e24]: Segment NEAR_Z (seg part no 12, symbol "AppStart" in module "main", address [0-5b6])  overlaps segment ABSOLUTE (seg part no 31, symbol "_A_PORTF" in module "init", address [62-62]) 
Error[e24]: Segment NEAR_Z (seg part no 12, symbol "AppStart" in module "main", address [0-5b6])  overlaps segment ABSOLUTE (seg part no 32, symbol "_A_DDRG" in module "init", address [64-64]) 
Error[e24]: Segment NEAR_Z (seg part no 12, symbol "AppStart" in module "main", address [0-5b6])  overlaps segment ABSOLUTE (seg part no 33, symbol "_A_PORTG" in module "init", address [65-65]) 
Error[e24]: Segment NEAR_Z (seg part no 12, symbol "AppStart" in module "main", address [0-5b6])  overlaps segment ABSOLUTE (seg part no 34, symbol "_A_EICRA" in module "init", address [6a-6a]) 
Error[e24]: Segment NEAR_Z (seg part no 12, symbol "AppStart" in module "main", address [0-5b6])  overlaps segment ABSOLUTE (seg part no 35, symbol "_A_XMCRB" in module "init", address [6c-6c]) 
Error[e24]: Segment NEAR_Z (seg part no 12, symbol "AppStart" in module "main", address [0-5b6])  overlaps segment ABSOLUTE (seg part no 36, symbol "_A_XMCRA" in module "init", address [6d-6d]) 
Error[e24]: Segment NEAR_Z (seg part no 12, symbol "AppStart" in module "main", address [0-5b6])  overlaps segment ABSOLUTE (seg part no 37, symbol "_A_TCCR1C" in module "init", address [7a-7a]) 
Error[e24]: Segment NEAR_Z (seg part no 12, symbol "AppStart" in module "main", address [0-5b6])  overlaps segment ABSOLUTE (seg part no 38, symbol "_A_ETIMSK" in module "init", address [7d-7d]) 
Error[e24]: Segment NEAR_Z (seg part no 12, symbol "AppStart" in module "main", address [0-5b6])  overlaps segment ABSOLUTE (seg part no 39, symbol "_A_OCR3A" in module "init", address [86-87]) 
Error[e24]: Segment NEAR_Z (seg part no 12, symbol "AppStart" in module "main", address [0-5b6])  overlaps segment ABSOLUTE (seg part no 40, symbol "_A_TCCR3B" in module "init", address [8a-8a]) 
Error[e24]: Segment NEAR_Z (seg part no 12, symbol "AppStart" in module "main", address [0-5b6])  overlaps segment ABSOLUTE (seg part no 41, symbol "_A_TCCR3A" in module "init", address [8b-8b]) 
Error[e24]: Segment NEAR_Z (seg part no 12, symbol "AppStart" in module "main", address [0-5b6])  overlaps segment ABSOLUTE (seg part no 42, symbol "_A_TCCR3C" in module "init", address [8c-8c]) 
Error[e24]: Segment NEAR_Z (seg part no 12, symbol "AppStart" in module "main", address [0-5b6])  overlaps segment ABSOLUTE (seg part no 43, symbol "_A_UBRR0H" in module "init", address [90-90]) 
Error[e24]: Segment NEAR_Z (seg part no 12, symbol "AppStart" in module "main", address [0-5b6])  overlaps segment ABSOLUTE (seg part no 44, symbol "_A_UCSR0C" in module "init", address [95-95]) 
Error[e24]: Segment NEAR_Z (seg part no 12, symbol "AppStart" in module "main", address [0-5b6])  overlaps segment ABSOLUTE (seg part no 45, symbol "_A_UBRR1H" in module "init", address [98-98]) 
Error[e24]: Segment NEAR_Z (seg part no 12, symbol "AppStart" in module "main", address [0-5b6])  overlaps segment ABSOLUTE (seg part no 46, symbol "_A_UBRR1L" in module "init", address [99-99]) 
Error[e24]: Segment NEAR_Z (seg part no 12, symbol "AppStart" in module "main", address [0-5b6])  overlaps segment ABSOLUTE (seg part no 47, symbol "_A_UCSR1B" in module "init", address [9a-9a]) 
Error[e24]: Segment NEAR_Z (seg part no 12, symbol "AppStart" in module "main", address [0-5b6])  overlaps segment ABSOLUTE (seg part no 48, symbol "_A_UCSR1A" in module "init", address [9b-9b]) 
Error[e24]: Segment NEAR_Z (seg part no 12, symbol "AppStart" in module "main", address [0-5b6])  overlaps segment ABSOLUTE (seg part no 5, symbol "_A_UDR1" in module "main", address [9c-9c]) 
Error[e24]: Segment NEAR_Z (seg part no 12, symbol "AppStart" in module "main", address [0-5b6])  overlaps segment ABSOLUTE (seg part no 49, symbol "_A_UCSR1C" in module "init", address [9d-9d]) 
Error[e24]: Segment NEAR_Z (seg part no 12, symbol "AppStart" in module "main", address [0-5b6])  overlaps segment CODE (from module "assembly", address [9e-12e7]) 
Error[e24]: Segment RSTACK (from module "?C_STARTUP", address [0-3f])  overlaps segment CSTACK (from module "?C_STARTUP", address [0-bf]) 
Error[e24]: Segment RSTACK (from module "?C_STARTUP", address [0-3f])  overlaps segment ABSOLUTE (seg part no 1, symbol "_A_DDRE" in module "init", address [22-22]) 
Error[e24]: Segment RSTACK (from module "?C_STARTUP", address [0-3f])  overlaps segment ABSOLUTE (seg part no 2, symbol "_A_PORTE" in module "init", address [23-23]) 
Error[e24]: Segment RSTACK (from module "?C_STARTUP", address [0-3f])  overlaps segment ABSOLUTE (seg part no 3, symbol "_A_UBRR0L" in module "init", address [29-29]) 
Error[e24]: Segment RSTACK (from module "?C_STARTUP", address [0-3f])  overlaps segment ABSOLUTE (seg part no 4, symbol "_A_UCSR0B" in module "init", address [2a-2a]) 
Error[e24]: Segment RSTACK (from module "?C_STARTUP", address [0-3f])  overlaps segment ABSOLUTE (seg part no 5, symbol "_A_UCSR0A" in module "init", address [2b-2b]) 
Error[e24]: Segment RSTACK (from module "?C_STARTUP", address [0-3f])  overlaps segment ABSOLUTE (seg part no 1, symbol "_A_UDR0" in module "main", address [2c-2c]) 
Error[e24]: Segment RSTACK (from module "?C_STARTUP", address [0-3f])  overlaps segment ABSOLUTE (seg part no 1, symbol "_A_PIND" in module "Misc", address [30-30]) 
Error[e24]: Segment RSTACK (from module "?C_STARTUP", address [0-3f])  overlaps segment ABSOLUTE (seg part no 6, symbol "_A_DDRD" in module "init", address [31-31]) 
Error[e24]: Segment RSTACK (from module "?C_STARTUP", address [0-3f])  overlaps segment ABSOLUTE (seg part no 7, symbol "_A_PORTD" in module "init", address [32-32]) 
Error[e24]: Segment RSTACK (from module "?C_STARTUP", address [0-3f])  overlaps segment ABSOLUTE (seg part no 8, symbol "_A_DDRC" in module "init", address [34-34]) 
Error[e24]: Segment RSTACK (from module "?C_STARTUP", address [0-3f])  overlaps segment ABSOLUTE (seg part no 9, symbol "_A_PORTC" in module "init", address [35-35]) 
Error[e24]: Segment RSTACK (from module "?C_STARTUP", address [0-3f])  overlaps segment ABSOLUTE (seg part no 10, symbol "_A_PINB" in module "init", address [36-36]) 
Error[e24]: Segment RSTACK (from module "?C_STARTUP", address [0-3f])  overlaps segment ABSOLUTE (seg part no 11, symbol "_A_DDRB" in module "init", address [37-37]) 
Error[e24]: Segment RSTACK (from module "?C_STARTUP", address [0-3f])  overlaps segment ABSOLUTE (seg part no 12, symbol "_A_PORTB" in module "init", address [38-38]) 
Error[e24]: Segment RSTACK (from module "?C_STARTUP", address [0-3f])  overlaps segment ABSOLUTE (seg part no 13, symbol "_A_DDRA" in module "init", address [3a-3a]) 
Error[e24]: Segment RSTACK (from module "?C_STARTUP", address [0-3f])  overlaps segment ABSOLUTE (seg part no 14, symbol "_A_PORTA" in module "init", address [3b-3b]) 
Error[e24]: Segment RSTACK (from module "?C_STARTUP", address [0-3f])  overlaps segment ABSOLUTE (seg part no 2, symbol "_A_EECR" in module "main", address [3c-3c]) 
Error[e24]: Segment RSTACK (from module "?C_STARTUP", address [0-3f])  overlaps segment ABSOLUTE (seg part no 3, symbol "_A_EEDR" in module "main", address [3d-3d]) 
Error[e24]: Segment RSTACK (from module "?C_STARTUP", address [0-3f])  overlaps segment ABSOLUTE (seg part no 4, symbol "_A_EEAR" in module "main", address [3e-3f]) 
Error[e24]: Segment CSTACK (from module "?C_STARTUP", address [0-bf])  overlaps segment ABSOLUTE (seg part no 1, symbol "_A_DDRE" in module "init", address [22-22]) 
Error[e24]: Segment CSTACK (from module "?C_STARTUP", address [0-bf])  overlaps segment ABSOLUTE (seg part no 2, symbol "_A_PORTE" in module "init", address [23-23]) 
Error[e24]: Segment CSTACK (from module "?C_STARTUP", address [0-bf])  overlaps segment ABSOLUTE (seg part no 3, symbol "_A_UBRR0L" in module "init", address [29-29]) 
Error[e24]: Segment CSTACK (from module "?C_STARTUP", address [0-bf])  overlaps segment ABSOLUTE (seg part no 4, symbol "_A_UCSR0B" in module "init", address [2a-2a]) 
Error[e24]: Segment CSTACK (from module "?C_STARTUP", address [0-bf])  overlaps segment ABSOLUTE (seg part no 5, symbol "_A_UCSR0A" in module "init", address [2b-2b]) 
Error[e24]: Segment CSTACK (from module "?C_STARTUP", address [0-bf])  overlaps segment ABSOLUTE (seg part no 1, symbol "_A_UDR0" in module "main", address [2c-2c]) 
Error[e24]: Segment CSTACK (from module "?C_STARTUP", address [0-bf])  overlaps segment ABSOLUTE (seg part no 1, symbol "_A_PIND" in module "Misc", address [30-30]) 
Error[e24]: Segment CSTACK (from module "?C_STARTUP", address [0-bf])  overlaps segment ABSOLUTE (seg part no 6, symbol "_A_DDRD" in module "init", address [31-31]) 
Error[e24]: Segment CSTACK (from module "?C_STARTUP", address [0-bf])  overlaps segment ABSOLUTE (seg part no 7, symbol "_A_PORTD" in module "init", address [32-32]) 
Error[e24]: Segment CSTACK (from module "?C_STARTUP", address [0-bf])  overlaps segment ABSOLUTE (seg part no 8, symbol "_A_DDRC" in module "init", address [34-34]) 
Error[e24]: Segment CSTACK (from module "?C_STARTUP", address [0-bf])  overlaps segment ABSOLUTE (seg part no 9, symbol "_A_PORTC" in module "init", address [35-35]) 
Error[e24]: Segment CSTACK (from module "?C_STARTUP", address [0-bf])  overlaps segment ABSOLUTE (seg part no 10, symbol "_A_PINB" in module "init", address [36-36]) 
Error[e24]: Segment CSTACK (from module "?C_STARTUP", address [0-bf])  overlaps segment ABSOLUTE (seg part no 11, symbol "_A_DDRB" in module "init", address [37-37]) 
Error[e24]: Segment CSTACK (from module "?C_STARTUP", address [0-bf])  overlaps segment ABSOLUTE (seg part no 12, symbol "_A_PORTB" in module "init", address [38-38]) 
Error[e24]: Segment CSTACK (from module "?C_STARTUP", address [0-bf])  overlaps segment ABSOLUTE (seg part no 13, symbol "_A_DDRA" in module "init", address [3a-3a]) 
Error[e24]: Segment CSTACK (from module "?C_STARTUP", address [0-bf])  overlaps segment ABSOLUTE (seg part no 14, symbol "_A_PORTA" in module "init", address [3b-3b]) 
Error[e24]: Segment CSTACK (from module "?C_STARTUP", address [0-bf])  overlaps segment ABSOLUTE (seg part no 2, symbol "_A_EECR" in module "main", address [3c-3c]) 
Error[e24]: Segment CSTACK (from module "?C_STARTUP", address [0-bf])  overlaps segment ABSOLUTE (seg part no 3, symbol "_A_EEDR" in module "main", address [3d-3d]) 
Error[e24]: Segment CSTACK (from module "?C_STARTUP", address [0-bf])  overlaps segment ABSOLUTE (seg part no 4, symbol "_A_EEAR" in module "main", address [3e-3f]) 
Error[e24]: Segment CSTACK (from module "?C_STARTUP", address [0-bf])  overlaps segment ABSOLUTE (seg part no 15, symbol "_A_WDTCR" in module "init", address [41-41]) 
Error[e24]: Segment CSTACK (from module "?C_STARTUP", address [0-bf])  overlaps segment ABSOLUTE (seg part no 16, symbol "_A_OCR2" in module "init", address [43-43]) 
Error[e24]: Segment CSTACK (from module "?C_STARTUP", address [0-bf])  overlaps segment ABSOLUTE (seg part no 17, symbol "_A_TCCR2" in module "init", address [45-45]) 
Error[e24]: Segment CSTACK (from module "?C_STARTUP", address [0-bf])  overlaps segment ABSOLUTE (seg part no 18, symbol "_A_OCR1A" in module "init", address [4a-4b]) 
Error[e24]: Segment CSTACK (from module "?C_STARTUP", address [0-bf])  overlaps segment ABSOLUTE (seg part no 19, symbol "_A_TCCR1B" in module "init", address [4e-4e]) 
Error[e24]: Segment CSTACK (from module "?C_STARTUP", address [0-bf])  overlaps segment ABSOLUTE (seg part no 20, symbol "_A_TCCR1A" in module "init", address [4f-4f]) 
Error[e24]: Segment CSTACK (from module "?C_STARTUP", address [0-bf])  overlaps segment ABSOLUTE (seg part no 21, symbol "_A_ASSR" in module "init", address [50-50]) 
Error[e24]: Segment CSTACK (from module "?C_STARTUP", address [0-bf])  overlaps segment ABSOLUTE (seg part no 22, symbol "_A_OCR0" in module "init", address [51-51]) 
Error[e24]: Segment CSTACK (from module "?C_STARTUP", address [0-bf])  overlaps segment ABSOLUTE (seg part no 23, symbol "_A_TCCR0" in module "init", address [53-53]) 
Error[e24]: Segment CSTACK (from module "?C_STARTUP", address [0-bf])  overlaps segment ABSOLUTE (seg part no 24, symbol "_A_MCUCSR" in module "init", address [54-54]) 
Error[e24]: Segment CSTACK (from module "?C_STARTUP", address [0-bf])  overlaps segment ABSOLUTE (seg part no 25, symbol "_A_MCUCR" in module "init", address [55-55]) 
Error[e24]: Segment CSTACK (from module "?C_STARTUP", address [0-bf])  overlaps segment ABSOLUTE (seg part no 26, symbol "_A_TIMSK" in module "init", address [57-57]) 
Error[e24]: Segment CSTACK (from module "?C_STARTUP", address [0-bf])  overlaps segment ABSOLUTE (seg part no 27, symbol "_A_EIMSK" in module "init", address [59-59]) 
Error[e24]: Segment CSTACK (from module "?C_STARTUP", address [0-bf])  overlaps segment ABSOLUTE (seg part no 28, symbol "_A_EICRB" in module "init", address [5a-5a]) 
Error[e24]: Segment CSTACK (from module "?C_STARTUP", address [0-bf])  overlaps segment ABSOLUTE (seg part no 6, symbol "_A_RAMPZ" in module "Usart", address [5b-5b]) 
Error[e24]: Segment CSTACK (from module "?C_STARTUP", address [0-bf])  overlaps segment ABSOLUTE (seg part no 29, symbol "_A_SREG" in module "init", address [5f-5f]) 
Error[e24]: Segment CSTACK (from module "?C_STARTUP", address [0-bf])  overlaps segment ABSOLUTE (seg part no 30, symbol "_A_DDRF" in module "init", address [61-61]) 
Error[e24]: Segment CSTACK (from module "?C_STARTUP", address [0-bf])  overlaps segment ABSOLUTE (seg part no 31, symbol "_A_PORTF" in module "init", address [62-62]) 
Error[e24]: Segment CSTACK (from module "?C_STARTUP", address [0-bf])  overlaps segment ABSOLUTE (seg part no 32, symbol "_A_DDRG" in module "init", address [64-64]) 
Error[e24]: Segment CSTACK (from module "?C_STARTUP", address [0-bf])  overlaps segment ABSOLUTE (seg part no 33, symbol "_A_PORTG" in module "init", address [65-65]) 
Error[e24]: Segment CSTACK (from module "?C_STARTUP", address [0-bf])  overlaps segment ABSOLUTE (seg part no 34, symbol "_A_EICRA" in module "init", address [6a-6a]) 
Error[e24]: Segment CSTACK (from module "?C_STARTUP", address [0-bf])  overlaps segment ABSOLUTE (seg part no 35, symbol "_A_XMCRB" in module "init", address [6c-6c]) 
Error[e24]: Segment CSTACK (from module "?C_STARTUP", address [0-bf])  overlaps segment ABSOLUTE (seg part no 36, symbol "_A_XMCRA" in module "init", address [6d-6d]) 
Error[e24]: Segment CSTACK (from module "?C_STARTUP", address [0-bf])  overlaps segment ABSOLUTE (seg part no 37, symbol "_A_TCCR1C" in module "init", address [7a-7a]) 
Error[e24]: Segment CSTACK (from module "?C_STARTUP", address [0-bf])  overlaps segment ABSOLUTE (seg part no 38, symbol "_A_ETIMSK" in module "init", address [7d-7d]) 
Error[e24]: Segment CSTACK (from module "?C_STARTUP", address [0-bf])  overlaps segment ABSOLUTE (seg part no 39, symbol "_A_OCR3A" in module "init", address [86-87]) 
Error[e24]: Segment CSTACK (from module "?C_STARTUP", address [0-bf])  overlaps segment ABSOLUTE (seg part no 40, symbol "_A_TCCR3B" in module "init", address [8a-8a]) 
Error[e24]: Segment CSTACK (from module "?C_STARTUP", address [0-bf])  overlaps segment ABSOLUTE (seg part no 41, symbol "_A_TCCR3A" in module "init", address [8b-8b]) 
Error[e24]: Segment CSTACK (from module "?C_STARTUP", address [0-bf])  overlaps segment ABSOLUTE (seg part no 42, symbol "_A_TCCR3C" in module "init", address [8c-8c]) 
Error[e24]: Segment CSTACK (from module "?C_STARTUP", address [0-bf])  overlaps segment ABSOLUTE (seg part no 43, symbol "_A_UBRR0H" in module "init", address [90-90]) 
Error[e24]: Segment CSTACK (from module "?C_STARTUP", address [0-bf])  overlaps segment ABSOLUTE (seg part no 44, symbol "_A_UCSR0C" in module "init", address [95-95]) 
Error[e24]: Segment CSTACK (from module "?C_STARTUP", address [0-bf])  overlaps segment ABSOLUTE (seg part no 45, symbol "_A_UBRR1H" in module "init", address [98-98]) 
Error[e24]: Segment CSTACK (from module "?C_STARTUP", address [0-bf])  overlaps segment ABSOLUTE (seg part no 46, symbol "_A_UBRR1L" in module "init", address [99-99]) 
Error[e24]: Segment CSTACK (from module "?C_STARTUP", address [0-bf])  overlaps segment ABSOLUTE (seg part no 47, symbol "_A_UCSR1B" in module "init", address [9a-9a]) 
Error[e24]: Segment CSTACK (from module "?C_STARTUP", address [0-bf])  overlaps segment ABSOLUTE (seg part no 48, symbol "_A_UCSR1A" in module "init", address [9b-9b]) 
Error[e24]: Segment CSTACK (from module "?C_STARTUP", address [0-bf])  overlaps segment ABSOLUTE (seg part no 5, symbol "_A_UDR1" in module "main", address [9c-9c]) 
Error[e24]: Segment CSTACK (from module "?C_STARTUP", address [0-bf])  overlaps segment ABSOLUTE (seg part no 49, symbol "_A_UCSR1C" in module "init", address [9d-9d]) 
Error[e24]: Segment CSTACK (from module "?C_STARTUP", address [0-bf])  overlaps segment CODE (from module "assembly", address [9e-12e7]) 
################################################################################
#                                                                              #
#      IAR Universal Linker V6.6.1.103                                         #
#                                                                              #
#           Link time     =  12/Dec/2022  12:54:02                             #
#           Target CPU    =  A90                                               #
#           List file     =  "D:\S2Prog\IO\ANZB_Bootloader – 1280\Release\List #
#                            \ANZB_Bootloader.map"                             #
#           Output file 1 =  "D:\S2Prog\IO\ANZB_Bootloader – 1280\Release\Exe\ #
#                            ANZB_Bootloader.hex"                              #
#                            Format: intel-extended                            #
#           Command line  =  -f C:\Users\ESY\AppData\Local\Temp\EWE16B.tmp     #
#                            ("D:\S2Prog\IO\ANZB_Bootloader – 1280\Release\Obj #
#                            \assembly.r90"                                    #
#                            "D:\S2Prog\IO\ANZB_Bootloader – 1280\Release\Obj\ #
#                            cstartup.r90"                                     #
#                            "D:\S2Prog\IO\ANZB_Bootloader – 1280\Release\Obj\ #
#                            init.r90"                                         #
#                            "D:\S2Prog\IO\ANZB_Bootloader – 1280\Release\Obj\ #
#                            main.r90"                                         #
#                            "D:\S2Prog\IO\ANZB_Bootloader – 1280\Release\Obj\ #
#                            Misc.r90"                                         #
#                            "D:\S2Prog\IO\ANZB_Bootloader – 1280\Release\Obj\ #
#                            serial.r90"                                       #
#                            "D:\S2Prog\IO\ANZB_Bootloader – 1280\Release\Obj\ #
#                            Usart.r90"                                        #
#                            -o                                                #
#                            "D:\S2Prog\IO\ANZB_Bootloader – 1280\Release\Exe\ #
#                            ANZB_Bootloader.hex"                              #
#                            -Fintel-extended -B -l                            #
#                            "D:\S2Prog\IO\ANZB_Bootloader – 1280\Release\List #
#                            \ANZB_Bootloader.map"                             #
#                            -xes                                              #
#                            "-IC:\Program Files (x86)\IAR Systems\Embedded Wo #
#                            rkbench 8.4\avr\LIB\\"                            #
#                            "-ID:\S2Prog\IO\ANZB_Bootloader – 1280\LIB\\"     #
#                            -f                                                #
#                            "D:\S2Prog\IO\ANZB_Bootloader – 1280\Link\link.xc #
#                            l"                                                #
#                            (-Z(CODE)INTVEC=0-5F                              #
#                            -Z(CODE)RCODE,CDATA0,CDATA1,CCSTR,SWITCH,FLASH=60 #
#                            -FFFF                                             #
#                            -Z(CODE)CODE=60-1FFFF                             #
#                            -Z(CODE)TINY_ID,NEAR_ID=60-1FFFF                  #
#                            -Z(CODE)INITTAB=60-FFFF                           #
#                            -Z(FARCODE)FAR_F=1E0E4-1FFFF                      #
#                            -Z(DATA)NEAR_Z,NEAR_I,NEAR_N=100-FFF              #
#                            -Z(DATA)IDATA0=100-FFF                            #
#                            -Z(DATA)RSTACK+40,CSTACK+c0,IDATA1,UDATA1,ECSTR,N #
#                            O_INIT=100-FFF                                    #
#                            -w29)                                             #
#                            "C:\Program Files (x86)\IAR Systems\Embedded Work #
#                            bench 8.4\avr\LIB\CLIB\cl3s-ec_mul.r90")          #
#                                                                              #
#                           Copyright (C) 1987-2019 IAR Systems AB.            #
################################################################################





                ****************************************
                *                                      *
                *           CROSS REFERENCE            *
                *                                      *
                ****************************************

                  There are no program entries.




                ****************************************
                *                                      *
                *            RUNTIME MODEL             *
                *                                      *
                ****************************************

  R10             = REG
  R11             = REG
  R12             = REG
  R13             = REG
  R14             = REG
  R15             = REG
  R4              = REG
  R5              = REG
  R6              = REG
  R7              = REG
  R8              = REG
  R9              = REG
  __64bit_doubles = disabled
  __SystemLibrary = CLib
  __cpu           = 3
  __cpu_name      = ATmega1280
  __enhanced_core = enabled
  __has_elpm      = true
  __memory_model  = 2
  __no_rampd      = enabled
  __rt_version    = 3
  __tiny_avr      = false
  __vtable_memory = __nearflash

                ****************************************
                *                                      *
                *    AUTOMATIC SYMBOL REDIRECTIONS     *
                *                                      *
                ****************************************

                  There are no automatic symbol redirections.

                ****************************************
                *                                      *
                *              ENTRY LIST              *
                *                                      *
                ****************************************

Module  Entry                    Address
------  -----                    -------
?FILLER_BYTES
assembly ( D:\S2Prog\IO\ANZB_Bootloader – 1280\Release\Obj\assembly.r90 )
        fill_temp_buffer          000000B0
        write_page                0000009E
        write_lock_bits           000000E0
        read_program_memory       000000C8
?RESET ( D:\S2Prog\IO\ANZB_Bootloader – 1280\Release\Obj\cstartup.r90 )
?C_STARTUP ( D:\S2Prog\IO\ANZB_Bootloader – 1280\Release\Obj\cstartup.r90 )
        ?C_STARTUP                00000100
        __RESTART                 00000100
        ?call_low_level_init      00000110
        ?need_segment_init        00000114
        ?cstartup_call_main       0000011C
init ( D:\S2Prog\IO\ANZB_Bootloader – 1280\Release\Obj\init.r90 )
        _A_DDRE                   00000022
        _A_PORTE                  00000023
        _A_UBRR0L                 00000029
        _A_UCSR0B                 0000002A
        _A_UCSR0A                 0000002B
        _A_DDRD                   00000031
        _A_PORTD                  00000032
        _A_DDRC                   00000034
        _A_PORTC                  00000035
        _A_PINB                   00000036
        _A_DDRB                   00000037
        _A_PORTB                  00000038
        _A_DDRA                   0000003A
        _A_PORTA                  0000003B
        _A_WDTCR                  00000041
        _A_OCR2                   00000043
        _A_TCCR2                  00000045
        _A_OCR1A                  0000004A
        _A_TCCR1B                 0000004E
        _A_TCCR1A                 0000004F
        _A_ASSR                   00000050
        _A_OCR0                   00000051
        _A_TCCR0                  00000053
        _A_MCUCSR                 00000054
        _A_MCUCR                  00000055
        _A_TIMSK                  00000057
        _A_EIMSK                  00000059
        _A_EICRB                  0000005A
        _A_SREG                   0000005F
        _A_DDRF                   00000061
        _A_PORTF                  00000062
        _A_DDRG                   00000064
        _A_PORTG                  00000065
        _A_EICRA                  0000006A
        _A_XMCRB                  0000006C
        _A_XMCRA                  0000006D
        _A_TCCR1C                 0000007A
        _A_ETIMSK                 0000007D
        _A_OCR3A                  00000086
        _A_TCCR3B                 0000008A
        _A_TCCR3A                 0000008B
        _A_TCCR3C                 0000008C
        _A_UBRR0H                 00000090
        _A_UCSR0C                 00000095
        _A_UBRR1H                 00000098
        _A_UBRR1L                 00000099
        _A_UCSR1B                 0000009A
        _A_UCSR1A                 0000009B
        _A_UCSR1C                 0000009D
        Init_USART                00000128
        Init_TMR                  000001FC
        Init_IO                   0000023A
        Init_CPU                  00000268
        InitSystem                0000028E
        __?EECR                   0000001F
        __?EEDR                   00000020
        __?EEARL                  00000021
        __?EEARH                  00000022
main ( D:\S2Prog\IO\ANZB_Bootloader – 1280\Release\Obj\main.r90 )
        _A_UDR0                   0000002C
        _A_EECR                   0000003C
        _A_EEDR                   0000003D
        _A_EEAR                   0000003E
        _A_UDR1                   0000009C
        AppStart                  00000000
        UnitID                    00000002
        ResetStatus               00000003
        UART                      00000004
        TxBufferCh0               0000003E
        RxBufferCh0               0000019C
        TxBufferCh1               000002FA
        RxBufferCh1               00000458
        hostAddress               000005B6
        crc                       0001E0E4
        main                      000002BC
        ?<Segment init: NEAR_Z>   000012E8
Misc ( D:\S2Prog\IO\ANZB_Bootloader – 1280\Release\Obj\Misc.r90 )
        _A_PIND                   00000030
        MyAddress                 00000312
serial ( D:\S2Prog\IO\ANZB_Bootloader – 1280\Release\Obj\serial.r90 )
        sendchar                  0000031E
        recchar                   00000348
Usart ( D:\S2Prog\IO\ANZB_Bootloader – 1280\Release\Obj\Usart.r90 )
        _A_RAMPZ                  0000005B
        GoToSyncUART              000004CA
        SendPacketUart            000004EC
        CalcDSTxChecksum          0000056A
        Uart_BuildHeader          000005A8
        Uart_BuildTail            00000644
        ExitBootloader            000007B0
        ReadFlash                 000007CE
        ProgramFlash              0000097A
        EraseFlash                00000BB0
        BuildFlashID              00000CA8
        BuildStatusData           00000D84
        CheckActionUart           00000F9A
        UsartCheckPackage         0000100E
        ReceivePacketUart         00001088
?__exit ( C:\Program Files (x86)\IAR Systems\Embedded Workbench 8.4\avr\LIB\CLIB\cl3s-ec_mul.r90 )
        __exit                    0000120A
        ?C_EXIT                   0000120A
        ?C_FUNCALL                00001208
        _exit                     00001208
        exit                      00001208
?UL_DIVMOD_L03 ( C:\Program Files (x86)\IAR Systems\Embedded Workbench 8.4\avr\LIB\CLIB\cl3s-ec_mul.r90 )
        ?UL_DIVMOD_S_L03          0000120E
        ?UL_DIVMOD_L03            0000120E
?REGISTER_CGREGR4_L10 ( C:\Program Files (x86)\IAR Systems\Embedded Workbench 8.4\avr\LIB\CLIB\cl3s-ec_mul.r90 )
        ?Register_R4_is_cg_reg    0000126E
?REGISTER_CGREGR5_L10 ( C:\Program Files (x86)\IAR Systems\Embedded Workbench 8.4\avr\LIB\CLIB\cl3s-ec_mul.r90 )
        ?Register_R5_is_cg_reg    0000126E
?REGISTER_CGREGR6_L10 ( C:\Program Files (x86)\IAR Systems\Embedded Workbench 8.4\avr\LIB\CLIB\cl3s-ec_mul.r90 )
        ?Register_R6_is_cg_reg    0000126E
?REGISTER_CGREGR7_L10 ( C:\Program Files (x86)\IAR Systems\Embedded Workbench 8.4\avr\LIB\CLIB\cl3s-ec_mul.r90 )
        ?Register_R7_is_cg_reg    0000126E
?REGISTER_CGREGR8_L10 ( C:\Program Files (x86)\IAR Systems\Embedded Workbench 8.4\avr\LIB\CLIB\cl3s-ec_mul.r90 )
        ?Register_R8_is_cg_reg    0000126E
?REGISTER_CGREGR9_L10 ( C:\Program Files (x86)\IAR Systems\Embedded Workbench 8.4\avr\LIB\CLIB\cl3s-ec_mul.r90 )
        ?Register_R9_is_cg_reg    0000126E
?REGISTER_CGREGR10_L10 ( C:\Program Files (x86)\IAR Systems\Embedded Workbench 8.4\avr\LIB\CLIB\cl3s-ec_mul.r90 )
        ?Register_R10_is_cg_reg   0000126E
?REGISTER_CGREGR11_L10 ( C:\Program Files (x86)\IAR Systems\Embedded Workbench 8.4\avr\LIB\CLIB\cl3s-ec_mul.r90 )
        ?Register_R11_is_cg_reg   0000126E
?REGISTER_CGREGR12_L10 ( C:\Program Files (x86)\IAR Systems\Embedded Workbench 8.4\avr\LIB\CLIB\cl3s-ec_mul.r90 )
        ?Register_R12_is_cg_reg   0000126E
?REGISTER_CGREGR13_L10 ( C:\Program Files (x86)\IAR Systems\Embedded Workbench 8.4\avr\LIB\CLIB\cl3s-ec_mul.r90 )
        ?Register_R13_is_cg_reg   0000126E
?REGISTER_CGREGR14_L10 ( C:\Program Files (x86)\IAR Systems\Embedded Workbench 8.4\avr\LIB\CLIB\cl3s-ec_mul.r90 )
        ?Register_R14_is_cg_reg   0000126E
?REGISTER_CGREGR15_L10 ( C:\Program Files (x86)\IAR Systems\Embedded Workbench 8.4\avr\LIB\CLIB\cl3s-ec_mul.r90 )
        ?Register_R15_is_cg_reg   0000126E
?low_level_init ( C:\Program Files (x86)\IAR Systems\Embedded Workbench 8.4\avr\LIB\CLIB\cl3s-ec_mul.r90 )
        __low_level_init          0000126E
?segment_init ( C:\Program Files (x86)\IAR Systems\Embedded Workbench 8.4\avr\LIB\CLIB\cl3s-ec_mul.r90 )
        __segment_init            00001292
        __memclr                  00001272
        __flashcpy                0000127E


                ****************************************
                *                                      *
                *      SEGMENTS IN ADDRESS ORDER       *
                *                                      *
                ****************************************


SEGMENT              SPACE    START ADDRESS   END ADDRESS     SIZE  TYPE  ALIGN
=======              =====    =============   ===========     ====  ====  =====
INTVEC                             00000000 - 00000003           4   com    1
RSTACK                             00000000 - 0000003F          40   rel    0
CSTACK                             00000000 - 000000BF          C0   rel    0
NEAR_Z                             00000000 - 000005B6         5B7   rel    0
ABSOLUTE                                0000001F                     rel    0
                                        00000020                   
                                        00000021                   
                                        00000022                   
                                   00000029 - 0000002C           4 
                                   00000030 - 00000032           3 
                                   00000034 - 00000038           5 
                                   0000003A - 0000003F           6 
                                   00000041 - 00000041           1 
                                   00000043 - 00000043           1 
                                   00000045 - 00000045           1 
                                   0000004A - 0000004B           2 
                                   0000004E - 00000051           4 
                                   00000053 - 00000055           3 
                                   00000057 - 00000057           1 
                                   00000059 - 0000005B           3 
                                   0000005F - 0000005F           1 
                                   00000061 - 00000062           2 
                                   00000064 - 00000065           2 
                                   0000006A - 0000006A           1 
                                   0000006C - 0000006D           2 
                                   0000007A - 0000007A           1 
                                   0000007D - 0000007D           1 
                                   00000086 - 00000087           2 
                                   0000008A - 0000008C           3 
                                   00000090 - 00000090           1 
                                   00000095 - 00000095           1 
                                   00000098 - 0000009D           6 
CODE                               0000009E - 000012E7        124A   rel    1
INITTAB                            000012E8 - 000012EE           7   rel    0
FAR_F                              0001E0E4 - 0001E1E3         100   rel    0

                ****************************************
                *                                      *
                *        END OF CROSS REFERENCE        *
                *                                      *
                ****************************************

 4 693 bytes of CODE    memory
 1 719 bytes of DATA    memory (+ 59 absolute )
   256 bytes of FARCODE memory

Errors: 142
Warnings: none

