Turbo Dump  Version 6.5.0.0 Copyright (c) 1988-2012 Embarcadero Technologies, Inc.
                    Display of File mbtomf.lib

000000 MSLIBR Index begins at file offset 0. Index is 0 blocks.

000010 THEADR  BTConnect
000062 COMENT  Purge: Yes, List: Yes, Class: 160 (0A0h), SubClass: 1 (01h)
    Dynamic link import (IMPDEF)
      Imported by: ordinal
      Internal Name: BTConnect
      Module Name: MBT.dll
      ordinal: 3
0000C2 COMENT  Purge: Yes, List: Yes, Class: 251 (0FBh), SubClass: 3 (03h)
    Hint:2
0000CB MODEND

===============

0000D0 THEADR  BTDisconnect
000122 COMENT  Purge: Yes, List: Yes, Class: 160 (0A0h), SubClass: 1 (01h)
    Dynamic link import (IMPDEF)
      Imported by: ordinal
      Internal Name: BTDisconnect
      Module Name: MBT.dll
      ordinal: 4
000182 COMENT  Purge: Yes, List: Yes, Class: 251 (0FBh), SubClass: 3 (03h)
    Hint:3
00018B MODEND

===============

000190 THEADR  BTExit
0001E2 COMENT  Purge: Yes, List: Yes, Class: 160 (0A0h), SubClass: 1 (01h)
    Dynamic link import (IMPDEF)
      Imported by: ordinal
      Internal Name: BTExit
      Module Name: MBT.dll
      ordinal: 2
000242 COMENT  Purge: Yes, List: Yes, Class: 251 (0FBh), SubClass: 3 (03h)
    Hint:1
00024B MODEND

===============

000250 THEADR  BTInit
0002A2 COMENT  Purge: Yes, List: Yes, Class: 160 (0A0h), SubClass: 1 (01h)
    Dynamic link import (IMPDEF)
      Imported by: ordinal
      Internal Name: BTInit
      Module Name: MBT.dll
      ordinal: 1
000302 COMENT  Purge: Yes, List: Yes, Class: 251 (0FBh), SubClass: 3 (03h)
    Hint:0
00030B MODEND

===============

000310 THEADR  BTReadCoils
000362 COMENT  Purge: Yes, List: Yes, Class: 160 (0A0h), SubClass: 1 (01h)
    Dynamic link import (IMPDEF)
      Imported by: ordinal
      Internal Name: BTReadCoils
      Module Name: MBT.dll
      ordinal: 7
0003C2 COMENT  Purge: Yes, List: Yes, Class: 251 (0FBh), SubClass: 3 (03h)
    Hint:6
0003CB MODEND

===============

0003D0 THEADR  BTReadExceptionStatus
000422 COMENT  Purge: Yes, List: Yes, Class: 160 (0A0h), SubClass: 1 (01h)
    Dynamic link import (IMPDEF)
      Imported by: ordinal
      Internal Name: BTReadExceptionStatus
      Module Name: MBT.dll
      ordinal: 9
000482 COMENT  Purge: Yes, List: Yes, Class: 251 (0FBh), SubClass: 3 (03h)
    Hint:8
00048B MODEND

===============

000490 THEADR  BTReadRegisters
0004E2 COMENT  Purge: Yes, List: Yes, Class: 160 (0A0h), SubClass: 1 (01h)
    Dynamic link import (IMPDEF)
      Imported by: ordinal
      Internal Name: BTReadRegisters
      Module Name: MBT.dll
      ordinal: 5
000542 COMENT  Purge: Yes, List: Yes, Class: 251 (0FBh), SubClass: 3 (03h)
    Hint:4
00054B MODEND

===============

000550 THEADR  BTSwapDWord
0005A2 COMENT  Purge: Yes, List: Yes, Class: 160 (0A0h), SubClass: 1 (01h)
    Dynamic link import (IMPDEF)
      Imported by: ordinal
      Internal Name: BTSwapDWord
      Module Name: MBT.dll
      ordinal: 11
000602 COMENT  Purge: Yes, List: Yes, Class: 251 (0FBh), SubClass: 3 (03h)
    Hint:10
00060B MODEND

===============

000610 THEADR  BTSwapWord
000662 COMENT  Purge: Yes, List: Yes, Class: 160 (0A0h), SubClass: 1 (01h)
    Dynamic link import (IMPDEF)
      Imported by: ordinal
      Internal Name: BTSwapWord
      Module Name: MBT.dll
      ordinal: 10
0006C2 COMENT  Purge: Yes, List: Yes, Class: 251 (0FBh), SubClass: 3 (03h)
    Hint:9
0006CB MODEND

===============

0006D0 THEADR  BTWriteCoils
000722 COMENT  Purge: Yes, List: Yes, Class: 160 (0A0h), SubClass: 1 (01h)
    Dynamic link import (IMPDEF)
      Imported by: ordinal
      Internal Name: BTWriteCoils
      Module Name: MBT.dll
      ordinal: 8
000782 COMENT  Purge: Yes, List: Yes, Class: 251 (0FBh), SubClass: 3 (03h)
    Hint:7
00078B MODEND

===============

000790 THEADR  BTWriteRegisters
0007E2 COMENT  Purge: Yes, List: Yes, Class: 160 (0A0h), SubClass: 1 (01h)
    Dynamic link import (IMPDEF)
      Imported by: ordinal
      Internal Name: BTWriteRegisters
      Module Name: MBT.dll
      ordinal: 6
000842 COMENT  Purge: Yes, List: Yes, Class: 251 (0FBh), SubClass: 3 (03h)
    Hint:5
00084B MODEND

===============

000850 MSLEND

